Java HotSpot(TM) 64-Bit Server VM (25.121-b13) for linux-amd64 JRE (1.8.0_121-b13), built on Dec 12 2016 16:36:53 by "java_re" with gcc 4.3.0 20080428 (Red Hat 4.3.0-8)
Memory: 4k page, physical 8054084k(1268140k free), swap 8267772k(7737080k free)
CommandLine flags: -XX:CMSInitiatingOccupancyFraction=50 -XX:CMSMaxAbortablePrecleanTime=6000 -XX:+CMSParallelRemarkEnabled -XX:+CMSScavengeBeforeRemark -XX:ConcGCThreads=4 -XX:GCLogFileSize=20971520 -XX:InitialHeapSize=536870912 -XX:MaxHeapSize=536870912 -XX:MaxTenuringThreshold=8 -XX:NewRatio=3 -XX:NumberOfGCLogFiles=9 -XX:OldPLABSize=16 -XX:-OmitStackTraceInFastThrow -XX:OnOutOfMemoryError=/home/martinus/Documents/School/cz4034/solr/solr-6.4.1/bin/oom_solr.sh 8983 /home/martinus/Documents/School/cz4034/solr/solr-6.4.1/example/cloud/node1/solr/../logs -XX:ParallelGCThreads=4 -XX:+ParallelRefProcEnabled -XX:PretenureSizeThreshold=67108864 -XX:+PrintGC -XX:+PrintGCApplicationStoppedTime -XX:+PrintGCDateStamps -XX:+PrintGCDetails -XX:+PrintGCTimeStamps -XX:+PrintHeapAtGC -XX:+PrintTenuringDistribution -XX:SurvivorRatio=4 -XX:TargetSurvivorRatio=90 -XX:ThreadStackSize=256 -XX:+UseCMSInitiatingOccupancyOnly -XX:+UseCompressedClassPointers -XX:+UseCompressedOops -XX:+UseConcMarkSweepGC -XX:+UseGCLogFileRotation -XX:+UseParNewGC 
2017-03-04T16:46:53.140+0800: 0.091: Total time for which application threads were stopped: 0.0000718 seconds, Stopping threads took: 0.0000136 seconds
2017-03-04T16:46:53.203+0800: 0.155: Total time for which application threads were stopped: 0.0000986 seconds, Stopping threads took: 0.0000159 seconds
2017-03-04T16:46:53.413+0800: 0.364: Total time for which application threads were stopped: 0.0001421 seconds, Stopping threads took: 0.0000130 seconds
2017-03-04T16:46:53.495+0800: 0.446: Total time for which application threads were stopped: 0.0001636 seconds, Stopping threads took: 0.0000177 seconds
2017-03-04T16:46:53.505+0800: 0.456: Total time for which application threads were stopped: 0.0002421 seconds, Stopping threads took: 0.0000338 seconds
2017-03-04T16:46:53.643+0800: 0.595: Total time for which application threads were stopped: 0.0001992 seconds, Stopping threads took: 0.0000159 seconds
2017-03-04T16:46:53.660+0800: 0.612: Total time for which application threads were stopped: 0.0001827 seconds, Stopping threads took: 0.0000181 seconds
2017-03-04T16:46:53.714+0800: 0.666: Total time for which application threads were stopped: 0.0001952 seconds, Stopping threads took: 0.0000162 seconds
2017-03-04T16:46:53.786+0800: 0.738: Total time for which application threads were stopped: 0.0002063 seconds, Stopping threads took: 0.0000155 seconds
2017-03-04T16:46:53.787+0800: 0.739: Total time for which application threads were stopped: 0.0000991 seconds, Stopping threads took: 0.0000196 seconds
2017-03-04T16:46:53.789+0800: 0.741: Total time for which application threads were stopped: 0.0000949 seconds, Stopping threads took: 0.0000194 seconds
2017-03-04T16:46:53.795+0800: 0.747: Total time for which application threads were stopped: 0.0001596 seconds, Stopping threads took: 0.0000227 seconds
2017-03-04T16:46:53.842+0800: 0.794: Total time for which application threads were stopped: 0.0002105 seconds, Stopping threads took: 0.0000182 seconds
{Heap before GC invocations=0 (full 0):
 par new generation   total 109248K, used 87424K [0x00000000e0000000, 0x00000000e8000000, 0x00000000e8000000)
  eden space 87424K, 100% used [0x00000000e0000000, 0x00000000e5560000, 0x00000000e5560000)
  from space 21824K,   0% used [0x00000000e5560000, 0x00000000e5560000, 0x00000000e6ab0000)
  to   space 21824K,   0% used [0x00000000e6ab0000, 0x00000000e6ab0000, 0x00000000e8000000)
 concurrent mark-sweep generation total 393216K, used 0K [0x00000000e8000000, 0x0000000100000000, 0x0000000100000000)
 Metaspace       used 19071K, capacity 19394K, committed 19584K, reserved 1067008K
  class space    used 2202K, capacity 2327K, committed 2432K, reserved 1048576K
2017-03-04T16:46:53.992+0800: 0.944: [GC (Allocation Failure) 2017-03-04T16:46:53.992+0800: 0.944: [ParNew
Desired survivor size 20112992 bytes, new threshold 8 (max 8)
- age   1:   11909928 bytes,   11909928 total
: 87424K->11745K(109248K), 0.0105237 secs] 87424K->11745K(502464K), 0.0106121 secs] [Times: user=0.03 sys=0.02, real=0.01 secs] 
Heap after GC invocations=1 (full 0):
 par new generation   total 109248K, used 11745K [0x00000000e0000000, 0x00000000e8000000, 0x00000000e8000000)
  eden space 87424K,   0% used [0x00000000e0000000, 0x00000000e0000000, 0x00000000e5560000)
  from space 21824K,  53% used [0x00000000e6ab0000, 0x00000000e7628670, 0x00000000e8000000)
  to   space 21824K,   0% used [0x00000000e5560000, 0x00000000e5560000, 0x00000000e6ab0000)
 concurrent mark-sweep generation total 393216K, used 0K [0x00000000e8000000, 0x0000000100000000, 0x0000000100000000)
 Metaspace       used 19071K, capacity 19394K, committed 19584K, reserved 1067008K
  class space    used 2202K, capacity 2327K, committed 2432K, reserved 1048576K
}
2017-03-04T16:46:54.003+0800: 0.954: Total time for which application threads were stopped: 0.0108116 seconds, Stopping threads took: 0.0000399 seconds
2017-03-04T16:46:54.462+0800: 1.414: Total time for which application threads were stopped: 0.0001166 seconds, Stopping threads took: 0.0000179 seconds
2017-03-04T16:46:54.496+0800: 1.448: Total time for which application threads were stopped: 0.0001192 seconds, Stopping threads took: 0.0000224 seconds
2017-03-04T16:46:54.544+0800: 1.495: Total time for which application threads were stopped: 0.0000904 seconds, Stopping threads took: 0.0000182 seconds
2017-03-04T16:46:54.565+0800: 1.516: Total time for which application threads were stopped: 0.0000774 seconds, Stopping threads took: 0.0000263 seconds
2017-03-04T16:46:54.577+0800: 1.528: Total time for which application threads were stopped: 0.0000738 seconds, Stopping threads took: 0.0000144 seconds
2017-03-04T16:46:54.673+0800: 1.624: Total time for which application threads were stopped: 0.0001427 seconds, Stopping threads took: 0.0000474 seconds
2017-03-04T16:46:54.697+0800: 1.648: Total time for which application threads were stopped: 0.0001165 seconds, Stopping threads took: 0.0000209 seconds
2017-03-04T16:46:54.717+0800: 1.668: Total time for which application threads were stopped: 0.0001177 seconds, Stopping threads took: 0.0000247 seconds
2017-03-04T16:46:54.729+0800: 1.680: Total time for which application threads were stopped: 0.0003605 seconds, Stopping threads took: 0.0000498 seconds
2017-03-04T16:46:54.734+0800: 1.686: Total time for which application threads were stopped: 0.0001345 seconds, Stopping threads took: 0.0000459 seconds
2017-03-04T16:46:54.775+0800: 1.726: Total time for which application threads were stopped: 0.0001437 seconds, Stopping threads took: 0.0000360 seconds
2017-03-04T16:46:54.808+0800: 1.759: Total time for which application threads were stopped: 0.0001065 seconds, Stopping threads took: 0.0000265 seconds
2017-03-04T16:46:54.821+0800: 1.773: Total time for which application threads were stopped: 0.0001011 seconds, Stopping threads took: 0.0000230 seconds
2017-03-04T16:46:54.838+0800: 1.790: Total time for which application threads were stopped: 0.0001419 seconds, Stopping threads took: 0.0000648 seconds
2017-03-04T16:46:54.884+0800: 1.836: Total time for which application threads were stopped: 0.0001392 seconds, Stopping threads took: 0.0000430 seconds
{Heap before GC invocations=1 (full 0):
 par new generation   total 109248K, used 99169K [0x00000000e0000000, 0x00000000e8000000, 0x00000000e8000000)
  eden space 87424K, 100% used [0x00000000e0000000, 0x00000000e5560000, 0x00000000e5560000)
  from space 21824K,  53% used [0x00000000e6ab0000, 0x00000000e7628670, 0x00000000e8000000)
  to   space 21824K,   0% used [0x00000000e5560000, 0x00000000e5560000, 0x00000000e6ab0000)
 concurrent mark-sweep generation total 393216K, used 0K [0x00000000e8000000, 0x0000000100000000, 0x0000000100000000)
 Metaspace       used 25115K, capacity 25618K, committed 25944K, reserved 1073152K
  class space    used 2944K, capacity 3105K, committed 3192K, reserved 1048576K
2017-03-04T16:46:54.902+0800: 1.853: [GC (Allocation Failure) 2017-03-04T16:46:54.902+0800: 1.853: [ParNew
Desired survivor size 20112992 bytes, new threshold 8 (max 8)
- age   1:    7632656 bytes,    7632656 total
- age   2:    5714752 bytes,   13347408 total
: 99169K->18633K(109248K), 0.0117855 secs] 99169K->18633K(502464K), 0.0118896 secs] [Times: user=0.06 sys=0.01, real=0.02 secs] 
Heap after GC invocations=2 (full 0):
 par new generation   total 109248K, used 18633K [0x00000000e0000000, 0x00000000e8000000, 0x00000000e8000000)
  eden space 87424K,   0% used [0x00000000e0000000, 0x00000000e0000000, 0x00000000e5560000)
  from space 21824K,  85% used [0x00000000e5560000, 0x00000000e6792430, 0x00000000e6ab0000)
  to   space 21824K,   0% used [0x00000000e6ab0000, 0x00000000e6ab0000, 0x00000000e8000000)
 concurrent mark-sweep generation total 393216K, used 0K [0x00000000e8000000, 0x0000000100000000, 0x0000000100000000)
 Metaspace       used 25115K, capacity 25618K, committed 25944K, reserved 1073152K
  class space    used 2944K, capacity 3105K, committed 3192K, reserved 1048576K
}
2017-03-04T16:46:54.913+0800: 1.865: Total time for which application threads were stopped: 0.0121472 seconds, Stopping threads took: 0.0000642 seconds
2017-03-04T16:46:54.916+0800: 1.867: [GC (CMS Initial Mark) [1 CMS-initial-mark: 0K(393216K)] 19910K(502464K), 0.0042245 secs] [Times: user=0.02 sys=0.00, real=0.00 secs] 
2017-03-04T16:46:54.920+0800: 1.872: Total time for which application threads were stopped: 0.0044359 seconds, Stopping threads took: 0.0000833 seconds
2017-03-04T16:46:54.920+0800: 1.872: [CMS-concurrent-mark-start]
2017-03-04T16:46:54.920+0800: 1.872: [CMS-concurrent-mark: 0.000/0.000 secs] [Times: user=0.00 sys=0.00, real=0.00 secs] 
2017-03-04T16:46:54.920+0800: 1.872: [CMS-concurrent-preclean-start]
2017-03-04T16:46:54.922+0800: 1.873: [CMS-concurrent-preclean: 0.001/0.001 secs] [Times: user=0.01 sys=0.00, real=0.00 secs] 
2017-03-04T16:46:54.922+0800: 1.873: [CMS-concurrent-abortable-preclean-start]
2017-03-04T16:46:54.937+0800: 1.889: Total time for which application threads were stopped: 0.0001408 seconds, Stopping threads took: 0.0000395 seconds
2017-03-04T16:46:54.947+0800: 1.898: Total time for which application threads were stopped: 0.0004353 seconds, Stopping threads took: 0.0000320 seconds
2017-03-04T16:46:54.979+0800: 1.931: Total time for which application threads were stopped: 0.0004385 seconds, Stopping threads took: 0.0000599 seconds
2017-03-04T16:46:55.012+0800: 1.963: Total time for which application threads were stopped: 0.0001544 seconds, Stopping threads took: 0.0000305 seconds
2017-03-04T16:46:55.086+0800: 2.038: Total time for which application threads were stopped: 0.0002215 seconds, Stopping threads took: 0.0000303 seconds
{Heap before GC invocations=2 (full 1):
 par new generation   total 109248K, used 106057K [0x00000000e0000000, 0x00000000e8000000, 0x00000000e8000000)
  eden space 87424K, 100% used [0x00000000e0000000, 0x00000000e5560000, 0x00000000e5560000)
  from space 21824K,  85% used [0x00000000e5560000, 0x00000000e6792430, 0x00000000e6ab0000)
  to   space 21824K,   0% used [0x00000000e6ab0000, 0x00000000e6ab0000, 0x00000000e8000000)
 concurrent mark-sweep generation total 393216K, used 0K [0x00000000e8000000, 0x0000000100000000, 0x0000000100000000)
 Metaspace       used 26236K, capacity 26750K, committed 26864K, reserved 1073152K
  class space    used 3068K, capacity 3231K, committed 3268K, reserved 1048576K
2017-03-04T16:46:55.128+0800: 2.080: [GC (Allocation Failure) 2017-03-04T16:46:55.128+0800: 2.080: [ParNew
Desired survivor size 20112992 bytes, new threshold 8 (max 8)
- age   1:    2700984 bytes,    2700984 total
- age   2:    3011896 bytes,    5712880 total
- age   3:    5707496 bytes,   11420376 total
: 106057K->13502K(109248K), 0.0114456 secs] 106057K->13502K(502464K), 0.0115226 secs] [Times: user=0.05 sys=0.00, real=0.01 secs] 
Heap after GC invocations=3 (full 1):
 par new generation   total 109248K, used 13502K [0x00000000e0000000, 0x00000000e8000000, 0x00000000e8000000)
  eden space 87424K,   0% used [0x00000000e0000000, 0x00000000e0000000, 0x00000000e5560000)
  from space 21824K,  61% used [0x00000000e6ab0000, 0x00000000e77dfa00, 0x00000000e8000000)
  to   space 21824K,   0% used [0x00000000e5560000, 0x00000000e5560000, 0x00000000e6ab0000)
 concurrent mark-sweep generation total 393216K, used 0K [0x00000000e8000000, 0x0000000100000000, 0x0000000100000000)
 Metaspace       used 26236K, capacity 26750K, committed 26864K, reserved 1073152K
  class space    used 3068K, capacity 3231K, committed 3268K, reserved 1048576K
}
2017-03-04T16:46:55.140+0800: 2.092: Total time for which application threads were stopped: 0.0117779 seconds, Stopping threads took: 0.0000815 seconds
2017-03-04T16:46:55.140+0800: 2.092: [CMS-concurrent-abortable-preclean: 0.163/0.218 secs] [Times: user=1.28 sys=0.01, real=0.22 secs] 
2017-03-04T16:46:55.140+0800: 2.092: [GC (CMS Final Remark) [YG occupancy: 14678 K (109248 K)]{Heap before GC invocations=3 (full 1):
 par new generation   total 109248K, used 14678K [0x00000000e0000000, 0x00000000e8000000, 0x00000000e8000000)
  eden space 87424K,   1% used [0x00000000e0000000, 0x00000000e0125f48, 0x00000000e5560000)
  from space 21824K,  61% used [0x00000000e6ab0000, 0x00000000e77dfa00, 0x00000000e8000000)
  to   space 21824K,   0% used [0x00000000e5560000, 0x00000000e5560000, 0x00000000e6ab0000)
 concurrent mark-sweep generation total 393216K, used 0K [0x00000000e8000000, 0x0000000100000000, 0x0000000100000000)
 Metaspace       used 26236K, capacity 26750K, committed 26864K, reserved 1073152K
  class space    used 3068K, capacity 3231K, committed 3268K, reserved 1048576K
2017-03-04T16:46:55.140+0800: 2.092: [GC (CMS Final Remark) 2017-03-04T16:46:55.140+0800: 2.092: [ParNew
Desired survivor size 20112992 bytes, new threshold 8 (max 8)
- age   1:     122168 bytes,     122168 total
- age   2:    2663504 bytes,    2785672 total
- age   3:    3011896 bytes,    5797568 total
- age   4:    5707120 bytes,   11504688 total
: 14678K->17591K(109248K), 0.0107846 secs] 14678K->17591K(502464K), 0.0108431 secs] [Times: user=0.06 sys=0.00, real=0.01 secs] 
Heap after GC invocations=4 (full 1):
 par new generation   total 109248K, used 17591K [0x00000000e0000000, 0x00000000e8000000, 0x00000000e8000000)
  eden space 87424K,   0% used [0x00000000e0000000, 0x00000000e0000000, 0x00000000e5560000)
  from space 21824K,  80% used [0x00000000e5560000, 0x00000000e668dc70, 0x00000000e6ab0000)
  to   space 21824K,   0% used [0x00000000e6ab0000, 0x00000000e6ab0000, 0x00000000e8000000)
 concurrent mark-sweep generation total 393216K, used 0K [0x00000000e8000000, 0x0000000100000000, 0x0000000100000000)
 Metaspace       used 26236K, capacity 26750K, committed 26864K, reserved 1073152K
  class space    used 3068K, capacity 3231K, committed 3268K, reserved 1048576K
}
2017-03-04T16:46:55.151+0800: 2.103: [Rescan (parallel) , 0.0046768 secs]2017-03-04T16:46:55.156+0800: 2.107: [weak refs processing, 0.0013543 secs]2017-03-04T16:46:55.157+0800: 2.109: [class unloading, 0.0051882 secs]2017-03-04T16:46:55.162+0800: 2.114: [scrub symbol table, 0.0048801 secs]2017-03-04T16:46:55.167+0800: 2.119: [scrub string table, 0.0007196 secs][1 CMS-remark: 0K(393216K)] 17591K(502464K), 0.0289483 secs] [Times: user=0.10 sys=0.00, real=0.03 secs] 
2017-03-04T16:46:55.169+0800: 2.121: Total time for which application threads were stopped: 0.0291386 seconds, Stopping threads took: 0.0000621 seconds
2017-03-04T16:46:55.169+0800: 2.121: [CMS-concurrent-sweep-start]
2017-03-04T16:46:55.169+0800: 2.121: [CMS-concurrent-sweep: 0.000/0.000 secs] [Times: user=0.00 sys=0.00, real=0.00 secs] 
2017-03-04T16:46:55.169+0800: 2.121: [CMS-concurrent-reset-start]
2017-03-04T16:46:55.170+0800: 2.122: [CMS-concurrent-reset: 0.001/0.001 secs] [Times: user=0.00 sys=0.00, real=0.00 secs] 
{Heap before GC invocations=4 (full 1):
 par new generation   total 109248K, used 105015K [0x00000000e0000000, 0x00000000e8000000, 0x00000000e8000000)
  eden space 87424K, 100% used [0x00000000e0000000, 0x00000000e5560000, 0x00000000e5560000)
  from space 21824K,  80% used [0x00000000e5560000, 0x00000000e668dc70, 0x00000000e6ab0000)
  to   space 21824K,   0% used [0x00000000e6ab0000, 0x00000000e6ab0000, 0x00000000e8000000)
 concurrent mark-sweep generation total 393216K, used 0K [0x00000000e8000000, 0x0000000100000000, 0x0000000100000000)
 Metaspace       used 26512K, capacity 26998K, committed 27120K, reserved 1073152K
  class space    used 3107K, capacity 3267K, committed 3268K, reserved 1048576K
2017-03-04T16:46:55.261+0800: 2.212: [GC (Allocation Failure) 2017-03-04T16:46:55.261+0800: 2.212: [ParNew
Desired survivor size 20112992 bytes, new threshold 8 (max 8)
- age   1:     590936 bytes,     590936 total
- age   3:    1841912 bytes,    2432848 total
- age   4:    3000816 bytes,    5433664 total
- age   5:    5706952 bytes,   11140616 total
: 105015K->11973K(109248K), 0.0084105 secs] 105015K->11973K(502464K), 0.0084934 secs] [Times: user=0.03 sys=0.00, real=0.01 secs] 
Heap after GC invocations=5 (full 1):
 par new generation   total 109248K, used 11973K [0x00000000e0000000, 0x00000000e8000000, 0x00000000e8000000)
  eden space 87424K,   0% used [0x00000000e0000000, 0x00000000e0000000, 0x00000000e5560000)
  from space 21824K,  54% used [0x00000000e6ab0000, 0x00000000e76617c0, 0x00000000e8000000)
  to   space 21824K,   0% used [0x00000000e5560000, 0x00000000e5560000, 0x00000000e6ab0000)
 concurrent mark-sweep generation total 393216K, used 0K [0x00000000e8000000, 0x0000000100000000, 0x0000000100000000)
 Metaspace       used 26512K, capacity 26998K, committed 27120K, reserved 1073152K
  class space    used 3107K, capacity 3267K, committed 3268K, reserved 1048576K
}
2017-03-04T16:46:55.269+0800: 2.221: Total time for which application threads were stopped: 0.0087186 seconds, Stopping threads took: 0.0000480 seconds
{Heap before GC invocations=5 (full 1):
 par new generation   total 109248K, used 99397K [0x00000000e0000000, 0x00000000e8000000, 0x00000000e8000000)
  eden space 87424K, 100% used [0x00000000e0000000, 0x00000000e5560000, 0x00000000e5560000)
  from space 21824K,  54% used [0x00000000e6ab0000, 0x00000000e76617c0, 0x00000000e8000000)
  to   space 21824K,   0% used [0x00000000e5560000, 0x00000000e5560000, 0x00000000e6ab0000)
 concurrent mark-sweep generation total 393216K, used 0K [0x00000000e8000000, 0x0000000100000000, 0x0000000100000000)
 Metaspace       used 26746K, capacity 27234K, committed 27504K, reserved 1073152K
  class space    used 3140K, capacity 3301K, committed 3396K, reserved 1048576K
2017-03-04T16:46:55.365+0800: 2.316: [GC (Allocation Failure) 2017-03-04T16:46:55.365+0800: 2.316: [ParNew
Desired survivor size 20112992 bytes, new threshold 8 (max 8)
- age   1:    1414808 bytes,    1414808 total
- age   2:     144392 bytes,    1559200 total
- age   4:    1841824 bytes,    3401024 total
- age   5:    3000256 bytes,    6401280 total
- age   6:    5706792 bytes,   12108072 total
: 99397K->16607K(109248K), 0.0186551 secs] 99397K->16607K(502464K), 0.0187588 secs] [Times: user=0.05 sys=0.00, real=0.01 secs] 
Heap after GC invocations=6 (full 1):
 par new generation   total 109248K, used 16607K [0x00000000e0000000, 0x00000000e8000000, 0x00000000e8000000)
  eden space 87424K,   0% used [0x00000000e0000000, 0x00000000e0000000, 0x00000000e5560000)
  from space 21824K,  76% used [0x00000000e5560000, 0x00000000e6597ea8, 0x00000000e6ab0000)
  to   space 21824K,   0% used [0x00000000e6ab0000, 0x00000000e6ab0000, 0x00000000e8000000)
 concurrent mark-sweep generation total 393216K, used 0K [0x00000000e8000000, 0x0000000100000000, 0x0000000100000000)
 Metaspace       used 26746K, capacity 27234K, committed 27504K, reserved 1073152K
  class space    used 3140K, capacity 3301K, committed 3396K, reserved 1048576K
}
2017-03-04T16:46:55.383+0800: 2.335: Total time for which application threads were stopped: 0.0190353 seconds, Stopping threads took: 0.0000566 seconds
2017-03-04T16:46:55.471+0800: 2.423: Total time for which application threads were stopped: 0.0004495 seconds, Stopping threads took: 0.0000463 seconds
2017-03-04T16:46:55.478+0800: 2.429: Total time for which application threads were stopped: 0.0004999 seconds, Stopping threads took: 0.0000289 seconds
2017-03-04T16:46:55.527+0800: 2.479: Total time for which application threads were stopped: 0.0004445 seconds, Stopping threads took: 0.0000296 seconds
{Heap before GC invocations=6 (full 1):
 par new generation   total 109248K, used 104031K [0x00000000e0000000, 0x00000000e8000000, 0x00000000e8000000)
  eden space 87424K, 100% used [0x00000000e0000000, 0x00000000e5560000, 0x00000000e5560000)
  from space 21824K,  76% used [0x00000000e5560000, 0x00000000e6597ea8, 0x00000000e6ab0000)
  to   space 21824K,   0% used [0x00000000e6ab0000, 0x00000000e6ab0000, 0x00000000e8000000)
 concurrent mark-sweep generation total 393216K, used 0K [0x00000000e8000000, 0x0000000100000000, 0x0000000100000000)
 Metaspace       used 28824K, capacity 29422K, committed 29736K, reserved 1075200K
  class space    used 3408K, capacity 3599K, committed 3652K, reserved 1048576K
2017-03-04T16:46:55.528+0800: 2.480: [GC (Allocation Failure) 2017-03-04T16:46:55.528+0800: 2.480: [ParNew
Desired survivor size 20112992 bytes, new threshold 8 (max 8)
- age   1:    2514256 bytes,    2514256 total
- age   2:     245568 bytes,    2759824 total
- age   3:     143224 bytes,    2903048 total
- age   5:    1839824 bytes,    4742872 total
- age   6:    2999712 bytes,    7742584 total
- age   7:    5702856 bytes,   13445440 total
: 104031K->18718K(109248K), 0.0098646 secs] 104031K->18718K(502464K), 0.0099380 secs] [Times: user=0.04 sys=0.00, real=0.01 secs] 
Heap after GC invocations=7 (full 1):
 par new generation   total 109248K, used 18718K [0x00000000e0000000, 0x00000000e8000000, 0x00000000e8000000)
  eden space 87424K,   0% used [0x00000000e0000000, 0x00000000e0000000, 0x00000000e5560000)
  from space 21824K,  85% used [0x00000000e6ab0000, 0x00000000e7cf78e0, 0x00000000e8000000)
  to   space 21824K,   0% used [0x00000000e5560000, 0x00000000e5560000, 0x00000000e6ab0000)
 concurrent mark-sweep generation total 393216K, used 0K [0x00000000e8000000, 0x0000000100000000, 0x0000000100000000)
 Metaspace       used 28824K, capacity 29422K, committed 29736K, reserved 1075200K
  class space    used 3408K, capacity 3599K, committed 3652K, reserved 1048576K
}
2017-03-04T16:46:55.538+0800: 2.489: Total time for which application threads were stopped: 0.0101232 seconds, Stopping threads took: 0.0000626 seconds
2017-03-04T16:46:55.565+0800: 2.516: Total time for which application threads were stopped: 0.0005356 seconds, Stopping threads took: 0.0000500 seconds
2017-03-04T16:46:55.781+0800: 2.732: Total time for which application threads were stopped: 0.0007393 seconds, Stopping threads took: 0.0000278 seconds
2017-03-04T16:46:55.806+0800: 2.757: Total time for which application threads were stopped: 0.0004970 seconds, Stopping threads took: 0.0000254 seconds
{Heap before GC invocations=7 (full 1):
 par new generation   total 109248K, used 106142K [0x00000000e0000000, 0x00000000e8000000, 0x00000000e8000000)
  eden space 87424K, 100% used [0x00000000e0000000, 0x00000000e5560000, 0x00000000e5560000)
  from space 21824K,  85% used [0x00000000e6ab0000, 0x00000000e7cf78e0, 0x00000000e8000000)
  to   space 21824K,   0% used [0x00000000e5560000, 0x00000000e5560000, 0x00000000e6ab0000)
 concurrent mark-sweep generation total 393216K, used 0K [0x00000000e8000000, 0x0000000100000000, 0x0000000100000000)
 Metaspace       used 32674K, capacity 33280K, committed 33576K, reserved 1079296K
  class space    used 3882K, capacity 4106K, committed 4164K, reserved 1048576K
2017-03-04T16:46:56.080+0800: 3.032: [GC (Allocation Failure) 2017-03-04T16:46:56.081+0800: 3.032: [ParNew
Desired survivor size 20112992 bytes, new threshold 8 (max 8)
- age   1:    5339864 bytes,    5339864 total
- age   2:     712080 bytes,    6051944 total
- age   3:     245336 bytes,    6297280 total
- age   4:     137520 bytes,    6434800 total
- age   6:     345440 bytes,    6780240 total
- age   7:    2993056 bytes,    9773296 total
- age   8:    5686168 bytes,   15459464 total
: 106142K->18219K(109248K), 0.0205546 secs] 106142K->18219K(502464K), 0.0207313 secs] [Times: user=0.09 sys=0.00, real=0.02 secs] 
Heap after GC invocations=8 (full 1):
 par new generation   total 109248K, used 18219K [0x00000000e0000000, 0x00000000e8000000, 0x00000000e8000000)
  eden space 87424K,   0% used [0x00000000e0000000, 0x00000000e0000000, 0x00000000e5560000)
  from space 21824K,  83% used [0x00000000e5560000, 0x00000000e672ad68, 0x00000000e6ab0000)
  to   space 21824K,   0% used [0x00000000e6ab0000, 0x00000000e6ab0000, 0x00000000e8000000)
 concurrent mark-sweep generation total 393216K, used 0K [0x00000000e8000000, 0x0000000100000000, 0x0000000100000000)
 Metaspace       used 32674K, capacity 33280K, committed 33576K, reserved 1079296K
  class space    used 3882K, capacity 4106K, committed 4164K, reserved 1048576K
}
2017-03-04T16:46:56.101+0800: 3.053: Total time for which application threads were stopped: 0.0210762 seconds, Stopping threads took: 0.0000342 seconds
2017-03-04T16:46:56.272+0800: 3.224: Total time for which application threads were stopped: 0.0006512 seconds, Stopping threads took: 0.0000343 seconds
2017-03-04T16:46:56.325+0800: 3.277: Total time for which application threads were stopped: 0.0006774 seconds, Stopping threads took: 0.0000552 seconds
2017-03-04T16:46:57.097+0800: 4.049: Total time for which application threads were stopped: 0.0009910 seconds, Stopping threads took: 0.0000466 seconds
2017-03-04T16:46:58.766+0800: 5.718: Total time for which application threads were stopped: 0.0001688 seconds, Stopping threads took: 0.0000438 seconds
2017-03-04T16:46:58.766+0800: 5.718: Total time for which application threads were stopped: 0.0001161 seconds, Stopping threads took: 0.0000269 seconds
2017-03-04T16:46:58.790+0800: 5.741: Total time for which application threads were stopped: 0.0001577 seconds, Stopping threads took: 0.0000293 seconds
2017-03-04T16:46:58.790+0800: 5.742: Total time for which application threads were stopped: 0.0000960 seconds, Stopping threads took: 0.0000182 seconds
2017-03-04T16:46:59.201+0800: 6.152: Total time for which application threads were stopped: 0.0001617 seconds, Stopping threads took: 0.0000293 seconds
2017-03-04T16:46:59.201+0800: 6.152: Total time for which application threads were stopped: 0.0000937 seconds, Stopping threads took: 0.0000122 seconds
2017-03-04T16:46:59.322+0800: 6.274: Total time for which application threads were stopped: 0.0018415 seconds, Stopping threads took: 0.0014181 seconds
2017-03-04T16:46:59.323+0800: 6.275: Total time for which application threads were stopped: 0.0001810 seconds, Stopping threads took: 0.0000381 seconds
2017-03-04T16:46:59.329+0800: 6.280: Total time for which application threads were stopped: 0.0002393 seconds, Stopping threads took: 0.0000666 seconds
2017-03-04T16:46:59.436+0800: 6.387: Total time for which application threads were stopped: 0.0002238 seconds, Stopping threads took: 0.0000427 seconds
2017-03-04T16:46:59.501+0800: 6.453: Total time for which application threads were stopped: 0.0004400 seconds, Stopping threads took: 0.0000400 seconds
2017-03-04T16:46:59.506+0800: 6.458: Total time for which application threads were stopped: 0.0002745 seconds, Stopping threads took: 0.0000863 seconds
2017-03-04T16:46:59.512+0800: 6.463: Total time for which application threads were stopped: 0.0002319 seconds, Stopping threads took: 0.0000541 seconds
2017-03-04T16:46:59.518+0800: 6.469: Total time for which application threads were stopped: 0.0002567 seconds, Stopping threads took: 0.0000816 seconds
2017-03-04T16:46:59.521+0800: 6.472: Total time for which application threads were stopped: 0.0002163 seconds, Stopping threads took: 0.0000331 seconds
2017-03-04T16:46:59.525+0800: 6.477: Total time for which application threads were stopped: 0.0001700 seconds, Stopping threads took: 0.0000520 seconds
2017-03-04T16:46:59.635+0800: 6.587: Total time for which application threads were stopped: 0.0001603 seconds, Stopping threads took: 0.0000317 seconds
2017-03-04T16:47:00.264+0800: 7.216: Total time for which application threads were stopped: 0.0002892 seconds, Stopping threads took: 0.0000465 seconds
2017-03-04T16:47:00.265+0800: 7.216: Total time for which application threads were stopped: 0.0002023 seconds, Stopping threads took: 0.0000237 seconds
2017-03-04T16:47:00.363+0800: 7.314: Total time for which application threads were stopped: 0.0003017 seconds, Stopping threads took: 0.0000573 seconds
2017-03-04T16:47:00.364+0800: 7.316: Total time for which application threads were stopped: 0.0002684 seconds, Stopping threads took: 0.0000466 seconds
2017-03-04T16:47:00.373+0800: 7.325: Total time for which application threads were stopped: 0.0003082 seconds, Stopping threads took: 0.0000673 seconds
2017-03-04T16:47:00.374+0800: 7.325: Total time for which application threads were stopped: 0.0003063 seconds, Stopping threads took: 0.0001067 seconds
2017-03-04T16:47:00.384+0800: 7.335: Total time for which application threads were stopped: 0.0007205 seconds, Stopping threads took: 0.0005321 seconds
2017-03-04T16:47:00.384+0800: 7.336: Total time for which application threads were stopped: 0.0002088 seconds, Stopping threads took: 0.0000690 seconds
2017-03-04T16:47:00.406+0800: 7.358: Total time for which application threads were stopped: 0.0002739 seconds, Stopping threads took: 0.0000486 seconds
2017-03-04T16:47:00.407+0800: 7.358: Total time for which application threads were stopped: 0.0002748 seconds, Stopping threads took: 0.0000878 seconds
2017-03-04T16:47:00.569+0800: 7.521: Total time for which application threads were stopped: 0.0010914 seconds, Stopping threads took: 0.0000636 seconds
2017-03-04T16:47:00.615+0800: 7.567: Total time for which application threads were stopped: 0.0011382 seconds, Stopping threads took: 0.0000646 seconds
2017-03-04T16:47:00.772+0800: 7.723: Total time for which application threads were stopped: 0.0002686 seconds, Stopping threads took: 0.0000511 seconds
2017-03-04T16:47:00.772+0800: 7.724: Total time for which application threads were stopped: 0.0002400 seconds, Stopping threads took: 0.0000923 seconds
2017-03-04T16:47:00.821+0800: 7.773: Total time for which application threads were stopped: 0.0003551 seconds, Stopping threads took: 0.0000869 seconds
2017-03-04T16:47:00.822+0800: 7.774: Total time for which application threads were stopped: 0.0002621 seconds, Stopping threads took: 0.0000305 seconds
2017-03-04T16:47:00.849+0800: 7.801: Total time for which application threads were stopped: 0.0002890 seconds, Stopping threads took: 0.0000522 seconds
2017-03-04T16:47:00.850+0800: 7.801: Total time for which application threads were stopped: 0.0002216 seconds, Stopping threads took: 0.0000331 seconds
2017-03-04T16:47:00.861+0800: 7.812: Total time for which application threads were stopped: 0.0004206 seconds, Stopping threads took: 0.0001943 seconds
2017-03-04T16:47:00.861+0800: 7.813: Total time for which application threads were stopped: 0.0001957 seconds, Stopping threads took: 0.0000310 seconds
2017-03-04T16:47:00.870+0800: 7.822: Total time for which application threads were stopped: 0.0008428 seconds, Stopping threads took: 0.0000832 seconds
2017-03-04T16:47:00.878+0800: 7.830: Total time for which application threads were stopped: 0.0004641 seconds, Stopping threads took: 0.0002184 seconds
2017-03-04T16:47:00.878+0800: 7.830: Total time for which application threads were stopped: 0.0002392 seconds, Stopping threads took: 0.0000366 seconds
2017-03-04T16:47:00.887+0800: 7.838: Total time for which application threads were stopped: 0.0003279 seconds, Stopping threads took: 0.0000607 seconds
2017-03-04T16:47:00.887+0800: 7.839: Total time for which application threads were stopped: 0.0002613 seconds, Stopping threads took: 0.0000410 seconds
2017-03-04T16:47:00.897+0800: 7.849: Total time for which application threads were stopped: 0.0003441 seconds, Stopping threads took: 0.0000516 seconds
2017-03-04T16:47:00.912+0800: 7.863: Total time for which application threads were stopped: 0.0138426 seconds, Stopping threads took: 0.0135524 seconds
2017-03-04T16:47:00.912+0800: 7.864: Total time for which application threads were stopped: 0.0003048 seconds, Stopping threads took: 0.0000357 seconds
2017-03-04T16:47:00.921+0800: 7.873: Total time for which application threads were stopped: 0.0003521 seconds, Stopping threads took: 0.0000771 seconds
2017-03-04T16:47:00.941+0800: 7.893: Total time for which application threads were stopped: 0.0083464 seconds, Stopping threads took: 0.0080737 seconds
2017-03-04T16:47:00.941+0800: 7.893: Total time for which application threads were stopped: 0.0003302 seconds, Stopping threads took: 0.0000503 seconds
2017-03-04T16:47:00.950+0800: 7.902: Total time for which application threads were stopped: 0.0003047 seconds, Stopping threads took: 0.0000446 seconds
2017-03-04T16:47:00.953+0800: 7.905: Total time for which application threads were stopped: 0.0023123 seconds, Stopping threads took: 0.0021267 seconds
2017-03-04T16:47:00.981+0800: 7.933: Total time for which application threads were stopped: 0.0003347 seconds, Stopping threads took: 0.0000533 seconds
2017-03-04T16:47:00.982+0800: 7.934: Total time for which application threads were stopped: 0.0005942 seconds, Stopping threads took: 0.0003397 seconds
2017-03-04T16:47:00.989+0800: 7.941: Total time for which application threads were stopped: 0.0002656 seconds, Stopping threads took: 0.0000478 seconds
2017-03-04T16:47:00.990+0800: 7.941: Total time for which application threads were stopped: 0.0002457 seconds, Stopping threads took: 0.0000643 seconds
2017-03-04T16:47:00.993+0800: 7.945: Total time for which application threads were stopped: 0.0025907 seconds, Stopping threads took: 0.0022912 seconds
2017-03-04T16:47:01.002+0800: 7.954: Total time for which application threads were stopped: 0.0003555 seconds, Stopping threads took: 0.0000496 seconds
2017-03-04T16:47:01.003+0800: 7.955: Total time for which application threads were stopped: 0.0003277 seconds, Stopping threads took: 0.0000902 seconds
2017-03-04T16:47:01.012+0800: 7.963: Total time for which application threads were stopped: 0.0004101 seconds, Stopping threads took: 0.0000624 seconds
2017-03-04T16:47:01.027+0800: 7.979: Total time for which application threads were stopped: 0.0057325 seconds, Stopping threads took: 0.0054902 seconds
2017-03-04T16:47:01.035+0800: 7.987: Total time for which application threads were stopped: 0.0004273 seconds, Stopping threads took: 0.0001087 seconds
2017-03-04T16:47:01.037+0800: 7.988: Total time for which application threads were stopped: 0.0012281 seconds, Stopping threads took: 0.0000318 seconds
2017-03-04T16:47:01.065+0800: 8.016: Total time for which application threads were stopped: 0.0005139 seconds, Stopping threads took: 0.0001035 seconds
2017-03-04T16:47:01.083+0800: 8.034: Total time for which application threads were stopped: 0.0063401 seconds, Stopping threads took: 0.0043928 seconds
2017-03-04T16:47:01.117+0800: 8.068: Total time for which application threads were stopped: 0.0005141 seconds, Stopping threads took: 0.0000734 seconds
2017-03-04T16:47:01.120+0800: 8.072: Total time for which application threads were stopped: 0.0004691 seconds, Stopping threads took: 0.0000625 seconds
2017-03-04T16:47:01.135+0800: 8.087: Total time for which application threads were stopped: 0.0031664 seconds, Stopping threads took: 0.0027386 seconds
2017-03-04T16:47:01.135+0800: 8.087: Total time for which application threads were stopped: 0.0003582 seconds, Stopping threads took: 0.0000300 seconds
2017-03-04T16:47:01.136+0800: 8.087: Total time for which application threads were stopped: 0.0003332 seconds, Stopping threads took: 0.0000222 seconds
2017-03-04T16:47:01.136+0800: 8.088: Total time for which application threads were stopped: 0.0003312 seconds, Stopping threads took: 0.0000203 seconds
2017-03-04T16:47:01.136+0800: 8.088: Total time for which application threads were stopped: 0.0003324 seconds, Stopping threads took: 0.0000270 seconds
2017-03-04T16:47:01.145+0800: 8.097: Total time for which application threads were stopped: 0.0017637 seconds, Stopping threads took: 0.0001482 seconds
2017-03-04T16:47:01.163+0800: 8.115: Total time for which application threads were stopped: 0.0005161 seconds, Stopping threads took: 0.0000608 seconds
2017-03-04T16:47:01.205+0800: 8.157: Total time for which application threads were stopped: 0.0006742 seconds, Stopping threads took: 0.0000601 seconds
2017-03-04T16:47:01.234+0800: 8.186: Total time for which application threads were stopped: 0.0006663 seconds, Stopping threads took: 0.0001083 seconds
2017-03-04T16:47:01.295+0800: 8.246: Total time for which application threads were stopped: 0.0004857 seconds, Stopping threads took: 0.0001119 seconds
2017-03-04T16:47:01.310+0800: 8.262: Total time for which application threads were stopped: 0.0005954 seconds, Stopping threads took: 0.0000658 seconds
2017-03-04T16:47:01.334+0800: 8.286: Total time for which application threads were stopped: 0.0024224 seconds, Stopping threads took: 0.0001257 seconds
2017-03-04T16:47:01.342+0800: 8.293: Total time for which application threads were stopped: 0.0027408 seconds, Stopping threads took: 0.0000751 seconds
2017-03-04T16:47:01.375+0800: 8.326: Total time for which application threads were stopped: 0.0019882 seconds, Stopping threads took: 0.0001064 seconds
2017-03-04T16:47:01.399+0800: 8.351: Total time for which application threads were stopped: 0.0019164 seconds, Stopping threads took: 0.0012438 seconds
2017-03-04T16:47:01.417+0800: 8.369: Total time for which application threads were stopped: 0.0025705 seconds, Stopping threads took: 0.0021472 seconds
2017-03-04T16:47:01.418+0800: 8.369: Total time for which application threads were stopped: 0.0004732 seconds, Stopping threads took: 0.0000701 seconds
2017-03-04T16:47:01.449+0800: 8.401: Total time for which application threads were stopped: 0.0008300 seconds, Stopping threads took: 0.0000836 seconds
2017-03-04T16:47:01.480+0800: 8.432: Total time for which application threads were stopped: 0.0008127 seconds, Stopping threads took: 0.0001444 seconds
2017-03-04T16:47:01.500+0800: 8.452: Total time for which application threads were stopped: 0.0014286 seconds, Stopping threads took: 0.0008202 seconds
2017-03-04T16:47:01.509+0800: 8.461: Total time for which application threads were stopped: 0.0006854 seconds, Stopping threads took: 0.0001215 seconds
2017-03-04T16:47:01.515+0800: 8.467: Total time for which application threads were stopped: 0.0008772 seconds, Stopping threads took: 0.0000977 seconds
2017-03-04T16:47:01.542+0800: 8.494: Total time for which application threads were stopped: 0.0012998 seconds, Stopping threads took: 0.0006144 seconds
2017-03-04T16:47:01.549+0800: 8.501: Total time for which application threads were stopped: 0.0015800 seconds, Stopping threads took: 0.0008002 seconds
2017-03-04T16:47:01.564+0800: 8.515: Total time for which application threads were stopped: 0.0009774 seconds, Stopping threads took: 0.0001502 seconds
2017-03-04T16:47:01.588+0800: 8.539: Total time for which application threads were stopped: 0.0009202 seconds, Stopping threads took: 0.0001025 seconds
2017-03-04T16:47:01.626+0800: 8.578: Total time for which application threads were stopped: 0.0010241 seconds, Stopping threads took: 0.0001382 seconds
2017-03-04T16:47:01.651+0800: 8.603: Total time for which application threads were stopped: 0.0010342 seconds, Stopping threads took: 0.0000999 seconds
2017-03-04T16:47:01.777+0800: 8.728: Total time for which application threads were stopped: 0.0012174 seconds, Stopping threads took: 0.0001185 seconds
2017-03-04T16:47:01.781+0800: 8.733: Total time for which application threads were stopped: 0.0011205 seconds, Stopping threads took: 0.0001142 seconds
2017-03-04T16:47:01.782+0800: 8.734: Total time for which application threads were stopped: 0.0010388 seconds, Stopping threads took: 0.0001169 seconds
2017-03-04T16:47:01.783+0800: 8.734: Total time for which application threads were stopped: 0.0006482 seconds, Stopping threads took: 0.0000828 seconds
2017-03-04T16:47:01.791+0800: 8.743: Total time for which application threads were stopped: 0.0083360 seconds, Stopping threads took: 0.0000590 seconds
{Heap before GC invocations=8 (full 1):
 par new generation   total 109248K, used 105643K [0x00000000e0000000, 0x00000000e8000000, 0x00000000e8000000)
  eden space 87424K, 100% used [0x00000000e0000000, 0x00000000e5560000, 0x00000000e5560000)
  from space 21824K,  83% used [0x00000000e5560000, 0x00000000e672ad68, 0x00000000e6ab0000)
  to   space 21824K,   0% used [0x00000000e6ab0000, 0x00000000e6ab0000, 0x00000000e8000000)
 concurrent mark-sweep generation total 393216K, used 0K [0x00000000e8000000, 0x0000000100000000, 0x0000000100000000)
 Metaspace       used 35726K, capacity 36548K, committed 36776K, reserved 1081344K
  class space    used 4235K, capacity 4478K, committed 4548K, reserved 1048576K
2017-03-04T16:47:01.961+0800: 8.912: [GC (Allocation Failure) 2017-03-04T16:47:01.961+0800: 8.913: [ParNew
Desired survivor size 20112992 bytes, new threshold 8 (max 8)
- age   1:   12378224 bytes,   12378224 total
- age   2:    2267424 bytes,   14645648 total
- age   3:     703600 bytes,   15349248 total
- age   4:     244136 bytes,   15593384 total
- age   5:     126368 bytes,   15719752 total
- age   7:     324800 bytes,   16044552 total
- age   8:    2863024 bytes,   18907576 total
: 105643K->21824K(109248K), 0.0615352 secs] 105643K->28082K(502464K), 0.0618089 secs] [Times: user=0.23 sys=0.00, real=0.06 secs] 
Heap after GC invocations=9 (full 1):
 par new generation   total 109248K, used 21824K [0x00000000e0000000, 0x00000000e8000000, 0x00000000e8000000)
  eden space 87424K,   0% used [0x00000000e0000000, 0x00000000e0000000, 0x00000000e5560000)
  from space 21824K, 100% used [0x00000000e6ab0000, 0x00000000e8000000, 0x00000000e8000000)
  to   space 21824K,   0% used [0x00000000e5560000, 0x00000000e5560000, 0x00000000e6ab0000)
 concurrent mark-sweep generation total 393216K, used 6258K [0x00000000e8000000, 0x0000000100000000, 0x0000000100000000)
 Metaspace       used 35726K, capacity 36548K, committed 36776K, reserved 1081344K
  class space    used 4235K, capacity 4478K, committed 4548K, reserved 1048576K
}
2017-03-04T16:47:02.023+0800: 8.974: Total time for which application threads were stopped: 0.0633279 seconds, Stopping threads took: 0.0001174 seconds
2017-03-04T16:47:03.043+0800: 9.995: Total time for which application threads were stopped: 0.0143550 seconds, Stopping threads took: 0.0119701 seconds
2017-03-04T16:47:03.891+0800: 10.842: Total time for which application threads were stopped: 0.0043410 seconds, Stopping threads took: 0.0002954 seconds
2017-03-04T16:47:03.898+0800: 10.849: Total time for which application threads were stopped: 0.0040569 seconds, Stopping threads took: 0.0003094 seconds
2017-03-04T16:47:03.953+0800: 10.904: Total time for which application threads were stopped: 0.0080899 seconds, Stopping threads took: 0.0041717 seconds
2017-03-04T16:47:04.044+0800: 10.996: Total time for which application threads were stopped: 0.0028980 seconds, Stopping threads took: 0.0003498 seconds
2017-03-04T16:47:04.064+0800: 11.015: Total time for which application threads were stopped: 0.0030558 seconds, Stopping threads took: 0.0003323 seconds
2017-03-04T16:47:04.105+0800: 11.057: Total time for which application threads were stopped: 0.0136300 seconds, Stopping threads took: 0.0002367 seconds
2017-03-04T16:47:04.133+0800: 11.084: Total time for which application threads were stopped: 0.0042246 seconds, Stopping threads took: 0.0006129 seconds
2017-03-04T16:47:04.142+0800: 11.094: Total time for which application threads were stopped: 0.0079696 seconds, Stopping threads took: 0.0002466 seconds
2017-03-04T16:47:04.152+0800: 11.104: Total time for which application threads were stopped: 0.0041340 seconds, Stopping threads took: 0.0003661 seconds
2017-03-04T16:47:04.162+0800: 11.114: Total time for which application threads were stopped: 0.0041907 seconds, Stopping threads took: 0.0003098 seconds
2017-03-04T16:47:04.203+0800: 11.154: Total time for which application threads were stopped: 0.0060973 seconds, Stopping threads took: 0.0039109 seconds
2017-03-04T16:47:04.210+0800: 11.161: Total time for which application threads were stopped: 0.0025617 seconds, Stopping threads took: 0.0002609 seconds
2017-03-04T16:47:04.222+0800: 11.174: Total time for which application threads were stopped: 0.0036113 seconds, Stopping threads took: 0.0002564 seconds
2017-03-04T16:47:04.344+0800: 11.296: Total time for which application threads were stopped: 0.0067744 seconds, Stopping threads took: 0.0030312 seconds
2017-03-04T16:47:04.352+0800: 11.304: Total time for which application threads were stopped: 0.0042464 seconds, Stopping threads took: 0.0004157 seconds
2017-03-04T16:47:04.399+0800: 11.350: Total time for which application threads were stopped: 0.0357166 seconds, Stopping threads took: 0.0003639 seconds
2017-03-04T16:47:04.409+0800: 11.361: Total time for which application threads were stopped: 0.0045527 seconds, Stopping threads took: 0.0003091 seconds
2017-03-04T16:47:04.521+0800: 11.472: Total time for which application threads were stopped: 0.0030994 seconds, Stopping threads took: 0.0003303 seconds
2017-03-04T16:47:04.530+0800: 11.482: Total time for which application threads were stopped: 0.0045441 seconds, Stopping threads took: 0.0003206 seconds
2017-03-04T16:47:04.564+0800: 11.516: Total time for which application threads were stopped: 0.0098982 seconds, Stopping threads took: 0.0003003 seconds
2017-03-04T16:47:04.597+0800: 11.549: Total time for which application threads were stopped: 0.0081041 seconds, Stopping threads took: 0.0034062 seconds
2017-03-04T16:47:04.727+0800: 11.679: Total time for which application threads were stopped: 0.0064059 seconds, Stopping threads took: 0.0036677 seconds
2017-03-04T16:47:04.740+0800: 11.691: Total time for which application threads were stopped: 0.0069097 seconds, Stopping threads took: 0.0041120 seconds
2017-03-04T16:47:04.748+0800: 11.699: Total time for which application threads were stopped: 0.0049397 seconds, Stopping threads took: 0.0004463 seconds
2017-03-04T16:47:04.762+0800: 11.713: Total time for which application threads were stopped: 0.0052013 seconds, Stopping threads took: 0.0005114 seconds
{Heap before GC invocations=9 (full 1):
 par new generation   total 109248K, used 109234K [0x00000000e0000000, 0x00000000e8000000, 0x00000000e8000000)
  eden space 87424K,  99% used [0x00000000e0000000, 0x00000000e555c850, 0x00000000e5560000)
  from space 21824K, 100% used [0x00000000e6ab0000, 0x00000000e8000000, 0x00000000e8000000)
  to   space 21824K,   0% used [0x00000000e5560000, 0x00000000e5560000, 0x00000000e6ab0000)
 concurrent mark-sweep generation total 393216K, used 6258K [0x00000000e8000000, 0x0000000100000000, 0x0000000100000000)
 Metaspace       used 36657K, capacity 37464K, committed 37544K, reserved 1083392K
  class space    used 4296K, capacity 4520K, committed 4548K, reserved 1048576K
2017-03-04T16:47:04.827+0800: 11.779: [GC (Allocation Failure) 2017-03-04T16:47:04.828+0800: 11.779: [ParNew
Desired survivor size 20112992 bytes, new threshold 3 (max 8)
- age   1:   14911992 bytes,   14911992 total
- age   2:    5011272 bytes,   19923264 total
- age   3:    1661608 bytes,   21584872 total
- age   4:     259616 bytes,   21844488 total
- age   5:     155544 bytes,   22000032 total
- age   6:     103888 bytes,   22103920 total
- age   8:     225992 bytes,   22329912 total
: 109234K->21824K(109248K), 0.0784073 secs] 115492K->44805K(502464K), 0.0789790 secs] [Times: user=0.26 sys=0.00, real=0.08 secs] 
Heap after GC invocations=10 (full 1):
 par new generation   total 109248K, used 21824K [0x00000000e0000000, 0x00000000e8000000, 0x00000000e8000000)
  eden space 87424K,   0% used [0x00000000e0000000, 0x00000000e0000000, 0x00000000e5560000)
  from space 21824K, 100% used [0x00000000e5560000, 0x00000000e6ab0000, 0x00000000e6ab0000)
  to   space 21824K,   0% used [0x00000000e6ab0000, 0x00000000e6ab0000, 0x00000000e8000000)
 concurrent mark-sweep generation total 393216K, used 22981K [0x00000000e8000000, 0x0000000100000000, 0x0000000100000000)
 Metaspace       used 36657K, capacity 37464K, committed 37544K, reserved 1083392K
  class space    used 4296K, capacity 4520K, committed 4548K, reserved 1048576K
}
2017-03-04T16:47:04.908+0800: 11.860: Total time for which application threads were stopped: 0.0846331 seconds, Stopping threads took: 0.0003426 seconds
2017-03-04T16:47:04.948+0800: 11.900: Total time for which application threads were stopped: 0.0094176 seconds, Stopping threads took: 0.0057448 seconds
2017-03-04T16:47:04.961+0800: 11.912: Total time for which application threads were stopped: 0.0045444 seconds, Stopping threads took: 0.0016118 seconds
2017-03-04T16:47:04.995+0800: 11.946: Total time for which application threads were stopped: 0.0050079 seconds, Stopping threads took: 0.0004216 seconds
{Heap before GC invocations=10 (full 1):
 par new generation   total 109248K, used 109248K [0x00000000e0000000, 0x00000000e8000000, 0x00000000e8000000)
  eden space 87424K, 100% used [0x00000000e0000000, 0x00000000e5560000, 0x00000000e5560000)
  from space 21824K, 100% used [0x00000000e5560000, 0x00000000e6ab0000, 0x00000000e6ab0000)
  to   space 21824K,   0% used [0x00000000e6ab0000, 0x00000000e6ab0000, 0x00000000e8000000)
 concurrent mark-sweep generation total 393216K, used 22981K [0x00000000e8000000, 0x0000000100000000, 0x0000000100000000)
 Metaspace       used 36666K, capacity 37464K, committed 37544K, reserved 1083392K
  class space    used 4297K, capacity 4520K, committed 4548K, reserved 1048576K
2017-03-04T16:47:05.048+0800: 11.999: [GC (Allocation Failure) 2017-03-04T16:47:05.048+0800: 12.000: [ParNew
Desired survivor size 20112992 bytes, new threshold 8 (max 8)
- age   1:     354984 bytes,     354984 total
- age   2:   14896520 bytes,   15251504 total
- age   3:    4723544 bytes,   19975048 total
: 109248K->21824K(109248K), 0.0469147 secs] 132229K->47543K(502464K), 0.0475322 secs] [Times: user=0.17 sys=0.01, real=0.05 secs] 
Heap after GC invocations=11 (full 1):
 par new generation   total 109248K, used 21824K [0x00000000e0000000, 0x00000000e8000000, 0x00000000e8000000)
  eden space 87424K,   0% used [0x00000000e0000000, 0x00000000e0000000, 0x00000000e5560000)
  from space 21824K, 100% used [0x00000000e6ab0000, 0x00000000e8000000, 0x00000000e8000000)
  to   space 21824K,   0% used [0x00000000e5560000, 0x00000000e5560000, 0x00000000e6ab0000)
 concurrent mark-sweep generation total 393216K, used 25719K [0x00000000e8000000, 0x0000000100000000, 0x0000000100000000)
 Metaspace       used 36666K, capacity 37464K, committed 37544K, reserved 1083392K
  class space    used 4297K, capacity 4520K, committed 4548K, reserved 1048576K
}
2017-03-04T16:47:05.095+0800: 12.047: Total time for which application threads were stopped: 0.0527265 seconds, Stopping threads took: 0.0004614 seconds
2017-03-04T16:47:05.108+0800: 12.060: Total time for which application threads were stopped: 0.0034122 seconds, Stopping threads took: 0.0004988 seconds
2017-03-04T16:47:05.120+0800: 12.072: Total time for which application threads were stopped: 0.0049546 seconds, Stopping threads took: 0.0004394 seconds
2017-03-04T16:47:05.144+0800: 12.095: Total time for which application threads were stopped: 0.0051367 seconds, Stopping threads took: 0.0004202 seconds
2017-03-04T16:47:05.152+0800: 12.103: Total time for which application threads were stopped: 0.0054816 seconds, Stopping threads took: 0.0008673 seconds
{Heap before GC invocations=11 (full 1):
 par new generation   total 109248K, used 109225K [0x00000000e0000000, 0x00000000e8000000, 0x00000000e8000000)
  eden space 87424K,  99% used [0x00000000e0000000, 0x00000000e555a670, 0x00000000e5560000)
  from space 21824K, 100% used [0x00000000e6ab0000, 0x00000000e8000000, 0x00000000e8000000)
  to   space 21824K,   0% used [0x00000000e5560000, 0x00000000e5560000, 0x00000000e6ab0000)
 concurrent mark-sweep generation total 393216K, used 25719K [0x00000000e8000000, 0x0000000100000000, 0x0000000100000000)
 Metaspace       used 36702K, capacity 37494K, committed 37544K, reserved 1083392K
  class space    used 4299K, capacity 4525K, committed 4548K, reserved 1048576K
2017-03-04T16:47:05.244+0800: 12.195: [GC (Allocation Failure) 2017-03-04T16:47:05.244+0800: 12.195: [ParNew
Desired survivor size 20112992 bytes, new threshold 4 (max 8)
- age   1:    1546760 bytes,    1546760 total
- age   2:     164208 bytes,    1710968 total
- age   3:   14887040 bytes,   16598008 total
- age   4:    3807384 bytes,   20405392 total
: 109225K->21824K(109248K), 0.0425858 secs] 134944K->48514K(502464K), 0.0431013 secs] [Times: user=0.14 sys=0.00, real=0.05 secs] 
Heap after GC invocations=12 (full 1):
 par new generation   total 109248K, used 21824K [0x00000000e0000000, 0x00000000e8000000, 0x00000000e8000000)
  eden space 87424K,   0% used [0x00000000e0000000, 0x00000000e0000000, 0x00000000e5560000)
  from space 21824K, 100% used [0x00000000e5560000, 0x00000000e6ab0000, 0x00000000e6ab0000)
  to   space 21824K,   0% used [0x00000000e6ab0000, 0x00000000e6ab0000, 0x00000000e8000000)
 concurrent mark-sweep generation total 393216K, used 26690K [0x00000000e8000000, 0x0000000100000000, 0x0000000100000000)
 Metaspace       used 36702K, capacity 37494K, committed 37544K, reserved 1083392K
  class space    used 4299K, capacity 4525K, committed 4548K, reserved 1048576K
}
2017-03-04T16:47:05.287+0800: 12.239: Total time for which application threads were stopped: 0.0475107 seconds, Stopping threads took: 0.0003745 seconds
{Heap before GC invocations=12 (full 1):
 par new generation   total 109248K, used 109248K [0x00000000e0000000, 0x00000000e8000000, 0x00000000e8000000)
  eden space 87424K, 100% used [0x00000000e0000000, 0x00000000e5560000, 0x00000000e5560000)
  from space 21824K, 100% used [0x00000000e5560000, 0x00000000e6ab0000, 0x00000000e6ab0000)
  to   space 21824K,   0% used [0x00000000e6ab0000, 0x00000000e6ab0000, 0x00000000e8000000)
 concurrent mark-sweep generation total 393216K, used 26690K [0x00000000e8000000, 0x0000000100000000, 0x0000000100000000)
 Metaspace       used 36749K, capacity 37570K, committed 37800K, reserved 1083392K
  class space    used 4301K, capacity 4527K, committed 4548K, reserved 1048576K
2017-03-04T16:47:05.439+0800: 12.391: [GC (Allocation Failure) 2017-03-04T16:47:05.440+0800: 12.391: [ParNew
Desired survivor size 20112992 bytes, new threshold 8 (max 8)
- age   1:     671072 bytes,     671072 total
- age   2:     928128 bytes,    1599200 total
- age   3:     163296 bytes,    1762496 total
- age   4:   14886992 bytes,   16649488 total
: 109248K->19892K(109248K), 0.0442141 secs] 135938K->50344K(502464K), 0.0448084 secs] [Times: user=0.18 sys=0.00, real=0.04 secs] 
Heap after GC invocations=13 (full 1):
 par new generation   total 109248K, used 19892K [0x00000000e0000000, 0x00000000e8000000, 0x00000000e8000000)
  eden space 87424K,   0% used [0x00000000e0000000, 0x00000000e0000000, 0x00000000e5560000)
  from space 21824K,  91% used [0x00000000e6ab0000, 0x00000000e7e1d0c0, 0x00000000e8000000)
  to   space 21824K,   0% used [0x00000000e5560000, 0x00000000e5560000, 0x00000000e6ab0000)
 concurrent mark-sweep generation total 393216K, used 30452K [0x00000000e8000000, 0x0000000100000000, 0x0000000100000000)
 Metaspace       used 36749K, capacity 37570K, committed 37800K, reserved 1083392K
  class space    used 4301K, capacity 4527K, committed 4548K, reserved 1048576K
}
2017-03-04T16:47:05.484+0800: 12.436: Total time for which application threads were stopped: 0.0496085 seconds, Stopping threads took: 0.0003376 seconds
{Heap before GC invocations=13 (full 1):
 par new generation   total 109248K, used 107316K [0x00000000e0000000, 0x00000000e8000000, 0x00000000e8000000)
  eden space 87424K, 100% used [0x00000000e0000000, 0x00000000e5560000, 0x00000000e5560000)
  from space 21824K,  91% used [0x00000000e6ab0000, 0x00000000e7e1d0c0, 0x00000000e8000000)
  to   space 21824K,   0% used [0x00000000e5560000, 0x00000000e5560000, 0x00000000e6ab0000)
 concurrent mark-sweep generation total 393216K, used 30452K [0x00000000e8000000, 0x0000000100000000, 0x0000000100000000)
 Metaspace       used 36972K, capacity 37830K, committed 38184K, reserved 1083392K
  class space    used 4320K, capacity 4565K, committed 4676K, reserved 1048576K
2017-03-04T16:47:05.849+0800: 12.801: [GC (Allocation Failure) 2017-03-04T16:47:05.850+0800: 12.801: [ParNew
Desired survivor size 20112992 bytes, new threshold 8 (max 8)
- age   1:    1310120 bytes,    1310120 total
- age   2:     162224 bytes,    1472344 total
- age   3:     457784 bytes,    1930128 total
- age   4:     163296 bytes,    2093424 total
- age   5:   14830616 bytes,   16924040 total
: 107316K->21459K(109248K), 0.0308236 secs] 137768K->51912K(502464K), 0.0313755 secs] [Times: user=0.10 sys=0.01, real=0.03 secs] 
Heap after GC invocations=14 (full 1):
 par new generation   total 109248K, used 21459K [0x00000000e0000000, 0x00000000e8000000, 0x00000000e8000000)
  eden space 87424K,   0% used [0x00000000e0000000, 0x00000000e0000000, 0x00000000e5560000)
  from space 21824K,  98% used [0x00000000e5560000, 0x00000000e6a54da8, 0x00000000e6ab0000)
  to   space 21824K,   0% used [0x00000000e6ab0000, 0x00000000e6ab0000, 0x00000000e8000000)
 concurrent mark-sweep generation total 393216K, used 30452K [0x00000000e8000000, 0x0000000100000000, 0x0000000100000000)
 Metaspace       used 36972K, capacity 37830K, committed 38184K, reserved 1083392K
  class space    used 4320K, capacity 4565K, committed 4676K, reserved 1048576K
}
2017-03-04T16:47:05.881+0800: 12.833: Total time for which application threads were stopped: 0.0366766 seconds, Stopping threads took: 0.0004329 seconds
2017-03-04T16:47:05.893+0800: 12.844: Total time for which application threads were stopped: 0.0048433 seconds, Stopping threads took: 0.0003904 seconds
2017-03-04T16:47:05.896+0800: 12.848: Total time for which application threads were stopped: 0.0033495 seconds, Stopping threads took: 0.0007895 seconds
2017-03-04T16:47:05.905+0800: 12.857: Total time for which application threads were stopped: 0.0033528 seconds, Stopping threads took: 0.0005737 seconds
2017-03-04T16:47:05.913+0800: 12.865: Total time for which application threads were stopped: 0.0048252 seconds, Stopping threads took: 0.0004223 seconds
2017-03-04T16:47:05.931+0800: 12.883: Total time for which application threads were stopped: 0.0036950 seconds, Stopping threads took: 0.0003440 seconds
2017-03-04T16:47:05.988+0800: 12.939: Total time for which application threads were stopped: 0.0030192 seconds, Stopping threads took: 0.0003226 seconds
2017-03-04T16:47:06.012+0800: 12.963: Total time for which application threads were stopped: 0.0040582 seconds, Stopping threads took: 0.0003087 seconds
2017-03-04T16:47:06.019+0800: 12.971: Total time for which application threads were stopped: 0.0045266 seconds, Stopping threads took: 0.0004289 seconds
2017-03-04T16:47:06.025+0800: 12.977: Total time for which application threads were stopped: 0.0030815 seconds, Stopping threads took: 0.0004002 seconds
2017-03-04T16:47:06.040+0800: 12.992: Total time for which application threads were stopped: 0.0029328 seconds, Stopping threads took: 0.0003999 seconds
2017-03-04T16:47:06.051+0800: 13.003: Total time for which application threads were stopped: 0.0031878 seconds, Stopping threads took: 0.0005347 seconds
2017-03-04T16:47:06.056+0800: 13.008: Total time for which application threads were stopped: 0.0029338 seconds, Stopping threads took: 0.0003277 seconds
2017-03-04T16:47:06.063+0800: 13.015: Total time for which application threads were stopped: 0.0036390 seconds, Stopping threads took: 0.0010634 seconds
2017-03-04T16:47:06.097+0800: 13.048: Total time for which application threads were stopped: 0.0050244 seconds, Stopping threads took: 0.0004372 seconds
{Heap before GC invocations=14 (full 1):
 par new generation   total 109248K, used 108863K [0x00000000e0000000, 0x00000000e8000000, 0x00000000e8000000)
  eden space 87424K,  99% used [0x00000000e0000000, 0x00000000e555b0e8, 0x00000000e5560000)
  from space 21824K,  98% used [0x00000000e5560000, 0x00000000e6a54da8, 0x00000000e6ab0000)
  to   space 21824K,   0% used [0x00000000e6ab0000, 0x00000000e6ab0000, 0x00000000e8000000)
 concurrent mark-sweep generation total 393216K, used 30452K [0x00000000e8000000, 0x0000000100000000, 0x0000000100000000)
 Metaspace       used 37076K, capacity 37982K, committed 38184K, reserved 1083392K
  class space    used 4324K, capacity 4569K, committed 4676K, reserved 1048576K
2017-03-04T16:47:06.183+0800: 13.134: [GC (Allocation Failure) 2017-03-04T16:47:06.183+0800: 13.135: [ParNew
Desired survivor size 20112992 bytes, new threshold 8 (max 8)
- age   1:    3336752 bytes,    3336752 total
- age   2:    1193016 bytes,    4529768 total
- age   3:     162224 bytes,    4691992 total
- age   4:     396320 bytes,    5088312 total
- age   5:     125880 bytes,    5214192 total
- age   6:   14648504 bytes,   19862696 total
: 108863K->20979K(109248K), 0.0357043 secs] 139316K->51432K(502464K), 0.0363291 secs] [Times: user=0.14 sys=0.00, real=0.04 secs] 
Heap after GC invocations=15 (full 1):
 par new generation   total 109248K, used 20979K [0x00000000e0000000, 0x00000000e8000000, 0x00000000e8000000)
  eden space 87424K,   0% used [0x00000000e0000000, 0x00000000e0000000, 0x00000000e5560000)
  from space 21824K,  96% used [0x00000000e6ab0000, 0x00000000e7f2cd40, 0x00000000e8000000)
  to   space 21824K,   0% used [0x00000000e5560000, 0x00000000e5560000, 0x00000000e6ab0000)
 concurrent mark-sweep generation total 393216K, used 30452K [0x00000000e8000000, 0x0000000100000000, 0x0000000100000000)
 Metaspace       used 37076K, capacity 37982K, committed 38184K, reserved 1083392K
  class space    used 4324K, capacity 4569K, committed 4676K, reserved 1048576K
}
2017-03-04T16:47:06.219+0800: 13.171: Total time for which application threads were stopped: 0.0416463 seconds, Stopping threads took: 0.0004662 seconds
2017-03-04T16:47:06.240+0800: 13.191: Total time for which application threads were stopped: 0.0046186 seconds, Stopping threads took: 0.0003642 seconds
2017-03-04T16:47:06.246+0800: 13.198: Total time for which application threads were stopped: 0.0047527 seconds, Stopping threads took: 0.0004299 seconds
{Heap before GC invocations=15 (full 1):
 par new generation   total 109248K, used 108403K [0x00000000e0000000, 0x00000000e8000000, 0x00000000e8000000)
  eden space 87424K, 100% used [0x00000000e0000000, 0x00000000e5560000, 0x00000000e5560000)
  from space 21824K,  96% used [0x00000000e6ab0000, 0x00000000e7f2cd40, 0x00000000e8000000)
  to   space 21824K,   0% used [0x00000000e5560000, 0x00000000e5560000, 0x00000000e6ab0000)
 concurrent mark-sweep generation total 393216K, used 30452K [0x00000000e8000000, 0x0000000100000000, 0x0000000100000000)
 Metaspace       used 37099K, capacity 37994K, committed 38184K, reserved 1083392K
  class space    used 4325K, capacity 4571K, committed 4676K, reserved 1048576K
2017-03-04T16:47:06.319+0800: 13.270: [GC (Allocation Failure) 2017-03-04T16:47:06.319+0800: 13.271: [ParNew
Desired survivor size 20112992 bytes, new threshold 7 (max 8)
- age   1:    1690328 bytes,    1690328 total
- age   2:    2554416 bytes,    4244744 total
- age   3:    1192544 bytes,    5437288 total
- age   4:     162224 bytes,    5599512 total
- age   5:     396160 bytes,    5995672 total
- age   6:     125880 bytes,    6121552 total
- age   7:   14538416 bytes,   20659968 total
: 108403K->21824K(109248K), 0.0333787 secs] 138856K->52350K(502464K), 0.0338720 secs] [Times: user=0.14 sys=0.00, real=0.04 secs] 
Heap after GC invocations=16 (full 1):
 par new generation   total 109248K, used 21824K [0x00000000e0000000, 0x00000000e8000000, 0x00000000e8000000)
  eden space 87424K,   0% used [0x00000000e0000000, 0x00000000e0000000, 0x00000000e5560000)
  from space 21824K, 100% used [0x00000000e5560000, 0x00000000e6ab0000, 0x00000000e6ab0000)
  to   space 21824K,   0% used [0x00000000e6ab0000, 0x00000000e6ab0000, 0x00000000e8000000)
 concurrent mark-sweep generation total 393216K, used 30526K [0x00000000e8000000, 0x0000000100000000, 0x0000000100000000)
 Metaspace       used 37099K, capacity 37994K, committed 38184K, reserved 1083392K
  class space    used 4325K, capacity 4571K, committed 4676K, reserved 1048576K
}
2017-03-04T16:47:06.353+0800: 13.304: Total time for which application threads were stopped: 0.0385045 seconds, Stopping threads took: 0.0003623 seconds
2017-03-04T16:47:06.356+0800: 13.307: Total time for which application threads were stopped: 0.0027752 seconds, Stopping threads took: 0.0003192 seconds
2017-03-04T16:47:06.358+0800: 13.310: Total time for which application threads were stopped: 0.0026391 seconds, Stopping threads took: 0.0002012 seconds
{Heap before GC invocations=16 (full 1):
 par new generation   total 109248K, used 109248K [0x00000000e0000000, 0x00000000e8000000, 0x00000000e8000000)
  eden space 87424K, 100% used [0x00000000e0000000, 0x00000000e5560000, 0x00000000e5560000)
  from space 21824K, 100% used [0x00000000e5560000, 0x00000000e6ab0000, 0x00000000e6ab0000)
  to   space 21824K,   0% used [0x00000000e6ab0000, 0x00000000e6ab0000, 0x00000000e8000000)
 concurrent mark-sweep generation total 393216K, used 30526K [0x00000000e8000000, 0x0000000100000000, 0x0000000100000000)
 Metaspace       used 37135K, capacity 38082K, committed 38184K, reserved 1083392K
  class space    used 4328K, capacity 4575K, committed 4676K, reserved 1048576K
2017-03-04T16:47:06.452+0800: 13.404: [GC (Allocation Failure) 2017-03-04T16:47:06.452+0800: 13.404: [ParNew
Desired survivor size 20112992 bytes, new threshold 8 (max 8)
- age   1:     746136 bytes,     746136 total
- age   2:     961592 bytes,    1707728 total
- age   3:    2544632 bytes,    4252360 total
- age   4:    1192544 bytes,    5444904 total
- age   5:     162224 bytes,    5607128 total
- age   6:     396160 bytes,    6003288 total
- age   7:     125880 bytes,    6129168 total
: 109248K->19424K(109248K), 0.0675793 secs] 139774K->64082K(502464K), 0.0681551 secs] [Times: user=0.21 sys=0.01, real=0.07 secs] 
Heap after GC invocations=17 (full 1):
 par new generation   total 109248K, used 19424K [0x00000000e0000000, 0x00000000e8000000, 0x00000000e8000000)
  eden space 87424K,   0% used [0x00000000e0000000, 0x00000000e0000000, 0x00000000e5560000)
  from space 21824K,  89% used [0x00000000e6ab0000, 0x00000000e7da81a0, 0x00000000e8000000)
  to   space 21824K,   0% used [0x00000000e5560000, 0x00000000e5560000, 0x00000000e6ab0000)
 concurrent mark-sweep generation total 393216K, used 44658K [0x00000000e8000000, 0x0000000100000000, 0x0000000100000000)
 Metaspace       used 37135K, capacity 38082K, committed 38184K, reserved 1083392K
  class space    used 4328K, capacity 4575K, committed 4676K, reserved 1048576K
}
2017-03-04T16:47:06.521+0800: 13.472: Total time for which application threads were stopped: 0.0731109 seconds, Stopping threads took: 0.0007169 seconds
{Heap before GC invocations=17 (full 1):
 par new generation   total 109248K, used 106848K [0x00000000e0000000, 0x00000000e8000000, 0x00000000e8000000)
  eden space 87424K, 100% used [0x00000000e0000000, 0x00000000e5560000, 0x00000000e5560000)
  from space 21824K,  89% used [0x00000000e6ab0000, 0x00000000e7da81a0, 0x00000000e8000000)
  to   space 21824K,   0% used [0x00000000e5560000, 0x00000000e5560000, 0x00000000e6ab0000)
 concurrent mark-sweep generation total 393216K, used 44658K [0x00000000e8000000, 0x0000000100000000, 0x0000000100000000)
 Metaspace       used 37152K, capacity 38082K, committed 38184K, reserved 1083392K
  class space    used 4328K, capacity 4575K, committed 4676K, reserved 1048576K
2017-03-04T16:47:06.655+0800: 13.607: [GC (Allocation Failure) 2017-03-04T16:47:06.655+0800: 13.607: [ParNew
Desired survivor size 20112992 bytes, new threshold 8 (max 8)
- age   1:     548616 bytes,     548616 total
- age   2:     298504 bytes,     847120 total
- age   3:     960720 bytes,    1807840 total
- age   4:    2544144 bytes,    4351984 total
- age   5:    1192544 bytes,    5544528 total
- age   6:     162224 bytes,    5706752 total
- age   7:     396160 bytes,    6102912 total
- age   8:     125880 bytes,    6228792 total
: 106848K->9807K(109248K), 0.0332847 secs] 151506K->54465K(502464K), 0.0337617 secs] [Times: user=0.14 sys=0.00, real=0.03 secs] 
Heap after GC invocations=18 (full 1):
 par new generation   total 109248K, used 9807K [0x00000000e0000000, 0x00000000e8000000, 0x00000000e8000000)
  eden space 87424K,   0% used [0x00000000e0000000, 0x00000000e0000000, 0x00000000e5560000)
  from space 21824K,  44% used [0x00000000e5560000, 0x00000000e5ef3df8, 0x00000000e6ab0000)
  to   space 21824K,   0% used [0x00000000e6ab0000, 0x00000000e6ab0000, 0x00000000e8000000)
 concurrent mark-sweep generation total 393216K, used 44658K [0x00000000e8000000, 0x0000000100000000, 0x0000000100000000)
 Metaspace       used 37152K, capacity 38082K, committed 38184K, reserved 1083392K
  class space    used 4328K, capacity 4575K, committed 4676K, reserved 1048576K
}
2017-03-04T16:47:06.689+0800: 13.641: Total time for which application threads were stopped: 0.0382593 seconds, Stopping threads took: 0.0006657 seconds
2017-03-04T16:47:07.070+0800: 14.022: Total time for which application threads were stopped: 0.0062141 seconds, Stopping threads took: 0.0046793 seconds
2017-03-04T16:47:07.072+0800: 14.023: Total time for which application threads were stopped: 0.0014205 seconds, Stopping threads took: 0.0001401 seconds
2017-03-04T16:47:07.074+0800: 14.026: Total time for which application threads were stopped: 0.0018418 seconds, Stopping threads took: 0.0002243 seconds
2017-03-04T16:47:07.082+0800: 14.034: Total time for which application threads were stopped: 0.0027247 seconds, Stopping threads took: 0.0004358 seconds
2017-03-04T16:47:07.084+0800: 14.035: Total time for which application threads were stopped: 0.0014329 seconds, Stopping threads took: 0.0001798 seconds
2017-03-04T16:47:07.085+0800: 14.037: Total time for which application threads were stopped: 0.0013359 seconds, Stopping threads took: 0.0001349 seconds
2017-03-04T16:47:07.086+0800: 14.038: Total time for which application threads were stopped: 0.0013081 seconds, Stopping threads took: 0.0001738 seconds
2017-03-04T16:47:07.139+0800: 14.091: Total time for which application threads were stopped: 0.0016269 seconds, Stopping threads took: 0.0002812 seconds
2017-03-04T16:47:07.141+0800: 14.093: Total time for which application threads were stopped: 0.0019397 seconds, Stopping threads took: 0.0001627 seconds
2017-03-04T16:47:07.163+0800: 14.114: Total time for which application threads were stopped: 0.0028437 seconds, Stopping threads took: 0.0009476 seconds
2017-03-04T16:47:07.167+0800: 14.119: Total time for which application threads were stopped: 0.0016286 seconds, Stopping threads took: 0.0002899 seconds
2017-03-04T16:47:07.171+0800: 14.123: Total time for which application threads were stopped: 0.0022438 seconds, Stopping threads took: 0.0009363 seconds
2017-03-04T16:47:07.173+0800: 14.124: Total time for which application threads were stopped: 0.0014548 seconds, Stopping threads took: 0.0002241 seconds
2017-03-04T16:47:07.178+0800: 14.129: Total time for which application threads were stopped: 0.0050861 seconds, Stopping threads took: 0.0038829 seconds
2017-03-04T16:47:07.186+0800: 14.138: Total time for which application threads were stopped: 0.0049956 seconds, Stopping threads took: 0.0036191 seconds
2017-03-04T16:47:07.188+0800: 14.139: Total time for which application threads were stopped: 0.0014719 seconds, Stopping threads took: 0.0002252 seconds
2017-03-04T16:47:07.189+0800: 14.141: Total time for which application threads were stopped: 0.0014298 seconds, Stopping threads took: 0.0002161 seconds
2017-03-04T16:47:07.190+0800: 14.142: Total time for which application threads were stopped: 0.0013157 seconds, Stopping threads took: 0.0001828 seconds
2017-03-04T16:47:07.206+0800: 14.157: Total time for which application threads were stopped: 0.0016324 seconds, Stopping threads took: 0.0003462 seconds
2017-03-04T16:47:07.209+0800: 14.161: Total time for which application threads were stopped: 0.0017486 seconds, Stopping threads took: 0.0003947 seconds
2017-03-04T16:47:07.214+0800: 14.166: Total time for which application threads were stopped: 0.0016807 seconds, Stopping threads took: 0.0003014 seconds
2017-03-04T16:47:07.217+0800: 14.169: Total time for which application threads were stopped: 0.0017208 seconds, Stopping threads took: 0.0002808 seconds
2017-03-04T16:47:07.223+0800: 14.175: Total time for which application threads were stopped: 0.0015229 seconds, Stopping threads took: 0.0003465 seconds
2017-03-04T16:47:07.238+0800: 14.189: Total time for which application threads were stopped: 0.0043620 seconds, Stopping threads took: 0.0031932 seconds
2017-03-04T16:47:07.256+0800: 14.208: Total time for which application threads were stopped: 0.0019845 seconds, Stopping threads took: 0.0002355 seconds
2017-03-04T16:47:07.261+0800: 14.212: Total time for which application threads were stopped: 0.0019074 seconds, Stopping threads took: 0.0002264 seconds
2017-03-04T16:47:08.262+0800: 15.213: Total time for which application threads were stopped: 0.0009709 seconds, Stopping threads took: 0.0001750 seconds
2017-03-04T16:47:10.264+0800: 17.215: Total time for which application threads were stopped: 0.0017077 seconds, Stopping threads took: 0.0002600 seconds
2017-03-04T16:47:11.265+0800: 18.217: Total time for which application threads were stopped: 0.0012978 seconds, Stopping threads took: 0.0002199 seconds
2017-03-04T16:47:12.266+0800: 19.218: Total time for which application threads were stopped: 0.0007517 seconds, Stopping threads took: 0.0001494 seconds
2017-03-04T16:47:13.132+0800: 20.084: Total time for which application threads were stopped: 0.0008111 seconds, Stopping threads took: 0.0001469 seconds
2017-03-04T16:47:13.135+0800: 20.087: Total time for which application threads were stopped: 0.0007728 seconds, Stopping threads took: 0.0001174 seconds
2017-03-04T16:47:13.136+0800: 20.088: Total time for which application threads were stopped: 0.0005512 seconds, Stopping threads took: 0.0000902 seconds
2017-03-04T16:47:13.137+0800: 20.089: Total time for which application threads were stopped: 0.0005736 seconds, Stopping threads took: 0.0001061 seconds
2017-03-04T16:47:13.138+0800: 20.090: Total time for which application threads were stopped: 0.0005256 seconds, Stopping threads took: 0.0000654 seconds
2017-03-04T16:47:13.139+0800: 20.091: Total time for which application threads were stopped: 0.0005469 seconds, Stopping threads took: 0.0001646 seconds
2017-03-04T16:47:13.141+0800: 20.092: Total time for which application threads were stopped: 0.0005910 seconds, Stopping threads took: 0.0001148 seconds
2017-03-04T16:47:13.169+0800: 20.121: Total time for which application threads were stopped: 0.0010907 seconds, Stopping threads took: 0.0001691 seconds
2017-03-04T16:47:13.171+0800: 20.123: Total time for which application threads were stopped: 0.0007063 seconds, Stopping threads took: 0.0001312 seconds
2017-03-04T16:47:13.176+0800: 20.127: Total time for which application threads were stopped: 0.0011572 seconds, Stopping threads took: 0.0001652 seconds
2017-03-04T16:47:13.284+0800: 20.235: Total time for which application threads were stopped: 0.0011971 seconds, Stopping threads took: 0.0001861 seconds
2017-03-04T16:47:18.285+0800: 25.237: Total time for which application threads were stopped: 0.0007699 seconds, Stopping threads took: 0.0001582 seconds
2017-03-04T16:47:19.286+0800: 26.238: Total time for which application threads were stopped: 0.0007830 seconds, Stopping threads took: 0.0001478 seconds
2017-03-04T16:47:25.789+0800: 32.741: Total time for which application threads were stopped: 0.0008804 seconds, Stopping threads took: 0.0001969 seconds
2017-03-04T16:47:26.790+0800: 33.742: Total time for which application threads were stopped: 0.0008279 seconds, Stopping threads took: 0.0001435 seconds
2017-03-04T16:47:28.791+0800: 35.743: Total time for which application threads were stopped: 0.0008453 seconds, Stopping threads took: 0.0001573 seconds
2017-03-04T16:47:29.792+0800: 36.743: Total time for which application threads were stopped: 0.0007480 seconds, Stopping threads took: 0.0001379 seconds
2017-03-04T16:47:30.793+0800: 37.744: Total time for which application threads were stopped: 0.0007721 seconds, Stopping threads took: 0.0001390 seconds
2017-03-04T16:47:31.793+0800: 38.745: Total time for which application threads were stopped: 0.0007713 seconds, Stopping threads took: 0.0001555 seconds
2017-03-04T16:47:32.795+0800: 39.747: Total time for which application threads were stopped: 0.0014274 seconds, Stopping threads took: 0.0001594 seconds
2017-03-04T16:47:34.796+0800: 41.748: Total time for which application threads were stopped: 0.0010016 seconds, Stopping threads took: 0.0001551 seconds
2017-03-04T16:47:35.798+0800: 42.749: Total time for which application threads were stopped: 0.0015027 seconds, Stopping threads took: 0.0001696 seconds
2017-03-04T16:47:48.922+0800: 55.873: Total time for which application threads were stopped: 0.0011487 seconds, Stopping threads took: 0.0001838 seconds
2017-03-04T16:47:48.923+0800: 55.874: Total time for which application threads were stopped: 0.0007246 seconds, Stopping threads took: 0.0000703 seconds
2017-03-04T16:47:48.923+0800: 55.875: Total time for which application threads were stopped: 0.0006749 seconds, Stopping threads took: 0.0000641 seconds
2017-03-04T16:47:48.924+0800: 55.876: Total time for which application threads were stopped: 0.0007310 seconds, Stopping threads took: 0.0000627 seconds
2017-03-04T16:47:48.925+0800: 55.877: Total time for which application threads were stopped: 0.0006966 seconds, Stopping threads took: 0.0000624 seconds
2017-03-04T16:47:48.926+0800: 55.877: Total time for which application threads were stopped: 0.0006612 seconds, Stopping threads took: 0.0000639 seconds
2017-03-04T16:47:48.926+0800: 55.878: Total time for which application threads were stopped: 0.0006529 seconds, Stopping threads took: 0.0000621 seconds
2017-03-04T16:47:48.927+0800: 55.879: Total time for which application threads were stopped: 0.0006455 seconds, Stopping threads took: 0.0000569 seconds
2017-03-04T16:47:48.928+0800: 55.880: Total time for which application threads were stopped: 0.0006564 seconds, Stopping threads took: 0.0000640 seconds
2017-03-04T16:47:48.929+0800: 55.880: Total time for which application threads were stopped: 0.0006927 seconds, Stopping threads took: 0.0000582 seconds
2017-03-04T16:47:48.930+0800: 55.881: Total time for which application threads were stopped: 0.0007479 seconds, Stopping threads took: 0.0001289 seconds
2017-03-04T16:47:48.930+0800: 55.882: Total time for which application threads were stopped: 0.0006991 seconds, Stopping threads took: 0.0000924 seconds
2017-03-04T16:47:48.931+0800: 55.883: Total time for which application threads were stopped: 0.0007165 seconds, Stopping threads took: 0.0000996 seconds
2017-03-04T16:47:48.932+0800: 55.883: Total time for which application threads were stopped: 0.0006627 seconds, Stopping threads took: 0.0000630 seconds
2017-03-04T16:47:48.935+0800: 55.887: Total time for which application threads were stopped: 0.0033978 seconds, Stopping threads took: 0.0000886 seconds
2017-03-04T16:47:49.937+0800: 56.888: Total time for which application threads were stopped: 0.0012270 seconds, Stopping threads took: 0.0001748 seconds
2017-03-04T16:47:50.938+0800: 57.890: Total time for which application threads were stopped: 0.0011408 seconds, Stopping threads took: 0.0001723 seconds
2017-03-04T16:47:51.939+0800: 58.891: Total time for which application threads were stopped: 0.0011143 seconds, Stopping threads took: 0.0001662 seconds
2017-03-04T16:47:54.940+0800: 61.892: Total time for which application threads were stopped: 0.0010241 seconds, Stopping threads took: 0.0001690 seconds
2017-03-04T16:47:56.941+0800: 63.893: Total time for which application threads were stopped: 0.0007331 seconds, Stopping threads took: 0.0001375 seconds
2017-03-04T16:47:57.942+0800: 64.894: Total time for which application threads were stopped: 0.0007181 seconds, Stopping threads took: 0.0001418 seconds
2017-03-04T16:47:58.943+0800: 65.895: Total time for which application threads were stopped: 0.0007220 seconds, Stopping threads took: 0.0001366 seconds
2017-03-04T16:47:59.944+0800: 66.895: Total time for which application threads were stopped: 0.0007191 seconds, Stopping threads took: 0.0001350 seconds
2017-03-04T16:48:00.945+0800: 67.896: Total time for which application threads were stopped: 0.0009590 seconds, Stopping threads took: 0.0001528 seconds
2017-03-04T16:48:05.946+0800: 72.897: Total time for which application threads were stopped: 0.0007191 seconds, Stopping threads took: 0.0001386 seconds
2017-03-04T16:48:08.947+0800: 75.899: Total time for which application threads were stopped: 0.0009210 seconds, Stopping threads took: 0.0001458 seconds
2017-03-04T16:48:14.949+0800: 81.900: Total time for which application threads were stopped: 0.0011610 seconds, Stopping threads took: 0.0001682 seconds
2017-03-04T16:48:17.950+0800: 84.902: Total time for which application threads were stopped: 0.0010990 seconds, Stopping threads took: 0.0001660 seconds
2017-03-04T16:48:22.951+0800: 89.903: Total time for which application threads were stopped: 0.0009163 seconds, Stopping threads took: 0.0001491 seconds
2017-03-04T16:48:40.955+0800: 107.907: Total time for which application threads were stopped: 0.0016089 seconds, Stopping threads took: 0.0002375 seconds
2017-03-04T16:48:52.957+0800: 119.909: Total time for which application threads were stopped: 0.0007565 seconds, Stopping threads took: 0.0001414 seconds
2017-03-04T16:48:58.959+0800: 125.910: Total time for which application threads were stopped: 0.0007341 seconds, Stopping threads took: 0.0001432 seconds
2017-03-04T16:49:02.960+0800: 129.912: Total time for which application threads were stopped: 0.0007608 seconds, Stopping threads took: 0.0001407 seconds
2017-03-04T16:49:03.961+0800: 130.913: Total time for which application threads were stopped: 0.0008494 seconds, Stopping threads took: 0.0001402 seconds
{Heap before GC invocations=18 (full 1):
 par new generation   total 109248K, used 97231K [0x00000000e0000000, 0x00000000e8000000, 0x00000000e8000000)
  eden space 87424K, 100% used [0x00000000e0000000, 0x00000000e5560000, 0x00000000e5560000)
  from space 21824K,  44% used [0x00000000e5560000, 0x00000000e5ef3df8, 0x00000000e6ab0000)
  to   space 21824K,   0% used [0x00000000e6ab0000, 0x00000000e6ab0000, 0x00000000e8000000)
 concurrent mark-sweep generation total 393216K, used 44658K [0x00000000e8000000, 0x0000000100000000, 0x0000000100000000)
 Metaspace       used 37824K, capacity 38788K, committed 38952K, reserved 1083392K
  class space    used 4342K, capacity 4594K, committed 4676K, reserved 1048576K
2017-03-04T16:49:05.408+0800: 132.360: [GC (Allocation Failure) 2017-03-04T16:49:05.409+0800: 132.360: [ParNew
Desired survivor size 20112992 bytes, new threshold 8 (max 8)
- age   1:    4037344 bytes,    4037344 total
- age   2:     372584 bytes,    4409928 total
- age   3:     294960 bytes,    4704888 total
- age   4:     211616 bytes,    4916504 total
- age   5:    1667096 bytes,    6583600 total
- age   6:    1100496 bytes,    7684096 total
- age   7:     162144 bytes,    7846240 total
- age   8:     382800 bytes,    8229040 total
: 97231K->8765K(109248K), 0.0100303 secs] 141889K->53535K(502464K), 0.0103419 secs] [Times: user=0.03 sys=0.00, real=0.01 secs] 
Heap after GC invocations=19 (full 1):
 par new generation   total 109248K, used 8765K [0x00000000e0000000, 0x00000000e8000000, 0x00000000e8000000)
  eden space 87424K,   0% used [0x00000000e0000000, 0x00000000e0000000, 0x00000000e5560000)
  from space 21824K,  40% used [0x00000000e6ab0000, 0x00000000e733f500, 0x00000000e8000000)
  to   space 21824K,   0% used [0x00000000e5560000, 0x00000000e5560000, 0x00000000e6ab0000)
 concurrent mark-sweep generation total 393216K, used 44770K [0x00000000e8000000, 0x0000000100000000, 0x0000000100000000)
 Metaspace       used 37824K, capacity 38788K, committed 38952K, reserved 1083392K
  class space    used 4342K, capacity 4594K, committed 4676K, reserved 1048576K
}
2017-03-04T16:49:05.419+0800: 132.371: Total time for which application threads were stopped: 0.0113150 seconds, Stopping threads took: 0.0001507 seconds
2017-03-04T16:49:06.420+0800: 133.371: Total time for which application threads were stopped: 0.0007172 seconds, Stopping threads took: 0.0001338 seconds
2017-03-04T16:49:39.424+0800: 166.376: Total time for which application threads were stopped: 0.0007225 seconds, Stopping threads took: 0.0001422 seconds
2017-03-04T16:49:48.962+0800: 175.913: Total time for which application threads were stopped: 0.0007464 seconds, Stopping threads took: 0.0001431 seconds
2017-03-04T16:51:14.971+0800: 261.922: Total time for which application threads were stopped: 0.0008615 seconds, Stopping threads took: 0.0001458 seconds
2017-03-04T16:54:57.997+0800: 484.948: Total time for which application threads were stopped: 0.0006806 seconds, Stopping threads took: 0.0001281 seconds
2017-03-04T16:54:58.998+0800: 485.949: Total time for which application threads were stopped: 0.0008824 seconds, Stopping threads took: 0.0001539 seconds
2017-03-04T16:55:44.004+0800: 530.955: Total time for which application threads were stopped: 0.0013510 seconds, Stopping threads took: 0.0002017 seconds
2017-03-04T16:57:19.016+0800: 625.968: Total time for which application threads were stopped: 0.0008307 seconds, Stopping threads took: 0.0001458 seconds
2017-03-04T17:02:16.049+0800: 923.001: Total time for which application threads were stopped: 0.0005365 seconds, Stopping threads took: 0.0001027 seconds
2017-03-04T17:02:24.051+0800: 931.003: Total time for which application threads were stopped: 0.0011776 seconds, Stopping threads took: 0.0002015 seconds
2017-03-04T17:02:58.056+0800: 965.007: Total time for which application threads were stopped: 0.0010124 seconds, Stopping threads took: 0.0001548 seconds
2017-03-04T17:03:18.059+0800: 985.011: Total time for which application threads were stopped: 0.0007403 seconds, Stopping threads took: 0.0001268 seconds
2017-03-04T17:03:54.065+0800: 1021.017: Total time for which application threads were stopped: 0.0010383 seconds, Stopping threads took: 0.0001564 seconds
2017-03-04T17:05:52.081+0800: 1139.033: Total time for which application threads were stopped: 0.0011309 seconds, Stopping threads took: 0.0001607 seconds
2017-03-04T17:06:28.087+0800: 1175.039: Total time for which application threads were stopped: 0.0009643 seconds, Stopping threads took: 0.0001465 seconds
2017-03-04T17:06:40.089+0800: 1187.041: Total time for which application threads were stopped: 0.0004680 seconds, Stopping threads took: 0.0000917 seconds
2017-03-04T17:07:12.094+0800: 1219.046: Total time for which application threads were stopped: 0.0006824 seconds, Stopping threads took: 0.0001130 seconds
2017-03-04T17:07:15.095+0800: 1222.047: Total time for which application threads were stopped: 0.0008657 seconds, Stopping threads took: 0.0001322 seconds
2017-03-04T17:16:52.170+0800: 1799.122: Total time for which application threads were stopped: 0.0006066 seconds, Stopping threads took: 0.0000997 seconds
2017-03-04T17:18:59.186+0800: 1926.137: Total time for which application threads were stopped: 0.0002648 seconds, Stopping threads took: 0.0000526 seconds
2017-03-04T17:21:24.204+0800: 2071.156: Total time for which application threads were stopped: 0.0003612 seconds, Stopping threads took: 0.0000618 seconds
2017-03-04T17:23:24.215+0800: 2191.166: Total time for which application threads were stopped: 0.0003228 seconds, Stopping threads took: 0.0000564 seconds
2017-03-04T17:25:17.227+0800: 2304.179: Total time for which application threads were stopped: 0.0001504 seconds, Stopping threads took: 0.0000292 seconds
2017-03-04T17:25:24.228+0800: 2311.180: Total time for which application threads were stopped: 0.0002147 seconds, Stopping threads took: 0.0000408 seconds
2017-03-04T17:29:35.261+0800: 2562.213: Total time for which application threads were stopped: 0.0003192 seconds, Stopping threads took: 0.0000573 seconds
2017-03-04T17:29:45.263+0800: 2572.215: Total time for which application threads were stopped: 0.0001431 seconds, Stopping threads took: 0.0000267 seconds
2017-03-04T17:29:55.265+0800: 2582.216: Total time for which application threads were stopped: 0.0003381 seconds, Stopping threads took: 0.0000549 seconds
2017-03-04T17:30:07.266+0800: 2594.218: Total time for which application threads were stopped: 0.0002919 seconds, Stopping threads took: 0.0000558 seconds
2017-03-04T17:30:09.267+0800: 2596.219: Total time for which application threads were stopped: 0.0001544 seconds, Stopping threads took: 0.0000430 seconds
2017-03-04T17:46:05.381+0800: 3552.332: Total time for which application threads were stopped: 0.0001523 seconds, Stopping threads took: 0.0000233 seconds
2017-03-04T17:46:05.693+0800: 3552.645: Total time for which application threads were stopped: 0.0001390 seconds, Stopping threads took: 0.0000211 seconds
2017-03-04T17:46:06.693+0800: 3553.645: Total time for which application threads were stopped: 0.0001630 seconds, Stopping threads took: 0.0000275 seconds
2017-03-04T17:46:09.694+0800: 3556.645: Total time for which application threads were stopped: 0.0001699 seconds, Stopping threads took: 0.0000275 seconds
2017-03-04T17:46:10.694+0800: 3557.646: Total time for which application threads were stopped: 0.0001403 seconds, Stopping threads took: 0.0000337 seconds
2017-03-04T17:46:11.694+0800: 3558.646: Total time for which application threads were stopped: 0.0001488 seconds, Stopping threads took: 0.0000265 seconds
2017-03-04T17:46:12.694+0800: 3559.646: Total time for which application threads were stopped: 0.0001700 seconds, Stopping threads took: 0.0000319 seconds
2017-03-04T17:46:17.695+0800: 3564.647: Total time for which application threads were stopped: 0.0001509 seconds, Stopping threads took: 0.0000257 seconds
2017-03-04T17:46:23.696+0800: 3570.647: Total time for which application threads were stopped: 0.0001342 seconds, Stopping threads took: 0.0000243 seconds
2017-03-04T17:46:24.696+0800: 3571.647: Total time for which application threads were stopped: 0.0001340 seconds, Stopping threads took: 0.0000247 seconds
2017-03-04T17:46:25.696+0800: 3572.648: Total time for which application threads were stopped: 0.0001369 seconds, Stopping threads took: 0.0000276 seconds
2017-03-04T17:46:27.696+0800: 3574.648: Total time for which application threads were stopped: 0.0001641 seconds, Stopping threads took: 0.0000308 seconds
2017-03-04T17:46:36.697+0800: 3583.649: Total time for which application threads were stopped: 0.0001337 seconds, Stopping threads took: 0.0000263 seconds
2017-03-04T17:46:55.699+0800: 3602.651: Total time for which application threads were stopped: 0.0001301 seconds, Stopping threads took: 0.0000251 seconds
2017-03-04T17:46:56.699+0800: 3603.651: Total time for which application threads were stopped: 0.0001422 seconds, Stopping threads took: 0.0000228 seconds
2017-03-04T17:52:23.736+0800: 3930.688: Total time for which application threads were stopped: 0.0003022 seconds, Stopping threads took: 0.0000500 seconds
2017-03-04T17:52:29.069+0800: 3936.020: Total time for which application threads were stopped: 0.0001734 seconds, Stopping threads took: 0.0000282 seconds
2017-03-04T17:52:48.071+0800: 3955.023: Total time for which application threads were stopped: 0.0001897 seconds, Stopping threads took: 0.0000365 seconds
2017-03-04T17:53:05.808+0800: 3972.760: Total time for which application threads were stopped: 0.0001360 seconds, Stopping threads took: 0.0000211 seconds
2017-03-04T17:53:06.809+0800: 3973.760: Total time for which application threads were stopped: 0.0001904 seconds, Stopping threads took: 0.0000282 seconds
2017-03-04T17:53:07.809+0800: 3974.760: Total time for which application threads were stopped: 0.0001869 seconds, Stopping threads took: 0.0000432 seconds
2017-03-04T17:53:08.809+0800: 3975.761: Total time for which application threads were stopped: 0.0001528 seconds, Stopping threads took: 0.0000229 seconds
{Heap before GC invocations=19 (full 1):
 par new generation   total 109248K, used 96189K [0x00000000e0000000, 0x00000000e8000000, 0x00000000e8000000)
  eden space 87424K, 100% used [0x00000000e0000000, 0x00000000e5560000, 0x00000000e5560000)
  from space 21824K,  40% used [0x00000000e6ab0000, 0x00000000e733f500, 0x00000000e8000000)
  to   space 21824K,   0% used [0x00000000e5560000, 0x00000000e5560000, 0x00000000e6ab0000)
 concurrent mark-sweep generation total 393216K, used 44770K [0x00000000e8000000, 0x0000000100000000, 0x0000000100000000)
 Metaspace       used 38067K, capacity 38988K, committed 39208K, reserved 1083392K
  class space    used 4343K, capacity 4594K, committed 4676K, reserved 1048576K
2017-03-04T17:53:09.065+0800: 3976.016: [GC (Allocation Failure) 2017-03-04T17:53:09.065+0800: 3976.017: [ParNew
Desired survivor size 20112992 bytes, new threshold 8 (max 8)
- age   1:    1130504 bytes,    1130504 total
- age   2:    3929064 bytes,    5059568 total
- age   3:     369104 bytes,    5428672 total
- age   4:     291560 bytes,    5720232 total
- age   5:     210152 bytes,    5930384 total
- age   6:    1663752 bytes,    7594136 total
- age   7:    1099752 bytes,    8693888 total
- age   8:     152472 bytes,    8846360 total
: 96189K->11825K(109248K), 0.0106114 secs] 140959K->56971K(502464K), 0.0106848 secs] [Times: user=0.03 sys=0.00, real=0.01 secs] 
Heap after GC invocations=20 (full 1):
 par new generation   total 109248K, used 11825K [0x00000000e0000000, 0x00000000e8000000, 0x00000000e8000000)
  eden space 87424K,   0% used [0x00000000e0000000, 0x00000000e0000000, 0x00000000e5560000)
  from space 21824K,  54% used [0x00000000e5560000, 0x00000000e60ec6f0, 0x00000000e6ab0000)
  to   space 21824K,   0% used [0x00000000e6ab0000, 0x00000000e6ab0000, 0x00000000e8000000)
 concurrent mark-sweep generation total 393216K, used 45145K [0x00000000e8000000, 0x0000000100000000, 0x0000000100000000)
 Metaspace       used 38067K, capacity 38988K, committed 39208K, reserved 1083392K
  class space    used 4343K, capacity 4594K, committed 4676K, reserved 1048576K
}
2017-03-04T17:53:09.076+0800: 3976.027: Total time for which application threads were stopped: 0.0109168 seconds, Stopping threads took: 0.0000233 seconds
2017-03-04T17:53:10.076+0800: 3977.028: Total time for which application threads were stopped: 0.0001923 seconds, Stopping threads took: 0.0000262 seconds
2017-03-04T17:53:11.076+0800: 3978.028: Total time for which application threads were stopped: 0.0001799 seconds, Stopping threads took: 0.0000221 seconds
2017-03-04T17:53:12.076+0800: 3979.028: Total time for which application threads were stopped: 0.0002176 seconds, Stopping threads took: 0.0000307 seconds
2017-03-04T17:53:14.077+0800: 3981.028: Total time for which application threads were stopped: 0.0001765 seconds, Stopping threads took: 0.0000329 seconds
2017-03-04T17:53:15.077+0800: 3982.029: Total time for which application threads were stopped: 0.0001630 seconds, Stopping threads took: 0.0000282 seconds
2017-03-04T17:53:16.077+0800: 3983.029: Total time for which application threads were stopped: 0.0001661 seconds, Stopping threads took: 0.0000263 seconds
2017-03-04T17:53:17.078+0800: 3984.029: Total time for which application threads were stopped: 0.0001931 seconds, Stopping threads took: 0.0000361 seconds
2017-03-04T17:53:19.078+0800: 3986.029: Total time for which application threads were stopped: 0.0001566 seconds, Stopping threads took: 0.0000221 seconds
2017-03-04T17:53:20.078+0800: 3987.030: Total time for which application threads were stopped: 0.0001664 seconds, Stopping threads took: 0.0000302 seconds
2017-03-04T17:53:21.078+0800: 3988.030: Total time for which application threads were stopped: 0.0001461 seconds, Stopping threads took: 0.0000241 seconds
2017-03-04T17:53:22.079+0800: 3989.030: Total time for which application threads were stopped: 0.0001596 seconds, Stopping threads took: 0.0000225 seconds
2017-03-04T17:53:23.079+0800: 3990.030: Total time for which application threads were stopped: 0.0001423 seconds, Stopping threads took: 0.0000220 seconds
2017-03-04T17:53:24.079+0800: 3991.031: Total time for which application threads were stopped: 0.0001560 seconds, Stopping threads took: 0.0000230 seconds
{Heap before GC invocations=20 (full 1):
 par new generation   total 109248K, used 99249K [0x00000000e0000000, 0x00000000e8000000, 0x00000000e8000000)
  eden space 87424K, 100% used [0x00000000e0000000, 0x00000000e5560000, 0x00000000e5560000)
  from space 21824K,  54% used [0x00000000e5560000, 0x00000000e60ec6f0, 0x00000000e6ab0000)
  to   space 21824K,   0% used [0x00000000e6ab0000, 0x00000000e6ab0000, 0x00000000e8000000)
 concurrent mark-sweep generation total 393216K, used 45145K [0x00000000e8000000, 0x0000000100000000, 0x0000000100000000)
 Metaspace       used 38077K, capacity 38988K, committed 39208K, reserved 1083392K
  class space    used 4343K, capacity 4594K, committed 4676K, reserved 1048576K
2017-03-04T17:53:24.866+0800: 3991.818: [GC (Allocation Failure) 2017-03-04T17:53:24.866+0800: 3991.818: [ParNew
Desired survivor size 20112992 bytes, new threshold 8 (max 8)
- age   1:     329040 bytes,     329040 total
- age   2:     951216 bytes,    1280256 total
- age   3:    3926544 bytes,    5206800 total
- age   4:     369104 bytes,    5575904 total
- age   5:     291240 bytes,    5867144 total
- age   6:     209992 bytes,    6077136 total
- age   7:    1660672 bytes,    7737808 total
- age   8:    1099440 bytes,    8837248 total
: 99249K->12322K(109248K), 0.0107664 secs] 144395K->57619K(502464K), 0.0108534 secs] [Times: user=0.04 sys=0.00, real=0.01 secs] 
Heap after GC invocations=21 (full 1):
 par new generation   total 109248K, used 12322K [0x00000000e0000000, 0x00000000e8000000, 0x00000000e8000000)
  eden space 87424K,   0% used [0x00000000e0000000, 0x00000000e0000000, 0x00000000e5560000)
  from space 21824K,  56% used [0x00000000e6ab0000, 0x00000000e76b8a50, 0x00000000e8000000)
  to   space 21824K,   0% used [0x00000000e5560000, 0x00000000e5560000, 0x00000000e6ab0000)
 concurrent mark-sweep generation total 393216K, used 45297K [0x00000000e8000000, 0x0000000100000000, 0x0000000100000000)
 Metaspace       used 38077K, capacity 38988K, committed 39208K, reserved 1083392K
  class space    used 4343K, capacity 4594K, committed 4676K, reserved 1048576K
}
2017-03-04T17:53:24.877+0800: 3991.829: Total time for which application threads were stopped: 0.0111360 seconds, Stopping threads took: 0.0000570 seconds
2017-03-04T17:53:25.877+0800: 3992.829: Total time for which application threads were stopped: 0.0001900 seconds, Stopping threads took: 0.0000325 seconds
2017-03-04T17:53:26.878+0800: 3993.829: Total time for which application threads were stopped: 0.0001702 seconds, Stopping threads took: 0.0000241 seconds
2017-03-04T17:53:29.878+0800: 3996.830: Total time for which application threads were stopped: 0.0002274 seconds, Stopping threads took: 0.0000364 seconds
2017-03-04T17:53:32.878+0800: 3999.830: Total time for which application threads were stopped: 0.0002063 seconds, Stopping threads took: 0.0000314 seconds
2017-03-04T17:53:34.879+0800: 4001.830: Total time for which application threads were stopped: 0.0001773 seconds, Stopping threads took: 0.0000312 seconds
2017-03-04T17:53:36.879+0800: 4003.831: Total time for which application threads were stopped: 0.0001435 seconds, Stopping threads took: 0.0000243 seconds
2017-03-04T17:53:38.879+0800: 4005.831: Total time for which application threads were stopped: 0.0001614 seconds, Stopping threads took: 0.0000228 seconds
2017-03-04T17:53:39.880+0800: 4006.831: Total time for which application threads were stopped: 0.0001563 seconds, Stopping threads took: 0.0000225 seconds
2017-03-04T17:53:40.880+0800: 4007.832: Total time for which application threads were stopped: 0.0002469 seconds, Stopping threads took: 0.0000353 seconds
2017-03-04T17:53:47.881+0800: 4014.832: Total time for which application threads were stopped: 0.0002081 seconds, Stopping threads took: 0.0000346 seconds
2017-03-04T17:53:48.881+0800: 4015.833: Total time for which application threads were stopped: 0.0001920 seconds, Stopping threads took: 0.0000314 seconds
2017-03-04T17:53:52.882+0800: 4019.833: Total time for which application threads were stopped: 0.0002126 seconds, Stopping threads took: 0.0000272 seconds
{Heap before GC invocations=21 (full 1):
 par new generation   total 109248K, used 99746K [0x00000000e0000000, 0x00000000e8000000, 0x00000000e8000000)
  eden space 87424K, 100% used [0x00000000e0000000, 0x00000000e5560000, 0x00000000e5560000)
  from space 21824K,  56% used [0x00000000e6ab0000, 0x00000000e76b8a50, 0x00000000e8000000)
  to   space 21824K,   0% used [0x00000000e5560000, 0x00000000e5560000, 0x00000000e6ab0000)
 concurrent mark-sweep generation total 393216K, used 45297K [0x00000000e8000000, 0x0000000100000000, 0x0000000100000000)
 Metaspace       used 38081K, capacity 38988K, committed 39208K, reserved 1083392K
  class space    used 4344K, capacity 4594K, committed 4676K, reserved 1048576K
2017-03-04T17:53:53.476+0800: 4020.428: [GC (Allocation Failure) 2017-03-04T17:53:53.476+0800: 4020.428: [ParNew
Desired survivor size 20112992 bytes, new threshold 8 (max 8)
- age   1:     226904 bytes,     226904 total
- age   2:     156088 bytes,     382992 total
- age   3:     907776 bytes,    1290768 total
- age   4:    3926544 bytes,    5217312 total
- age   5:     369104 bytes,    5586416 total
- age   6:     291240 bytes,    5877656 total
- age   7:     209992 bytes,    6087648 total
- age   8:    1660672 bytes,    7748320 total
: 99746K->8937K(109248K), 0.0097033 secs] 145043K->55316K(502464K), 0.0098086 secs] [Times: user=0.04 sys=0.00, real=0.01 secs] 
