Java HotSpot(TM) 64-Bit Server VM (25.121-b13) for linux-amd64 JRE (1.8.0_121-b13), built on Dec 12 2016 16:36:53 by "java_re" with gcc 4.3.0 20080428 (Red Hat 4.3.0-8)
Memory: 4k page, physical 8054084k(962848k free), swap 8267772k(7737080k free)
CommandLine flags: -XX:CMSInitiatingOccupancyFraction=50 -XX:CMSMaxAbortablePrecleanTime=6000 -XX:+CMSParallelRemarkEnabled -XX:+CMSScavengeBeforeRemark -XX:ConcGCThreads=4 -XX:GCLogFileSize=20971520 -XX:InitialHeapSize=536870912 -XX:MaxHeapSize=536870912 -XX:MaxTenuringThreshold=8 -XX:NewRatio=3 -XX:NumberOfGCLogFiles=9 -XX:OldPLABSize=16 -XX:-OmitStackTraceInFastThrow -XX:OnOutOfMemoryError=/home/martinus/Documents/School/cz4034/solr/solr-6.4.1/bin/oom_solr.sh 7574 /home/martinus/Documents/School/cz4034/solr/solr-6.4.1/example/cloud/node2/solr/../logs -XX:ParallelGCThreads=4 -XX:+ParallelRefProcEnabled -XX:PretenureSizeThreshold=67108864 -XX:+PrintGC -XX:+PrintGCApplicationStoppedTime -XX:+PrintGCDateStamps -XX:+PrintGCDetails -XX:+PrintGCTimeStamps -XX:+PrintHeapAtGC -XX:+PrintTenuringDistribution -XX:SurvivorRatio=4 -XX:TargetSurvivorRatio=90 -XX:ThreadStackSize=256 -XX:+UseCMSInitiatingOccupancyOnly -XX:+UseCompressedClassPointers -XX:+UseCompressedOops -XX:+UseConcMarkSweepGC -XX:+UseGCLogFileRotation -XX:+UseParNewGC 
2017-03-04T16:46:57.789+0800: 0.171: Total time for which application threads were stopped: 0.0001071 seconds, Stopping threads took: 0.0000227 seconds
2017-03-04T16:46:57.878+0800: 0.261: Total time for which application threads were stopped: 0.0001466 seconds, Stopping threads took: 0.0000246 seconds
2017-03-04T16:46:58.238+0800: 0.620: Total time for which application threads were stopped: 0.0002288 seconds, Stopping threads took: 0.0000264 seconds
2017-03-04T16:46:58.386+0800: 0.769: Total time for which application threads were stopped: 0.0002461 seconds, Stopping threads took: 0.0000267 seconds
2017-03-04T16:46:58.403+0800: 0.785: Total time for which application threads were stopped: 0.0002714 seconds, Stopping threads took: 0.0000337 seconds
2017-03-04T16:46:58.608+0800: 0.991: Total time for which application threads were stopped: 0.0002771 seconds, Stopping threads took: 0.0000261 seconds
2017-03-04T16:46:58.644+0800: 1.026: Total time for which application threads were stopped: 0.0003975 seconds, Stopping threads took: 0.0000806 seconds
2017-03-04T16:46:58.951+0800: 1.333: Total time for which application threads were stopped: 0.0003391 seconds, Stopping threads took: 0.0000201 seconds
2017-03-04T16:46:58.953+0800: 1.335: Total time for which application threads were stopped: 0.0001688 seconds, Stopping threads took: 0.0000140 seconds
2017-03-04T16:46:58.956+0800: 1.338: Total time for which application threads were stopped: 0.0001560 seconds, Stopping threads took: 0.0000140 seconds
2017-03-04T16:46:58.968+0800: 1.350: Total time for which application threads were stopped: 0.0002238 seconds, Stopping threads took: 0.0000169 seconds
2017-03-04T16:46:59.053+0800: 1.436: Total time for which application threads were stopped: 0.0003318 seconds, Stopping threads took: 0.0000437 seconds
{Heap before GC invocations=0 (full 0):
 par new generation   total 109248K, used 87424K [0x00000000e0000000, 0x00000000e8000000, 0x00000000e8000000)
  eden space 87424K, 100% used [0x00000000e0000000, 0x00000000e5560000, 0x00000000e5560000)
  from space 21824K,   0% used [0x00000000e5560000, 0x00000000e5560000, 0x00000000e6ab0000)
  to   space 21824K,   0% used [0x00000000e6ab0000, 0x00000000e6ab0000, 0x00000000e8000000)
 concurrent mark-sweep generation total 393216K, used 0K [0x00000000e8000000, 0x0000000100000000, 0x0000000100000000)
 Metaspace       used 19002K, capacity 19360K, committed 19840K, reserved 1067008K
  class space    used 2226K, capacity 2336K, committed 2432K, reserved 1048576K
2017-03-04T16:46:59.202+0800: 1.584: [GC (Allocation Failure) 2017-03-04T16:46:59.202+0800: 1.584: [ParNew
Desired survivor size 20112992 bytes, new threshold 8 (max 8)
- age   1:   11024000 bytes,   11024000 total
: 87424K->10867K(109248K), 0.0143119 secs] 87424K->10867K(502464K), 0.0144190 secs] [Times: user=0.05 sys=0.00, real=0.02 secs] 
Heap after GC invocations=1 (full 0):
 par new generation   total 109248K, used 10867K [0x00000000e0000000, 0x00000000e8000000, 0x00000000e8000000)
  eden space 87424K,   0% used [0x00000000e0000000, 0x00000000e0000000, 0x00000000e5560000)
  from space 21824K,  49% used [0x00000000e6ab0000, 0x00000000e754cc68, 0x00000000e8000000)
  to   space 21824K,   0% used [0x00000000e5560000, 0x00000000e5560000, 0x00000000e6ab0000)
 concurrent mark-sweep generation total 393216K, used 0K [0x00000000e8000000, 0x0000000100000000, 0x0000000100000000)
 Metaspace       used 19002K, capacity 19360K, committed 19840K, reserved 1067008K
  class space    used 2226K, capacity 2336K, committed 2432K, reserved 1048576K
}
2017-03-04T16:46:59.217+0800: 1.599: Total time for which application threads were stopped: 0.0146967 seconds, Stopping threads took: 0.0000201 seconds
2017-03-04T16:46:59.500+0800: 1.882: Total time for which application threads were stopped: 0.0003533 seconds, Stopping threads took: 0.0001758 seconds
2017-03-04T16:46:59.518+0800: 1.900: Total time for which application threads were stopped: 0.0021260 seconds, Stopping threads took: 0.0019485 seconds
2017-03-04T16:46:59.529+0800: 1.911: Total time for which application threads were stopped: 0.0073552 seconds, Stopping threads took: 0.0069078 seconds
2017-03-04T16:46:59.543+0800: 1.925: Total time for which application threads were stopped: 0.0002422 seconds, Stopping threads took: 0.0001106 seconds
2017-03-04T16:46:59.601+0800: 1.983: Total time for which application threads were stopped: 0.0019337 seconds, Stopping threads took: 0.0017526 seconds
2017-03-04T16:46:59.641+0800: 2.023: Total time for which application threads were stopped: 0.0002558 seconds, Stopping threads took: 0.0000825 seconds
2017-03-04T16:46:59.658+0800: 2.040: Total time for which application threads were stopped: 0.0001375 seconds, Stopping threads took: 0.0000326 seconds
2017-03-04T16:46:59.723+0800: 2.105: Total time for which application threads were stopped: 0.0001499 seconds, Stopping threads took: 0.0000292 seconds
2017-03-04T16:46:59.745+0800: 2.127: Total time for which application threads were stopped: 0.0015718 seconds, Stopping threads took: 0.0014553 seconds
2017-03-04T16:46:59.760+0800: 2.143: Total time for which application threads were stopped: 0.0005009 seconds, Stopping threads took: 0.0001153 seconds
2017-03-04T16:46:59.763+0800: 2.145: Total time for which application threads were stopped: 0.0001268 seconds, Stopping threads took: 0.0000279 seconds
2017-03-04T16:46:59.782+0800: 2.164: Total time for which application threads were stopped: 0.0002381 seconds, Stopping threads took: 0.0001102 seconds
2017-03-04T16:46:59.808+0800: 2.190: Total time for which application threads were stopped: 0.0003844 seconds, Stopping threads took: 0.0002218 seconds
2017-03-04T16:46:59.853+0800: 2.235: Total time for which application threads were stopped: 0.0023733 seconds, Stopping threads took: 0.0021969 seconds
2017-03-04T16:46:59.884+0800: 2.266: Total time for which application threads were stopped: 0.0002916 seconds, Stopping threads took: 0.0001486 seconds
2017-03-04T16:46:59.899+0800: 2.281: Total time for which application threads were stopped: 0.0006952 seconds, Stopping threads took: 0.0001464 seconds
{Heap before GC invocations=1 (full 0):
 par new generation   total 109248K, used 98291K [0x00000000e0000000, 0x00000000e8000000, 0x00000000e8000000)
  eden space 87424K, 100% used [0x00000000e0000000, 0x00000000e5560000, 0x00000000e5560000)
  from space 21824K,  49% used [0x00000000e6ab0000, 0x00000000e754cc68, 0x00000000e8000000)
  to   space 21824K,   0% used [0x00000000e5560000, 0x00000000e5560000, 0x00000000e6ab0000)
 concurrent mark-sweep generation total 393216K, used 0K [0x00000000e8000000, 0x0000000100000000, 0x0000000100000000)
 Metaspace       used 24747K, capacity 25220K, committed 25536K, reserved 1071104K
  class space    used 2950K, capacity 3124K, committed 3168K, reserved 1048576K
2017-03-04T16:46:59.910+0800: 2.292: [GC (Allocation Failure) 2017-03-04T16:46:59.910+0800: 2.292: [ParNew
Desired survivor size 20112992 bytes, new threshold 8 (max 8)
- age   1:    8174368 bytes,    8174368 total
- age   2:    5298808 bytes,   13473176 total
: 98291K->15556K(109248K), 0.0147031 secs] 98291K->15556K(502464K), 0.0148496 secs] [Times: user=0.07 sys=0.00, real=0.01 secs] 
Heap after GC invocations=2 (full 0):
 par new generation   total 109248K, used 15556K [0x00000000e0000000, 0x00000000e8000000, 0x00000000e8000000)
  eden space 87424K,   0% used [0x00000000e0000000, 0x00000000e0000000, 0x00000000e5560000)
  from space 21824K,  71% used [0x00000000e5560000, 0x00000000e64913b0, 0x00000000e6ab0000)
  to   space 21824K,   0% used [0x00000000e6ab0000, 0x00000000e6ab0000, 0x00000000e8000000)
 concurrent mark-sweep generation total 393216K, used 0K [0x00000000e8000000, 0x0000000100000000, 0x0000000100000000)
 Metaspace       used 24747K, capacity 25220K, committed 25536K, reserved 1071104K
  class space    used 2950K, capacity 3124K, committed 3168K, reserved 1048576K
}
2017-03-04T16:46:59.925+0800: 2.307: Total time for which application threads were stopped: 0.0162198 seconds, Stopping threads took: 0.0010674 seconds
2017-03-04T16:46:59.925+0800: 2.307: [GC (CMS Initial Mark) [1 CMS-initial-mark: 0K(393216K)] 16840K(502464K), 0.0053541 secs] [Times: user=0.03 sys=0.00, real=0.00 secs] 
2017-03-04T16:46:59.930+0800: 2.313: Total time for which application threads were stopped: 0.0056111 seconds, Stopping threads took: 0.0000601 seconds
2017-03-04T16:46:59.930+0800: 2.313: [CMS-concurrent-mark-start]
2017-03-04T16:46:59.931+0800: 2.313: [CMS-concurrent-mark: 0.000/0.000 secs] [Times: user=0.00 sys=0.00, real=0.00 secs] 
2017-03-04T16:46:59.931+0800: 2.313: [CMS-concurrent-preclean-start]
2017-03-04T16:46:59.933+0800: 2.315: [CMS-concurrent-preclean: 0.002/0.002 secs] [Times: user=0.01 sys=0.00, real=0.00 secs] 
2017-03-04T16:46:59.941+0800: 2.323: [GC (CMS Final Remark) [YG occupancy: 17838 K (109248 K)]2017-03-04T16:46:59.941+0800: 2.323: [Rescan (parallel) , 0.0071441 secs]2017-03-04T16:46:59.948+0800: 2.330: [weak refs processing, 0.0006606 secs]2017-03-04T16:46:59.948+0800: 2.331: [class unloading, 0.0042839 secs]2017-03-04T16:46:59.953+0800: 2.335: [scrub symbol table, 0.0038528 secs]2017-03-04T16:46:59.957+0800: 2.339: [scrub string table, 0.0006840 secs][1 CMS-remark: 0K(393216K)] 17838K(502464K), 0.0175963 secs] [Times: user=0.05 sys=0.00, real=0.02 secs] 
2017-03-04T16:46:59.958+0800: 2.340: Total time for which application threads were stopped: 0.0179450 seconds, Stopping threads took: 0.0001381 seconds
2017-03-04T16:46:59.958+0800: 2.341: [CMS-concurrent-sweep-start]
2017-03-04T16:46:59.958+0800: 2.341: [CMS-concurrent-sweep: 0.000/0.000 secs] [Times: user=0.00 sys=0.00, real=0.00 secs] 
2017-03-04T16:46:59.958+0800: 2.341: [CMS-concurrent-reset-start]
2017-03-04T16:46:59.961+0800: 2.343: [CMS-concurrent-reset: 0.002/0.002 secs] [Times: user=0.01 sys=0.01, real=0.00 secs] 
{Heap before GC invocations=2 (full 1):
 par new generation   total 109248K, used 18588K [0x00000000e0000000, 0x00000000e8000000, 0x00000000e8000000)
  eden space 87424K,   3% used [0x00000000e0000000, 0x00000000e02f5ef8, 0x00000000e5560000)
  from space 21824K,  71% used [0x00000000e5560000, 0x00000000e64913b0, 0x00000000e6ab0000)
  to   space 21824K,   0% used [0x00000000e6ab0000, 0x00000000e6ab0000, 0x00000000e8000000)
 concurrent mark-sweep generation total 393216K, used 0K [0x00000000e8000000, 0x0000000100000000, 0x0000000100000000)
 Metaspace       used 24784K, capacity 25284K, committed 25536K, reserved 1071104K
  class space    used 2954K, capacity 3124K, committed 3168K, reserved 1048576K
2017-03-04T16:46:59.961+0800: 2.344: [GC (GCLocker Initiated GC) 2017-03-04T16:46:59.961+0800: 2.344: [ParNew
Desired survivor size 20112992 bytes, new threshold 8 (max 8)
- age   1:     225224 bytes,     225224 total
- age   2:    3318896 bytes,    3544120 total
- age   3:    5299032 bytes,    8843152 total
: 18588K->11596K(109248K), 0.0122157 secs] 18588K->11596K(502464K), 0.0123133 secs] [Times: user=0.05 sys=0.00, real=0.02 secs] 
Heap after GC invocations=3 (full 1):
 par new generation   total 109248K, used 11596K [0x00000000e0000000, 0x00000000e8000000, 0x00000000e8000000)
  eden space 87424K,   0% used [0x00000000e0000000, 0x00000000e0000000, 0x00000000e5560000)
  from space 21824K,  53% used [0x00000000e6ab0000, 0x00000000e7603280, 0x00000000e8000000)
  to   space 21824K,   0% used [0x00000000e5560000, 0x00000000e5560000, 0x00000000e6ab0000)
 concurrent mark-sweep generation total 393216K, used 0K [0x00000000e8000000, 0x0000000100000000, 0x0000000100000000)
 Metaspace       used 24784K, capacity 25284K, committed 25536K, reserved 1071104K
  class space    used 2954K, capacity 3124K, committed 3168K, reserved 1048576K
}
2017-03-04T16:46:59.974+0800: 2.356: Total time for which application threads were stopped: 0.0127256 seconds, Stopping threads took: 0.0001291 seconds
2017-03-04T16:47:00.021+0800: 2.403: Total time for which application threads were stopped: 0.0005052 seconds, Stopping threads took: 0.0000712 seconds
2017-03-04T16:47:00.085+0800: 2.467: Total time for which application threads were stopped: 0.0040178 seconds, Stopping threads took: 0.0035694 seconds
{Heap before GC invocations=3 (full 1):
 par new generation   total 109248K, used 99020K [0x00000000e0000000, 0x00000000e8000000, 0x00000000e8000000)
  eden space 87424K, 100% used [0x00000000e0000000, 0x00000000e5560000, 0x00000000e5560000)
  from space 21824K,  53% used [0x00000000e6ab0000, 0x00000000e7603280, 0x00000000e8000000)
  to   space 21824K,   0% used [0x00000000e5560000, 0x00000000e5560000, 0x00000000e6ab0000)
 concurrent mark-sweep generation total 393216K, used 0K [0x00000000e8000000, 0x0000000100000000, 0x0000000100000000)
 Metaspace       used 26001K, capacity 26514K, committed 26920K, reserved 1073152K
  class space    used 3119K, capacity 3297K, committed 3424K, reserved 1048576K
2017-03-04T16:47:00.361+0800: 2.743: [GC (Allocation Failure) 2017-03-04T16:47:00.361+0800: 2.743: [ParNew
Desired survivor size 20112992 bytes, new threshold 8 (max 8)
- age   1:    3324768 bytes,    3324768 total
- age   2:      13416 bytes,    3338184 total
- age   3:    3248496 bytes,    6586680 total
- age   4:    5293784 bytes,   11880464 total
: 99020K->13809K(109248K), 0.0219621 secs] 99020K->13809K(502464K), 0.0221405 secs] [Times: user=0.08 sys=0.00, real=0.02 secs] 
Heap after GC invocations=4 (full 1):
 par new generation   total 109248K, used 13809K [0x00000000e0000000, 0x00000000e8000000, 0x00000000e8000000)
  eden space 87424K,   0% used [0x00000000e0000000, 0x00000000e0000000, 0x00000000e5560000)
  from space 21824K,  63% used [0x00000000e5560000, 0x00000000e62dc538, 0x00000000e6ab0000)
  to   space 21824K,   0% used [0x00000000e6ab0000, 0x00000000e6ab0000, 0x00000000e8000000)
 concurrent mark-sweep generation total 393216K, used 0K [0x00000000e8000000, 0x0000000100000000, 0x0000000100000000)
 Metaspace       used 26001K, capacity 26514K, committed 26920K, reserved 1073152K
  class space    used 3119K, capacity 3297K, committed 3424K, reserved 1048576K
}
2017-03-04T16:47:00.383+0800: 2.765: Total time for which application threads were stopped: 0.0257952 seconds, Stopping threads took: 0.0031589 seconds
{Heap before GC invocations=4 (full 1):
 par new generation   total 109248K, used 101233K [0x00000000e0000000, 0x00000000e8000000, 0x00000000e8000000)
  eden space 87424K, 100% used [0x00000000e0000000, 0x00000000e5560000, 0x00000000e5560000)
  from space 21824K,  63% used [0x00000000e5560000, 0x00000000e62dc538, 0x00000000e6ab0000)
  to   space 21824K,   0% used [0x00000000e6ab0000, 0x00000000e6ab0000, 0x00000000e8000000)
 concurrent mark-sweep generation total 393216K, used 0K [0x00000000e8000000, 0x0000000100000000, 0x0000000100000000)
 Metaspace       used 26679K, capacity 27236K, committed 27560K, reserved 1073152K
  class space    used 3215K, capacity 3428K, committed 3552K, reserved 1048576K
2017-03-04T16:47:00.545+0800: 2.927: [GC (Allocation Failure) 2017-03-04T16:47:00.545+0800: 2.927: [ParNew
Desired survivor size 20112992 bytes, new threshold 8 (max 8)
- age   1:    1874152 bytes,    1874152 total
- age   2:    2558784 bytes,    4432936 total
- age   3:      10288 bytes,    4443224 total
- age   4:    3243048 bytes,    7686272 total
- age   5:    5293520 bytes,   12979792 total
: 101233K->20471K(109248K), 0.0218077 secs] 101233K->20471K(502464K), 0.0219780 secs] [Times: user=0.13 sys=0.00, real=0.02 secs] 
Heap after GC invocations=5 (full 1):
 par new generation   total 109248K, used 20471K [0x00000000e0000000, 0x00000000e8000000, 0x00000000e8000000)
  eden space 87424K,   0% used [0x00000000e0000000, 0x00000000e0000000, 0x00000000e5560000)
  from space 21824K,  93% used [0x00000000e6ab0000, 0x00000000e7eadf00, 0x00000000e8000000)
  to   space 21824K,   0% used [0x00000000e5560000, 0x00000000e5560000, 0x00000000e6ab0000)
 concurrent mark-sweep generation total 393216K, used 0K [0x00000000e8000000, 0x0000000100000000, 0x0000000100000000)
 Metaspace       used 26679K, capacity 27236K, committed 27560K, reserved 1073152K
  class space    used 3215K, capacity 3428K, committed 3552K, reserved 1048576K
}
2017-03-04T16:47:00.567+0800: 2.949: Total time for which application threads were stopped: 0.0228619 seconds, Stopping threads took: 0.0005104 seconds
2017-03-04T16:47:00.709+0800: 3.091: Total time for which application threads were stopped: 0.0030333 seconds, Stopping threads took: 0.0028479 seconds
{Heap before GC invocations=5 (full 1):
 par new generation   total 109248K, used 107907K [0x00000000e0000000, 0x00000000e8000000, 0x00000000e8000000)
  eden space 87424K, 100% used [0x00000000e0000000, 0x00000000e5560000, 0x00000000e5560000)
  from space 21824K,  93% used [0x00000000e6ab0000, 0x00000000e7eb0e30, 0x00000000e8000000)
  to   space 21824K,   0% used [0x00000000e5560000, 0x00000000e5560000, 0x00000000e6ab0000)
 concurrent mark-sweep generation total 393216K, used 0K [0x00000000e8000000, 0x0000000100000000, 0x0000000100000000)
 Metaspace       used 27241K, capacity 27810K, committed 28072K, reserved 1073152K
  class space    used 3300K, capacity 3529K, committed 3552K, reserved 1048576K
2017-03-04T16:47:00.710+0800: 3.092: [GC (GCLocker Initiated GC) 2017-03-04T16:47:00.710+0800: 3.092: [ParNew
Desired survivor size 20112992 bytes, new threshold 8 (max 8)
- age   1:    1362160 bytes,    1362160 total
- age   2:     264456 bytes,    1626616 total
- age   3:    2558336 bytes,    4184952 total
- age   4:      10288 bytes,    4195240 total
- age   5:    3242056 bytes,    7437296 total
- age   6:    5293240 bytes,   12730536 total
: 107907K->15751K(109248K), 0.0177451 secs] 107907K->15751K(502464K), 0.0178714 secs] [Times: user=0.09 sys=0.00, real=0.02 secs] 
Heap after GC invocations=6 (full 1):
 par new generation   total 109248K, used 15751K [0x00000000e0000000, 0x00000000e8000000, 0x00000000e8000000)
  eden space 87424K,   0% used [0x00000000e0000000, 0x00000000e0000000, 0x00000000e5560000)
  from space 21824K,  72% used [0x00000000e5560000, 0x00000000e64c1e48, 0x00000000e6ab0000)
  to   space 21824K,   0% used [0x00000000e6ab0000, 0x00000000e6ab0000, 0x00000000e8000000)
 concurrent mark-sweep generation total 393216K, used 0K [0x00000000e8000000, 0x0000000100000000, 0x0000000100000000)
 Metaspace       used 27241K, capacity 27810K, committed 28072K, reserved 1073152K
  class space    used 3300K, capacity 3529K, committed 3552K, reserved 1048576K
}
2017-03-04T16:47:00.728+0800: 3.110: Total time for which application threads were stopped: 0.0185943 seconds, Stopping threads took: 0.0004483 seconds
2017-03-04T16:47:00.808+0800: 3.191: Total time for which application threads were stopped: 0.0009148 seconds, Stopping threads took: 0.0001304 seconds
{Heap before GC invocations=6 (full 1):
 par new generation   total 109248K, used 103175K [0x00000000e0000000, 0x00000000e8000000, 0x00000000e8000000)
  eden space 87424K, 100% used [0x00000000e0000000, 0x00000000e5560000, 0x00000000e5560000)
  from space 21824K,  72% used [0x00000000e5560000, 0x00000000e64c1e48, 0x00000000e6ab0000)
  to   space 21824K,   0% used [0x00000000e6ab0000, 0x00000000e6ab0000, 0x00000000e8000000)
 concurrent mark-sweep generation total 393216K, used 0K [0x00000000e8000000, 0x0000000100000000, 0x0000000100000000)
 Metaspace       used 27751K, capacity 28322K, committed 28712K, reserved 1075200K
  class space    used 3373K, capacity 3593K, committed 3680K, reserved 1048576K
2017-03-04T16:47:00.823+0800: 3.205: [GC (Allocation Failure) 2017-03-04T16:47:00.823+0800: 3.205: [ParNew
Desired survivor size 20112992 bytes, new threshold 8 (max 8)
- age   1:    1061192 bytes,    1061192 total
- age   2:     239640 bytes,    1300832 total
- age   3:     263576 bytes,    1564408 total
- age   4:    2558168 bytes,    4122576 total
- age   5:      10288 bytes,    4132864 total
- age   6:    3241672 bytes,    7374536 total
- age   7:    5291584 bytes,   12666120 total
: 103175K->18822K(109248K), 0.0205285 secs] 103175K->18822K(502464K), 0.0207950 secs] [Times: user=0.09 sys=0.00, real=0.02 secs] 
Heap after GC invocations=7 (full 1):
 par new generation   total 109248K, used 18822K [0x00000000e0000000, 0x00000000e8000000, 0x00000000e8000000)
  eden space 87424K,   0% used [0x00000000e0000000, 0x00000000e0000000, 0x00000000e5560000)
  from space 21824K,  86% used [0x00000000e6ab0000, 0x00000000e7d11b90, 0x00000000e8000000)
  to   space 21824K,   0% used [0x00000000e5560000, 0x00000000e5560000, 0x00000000e6ab0000)
 concurrent mark-sweep generation total 393216K, used 0K [0x00000000e8000000, 0x0000000100000000, 0x0000000100000000)
 Metaspace       used 27751K, capacity 28322K, committed 28712K, reserved 1075200K
  class space    used 3373K, capacity 3593K, committed 3680K, reserved 1048576K
}
2017-03-04T16:47:00.844+0800: 3.226: Total time for which application threads were stopped: 0.0215325 seconds, Stopping threads took: 0.0003935 seconds
{Heap before GC invocations=7 (full 1):
 par new generation   total 109248K, used 106246K [0x00000000e0000000, 0x00000000e8000000, 0x00000000e8000000)
  eden space 87424K, 100% used [0x00000000e0000000, 0x00000000e5560000, 0x00000000e5560000)
  from space 21824K,  86% used [0x00000000e6ab0000, 0x00000000e7d11b90, 0x00000000e8000000)
  to   space 21824K,   0% used [0x00000000e5560000, 0x00000000e5560000, 0x00000000e6ab0000)
 concurrent mark-sweep generation total 393216K, used 0K [0x00000000e8000000, 0x0000000100000000, 0x0000000100000000)
 Metaspace       used 27919K, capacity 28462K, committed 28712K, reserved 1075200K
  class space    used 3391K, capacity 3595K, committed 3680K, reserved 1048576K
2017-03-04T16:47:00.950+0800: 3.332: [GC (Allocation Failure) 2017-03-04T16:47:00.950+0800: 3.333: [ParNew
Desired survivor size 20112992 bytes, new threshold 8 (max 8)
- age   1:     998168 bytes,     998168 total
- age   2:     170984 bytes,    1169152 total
- age   3:     209800 bytes,    1378952 total
- age   4:     263576 bytes,    1642528 total
- age   5:    2556872 bytes,    4199400 total
- age   6:      10288 bytes,    4209688 total
- age   7:    3241288 bytes,    7450976 total
- age   8:    5290896 bytes,   12741872 total
: 106246K->15898K(109248K), 0.0207122 secs] 106246K->15898K(502464K), 0.0208689 secs] [Times: user=0.10 sys=0.00, real=0.02 secs] 
Heap after GC invocations=8 (full 1):
 par new generation   total 109248K, used 15898K [0x00000000e0000000, 0x00000000e8000000, 0x00000000e8000000)
  eden space 87424K,   0% used [0x00000000e0000000, 0x00000000e0000000, 0x00000000e5560000)
  from space 21824K,  72% used [0x00000000e5560000, 0x00000000e64e6a18, 0x00000000e6ab0000)
  to   space 21824K,   0% used [0x00000000e6ab0000, 0x00000000e6ab0000, 0x00000000e8000000)
 concurrent mark-sweep generation total 393216K, used 0K [0x00000000e8000000, 0x0000000100000000, 0x0000000100000000)
 Metaspace       used 27919K, capacity 28462K, committed 28712K, reserved 1075200K
  class space    used 3391K, capacity 3595K, committed 3680K, reserved 1048576K
}
2017-03-04T16:47:00.971+0800: 3.353: Total time for which application threads were stopped: 0.0214337 seconds, Stopping threads took: 0.0001726 seconds
{Heap before GC invocations=8 (full 1):
 par new generation   total 109248K, used 103322K [0x00000000e0000000, 0x00000000e8000000, 0x00000000e8000000)
  eden space 87424K, 100% used [0x00000000e0000000, 0x00000000e5560000, 0x00000000e5560000)
  from space 21824K,  72% used [0x00000000e5560000, 0x00000000e64e6a18, 0x00000000e6ab0000)
  to   space 21824K,   0% used [0x00000000e6ab0000, 0x00000000e6ab0000, 0x00000000e8000000)
 concurrent mark-sweep generation total 393216K, used 0K [0x00000000e8000000, 0x0000000100000000, 0x0000000100000000)
 Metaspace       used 28693K, capacity 29268K, committed 29608K, reserved 1075200K
  class space    used 3478K, capacity 3694K, committed 3808K, reserved 1048576K
2017-03-04T16:47:01.238+0800: 3.620: [GC (Allocation Failure) 2017-03-04T16:47:01.238+0800: 3.620: [ParNew
Desired survivor size 20112992 bytes, new threshold 8 (max 8)
- age   1:    2404456 bytes,    2404456 total
- age   2:     502808 bytes,    2907264 total
- age   3:     169528 bytes,    3076792 total
- age   4:     208688 bytes,    3285480 total
- age   5:     255024 bytes,    3540504 total
- age   6:    2555840 bytes,    6096344 total
- age   7:      10288 bytes,    6106632 total
- age   8:    3238728 bytes,    9345360 total
: 103322K->13471K(109248K), 0.0511521 secs] 103322K->18718K(502464K), 0.0513322 secs] [Times: user=0.19 sys=0.02, real=0.05 secs] 
Heap after GC invocations=9 (full 1):
 par new generation   total 109248K, used 13471K [0x00000000e0000000, 0x00000000e8000000, 0x00000000e8000000)
  eden space 87424K,   0% used [0x00000000e0000000, 0x00000000e0000000, 0x00000000e5560000)
  from space 21824K,  61% used [0x00000000e6ab0000, 0x00000000e77d7ff8, 0x00000000e8000000)
  to   space 21824K,   0% used [0x00000000e5560000, 0x00000000e5560000, 0x00000000e6ab0000)
 concurrent mark-sweep generation total 393216K, used 5246K [0x00000000e8000000, 0x0000000100000000, 0x0000000100000000)
 Metaspace       used 28693K, capacity 29268K, committed 29608K, reserved 1075200K
  class space    used 3478K, capacity 3694K, committed 3808K, reserved 1048576K
}
2017-03-04T16:47:01.290+0800: 3.672: Total time for which application threads were stopped: 0.0521259 seconds, Stopping threads took: 0.0000751 seconds
2017-03-04T16:47:01.394+0800: 3.776: Total time for which application threads were stopped: 0.0013830 seconds, Stopping threads took: 0.0001967 seconds
2017-03-04T16:47:01.718+0800: 4.100: Total time for which application threads were stopped: 0.0016422 seconds, Stopping threads took: 0.0001976 seconds
2017-03-04T16:47:01.729+0800: 4.112: Total time for which application threads were stopped: 0.0034618 seconds, Stopping threads took: 0.0028710 seconds
2017-03-04T16:47:01.730+0800: 4.112: Total time for which application threads were stopped: 0.0006055 seconds, Stopping threads took: 0.0001135 seconds
2017-03-04T16:47:01.745+0800: 4.127: Total time for which application threads were stopped: 0.0084158 seconds, Stopping threads took: 0.0078280 seconds
2017-03-04T16:47:01.747+0800: 4.129: Total time for which application threads were stopped: 0.0007116 seconds, Stopping threads took: 0.0001675 seconds
2017-03-04T16:47:01.754+0800: 4.136: Total time for which application threads were stopped: 0.0010355 seconds, Stopping threads took: 0.0001846 seconds
2017-03-04T16:47:01.755+0800: 4.137: Total time for which application threads were stopped: 0.0007188 seconds, Stopping threads took: 0.0001097 seconds
2017-03-04T16:47:01.768+0800: 4.150: Total time for which application threads were stopped: 0.0066041 seconds, Stopping threads took: 0.0001157 seconds
2017-03-04T16:47:01.770+0800: 4.153: Total time for which application threads were stopped: 0.0011111 seconds, Stopping threads took: 0.0001828 seconds
2017-03-04T16:47:01.771+0800: 4.154: Total time for which application threads were stopped: 0.0010191 seconds, Stopping threads took: 0.0001333 seconds
2017-03-04T16:47:01.786+0800: 4.168: Total time for which application threads were stopped: 0.0035920 seconds, Stopping threads took: 0.0026647 seconds
2017-03-04T16:47:01.787+0800: 4.169: Total time for which application threads were stopped: 0.0010399 seconds, Stopping threads took: 0.0001762 seconds
2017-03-04T16:47:01.805+0800: 4.188: Total time for which application threads were stopped: 0.0049920 seconds, Stopping threads took: 0.0043834 seconds
2017-03-04T16:47:01.806+0800: 4.188: Total time for which application threads were stopped: 0.0006664 seconds, Stopping threads took: 0.0001160 seconds
2017-03-04T16:47:01.818+0800: 4.200: Total time for which application threads were stopped: 0.0076007 seconds, Stopping threads took: 0.0002517 seconds
2017-03-04T16:47:01.819+0800: 4.201: Total time for which application threads were stopped: 0.0011857 seconds, Stopping threads took: 0.0002750 seconds
2017-03-04T16:47:01.820+0800: 4.203: Total time for which application threads were stopped: 0.0012353 seconds, Stopping threads took: 0.0003971 seconds
2017-03-04T16:47:01.828+0800: 4.210: Total time for which application threads were stopped: 0.0013166 seconds, Stopping threads took: 0.0002815 seconds
2017-03-04T16:47:01.829+0800: 4.211: Total time for which application threads were stopped: 0.0010333 seconds, Stopping threads took: 0.0001077 seconds
2017-03-04T16:47:01.861+0800: 4.243: Total time for which application threads were stopped: 0.0012409 seconds, Stopping threads took: 0.0001604 seconds
2017-03-04T16:47:01.869+0800: 4.252: Total time for which application threads were stopped: 0.0038539 seconds, Stopping threads took: 0.0031902 seconds
2017-03-04T16:47:01.876+0800: 4.259: Total time for which application threads were stopped: 0.0010607 seconds, Stopping threads took: 0.0001581 seconds
2017-03-04T16:47:01.880+0800: 4.263: Total time for which application threads were stopped: 0.0038739 seconds, Stopping threads took: 0.0002433 seconds
2017-03-04T16:47:01.890+0800: 4.272: Total time for which application threads were stopped: 0.0030120 seconds, Stopping threads took: 0.0020574 seconds
2017-03-04T16:47:01.891+0800: 4.273: Total time for which application threads were stopped: 0.0010394 seconds, Stopping threads took: 0.0001787 seconds
2017-03-04T16:47:01.898+0800: 4.280: Total time for which application threads were stopped: 0.0010855 seconds, Stopping threads took: 0.0001259 seconds
2017-03-04T16:47:01.899+0800: 4.281: Total time for which application threads were stopped: 0.0010319 seconds, Stopping threads took: 0.0001610 seconds
2017-03-04T16:47:01.907+0800: 4.289: Total time for which application threads were stopped: 0.0012430 seconds, Stopping threads took: 0.0002235 seconds
2017-03-04T16:47:01.908+0800: 4.290: Total time for which application threads were stopped: 0.0011838 seconds, Stopping threads took: 0.0002061 seconds
2017-03-04T16:47:01.915+0800: 4.297: Total time for which application threads were stopped: 0.0008870 seconds, Stopping threads took: 0.0001624 seconds
2017-03-04T16:47:01.916+0800: 4.298: Total time for which application threads were stopped: 0.0007972 seconds, Stopping threads took: 0.0001669 seconds
2017-03-04T16:47:01.917+0800: 4.299: Total time for which application threads were stopped: 0.0007530 seconds, Stopping threads took: 0.0000923 seconds
2017-03-04T16:47:01.923+0800: 4.305: Total time for which application threads were stopped: 0.0011133 seconds, Stopping threads took: 0.0001812 seconds
2017-03-04T16:47:01.924+0800: 4.306: Total time for which application threads were stopped: 0.0008134 seconds, Stopping threads took: 0.0001776 seconds
2017-03-04T16:47:01.934+0800: 4.316: Total time for which application threads were stopped: 0.0012926 seconds, Stopping threads took: 0.0002379 seconds
2017-03-04T16:47:01.935+0800: 4.318: Total time for which application threads were stopped: 0.0011842 seconds, Stopping threads took: 0.0002062 seconds
2017-03-04T16:47:01.944+0800: 4.326: Total time for which application threads were stopped: 0.0012656 seconds, Stopping threads took: 0.0001852 seconds
2017-03-04T16:47:01.945+0800: 4.327: Total time for which application threads were stopped: 0.0012049 seconds, Stopping threads took: 0.0002042 seconds
2017-03-04T16:47:01.954+0800: 4.336: Total time for which application threads were stopped: 0.0021157 seconds, Stopping threads took: 0.0010175 seconds
2017-03-04T16:47:01.955+0800: 4.337: Total time for which application threads were stopped: 0.0011573 seconds, Stopping threads took: 0.0001799 seconds
2017-03-04T16:47:02.025+0800: 4.408: Total time for which application threads were stopped: 0.0011939 seconds, Stopping threads took: 0.0001164 seconds
2017-03-04T16:47:02.026+0800: 4.409: Total time for which application threads were stopped: 0.0008733 seconds, Stopping threads took: 0.0001960 seconds
2017-03-04T16:47:02.032+0800: 4.414: Total time for which application threads were stopped: 0.0042106 seconds, Stopping threads took: 0.0001961 seconds
2017-03-04T16:47:02.038+0800: 4.420: Total time for which application threads were stopped: 0.0007792 seconds, Stopping threads took: 0.0001019 seconds
2017-03-04T16:47:02.042+0800: 4.424: Total time for which application threads were stopped: 0.0041905 seconds, Stopping threads took: 0.0001797 seconds
2017-03-04T16:47:02.049+0800: 4.431: Total time for which application threads were stopped: 0.0044972 seconds, Stopping threads took: 0.0001601 seconds
2017-03-04T16:47:02.129+0800: 4.511: Total time for which application threads were stopped: 0.0011470 seconds, Stopping threads took: 0.0002513 seconds
2017-03-04T16:47:02.133+0800: 4.515: Total time for which application threads were stopped: 0.0011956 seconds, Stopping threads took: 0.0003220 seconds
2017-03-04T16:47:02.140+0800: 4.523: Total time for which application threads were stopped: 0.0016435 seconds, Stopping threads took: 0.0008256 seconds
2017-03-04T16:47:02.158+0800: 4.540: Total time for which application threads were stopped: 0.0018485 seconds, Stopping threads took: 0.0006300 seconds
2017-03-04T16:47:02.159+0800: 4.542: Total time for which application threads were stopped: 0.0012999 seconds, Stopping threads took: 0.0001434 seconds
2017-03-04T16:47:02.162+0800: 4.544: Total time for which application threads were stopped: 0.0013104 seconds, Stopping threads took: 0.0001268 seconds
2017-03-04T16:47:02.165+0800: 4.547: Total time for which application threads were stopped: 0.0027211 seconds, Stopping threads took: 0.0015248 seconds
2017-03-04T16:47:02.167+0800: 4.549: Total time for which application threads were stopped: 0.0009752 seconds, Stopping threads took: 0.0002380 seconds
2017-03-04T16:47:02.167+0800: 4.550: Total time for which application threads were stopped: 0.0008454 seconds, Stopping threads took: 0.0001521 seconds
2017-03-04T16:47:02.168+0800: 4.551: Total time for which application threads were stopped: 0.0008595 seconds, Stopping threads took: 0.0001758 seconds
2017-03-04T16:47:02.171+0800: 4.553: Total time for which application threads were stopped: 0.0009173 seconds, Stopping threads took: 0.0002039 seconds
2017-03-04T16:47:02.172+0800: 4.554: Total time for which application threads were stopped: 0.0008447 seconds, Stopping threads took: 0.0001292 seconds
2017-03-04T16:47:02.172+0800: 4.555: Total time for which application threads were stopped: 0.0007697 seconds, Stopping threads took: 0.0000808 seconds
2017-03-04T16:47:02.173+0800: 4.556: Total time for which application threads were stopped: 0.0007985 seconds, Stopping threads took: 0.0001167 seconds
2017-03-04T16:47:02.178+0800: 4.560: Total time for which application threads were stopped: 0.0037896 seconds, Stopping threads took: 0.0025729 seconds
2017-03-04T16:47:02.182+0800: 4.564: Total time for which application threads were stopped: 0.0010499 seconds, Stopping threads took: 0.0002488 seconds
2017-03-04T16:47:02.183+0800: 4.565: Total time for which application threads were stopped: 0.0009672 seconds, Stopping threads took: 0.0001768 seconds
2017-03-04T16:47:02.187+0800: 4.569: Total time for which application threads were stopped: 0.0020458 seconds, Stopping threads took: 0.0012633 seconds
2017-03-04T16:47:02.193+0800: 4.575: Total time for which application threads were stopped: 0.0052012 seconds, Stopping threads took: 0.0001653 seconds
2017-03-04T16:47:02.199+0800: 4.581: Total time for which application threads were stopped: 0.0056886 seconds, Stopping threads took: 0.0003843 seconds
2017-03-04T16:47:02.201+0800: 4.583: Total time for which application threads were stopped: 0.0010314 seconds, Stopping threads took: 0.0001843 seconds
2017-03-04T16:47:02.205+0800: 4.587: Total time for which application threads were stopped: 0.0029937 seconds, Stopping threads took: 0.0000837 seconds
2017-03-04T16:47:02.208+0800: 4.590: Total time for which application threads were stopped: 0.0010039 seconds, Stopping threads took: 0.0002288 seconds
2017-03-04T16:47:02.212+0800: 4.594: Total time for which application threads were stopped: 0.0009926 seconds, Stopping threads took: 0.0002041 seconds
2017-03-04T16:47:02.214+0800: 4.596: Total time for which application threads were stopped: 0.0009219 seconds, Stopping threads took: 0.0001765 seconds
2017-03-04T16:47:02.221+0800: 4.604: Total time for which application threads were stopped: 0.0048462 seconds, Stopping threads took: 0.0001269 seconds
2017-03-04T16:47:02.255+0800: 4.637: Total time for which application threads were stopped: 0.0012260 seconds, Stopping threads took: 0.0002356 seconds
2017-03-04T16:47:02.257+0800: 4.640: Total time for which application threads were stopped: 0.0010056 seconds, Stopping threads took: 0.0001600 seconds
2017-03-04T16:47:02.258+0800: 4.641: Total time for which application threads were stopped: 0.0009109 seconds, Stopping threads took: 0.0001225 seconds
2017-03-04T16:47:02.259+0800: 4.641: Total time for which application threads were stopped: 0.0008405 seconds, Stopping threads took: 0.0001059 seconds
2017-03-04T16:47:02.260+0800: 4.642: Total time for which application threads were stopped: 0.0008414 seconds, Stopping threads took: 0.0001242 seconds
2017-03-04T16:47:02.261+0800: 4.643: Total time for which application threads were stopped: 0.0008533 seconds, Stopping threads took: 0.0000991 seconds
2017-03-04T16:47:02.265+0800: 4.647: Total time for which application threads were stopped: 0.0010943 seconds, Stopping threads took: 0.0002183 seconds
2017-03-04T16:47:02.268+0800: 4.650: Total time for which application threads were stopped: 0.0010777 seconds, Stopping threads took: 0.0002685 seconds
2017-03-04T16:47:02.270+0800: 4.652: Total time for which application threads were stopped: 0.0009460 seconds, Stopping threads took: 0.0001343 seconds
2017-03-04T16:47:02.271+0800: 4.654: Total time for which application threads were stopped: 0.0008938 seconds, Stopping threads took: 0.0001343 seconds
2017-03-04T16:47:02.275+0800: 4.657: Total time for which application threads were stopped: 0.0010271 seconds, Stopping threads took: 0.0002068 seconds
2017-03-04T16:47:02.275+0800: 4.658: Total time for which application threads were stopped: 0.0008530 seconds, Stopping threads took: 0.0000861 seconds
2017-03-04T16:47:02.276+0800: 4.659: Total time for which application threads were stopped: 0.0008500 seconds, Stopping threads took: 0.0001066 seconds
2017-03-04T16:47:02.278+0800: 4.661: Total time for which application threads were stopped: 0.0009956 seconds, Stopping threads took: 0.0002168 seconds
2017-03-04T16:47:02.280+0800: 4.662: Total time for which application threads were stopped: 0.0013481 seconds, Stopping threads took: 0.0001318 seconds
2017-03-04T16:47:02.281+0800: 4.664: Total time for which application threads were stopped: 0.0011829 seconds, Stopping threads took: 0.0001696 seconds
2017-03-04T16:47:02.282+0800: 4.664: Total time for which application threads were stopped: 0.0008130 seconds, Stopping threads took: 0.0001081 seconds
2017-03-04T16:47:02.284+0800: 4.666: Total time for which application threads were stopped: 0.0009376 seconds, Stopping threads took: 0.0002033 seconds
2017-03-04T16:47:02.285+0800: 4.667: Total time for which application threads were stopped: 0.0011641 seconds, Stopping threads took: 0.0004153 seconds
2017-03-04T16:47:02.286+0800: 4.668: Total time for which application threads were stopped: 0.0008666 seconds, Stopping threads took: 0.0001670 seconds
2017-03-04T16:47:02.287+0800: 4.669: Total time for which application threads were stopped: 0.0008446 seconds, Stopping threads took: 0.0001520 seconds
2017-03-04T16:47:02.292+0800: 4.674: Total time for which application threads were stopped: 0.0049385 seconds, Stopping threads took: 0.0000841 seconds
2017-03-04T16:47:02.306+0800: 4.688: Total time for which application threads were stopped: 0.0021685 seconds, Stopping threads took: 0.0001000 seconds
2017-03-04T16:47:02.362+0800: 4.745: Total time for which application threads were stopped: 0.0012929 seconds, Stopping threads took: 0.0002451 seconds
2017-03-04T16:47:02.382+0800: 4.764: Total time for which application threads were stopped: 0.0014911 seconds, Stopping threads took: 0.0005027 seconds
{Heap before GC invocations=9 (full 1):
 par new generation   total 109248K, used 100895K [0x00000000e0000000, 0x00000000e8000000, 0x00000000e8000000)
  eden space 87424K, 100% used [0x00000000e0000000, 0x00000000e5560000, 0x00000000e5560000)
  from space 21824K,  61% used [0x00000000e6ab0000, 0x00000000e77d7ff8, 0x00000000e8000000)
  to   space 21824K,   0% used [0x00000000e5560000, 0x00000000e5560000, 0x00000000e6ab0000)
 concurrent mark-sweep generation total 393216K, used 5246K [0x00000000e8000000, 0x0000000100000000, 0x0000000100000000)
 Metaspace       used 31776K, capacity 32472K, committed 32808K, reserved 1077248K
  class space    used 3850K, capacity 4074K, committed 4192K, reserved 1048576K
2017-03-04T16:47:02.663+0800: 5.046: [GC (Allocation Failure) 2017-03-04T16:47:02.663+0800: 5.046: [ParNew
Desired survivor size 20112992 bytes, new threshold 8 (max 8)
- age   1:   12926720 bytes,   12926720 total
- age   2:    1540640 bytes,   14467360 total
- age   3:     502328 bytes,   14969688 total
- age   4:     169528 bytes,   15139216 total
- age   5:     208104 bytes,   15347320 total
- age   6:     254800 bytes,   15602120 total
- age   7:     488976 bytes,   16091096 total
- age   8:      10256 bytes,   16101352 total
: 100895K->18350K(109248K), 0.0343267 secs] 106142K->27050K(502464K), 0.0346351 secs] [Times: user=0.19 sys=0.00, real=0.04 secs] 
Heap after GC invocations=10 (full 1):
 par new generation   total 109248K, used 18350K [0x00000000e0000000, 0x00000000e8000000, 0x00000000e8000000)
  eden space 87424K,   0% used [0x00000000e0000000, 0x00000000e0000000, 0x00000000e5560000)
  from space 21824K,  84% used [0x00000000e5560000, 0x00000000e674b960, 0x00000000e6ab0000)
  to   space 21824K,   0% used [0x00000000e6ab0000, 0x00000000e6ab0000, 0x00000000e8000000)
 concurrent mark-sweep generation total 393216K, used 8700K [0x00000000e8000000, 0x0000000100000000, 0x0000000100000000)
 Metaspace       used 31776K, capacity 32472K, committed 32808K, reserved 1077248K
  class space    used 3850K, capacity 4074K, committed 4192K, reserved 1048576K
}
2017-03-04T16:47:02.698+0800: 5.080: Total time for which application threads were stopped: 0.0364453 seconds, Stopping threads took: 0.0002810 seconds
2017-03-04T16:47:02.750+0800: 5.132: Total time for which application threads were stopped: 0.0024109 seconds, Stopping threads took: 0.0002648 seconds
2017-03-04T16:47:02.807+0800: 5.189: Total time for which application threads were stopped: 0.0016582 seconds, Stopping threads took: 0.0002399 seconds
2017-03-04T16:47:02.885+0800: 5.268: Total time for which application threads were stopped: 0.0017235 seconds, Stopping threads took: 0.0002987 seconds
2017-03-04T16:47:02.894+0800: 5.276: Total time for which application threads were stopped: 0.0053671 seconds, Stopping threads took: 0.0039543 seconds
2017-03-04T16:47:02.933+0800: 5.316: Total time for which application threads were stopped: 0.0019910 seconds, Stopping threads took: 0.0002367 seconds
2017-03-04T16:47:03.223+0800: 5.606: Total time for which application threads were stopped: 0.0028715 seconds, Stopping threads took: 0.0003872 seconds
2017-03-04T16:47:03.231+0800: 5.613: Total time for which application threads were stopped: 0.0068161 seconds, Stopping threads took: 0.0044961 seconds
2017-03-04T16:47:03.243+0800: 5.625: Total time for which application threads were stopped: 0.0059931 seconds, Stopping threads took: 0.0003046 seconds
2017-03-04T16:47:03.263+0800: 5.645: Total time for which application threads were stopped: 0.0031378 seconds, Stopping threads took: 0.0003799 seconds
{Heap before GC invocations=10 (full 1):
 par new generation   total 109248K, used 105774K [0x00000000e0000000, 0x00000000e8000000, 0x00000000e8000000)
  eden space 87424K, 100% used [0x00000000e0000000, 0x00000000e5560000, 0x00000000e5560000)
  from space 21824K,  84% used [0x00000000e5560000, 0x00000000e674b960, 0x00000000e6ab0000)
  to   space 21824K,   0% used [0x00000000e6ab0000, 0x00000000e6ab0000, 0x00000000e8000000)
 concurrent mark-sweep generation total 393216K, used 8700K [0x00000000e8000000, 0x0000000100000000, 0x0000000100000000)
 Metaspace       used 33317K, capacity 33986K, committed 34472K, reserved 1079296K
  class space    used 3984K, capacity 4209K, committed 4320K, reserved 1048576K
2017-03-04T16:47:03.277+0800: 5.659: [GC (Allocation Failure) 2017-03-04T16:47:03.277+0800: 5.660: [ParNew
Desired survivor size 20112992 bytes, new threshold 3 (max 8)
- age   1:    9509872 bytes,    9509872 total
- age   2:    9984152 bytes,   19494024 total
- age   3:    1447480 bytes,   20941504 total
- age   4:     454960 bytes,   21396464 total
- age   5:     132304 bytes,   21528768 total
- age   6:     156472 bytes,   21685240 total
- age   7:     232376 bytes,   21917616 total
- age   8:     355248 bytes,   22272864 total
: 105774K->21824K(109248K), 0.0453581 secs] 114474K->34454K(502464K), 0.0457542 secs] [Times: user=0.26 sys=0.00, real=0.04 secs] 
Heap after GC invocations=11 (full 1):
 par new generation   total 109248K, used 21824K [0x00000000e0000000, 0x00000000e8000000, 0x00000000e8000000)
  eden space 87424K,   0% used [0x00000000e0000000, 0x00000000e0000000, 0x00000000e5560000)
  from space 21824K, 100% used [0x00000000e6ab0000, 0x00000000e8000000, 0x00000000e8000000)
  to   space 21824K,   0% used [0x00000000e5560000, 0x00000000e5560000, 0x00000000e6ab0000)
 concurrent mark-sweep generation total 393216K, used 12630K [0x00000000e8000000, 0x0000000100000000, 0x0000000100000000)
 Metaspace       used 33317K, capacity 33986K, committed 34472K, reserved 1079296K
  class space    used 3984K, capacity 4209K, committed 4320K, reserved 1048576K
}
2017-03-04T16:47:03.323+0800: 5.705: Total time for which application threads were stopped: 0.0491166 seconds, Stopping threads took: 0.0004404 seconds
2017-03-04T16:47:03.358+0800: 5.740: Total time for which application threads were stopped: 0.0019679 seconds, Stopping threads took: 0.0002071 seconds
2017-03-04T16:47:03.362+0800: 5.744: Total time for which application threads were stopped: 0.0035552 seconds, Stopping threads took: 0.0001445 seconds
2017-03-04T16:47:03.436+0800: 5.818: Total time for which application threads were stopped: 0.0043770 seconds, Stopping threads took: 0.0002989 seconds
2017-03-04T16:47:03.438+0800: 5.820: Total time for which application threads were stopped: 0.0019801 seconds, Stopping threads took: 0.0002092 seconds
2017-03-04T16:47:03.465+0800: 5.847: Total time for which application threads were stopped: 0.0044415 seconds, Stopping threads took: 0.0003483 seconds
2017-03-04T16:47:03.480+0800: 5.862: Total time for which application threads were stopped: 0.0045033 seconds, Stopping threads took: 0.0004432 seconds
2017-03-04T16:47:03.482+0800: 5.864: Total time for which application threads were stopped: 0.0021218 seconds, Stopping threads took: 0.0004055 seconds
2017-03-04T16:47:03.522+0800: 5.905: Total time for which application threads were stopped: 0.0037935 seconds, Stopping threads took: 0.0003755 seconds
2017-03-04T16:47:03.552+0800: 5.934: Total time for which application threads were stopped: 0.0068781 seconds, Stopping threads took: 0.0036112 seconds
2017-03-04T16:47:03.579+0800: 5.961: Total time for which application threads were stopped: 0.0025347 seconds, Stopping threads took: 0.0005358 seconds
2017-03-04T16:47:03.611+0800: 5.993: Total time for which application threads were stopped: 0.0055297 seconds, Stopping threads took: 0.0021653 seconds
2017-03-04T16:47:03.666+0800: 6.049: Total time for which application threads were stopped: 0.0035579 seconds, Stopping threads took: 0.0002854 seconds
2017-03-04T16:47:03.679+0800: 6.061: Total time for which application threads were stopped: 0.0037238 seconds, Stopping threads took: 0.0003379 seconds
2017-03-04T16:47:03.716+0800: 6.098: Total time for which application threads were stopped: 0.0054667 seconds, Stopping threads took: 0.0022643 seconds
2017-03-04T16:47:03.745+0800: 6.127: Total time for which application threads were stopped: 0.0038145 seconds, Stopping threads took: 0.0017322 seconds
2017-03-04T16:47:03.747+0800: 6.129: Total time for which application threads were stopped: 0.0020498 seconds, Stopping threads took: 0.0001853 seconds
2017-03-04T16:47:03.751+0800: 6.133: Total time for which application threads were stopped: 0.0025175 seconds, Stopping threads took: 0.0003315 seconds
2017-03-04T16:47:03.767+0800: 6.149: Total time for which application threads were stopped: 0.0058759 seconds, Stopping threads took: 0.0037939 seconds
2017-03-04T16:47:03.863+0800: 6.246: Total time for which application threads were stopped: 0.0026340 seconds, Stopping threads took: 0.0003951 seconds
2017-03-04T16:47:04.081+0800: 6.463: Total time for which application threads were stopped: 0.0043384 seconds, Stopping threads took: 0.0003472 seconds
2017-03-04T16:47:04.085+0800: 6.468: Total time for which application threads were stopped: 0.0039879 seconds, Stopping threads took: 0.0001961 seconds
2017-03-04T16:47:04.109+0800: 6.492: Total time for which application threads were stopped: 0.0038711 seconds, Stopping threads took: 0.0002791 seconds
2017-03-04T16:47:04.113+0800: 6.495: Total time for which application threads were stopped: 0.0037064 seconds, Stopping threads took: 0.0002996 seconds
2017-03-04T16:47:04.611+0800: 6.993: Total time for which application threads were stopped: 0.0045778 seconds, Stopping threads took: 0.0003094 seconds
2017-03-04T16:47:04.813+0800: 7.195: Total time for which application threads were stopped: 0.0250958 seconds, Stopping threads took: 0.0206753 seconds
{Heap before GC invocations=11 (full 1):
 par new generation   total 109248K, used 109227K [0x00000000e0000000, 0x00000000e8000000, 0x00000000e8000000)
  eden space 87424K,  99% used [0x00000000e0000000, 0x00000000e555add8, 0x00000000e5560000)
  from space 21824K, 100% used [0x00000000e6ab0000, 0x00000000e8000000, 0x00000000e8000000)
  to   space 21824K,   0% used [0x00000000e5560000, 0x00000000e5560000, 0x00000000e6ab0000)
 concurrent mark-sweep generation total 393216K, used 12630K [0x00000000e8000000, 0x0000000100000000, 0x0000000100000000)
 Metaspace       used 35547K, capacity 36324K, committed 36520K, reserved 1081344K
  class space    used 4233K, capacity 4474K, committed 4576K, reserved 1048576K
2017-03-04T16:47:04.827+0800: 7.210: [GC (Allocation Failure) 2017-03-04T16:47:04.828+0800: 7.210: [ParNew
Desired survivor size 20112992 bytes, new threshold 3 (max 8)
- age   1:   10762144 bytes,   10762144 total
- age   2:    7696560 bytes,   18458704 total
- age   3:    3885232 bytes,   22343936 total
: 109227K->21824K(109248K), 0.0779940 secs] 121858K->48852K(502464K), 0.0785910 secs] [Times: user=0.27 sys=0.00, real=0.08 secs] 
Heap after GC invocations=12 (full 1):
 par new generation   total 109248K, used 21824K [0x00000000e0000000, 0x00000000e8000000, 0x00000000e8000000)
  eden space 87424K,   0% used [0x00000000e0000000, 0x00000000e0000000, 0x00000000e5560000)
  from space 21824K, 100% used [0x00000000e5560000, 0x00000000e6ab0000, 0x00000000e6ab0000)
  to   space 21824K,   0% used [0x00000000e6ab0000, 0x00000000e6ab0000, 0x00000000e8000000)
 concurrent mark-sweep generation total 393216K, used 27028K [0x00000000e8000000, 0x0000000100000000, 0x0000000100000000)
 Metaspace       used 35547K, capacity 36324K, committed 36520K, reserved 1081344K
  class space    used 4233K, capacity 4474K, committed 4576K, reserved 1048576K
}
2017-03-04T16:47:04.906+0800: 7.289: Total time for which application threads were stopped: 0.0857029 seconds, Stopping threads took: 0.0026973 seconds
2017-03-04T16:47:04.946+0800: 7.328: Total time for which application threads were stopped: 0.0245512 seconds, Stopping threads took: 0.0202567 seconds
2017-03-04T16:47:04.963+0800: 7.345: Total time for which application threads were stopped: 0.0047591 seconds, Stopping threads took: 0.0003854 seconds
2017-03-04T16:47:05.000+0800: 7.382: Total time for which application threads were stopped: 0.0054973 seconds, Stopping threads took: 0.0006241 seconds
2017-03-04T16:47:05.006+0800: 7.388: Total time for which application threads were stopped: 0.0045260 seconds, Stopping threads took: 0.0003067 seconds
2017-03-04T16:47:05.021+0800: 7.403: Total time for which application threads were stopped: 0.0087368 seconds, Stopping threads took: 0.0045584 seconds
2017-03-04T16:47:05.027+0800: 7.409: Total time for which application threads were stopped: 0.0045464 seconds, Stopping threads took: 0.0003645 seconds
{Heap before GC invocations=12 (full 1):
 par new generation   total 109248K, used 109248K [0x00000000e0000000, 0x00000000e8000000, 0x00000000e8000000)
  eden space 87424K, 100% used [0x00000000e0000000, 0x00000000e5560000, 0x00000000e5560000)
  from space 21824K, 100% used [0x00000000e5560000, 0x00000000e6ab0000, 0x00000000e6ab0000)
  to   space 21824K,   0% used [0x00000000e6ab0000, 0x00000000e6ab0000, 0x00000000e8000000)
 concurrent mark-sweep generation total 393216K, used 27028K [0x00000000e8000000, 0x0000000100000000, 0x0000000100000000)
 Metaspace       used 35708K, capacity 36442K, committed 36776K, reserved 1081344K
  class space    used 4249K, capacity 4483K, committed 4576K, reserved 1048576K
2017-03-04T16:47:05.164+0800: 7.547: [GC (Allocation Failure) 2017-03-04T16:47:05.165+0800: 7.547: [ParNew
Desired survivor size 20112992 bytes, new threshold 8 (max 8)
- age   1:     223296 bytes,     223296 total
- age   2:   10751496 bytes,   10974792 total
- age   3:    6864088 bytes,   17838880 total
: 109248K->21824K(109248K), 0.0854843 secs] 136276K->54009K(502464K), 0.0860276 secs] [Times: user=0.27 sys=0.00, real=0.09 secs] 
Heap after GC invocations=13 (full 1):
 par new generation   total 109248K, used 21824K [0x00000000e0000000, 0x00000000e8000000, 0x00000000e8000000)
  eden space 87424K,   0% used [0x00000000e0000000, 0x00000000e0000000, 0x00000000e5560000)
  from space 21824K, 100% used [0x00000000e6ab0000, 0x00000000e8000000, 0x00000000e8000000)
  to   space 21824K,   0% used [0x00000000e5560000, 0x00000000e5560000, 0x00000000e6ab0000)
 concurrent mark-sweep generation total 393216K, used 32185K [0x00000000e8000000, 0x0000000100000000, 0x0000000100000000)
 Metaspace       used 35708K, capacity 36442K, committed 36776K, reserved 1081344K
  class space    used 4249K, capacity 4483K, committed 4576K, reserved 1048576K
}
2017-03-04T16:47:05.251+0800: 7.633: Total time for which application threads were stopped: 0.0907889 seconds, Stopping threads took: 0.0003281 seconds
2017-03-04T16:47:05.756+0800: 8.138: Total time for which application threads were stopped: 0.0032429 seconds, Stopping threads took: 0.0003404 seconds
2017-03-04T16:47:05.761+0800: 8.144: Total time for which application threads were stopped: 0.0053567 seconds, Stopping threads took: 0.0002853 seconds
2017-03-04T16:47:05.846+0800: 8.228: Total time for which application threads were stopped: 0.0087272 seconds, Stopping threads took: 0.0039883 seconds
2017-03-04T16:47:05.851+0800: 8.233: Total time for which application threads were stopped: 0.0045670 seconds, Stopping threads took: 0.0003189 seconds
2017-03-04T16:47:05.857+0800: 8.240: Total time for which application threads were stopped: 0.0046124 seconds, Stopping threads took: 0.0002917 seconds
2017-03-04T16:47:05.862+0800: 8.244: Total time for which application threads were stopped: 0.0045144 seconds, Stopping threads took: 0.0002067 seconds
2017-03-04T16:47:05.866+0800: 8.249: Total time for which application threads were stopped: 0.0043264 seconds, Stopping threads took: 0.0001694 seconds
2017-03-04T16:47:05.871+0800: 8.253: Total time for which application threads were stopped: 0.0044607 seconds, Stopping threads took: 0.0001618 seconds
2017-03-04T16:47:05.875+0800: 8.257: Total time for which application threads were stopped: 0.0038009 seconds, Stopping threads took: 0.0001667 seconds
2017-03-04T16:47:05.931+0800: 8.314: Total time for which application threads were stopped: 0.0043593 seconds, Stopping threads took: 0.0003002 seconds
2017-03-04T16:47:05.936+0800: 8.318: Total time for which application threads were stopped: 0.0041974 seconds, Stopping threads took: 0.0001963 seconds
2017-03-04T16:47:05.940+0800: 8.322: Total time for which application threads were stopped: 0.0041825 seconds, Stopping threads took: 0.0002120 seconds
2017-03-04T16:47:05.944+0800: 8.326: Total time for which application threads were stopped: 0.0042132 seconds, Stopping threads took: 0.0002179 seconds
2017-03-04T16:47:05.949+0800: 8.331: Total time for which application threads were stopped: 0.0042395 seconds, Stopping threads took: 0.0002181 seconds
2017-03-04T16:47:05.953+0800: 8.335: Total time for which application threads were stopped: 0.0042418 seconds, Stopping threads took: 0.0002152 seconds
2017-03-04T16:47:05.957+0800: 8.339: Total time for which application threads were stopped: 0.0043093 seconds, Stopping threads took: 0.0002172 seconds
2017-03-04T16:47:05.966+0800: 8.348: Total time for which application threads were stopped: 0.0045039 seconds, Stopping threads took: 0.0003710 seconds
2017-03-04T16:47:05.971+0800: 8.353: Total time for which application threads were stopped: 0.0043148 seconds, Stopping threads took: 0.0002057 seconds
2017-03-04T16:47:05.988+0800: 8.370: Total time for which application threads were stopped: 0.0045217 seconds, Stopping threads took: 0.0003562 seconds
2017-03-04T16:47:05.993+0800: 8.375: Total time for which application threads were stopped: 0.0044825 seconds, Stopping threads took: 0.0002408 seconds
2017-03-04T16:47:05.997+0800: 8.379: Total time for which application threads were stopped: 0.0044217 seconds, Stopping threads took: 0.0002423 seconds
2017-03-04T16:47:06.002+0800: 8.384: Total time for which application threads were stopped: 0.0045330 seconds, Stopping threads took: 0.0002522 seconds
2017-03-04T16:47:06.008+0800: 8.390: Total time for which application threads were stopped: 0.0059614 seconds, Stopping threads took: 0.0003086 seconds
2017-03-04T16:47:06.011+0800: 8.393: Total time for which application threads were stopped: 0.0027042 seconds, Stopping threads took: 0.0002188 seconds
2017-03-04T16:47:06.015+0800: 8.397: Total time for which application threads were stopped: 0.0039467 seconds, Stopping threads took: 0.0002316 seconds
2017-03-04T16:47:06.020+0800: 8.402: Total time for which application threads were stopped: 0.0049332 seconds, Stopping threads took: 0.0007945 seconds
2017-03-04T16:47:06.026+0800: 8.408: Total time for which application threads were stopped: 0.0043314 seconds, Stopping threads took: 0.0003188 seconds
2017-03-04T16:47:06.042+0800: 8.424: Total time for which application threads were stopped: 0.0133932 seconds, Stopping threads took: 0.0003389 seconds
2017-03-04T16:47:06.064+0800: 8.446: Total time for which application threads were stopped: 0.0188085 seconds, Stopping threads took: 0.0003128 seconds
2017-03-04T16:47:06.087+0800: 8.469: Total time for which application threads were stopped: 0.0094434 seconds, Stopping threads took: 0.0004272 seconds
2017-03-04T16:47:06.092+0800: 8.474: Total time for which application threads were stopped: 0.0045303 seconds, Stopping threads took: 0.0002789 seconds
2017-03-04T16:47:06.095+0800: 8.477: Total time for which application threads were stopped: 0.0028248 seconds, Stopping threads took: 0.0002980 seconds
2017-03-04T16:47:06.111+0800: 8.493: Total time for which application threads were stopped: 0.0061485 seconds, Stopping threads took: 0.0017677 seconds
2017-03-04T16:47:06.116+0800: 8.498: Total time for which application threads were stopped: 0.0046586 seconds, Stopping threads took: 0.0003628 seconds
2017-03-04T16:47:06.161+0800: 8.543: Total time for which application threads were stopped: 0.0128383 seconds, Stopping threads took: 0.0086786 seconds
{Heap before GC invocations=13 (full 1):
 par new generation   total 109248K, used 109248K [0x00000000e0000000, 0x00000000e8000000, 0x00000000e8000000)
  eden space 87424K, 100% used [0x00000000e0000000, 0x00000000e5560000, 0x00000000e5560000)
  from space 21824K, 100% used [0x00000000e6ab0000, 0x00000000e8000000, 0x00000000e8000000)
  to   space 21824K,   0% used [0x00000000e5560000, 0x00000000e5560000, 0x00000000e6ab0000)
 concurrent mark-sweep generation total 393216K, used 32185K [0x00000000e8000000, 0x0000000100000000, 0x0000000100000000)
 Metaspace       used 36019K, capacity 36854K, committed 37032K, reserved 1081344K
  class space    used 4276K, capacity 4525K, committed 4576K, reserved 1048576K
2017-03-04T16:47:06.285+0800: 8.667: [GC (Allocation Failure) 2017-03-04T16:47:06.285+0800: 8.667: [ParNew
Desired survivor size 20112992 bytes, new threshold 8 (max 8)
- age   1:    2969840 bytes,    2969840 total
- age   2:      79960 bytes,    3049800 total
- age   3:   10497392 bytes,   13547192 total
- age   4:    5511824 bytes,   19059016 total
: 109248K->21824K(109248K), 0.0681305 secs] 141433K->54553K(502464K), 0.0687406 secs] [Times: user=0.20 sys=0.00, real=0.07 secs] 
Heap after GC invocations=14 (full 1):
 par new generation   total 109248K, used 21824K [0x00000000e0000000, 0x00000000e8000000, 0x00000000e8000000)
  eden space 87424K,   0% used [0x00000000e0000000, 0x00000000e0000000, 0x00000000e5560000)
  from space 21824K, 100% used [0x00000000e5560000, 0x00000000e6ab0000, 0x00000000e6ab0000)
  to   space 21824K,   0% used [0x00000000e6ab0000, 0x00000000e6ab0000, 0x00000000e8000000)
 concurrent mark-sweep generation total 393216K, used 32729K [0x00000000e8000000, 0x0000000100000000, 0x0000000100000000)
 Metaspace       used 36019K, capacity 36854K, committed 37032K, reserved 1081344K
  class space    used 4276K, capacity 4525K, committed 4576K, reserved 1048576K
}
2017-03-04T16:47:06.354+0800: 8.736: Total time for which application threads were stopped: 0.0749606 seconds, Stopping threads took: 0.0003612 seconds
2017-03-04T16:47:06.357+0800: 8.739: Total time for which application threads were stopped: 0.0028240 seconds, Stopping threads took: 0.0003215 seconds
{Heap before GC invocations=14 (full 1):
 par new generation   total 109248K, used 109248K [0x00000000e0000000, 0x00000000e8000000, 0x00000000e8000000)
  eden space 87424K, 100% used [0x00000000e0000000, 0x00000000e5560000, 0x00000000e5560000)
  from space 21824K, 100% used [0x00000000e5560000, 0x00000000e6ab0000, 0x00000000e6ab0000)
  to   space 21824K,   0% used [0x00000000e6ab0000, 0x00000000e6ab0000, 0x00000000e8000000)
 concurrent mark-sweep generation total 393216K, used 32729K [0x00000000e8000000, 0x0000000100000000, 0x0000000100000000)
 Metaspace       used 36063K, capacity 36860K, committed 37032K, reserved 1081344K
  class space    used 4277K, capacity 4526K, committed 4576K, reserved 1048576K
2017-03-04T16:47:06.558+0800: 8.940: [GC (Allocation Failure) 2017-03-04T16:47:06.558+0800: 8.940: [ParNew
Desired survivor size 20112992 bytes, new threshold 8 (max 8)
- age   1:    1047928 bytes,    1047928 total
- age   2:    2536192 bytes,    3584120 total
- age   3:      76832 bytes,    3660952 total
- age   4:    9462728 bytes,   13123680 total
- age   5:    5465120 bytes,   18588800 total
: 109248K->21824K(109248K), 0.0442947 secs] 141977K->55582K(502464K), 0.0448009 secs] [Times: user=0.15 sys=0.00, real=0.04 secs] 
Heap after GC invocations=15 (full 1):
 par new generation   total 109248K, used 21824K [0x00000000e0000000, 0x00000000e8000000, 0x00000000e8000000)
  eden space 87424K,   0% used [0x00000000e0000000, 0x00000000e0000000, 0x00000000e5560000)
  from space 21824K, 100% used [0x00000000e6ab0000, 0x00000000e8000000, 0x00000000e8000000)
  to   space 21824K,   0% used [0x00000000e5560000, 0x00000000e5560000, 0x00000000e6ab0000)
 concurrent mark-sweep generation total 393216K, used 33758K [0x00000000e8000000, 0x0000000100000000, 0x0000000100000000)
 Metaspace       used 36063K, capacity 36860K, committed 37032K, reserved 1081344K
  class space    used 4277K, capacity 4526K, committed 4576K, reserved 1048576K
}
2017-03-04T16:47:06.603+0800: 8.985: Total time for which application threads were stopped: 0.0594096 seconds, Stopping threads took: 0.0120479 seconds
2017-03-04T16:47:07.252+0800: 9.634: Total time for which application threads were stopped: 0.0020715 seconds, Stopping threads took: 0.0001950 seconds
{Heap before GC invocations=15 (full 1):
 par new generation   total 109248K, used 109248K [0x00000000e0000000, 0x00000000e8000000, 0x00000000e8000000)
  eden space 87424K, 100% used [0x00000000e0000000, 0x00000000e5560000, 0x00000000e5560000)
  from space 21824K, 100% used [0x00000000e6ab0000, 0x00000000e8000000, 0x00000000e8000000)
  to   space 21824K,   0% used [0x00000000e5560000, 0x00000000e5560000, 0x00000000e6ab0000)
 concurrent mark-sweep generation total 393216K, used 33758K [0x00000000e8000000, 0x0000000100000000, 0x0000000100000000)
 Metaspace       used 36205K, capacity 37058K, committed 37288K, reserved 1081344K
  class space    used 4277K, capacity 4527K, committed 4576K, reserved 1048576K
2017-03-04T16:47:07.254+0800: 9.636: [GC (Allocation Failure) 2017-03-04T16:47:07.254+0800: 9.636: [ParNew
Desired survivor size 20112992 bytes, new threshold 8 (max 8)
- age   1:    2476552 bytes,    2476552 total
- age   2:     271120 bytes,    2747672 total
- age   3:    2460056 bytes,    5207728 total
- age   4:      76832 bytes,    5284560 total
- age   5:    8744320 bytes,   14028880 total
- age   6:    4238056 bytes,   18266936 total
: 109248K->21824K(109248K), 0.0356784 secs] 143006K->56455K(502464K), 0.0362814 secs] [Times: user=0.10 sys=0.00, real=0.03 secs] 
Heap after GC invocations=16 (full 1):
 par new generation   total 109248K, used 21824K [0x00000000e0000000, 0x00000000e8000000, 0x00000000e8000000)
  eden space 87424K,   0% used [0x00000000e0000000, 0x00000000e0000000, 0x00000000e5560000)
  from space 21824K, 100% used [0x00000000e5560000, 0x00000000e6ab0000, 0x00000000e6ab0000)
  to   space 21824K,   0% used [0x00000000e6ab0000, 0x00000000e6ab0000, 0x00000000e8000000)
 concurrent mark-sweep generation total 393216K, used 34631K [0x00000000e8000000, 0x0000000100000000, 0x0000000100000000)
 Metaspace       used 36205K, capacity 37058K, committed 37288K, reserved 1081344K
  class space    used 4277K, capacity 4527K, committed 4576K, reserved 1048576K
}
2017-03-04T16:47:07.291+0800: 9.673: Total time for which application threads were stopped: 0.0385393 seconds, Stopping threads took: 0.0002172 seconds
2017-03-04T16:47:07.337+0800: 9.720: Total time for which application threads were stopped: 0.0011483 seconds, Stopping threads took: 0.0001777 seconds
2017-03-04T16:47:07.338+0800: 9.721: Total time for which application threads were stopped: 0.0007272 seconds, Stopping threads took: 0.0000801 seconds
2017-03-04T16:47:07.339+0800: 9.721: Total time for which application threads were stopped: 0.0006727 seconds, Stopping threads took: 0.0000746 seconds
2017-03-04T16:47:07.340+0800: 9.722: Total time for which application threads were stopped: 0.0006800 seconds, Stopping threads took: 0.0000723 seconds
2017-03-04T16:47:07.341+0800: 9.723: Total time for which application threads were stopped: 0.0008390 seconds, Stopping threads took: 0.0000726 seconds
2017-03-04T16:47:07.342+0800: 9.724: Total time for which application threads were stopped: 0.0006953 seconds, Stopping threads took: 0.0000750 seconds
2017-03-04T16:47:07.342+0800: 9.724: Total time for which application threads were stopped: 0.0006595 seconds, Stopping threads took: 0.0000617 seconds
2017-03-04T16:47:07.354+0800: 9.736: Total time for which application threads were stopped: 0.0010988 seconds, Stopping threads took: 0.0001856 seconds
2017-03-04T16:47:07.366+0800: 9.748: Total time for which application threads were stopped: 0.0029506 seconds, Stopping threads took: 0.0019857 seconds
2017-03-04T16:47:07.367+0800: 9.749: Total time for which application threads were stopped: 0.0010208 seconds, Stopping threads took: 0.0001490 seconds
2017-03-04T16:47:07.370+0800: 9.752: Total time for which application threads were stopped: 0.0011576 seconds, Stopping threads took: 0.0002465 seconds
2017-03-04T16:47:07.371+0800: 9.753: Total time for which application threads were stopped: 0.0007606 seconds, Stopping threads took: 0.0001030 seconds
2017-03-04T16:47:08.372+0800: 10.754: Total time for which application threads were stopped: 0.0009778 seconds, Stopping threads took: 0.0001592 seconds
2017-03-04T16:47:09.374+0800: 11.756: Total time for which application threads were stopped: 0.0016663 seconds, Stopping threads took: 0.0002202 seconds
2017-03-04T16:47:13.124+0800: 15.506: Total time for which application threads were stopped: 0.0011149 seconds, Stopping threads took: 0.0001675 seconds
2017-03-04T16:47:13.145+0800: 15.527: Total time for which application threads were stopped: 0.0008466 seconds, Stopping threads took: 0.0001417 seconds
2017-03-04T16:47:13.146+0800: 15.528: Total time for which application threads were stopped: 0.0005643 seconds, Stopping threads took: 0.0001359 seconds
2017-03-04T16:47:13.147+0800: 15.530: Total time for which application threads were stopped: 0.0005863 seconds, Stopping threads took: 0.0000962 seconds
2017-03-04T16:47:13.148+0800: 15.530: Total time for which application threads were stopped: 0.0004893 seconds, Stopping threads took: 0.0001145 seconds
2017-03-04T16:47:13.149+0800: 15.531: Total time for which application threads were stopped: 0.0004647 seconds, Stopping threads took: 0.0000878 seconds
2017-03-04T16:47:13.150+0800: 15.533: Total time for which application threads were stopped: 0.0005513 seconds, Stopping threads took: 0.0000889 seconds
2017-03-04T16:47:13.152+0800: 15.534: Total time for which application threads were stopped: 0.0005340 seconds, Stopping threads took: 0.0000668 seconds
2017-03-04T16:47:13.153+0800: 15.535: Total time for which application threads were stopped: 0.0005032 seconds, Stopping threads took: 0.0001322 seconds
2017-03-04T16:47:13.154+0800: 15.536: Total time for which application threads were stopped: 0.0004647 seconds, Stopping threads took: 0.0001105 seconds
2017-03-04T16:47:13.154+0800: 15.536: Total time for which application threads were stopped: 0.0004203 seconds, Stopping threads took: 0.0000428 seconds
2017-03-04T16:47:13.155+0800: 15.537: Total time for which application threads were stopped: 0.0004250 seconds, Stopping threads took: 0.0000520 seconds
2017-03-04T16:47:13.155+0800: 15.537: Total time for which application threads were stopped: 0.0004000 seconds, Stopping threads took: 0.0000349 seconds
2017-03-04T16:47:13.156+0800: 15.538: Total time for which application threads were stopped: 0.0003551 seconds, Stopping threads took: 0.0000309 seconds
2017-03-04T16:47:13.156+0800: 15.538: Total time for which application threads were stopped: 0.0003548 seconds, Stopping threads took: 0.0000309 seconds
2017-03-04T16:47:13.157+0800: 15.539: Total time for which application threads were stopped: 0.0003898 seconds, Stopping threads took: 0.0000519 seconds
2017-03-04T16:47:13.170+0800: 15.552: Total time for which application threads were stopped: 0.0008594 seconds, Stopping threads took: 0.0001666 seconds
2017-03-04T16:47:13.171+0800: 15.554: Total time for which application threads were stopped: 0.0008516 seconds, Stopping threads took: 0.0001873 seconds
2017-03-04T16:47:13.172+0800: 15.554: Total time for which application threads were stopped: 0.0007517 seconds, Stopping threads took: 0.0001408 seconds
2017-03-04T16:47:13.175+0800: 15.557: Total time for which application threads were stopped: 0.0007884 seconds, Stopping threads took: 0.0001937 seconds
2017-03-04T16:47:13.178+0800: 15.560: Total time for which application threads were stopped: 0.0007840 seconds, Stopping threads took: 0.0001510 seconds
2017-03-04T16:47:13.181+0800: 15.563: Total time for which application threads were stopped: 0.0007509 seconds, Stopping threads took: 0.0001424 seconds
2017-03-04T16:47:13.183+0800: 15.565: Total time for which application threads were stopped: 0.0006327 seconds, Stopping threads took: 0.0000925 seconds
2017-03-04T16:47:13.183+0800: 15.566: Total time for which application threads were stopped: 0.0006298 seconds, Stopping threads took: 0.0001207 seconds
2017-03-04T16:47:13.185+0800: 15.568: Total time for which application threads were stopped: 0.0006323 seconds, Stopping threads took: 0.0001473 seconds
2017-03-04T16:47:13.189+0800: 15.571: Total time for which application threads were stopped: 0.0007214 seconds, Stopping threads took: 0.0001287 seconds
2017-03-04T16:47:13.190+0800: 15.572: Total time for which application threads were stopped: 0.0007203 seconds, Stopping threads took: 0.0001426 seconds
2017-03-04T16:47:13.196+0800: 15.578: Total time for which application threads were stopped: 0.0008304 seconds, Stopping threads took: 0.0001643 seconds
2017-03-04T16:47:13.197+0800: 15.579: Total time for which application threads were stopped: 0.0007461 seconds, Stopping threads took: 0.0001114 seconds
2017-03-04T16:47:13.199+0800: 15.581: Total time for which application threads were stopped: 0.0007534 seconds, Stopping threads took: 0.0001267 seconds
2017-03-04T16:47:13.200+0800: 15.582: Total time for which application threads were stopped: 0.0006746 seconds, Stopping threads took: 0.0001395 seconds
2017-03-04T16:47:13.202+0800: 15.584: Total time for which application threads were stopped: 0.0006748 seconds, Stopping threads took: 0.0001280 seconds
2017-03-04T16:47:13.204+0800: 15.586: Total time for which application threads were stopped: 0.0006867 seconds, Stopping threads took: 0.0001269 seconds
2017-03-04T16:47:13.212+0800: 15.594: Total time for which application threads were stopped: 0.0008127 seconds, Stopping threads took: 0.0001429 seconds
2017-03-04T16:47:17.213+0800: 19.595: Total time for which application threads were stopped: 0.0007531 seconds, Stopping threads took: 0.0001471 seconds
2017-03-04T16:47:25.806+0800: 28.188: Total time for which application threads were stopped: 0.0012602 seconds, Stopping threads took: 0.0001574 seconds
2017-03-04T16:47:25.838+0800: 28.220: Total time for which application threads were stopped: 0.0007335 seconds, Stopping threads took: 0.0001400 seconds
2017-03-04T16:47:25.839+0800: 28.221: Total time for which application threads were stopped: 0.0005167 seconds, Stopping threads took: 0.0001272 seconds
2017-03-04T16:47:25.839+0800: 28.222: Total time for which application threads were stopped: 0.0004911 seconds, Stopping threads took: 0.0001213 seconds
2017-03-04T16:47:25.841+0800: 28.223: Total time for which application threads were stopped: 0.0004804 seconds, Stopping threads took: 0.0000610 seconds
2017-03-04T16:47:25.841+0800: 28.223: Total time for which application threads were stopped: 0.0003831 seconds, Stopping threads took: 0.0000425 seconds
2017-03-04T16:47:25.842+0800: 28.224: Total time for which application threads were stopped: 0.0003755 seconds, Stopping threads took: 0.0000371 seconds
2017-03-04T16:47:25.842+0800: 28.224: Total time for which application threads were stopped: 0.0003472 seconds, Stopping threads took: 0.0000382 seconds
2017-03-04T16:47:25.845+0800: 28.227: Total time for which application threads were stopped: 0.0004059 seconds, Stopping threads took: 0.0000554 seconds
2017-03-04T16:47:25.846+0800: 28.228: Total time for which application threads were stopped: 0.0003699 seconds, Stopping threads took: 0.0000523 seconds
2017-03-04T16:47:25.846+0800: 28.229: Total time for which application threads were stopped: 0.0002996 seconds, Stopping threads took: 0.0000329 seconds
2017-03-04T16:47:25.847+0800: 28.229: Total time for which application threads were stopped: 0.0002970 seconds, Stopping threads took: 0.0000410 seconds
2017-03-04T16:47:25.847+0800: 28.229: Total time for which application threads were stopped: 0.0002919 seconds, Stopping threads took: 0.0000376 seconds
2017-03-04T16:47:25.847+0800: 28.230: Total time for which application threads were stopped: 0.0002792 seconds, Stopping threads took: 0.0000354 seconds
2017-03-04T16:47:25.848+0800: 28.230: Total time for which application threads were stopped: 0.0002817 seconds, Stopping threads took: 0.0000388 seconds
2017-03-04T16:47:25.848+0800: 28.230: Total time for which application threads were stopped: 0.0003281 seconds, Stopping threads took: 0.0000510 seconds
2017-03-04T16:47:25.849+0800: 28.231: Total time for which application threads were stopped: 0.0003158 seconds, Stopping threads took: 0.0000315 seconds
2017-03-04T16:47:25.849+0800: 28.231: Total time for which application threads were stopped: 0.0002779 seconds, Stopping threads took: 0.0000348 seconds
2017-03-04T16:47:25.849+0800: 28.231: Total time for which application threads were stopped: 0.0002783 seconds, Stopping threads took: 0.0000335 seconds
2017-03-04T16:47:25.850+0800: 28.232: Total time for which application threads were stopped: 0.0002760 seconds, Stopping threads took: 0.0000335 seconds
2017-03-04T16:47:25.851+0800: 28.233: Total time for which application threads were stopped: 0.0003440 seconds, Stopping threads took: 0.0000501 seconds
2017-03-04T16:47:25.856+0800: 28.238: Total time for which application threads were stopped: 0.0006376 seconds, Stopping threads took: 0.0001196 seconds
2017-03-04T16:47:25.857+0800: 28.239: Total time for which application threads were stopped: 0.0003119 seconds, Stopping threads took: 0.0000424 seconds
2017-03-04T16:47:25.861+0800: 28.243: Total time for which application threads were stopped: 0.0007936 seconds, Stopping threads took: 0.0001724 seconds
2017-03-04T16:47:25.861+0800: 28.244: Total time for which application threads were stopped: 0.0003588 seconds, Stopping threads took: 0.0000524 seconds
2017-03-04T16:47:25.862+0800: 28.244: Total time for which application threads were stopped: 0.0003258 seconds, Stopping threads took: 0.0000448 seconds
2017-03-04T16:47:25.864+0800: 28.246: Total time for which application threads were stopped: 0.0005333 seconds, Stopping threads took: 0.0001020 seconds
2017-03-04T16:47:25.865+0800: 28.247: Total time for which application threads were stopped: 0.0006095 seconds, Stopping threads took: 0.0000788 seconds
2017-03-04T16:47:25.865+0800: 28.248: Total time for which application threads were stopped: 0.0005864 seconds, Stopping threads took: 0.0000768 seconds
2017-03-04T16:47:25.867+0800: 28.249: Total time for which application threads were stopped: 0.0005233 seconds, Stopping threads took: 0.0000948 seconds
2017-03-04T16:47:25.868+0800: 28.250: Total time for which application threads were stopped: 0.0004733 seconds, Stopping threads took: 0.0000670 seconds
2017-03-04T16:47:25.868+0800: 28.250: Total time for which application threads were stopped: 0.0004510 seconds, Stopping threads took: 0.0000592 seconds
2017-03-04T16:47:25.870+0800: 28.252: Total time for which application threads were stopped: 0.0004733 seconds, Stopping threads took: 0.0000703 seconds
2017-03-04T16:47:25.871+0800: 28.253: Total time for which application threads were stopped: 0.0006966 seconds, Stopping threads took: 0.0001225 seconds
2017-03-04T16:47:25.871+0800: 28.253: Total time for which application threads were stopped: 0.0006109 seconds, Stopping threads took: 0.0000593 seconds
2017-03-04T16:47:25.872+0800: 28.255: Total time for which application threads were stopped: 0.0004122 seconds, Stopping threads took: 0.0000610 seconds
2017-03-04T16:47:25.873+0800: 28.255: Total time for which application threads were stopped: 0.0004281 seconds, Stopping threads took: 0.0000689 seconds
2017-03-04T16:47:25.874+0800: 28.256: Total time for which application threads were stopped: 0.0004877 seconds, Stopping threads took: 0.0000631 seconds
2017-03-04T16:47:25.875+0800: 28.257: Total time for which application threads were stopped: 0.0004149 seconds, Stopping threads took: 0.0000592 seconds
2017-03-04T16:47:25.875+0800: 28.258: Total time for which application threads were stopped: 0.0003661 seconds, Stopping threads took: 0.0000416 seconds
2017-03-04T16:47:25.877+0800: 28.259: Total time for which application threads were stopped: 0.0016554 seconds, Stopping threads took: 0.0000297 seconds
2017-03-04T16:47:25.878+0800: 28.261: Total time for which application threads were stopped: 0.0004952 seconds, Stopping threads took: 0.0001073 seconds
2017-03-04T16:47:25.880+0800: 28.262: Total time for which application threads were stopped: 0.0004494 seconds, Stopping threads took: 0.0000683 seconds
2017-03-04T16:47:25.893+0800: 28.275: Total time for which application threads were stopped: 0.0008069 seconds, Stopping threads took: 0.0001845 seconds
2017-03-04T16:47:25.915+0800: 28.297: Total time for which application threads were stopped: 0.0008709 seconds, Stopping threads took: 0.0001967 seconds
2017-03-04T16:47:25.923+0800: 28.305: Total time for which application threads were stopped: 0.0007577 seconds, Stopping threads took: 0.0001253 seconds
2017-03-04T16:47:25.924+0800: 28.306: Total time for which application threads were stopped: 0.0006637 seconds, Stopping threads took: 0.0001011 seconds
2017-03-04T16:47:25.925+0800: 28.307: Total time for which application threads were stopped: 0.0006143 seconds, Stopping threads took: 0.0000867 seconds
2017-03-04T16:47:25.928+0800: 28.310: Total time for which application threads were stopped: 0.0007618 seconds, Stopping threads took: 0.0001665 seconds
2017-03-04T16:47:25.929+0800: 28.311: Total time for which application threads were stopped: 0.0006149 seconds, Stopping threads took: 0.0000917 seconds
2017-03-04T16:47:25.929+0800: 28.312: Total time for which application threads were stopped: 0.0006132 seconds, Stopping threads took: 0.0001085 seconds
2017-03-04T16:47:25.930+0800: 28.312: Total time for which application threads were stopped: 0.0005145 seconds, Stopping threads took: 0.0000738 seconds
2017-03-04T16:47:25.931+0800: 28.313: Total time for which application threads were stopped: 0.0005265 seconds, Stopping threads took: 0.0001262 seconds
2017-03-04T16:47:25.931+0800: 28.313: Total time for which application threads were stopped: 0.0004627 seconds, Stopping threads took: 0.0000683 seconds
2017-03-04T16:47:25.932+0800: 28.314: Total time for which application threads were stopped: 0.0004622 seconds, Stopping threads took: 0.0000782 seconds
2017-03-04T16:47:25.932+0800: 28.314: Total time for which application threads were stopped: 0.0004333 seconds, Stopping threads took: 0.0000819 seconds
2017-03-04T16:47:25.933+0800: 28.315: Total time for which application threads were stopped: 0.0004363 seconds, Stopping threads took: 0.0000634 seconds
2017-03-04T16:47:25.933+0800: 28.315: Total time for which application threads were stopped: 0.0004104 seconds, Stopping threads took: 0.0000734 seconds
2017-03-04T16:47:25.935+0800: 28.317: Total time for which application threads were stopped: 0.0017827 seconds, Stopping threads took: 0.0000733 seconds
2017-03-04T16:47:25.936+0800: 28.318: Total time for which application threads were stopped: 0.0003702 seconds, Stopping threads took: 0.0000471 seconds
2017-03-04T16:47:25.936+0800: 28.318: Total time for which application threads were stopped: 0.0003617 seconds, Stopping threads took: 0.0000601 seconds
2017-03-04T16:47:25.937+0800: 28.319: Total time for which application threads were stopped: 0.0004025 seconds, Stopping threads took: 0.0000713 seconds
2017-03-04T16:47:25.938+0800: 28.320: Total time for which application threads were stopped: 0.0003960 seconds, Stopping threads took: 0.0000510 seconds
2017-03-04T16:47:25.938+0800: 28.320: Total time for which application threads were stopped: 0.0003966 seconds, Stopping threads took: 0.0000503 seconds
2017-03-04T16:47:25.939+0800: 28.321: Total time for which application threads were stopped: 0.0003811 seconds, Stopping threads took: 0.0000459 seconds
2017-03-04T16:47:25.939+0800: 28.321: Total time for which application threads were stopped: 0.0003735 seconds, Stopping threads took: 0.0000496 seconds
2017-03-04T16:47:25.953+0800: 28.336: Total time for which application threads were stopped: 0.0008250 seconds, Stopping threads took: 0.0001351 seconds
2017-03-04T16:47:25.955+0800: 28.337: Total time for which application threads were stopped: 0.0007632 seconds, Stopping threads took: 0.0001256 seconds
2017-03-04T16:47:25.955+0800: 28.338: Total time for which application threads were stopped: 0.0006402 seconds, Stopping threads took: 0.0001184 seconds
2017-03-04T16:47:25.957+0800: 28.339: Total time for which application threads were stopped: 0.0006541 seconds, Stopping threads took: 0.0000994 seconds
2017-03-04T16:47:25.959+0800: 28.342: Total time for which application threads were stopped: 0.0006737 seconds, Stopping threads took: 0.0001672 seconds
2017-03-04T16:47:26.676+0800: 29.059: Total time for which application threads were stopped: 0.0008077 seconds, Stopping threads took: 0.0001262 seconds
2017-03-04T16:47:26.707+0800: 29.089: Total time for which application threads were stopped: 0.0007322 seconds, Stopping threads took: 0.0001337 seconds
2017-03-04T16:47:26.713+0800: 29.095: Total time for which application threads were stopped: 0.0013772 seconds, Stopping threads took: 0.0001141 seconds
2017-03-04T16:47:26.715+0800: 29.097: Total time for which application threads were stopped: 0.0013586 seconds, Stopping threads took: 0.0000967 seconds
2017-03-04T16:47:26.843+0800: 29.225: Total time for which application threads were stopped: 0.0008236 seconds, Stopping threads took: 0.0001467 seconds
2017-03-04T16:47:27.098+0800: 29.480: Total time for which application threads were stopped: 0.0008326 seconds, Stopping threads took: 0.0001488 seconds
2017-03-04T16:47:27.190+0800: 29.572: Total time for which application threads were stopped: 0.0008551 seconds, Stopping threads took: 0.0001482 seconds
{Heap before GC invocations=16 (full 1):
 par new generation   total 109248K, used 109241K [0x00000000e0000000, 0x00000000e8000000, 0x00000000e8000000)
  eden space 87424K,  99% used [0x00000000e0000000, 0x00000000e555e798, 0x00000000e5560000)
  from space 21824K, 100% used [0x00000000e5560000, 0x00000000e6ab0000, 0x00000000e6ab0000)
  to   space 21824K,   0% used [0x00000000e6ab0000, 0x00000000e6ab0000, 0x00000000e8000000)
 concurrent mark-sweep generation total 393216K, used 34631K [0x00000000e8000000, 0x0000000100000000, 0x0000000100000000)
 Metaspace       used 39475K, capacity 40408K, committed 40744K, reserved 1085440K
  class space    used 4590K, capacity 4842K, committed 4960K, reserved 1048576K
2017-03-04T16:47:27.324+0800: 29.706: [GC (Allocation Failure) 2017-03-04T16:47:27.324+0800: 29.706: [ParNew
Desired survivor size 20112992 bytes, new threshold 7 (max 8)
- age   1:    6609104 bytes,    6609104 total
- age   2:    2452464 bytes,    9061568 total
- age   3:     268760 bytes,    9330328 total
- age   4:    2361640 bytes,   11691968 total
- age   5:      49840 bytes,   11741808 total
- age   6:    7146344 bytes,   18888152 total
- age   7:    2493824 bytes,   21381976 total
: 109241K->21824K(109248K), 0.0185169 secs] 143873K->60624K(502464K), 0.0189163 secs] [Times: user=0.10 sys=0.00, real=0.02 secs] 
Heap after GC invocations=17 (full 1):
 par new generation   total 109248K, used 21824K [0x00000000e0000000, 0x00000000e8000000, 0x00000000e8000000)
  eden space 87424K,   0% used [0x00000000e0000000, 0x00000000e0000000, 0x00000000e5560000)
  from space 21824K, 100% used [0x00000000e6ab0000, 0x00000000e8000000, 0x00000000e8000000)
  to   space 21824K,   0% used [0x00000000e5560000, 0x00000000e5560000, 0x00000000e6ab0000)
 concurrent mark-sweep generation total 393216K, used 38800K [0x00000000e8000000, 0x0000000100000000, 0x0000000100000000)
 Metaspace       used 39475K, capacity 40408K, committed 40744K, reserved 1085440K
  class space    used 4590K, capacity 4842K, committed 4960K, reserved 1048576K
}
2017-03-04T16:47:27.343+0800: 29.725: Total time for which application threads were stopped: 0.0199981 seconds, Stopping threads took: 0.0001464 seconds
2017-03-04T16:47:27.398+0800: 29.780: Total time for which application threads were stopped: 0.0010921 seconds, Stopping threads took: 0.0001878 seconds
2017-03-04T16:47:27.399+0800: 29.781: Total time for which application threads were stopped: 0.0009502 seconds, Stopping threads took: 0.0001276 seconds
2017-03-04T16:47:27.400+0800: 29.782: Total time for which application threads were stopped: 0.0008916 seconds, Stopping threads took: 0.0001330 seconds
2017-03-04T16:47:27.401+0800: 29.783: Total time for which application threads were stopped: 0.0008799 seconds, Stopping threads took: 0.0001129 seconds
2017-03-04T16:47:28.146+0800: 30.529: Total time for which application threads were stopped: 0.0010671 seconds, Stopping threads took: 0.0001812 seconds
2017-03-04T16:47:28.211+0800: 30.594: Total time for which application threads were stopped: 0.0008577 seconds, Stopping threads took: 0.0001924 seconds
2017-03-04T16:47:28.271+0800: 30.653: Total time for which application threads were stopped: 0.0007914 seconds, Stopping threads took: 0.0001330 seconds
2017-03-04T16:47:28.306+0800: 30.688: Total time for which application threads were stopped: 0.0008126 seconds, Stopping threads took: 0.0001432 seconds
2017-03-04T16:47:28.312+0800: 30.694: Total time for which application threads were stopped: 0.0008034 seconds, Stopping threads took: 0.0001496 seconds
2017-03-04T16:47:28.330+0800: 30.712: Total time for which application threads were stopped: 0.0008222 seconds, Stopping threads took: 0.0001687 seconds
2017-03-04T16:47:28.333+0800: 30.716: Total time for which application threads were stopped: 0.0007615 seconds, Stopping threads took: 0.0001355 seconds
2017-03-04T16:47:28.335+0800: 30.717: Total time for which application threads were stopped: 0.0006999 seconds, Stopping threads took: 0.0001177 seconds
2017-03-04T16:47:28.343+0800: 30.725: Total time for which application threads were stopped: 0.0007989 seconds, Stopping threads took: 0.0001440 seconds
2017-03-04T16:47:28.380+0800: 30.762: Total time for which application threads were stopped: 0.0008229 seconds, Stopping threads took: 0.0001341 seconds
2017-03-04T16:47:28.393+0800: 30.776: Total time for which application threads were stopped: 0.0007700 seconds, Stopping threads took: 0.0001488 seconds
2017-03-04T16:47:28.409+0800: 30.792: Total time for which application threads were stopped: 0.0008426 seconds, Stopping threads took: 0.0001671 seconds
2017-03-04T16:47:28.420+0800: 30.802: Total time for which application threads were stopped: 0.0008477 seconds, Stopping threads took: 0.0001479 seconds
2017-03-04T16:47:28.480+0800: 30.862: Total time for which application threads were stopped: 0.0008559 seconds, Stopping threads took: 0.0001415 seconds
2017-03-04T16:47:28.526+0800: 30.909: Total time for which application threads were stopped: 0.0007905 seconds, Stopping threads took: 0.0001553 seconds
2017-03-04T16:47:28.528+0800: 30.911: Total time for which application threads were stopped: 0.0007741 seconds, Stopping threads took: 0.0001345 seconds
2017-03-04T16:47:28.529+0800: 30.911: Total time for which application threads were stopped: 0.0007064 seconds, Stopping threads took: 0.0001344 seconds
2017-03-04T16:47:28.530+0800: 30.912: Total time for which application threads were stopped: 0.0006330 seconds, Stopping threads took: 0.0000975 seconds
2017-03-04T16:47:28.531+0800: 30.913: Total time for which application threads were stopped: 0.0005941 seconds, Stopping threads took: 0.0000858 seconds
2017-03-04T16:47:29.284+0800: 31.666: Total time for which application threads were stopped: 0.0008175 seconds, Stopping threads took: 0.0001554 seconds
2017-03-04T16:47:29.289+0800: 31.671: Total time for which application threads were stopped: 0.0010484 seconds, Stopping threads took: 0.0001414 seconds
2017-03-04T16:47:29.291+0800: 31.674: Total time for which application threads were stopped: 0.0009744 seconds, Stopping threads took: 0.0001454 seconds
2017-03-04T16:47:29.300+0800: 31.682: Total time for which application threads were stopped: 0.0008417 seconds, Stopping threads took: 0.0001827 seconds
2017-03-04T16:47:29.302+0800: 31.684: Total time for which application threads were stopped: 0.0007467 seconds, Stopping threads took: 0.0001096 seconds
2017-03-04T16:47:29.307+0800: 31.689: Total time for which application threads were stopped: 0.0007582 seconds, Stopping threads took: 0.0001421 seconds
2017-03-04T16:47:29.310+0800: 31.692: Total time for which application threads were stopped: 0.0009985 seconds, Stopping threads took: 0.0001385 seconds
2017-03-04T16:47:29.318+0800: 31.701: Total time for which application threads were stopped: 0.0024142 seconds, Stopping threads took: 0.0001520 seconds
{Heap before GC invocations=17 (full 1):
 par new generation   total 109248K, used 109248K [0x00000000e0000000, 0x00000000e8000000, 0x00000000e8000000)
  eden space 87424K, 100% used [0x00000000e0000000, 0x00000000e5560000, 0x00000000e5560000)
  from space 21824K, 100% used [0x00000000e6ab0000, 0x00000000e8000000, 0x00000000e8000000)
  to   space 21824K,   0% used [0x00000000e5560000, 0x00000000e5560000, 0x00000000e6ab0000)
 concurrent mark-sweep generation total 393216K, used 38800K [0x00000000e8000000, 0x0000000100000000, 0x0000000100000000)
 Metaspace       used 39627K, capacity 40536K, committed 40744K, reserved 1085440K
  class space    used 4595K, capacity 4842K, committed 4960K, reserved 1048576K
2017-03-04T16:47:29.367+0800: 31.750: [GC (Allocation Failure) 2017-03-04T16:47:29.368+0800: 31.750: [ParNew
Desired survivor size 20112992 bytes, new threshold 8 (max 8)
- age   1:    2874424 bytes,    2874424 total
- age   2:    4715896 bytes,    7590320 total
- age   3:    2051888 bytes,    9642208 total
- age   4:     258904 bytes,    9901112 total
- age   5:    2334448 bytes,   12235560 total
- age   6:      29448 bytes,   12265008 total
- age   7:    6577352 bytes,   18842360 total
: 109248K->21824K(109248K), 0.0160009 secs] 148048K->65103K(502464K), 0.0163208 secs] [Times: user=0.08 sys=0.00, real=0.01 secs] 
Heap after GC invocations=18 (full 1):
 par new generation   total 109248K, used 21824K [0x00000000e0000000, 0x00000000e8000000, 0x00000000e8000000)
  eden space 87424K,   0% used [0x00000000e0000000, 0x00000000e0000000, 0x00000000e5560000)
  from space 21824K, 100% used [0x00000000e5560000, 0x00000000e6ab0000, 0x00000000e6ab0000)
  to   space 21824K,   0% used [0x00000000e6ab0000, 0x00000000e6ab0000, 0x00000000e8000000)
 concurrent mark-sweep generation total 393216K, used 43279K [0x00000000e8000000, 0x0000000100000000, 0x0000000100000000)
 Metaspace       used 39627K, capacity 40536K, committed 40744K, reserved 1085440K
  class space    used 4595K, capacity 4842K, committed 4960K, reserved 1048576K
}
2017-03-04T16:47:29.384+0800: 31.766: Total time for which application threads were stopped: 0.0174668 seconds, Stopping threads took: 0.0001506 seconds
2017-03-04T16:47:29.474+0800: 31.857: Total time for which application threads were stopped: 0.0008715 seconds, Stopping threads took: 0.0001508 seconds
2017-03-04T16:47:29.476+0800: 31.858: Total time for which application threads were stopped: 0.0008133 seconds, Stopping threads took: 0.0001592 seconds
2017-03-04T16:47:29.510+0800: 31.892: Total time for which application threads were stopped: 0.0010277 seconds, Stopping threads took: 0.0001507 seconds
2017-03-04T16:47:29.512+0800: 31.894: Total time for which application threads were stopped: 0.0008298 seconds, Stopping threads took: 0.0001497 seconds
2017-03-04T16:47:29.512+0800: 31.895: Total time for which application threads were stopped: 0.0007099 seconds, Stopping threads took: 0.0001673 seconds
2017-03-04T16:47:29.513+0800: 31.895: Total time for which application threads were stopped: 0.0006536 seconds, Stopping threads took: 0.0001149 seconds
2017-03-04T16:47:29.514+0800: 31.896: Total time for which application threads were stopped: 0.0006034 seconds, Stopping threads took: 0.0000945 seconds
2017-03-04T16:47:30.403+0800: 32.785: Total time for which application threads were stopped: 0.0010304 seconds, Stopping threads took: 0.0001481 seconds
2017-03-04T16:47:30.405+0800: 32.787: Total time for which application threads were stopped: 0.0009266 seconds, Stopping threads took: 0.0001410 seconds
2017-03-04T16:47:30.439+0800: 32.822: Total time for which application threads were stopped: 0.0007219 seconds, Stopping threads took: 0.0001366 seconds
2017-03-04T16:47:30.441+0800: 32.823: Total time for which application threads were stopped: 0.0007018 seconds, Stopping threads took: 0.0001308 seconds
2017-03-04T16:47:30.442+0800: 32.824: Total time for which application threads were stopped: 0.0004131 seconds, Stopping threads took: 0.0000412 seconds
2017-03-04T16:47:30.442+0800: 32.824: Total time for which application threads were stopped: 0.0004706 seconds, Stopping threads took: 0.0001060 seconds
{Heap before GC invocations=18 (full 1):
 par new generation   total 109248K, used 109248K [0x00000000e0000000, 0x00000000e8000000, 0x00000000e8000000)
  eden space 87424K, 100% used [0x00000000e0000000, 0x00000000e5560000, 0x00000000e5560000)
  from space 21824K, 100% used [0x00000000e5560000, 0x00000000e6ab0000, 0x00000000e6ab0000)
  to   space 21824K,   0% used [0x00000000e6ab0000, 0x00000000e6ab0000, 0x00000000e8000000)
 concurrent mark-sweep generation total 393216K, used 43279K [0x00000000e8000000, 0x0000000100000000, 0x0000000100000000)
 Metaspace       used 39683K, capacity 40536K, committed 40744K, reserved 1085440K
  class space    used 4595K, capacity 4842K, committed 4960K, reserved 1048576K
2017-03-04T16:47:31.261+0800: 33.644: [GC (Allocation Failure) 2017-03-04T16:47:31.261+0800: 33.644: [ParNew
Desired survivor size 20112992 bytes, new threshold 8 (max 8)
- age   1:    3746168 bytes,    3746168 total
- age   2:    1726656 bytes,    5472824 total
- age   3:    4267496 bytes,    9740320 total
- age   4:    1985280 bytes,   11725600 total
- age   5:     254408 bytes,   11980008 total
- age   6:    2334048 bytes,   14314056 total
- age   7:      29448 bytes,   14343504 total
- age   8:    6527616 bytes,   20871120 total
: 109248K->21824K(109248K), 0.0149369 secs] 152527K->65610K(502464K), 0.0152316 secs] [Times: user=0.05 sys=0.00, real=0.02 secs] 
Heap after GC invocations=19 (full 1):
 par new generation   total 109248K, used 21824K [0x00000000e0000000, 0x00000000e8000000, 0x00000000e8000000)
  eden space 87424K,   0% used [0x00000000e0000000, 0x00000000e0000000, 0x00000000e5560000)
  from space 21824K, 100% used [0x00000000e6ab0000, 0x00000000e8000000, 0x00000000e8000000)
  to   space 21824K,   0% used [0x00000000e5560000, 0x00000000e5560000, 0x00000000e6ab0000)
 concurrent mark-sweep generation total 393216K, used 43786K [0x00000000e8000000, 0x0000000100000000, 0x0000000100000000)
 Metaspace       used 39683K, capacity 40536K, committed 40744K, reserved 1085440K
  class space    used 4595K, capacity 4842K, committed 4960K, reserved 1048576K
}
2017-03-04T16:47:31.277+0800: 33.659: Total time for which application threads were stopped: 0.0161138 seconds, Stopping threads took: 0.0001310 seconds
2017-03-04T16:47:31.394+0800: 33.777: Total time for which application threads were stopped: 0.0008334 seconds, Stopping threads took: 0.0001466 seconds
2017-03-04T16:47:31.396+0800: 33.778: Total time for which application threads were stopped: 0.0007980 seconds, Stopping threads took: 0.0001713 seconds
2017-03-04T16:47:31.429+0800: 33.811: Total time for which application threads were stopped: 0.0009208 seconds, Stopping threads took: 0.0001767 seconds
2017-03-04T16:47:31.430+0800: 33.812: Total time for which application threads were stopped: 0.0007330 seconds, Stopping threads took: 0.0001238 seconds
2017-03-04T16:47:31.432+0800: 33.814: Total time for which application threads were stopped: 0.0008506 seconds, Stopping threads took: 0.0001889 seconds
2017-03-04T16:47:31.433+0800: 33.815: Total time for which application threads were stopped: 0.0008569 seconds, Stopping threads took: 0.0001705 seconds
2017-03-04T16:47:31.435+0800: 33.817: Total time for which application threads were stopped: 0.0008211 seconds, Stopping threads took: 0.0001698 seconds
2017-03-04T16:47:32.436+0800: 34.818: Total time for which application threads were stopped: 0.0011653 seconds, Stopping threads took: 0.0002367 seconds
{Heap before GC invocations=19 (full 1):
 par new generation   total 109248K, used 109248K [0x00000000e0000000, 0x00000000e8000000, 0x00000000e8000000)
  eden space 87424K, 100% used [0x00000000e0000000, 0x00000000e5560000, 0x00000000e5560000)
  from space 21824K, 100% used [0x00000000e6ab0000, 0x00000000e8000000, 0x00000000e8000000)
  to   space 21824K,   0% used [0x00000000e5560000, 0x00000000e5560000, 0x00000000e6ab0000)
 concurrent mark-sweep generation total 393216K, used 43786K [0x00000000e8000000, 0x0000000100000000, 0x0000000100000000)
 Metaspace       used 39721K, capacity 40664K, committed 41000K, reserved 1085440K
  class space    used 4595K, capacity 4842K, committed 4960K, reserved 1048576K
2017-03-04T16:47:32.462+0800: 34.844: [GC (Allocation Failure) 2017-03-04T16:47:32.462+0800: 34.844: [ParNew
Desired survivor size 20112992 bytes, new threshold 8 (max 8)
- age   1:    3398384 bytes,    3398384 total
- age   2:    2459128 bytes,    5857512 total
- age   3:    1658752 bytes,    7516264 total
- age   4:    4254056 bytes,   11770320 total
- age   5:    1985240 bytes,   13755560 total
- age   6:     254408 bytes,   14009968 total
- age   7:    2334048 bytes,   16344016 total
- age   8:      29448 bytes,   16373464 total
: 109248K->21824K(109248K), 0.0194671 secs] 153034K->72035K(502464K), 0.0199034 secs] [Times: user=0.06 sys=0.00, real=0.02 secs] 
Heap after GC invocations=20 (full 1):
 par new generation   total 109248K, used 21824K [0x00000000e0000000, 0x00000000e8000000, 0x00000000e8000000)
  eden space 87424K,   0% used [0x00000000e0000000, 0x00000000e0000000, 0x00000000e5560000)
  from space 21824K, 100% used [0x00000000e5560000, 0x00000000e6ab0000, 0x00000000e6ab0000)
  to   space 21824K,   0% used [0x00000000e6ab0000, 0x00000000e6ab0000, 0x00000000e8000000)
 concurrent mark-sweep generation total 393216K, used 50211K [0x00000000e8000000, 0x0000000100000000, 0x0000000100000000)
 Metaspace       used 39721K, capacity 40664K, committed 41000K, reserved 1085440K
  class space    used 4595K, capacity 4842K, committed 4960K, reserved 1048576K
}
2017-03-04T16:47:32.482+0800: 34.864: Total time for which application threads were stopped: 0.0211581 seconds, Stopping threads took: 0.0001778 seconds
2017-03-04T16:47:32.532+0800: 34.914: Total time for which application threads were stopped: 0.0011442 seconds, Stopping threads took: 0.0002369 seconds
2017-03-04T16:47:32.535+0800: 34.917: Total time for which application threads were stopped: 0.0010744 seconds, Stopping threads took: 0.0001986 seconds
2017-03-04T16:47:32.583+0800: 34.965: Total time for which application threads were stopped: 0.0011025 seconds, Stopping threads took: 0.0001804 seconds
2017-03-04T16:47:32.584+0800: 34.966: Total time for which application threads were stopped: 0.0011538 seconds, Stopping threads took: 0.0003236 seconds
2017-03-04T16:47:32.585+0800: 34.967: Total time for which application threads were stopped: 0.0009701 seconds, Stopping threads took: 0.0001748 seconds
2017-03-04T16:47:32.587+0800: 34.970: Total time for which application threads were stopped: 0.0009325 seconds, Stopping threads took: 0.0001400 seconds
2017-03-04T16:47:32.588+0800: 34.970: Total time for which application threads were stopped: 0.0008613 seconds, Stopping threads took: 0.0001183 seconds
2017-03-04T16:47:32.589+0800: 34.971: Total time for which application threads were stopped: 0.0008857 seconds, Stopping threads took: 0.0001462 seconds
2017-03-04T16:47:32.591+0800: 34.973: Total time for which application threads were stopped: 0.0013541 seconds, Stopping threads took: 0.0001399 seconds
2017-03-04T16:47:34.207+0800: 36.589: Total time for which application threads were stopped: 0.0009937 seconds, Stopping threads took: 0.0001746 seconds
2017-03-04T16:47:34.210+0800: 36.592: Total time for which application threads were stopped: 0.0010035 seconds, Stopping threads took: 0.0001540 seconds
2017-03-04T16:47:34.267+0800: 36.649: Total time for which application threads were stopped: 0.0011121 seconds, Stopping threads took: 0.0002265 seconds
2017-03-04T16:47:34.269+0800: 36.651: Total time for which application threads were stopped: 0.0011059 seconds, Stopping threads took: 0.0001528 seconds
2017-03-04T16:47:34.270+0800: 36.652: Total time for which application threads were stopped: 0.0009351 seconds, Stopping threads took: 0.0001373 seconds
2017-03-04T16:47:34.271+0800: 36.653: Total time for which application threads were stopped: 0.0009848 seconds, Stopping threads took: 0.0002016 seconds
2017-03-04T16:47:34.272+0800: 36.654: Total time for which application threads were stopped: 0.0008737 seconds, Stopping threads took: 0.0001097 seconds
2017-03-04T16:47:35.273+0800: 37.656: Total time for which application threads were stopped: 0.0010219 seconds, Stopping threads took: 0.0001921 seconds
{Heap before GC invocations=20 (full 1):
 par new generation   total 109248K, used 109248K [0x00000000e0000000, 0x00000000e8000000, 0x00000000e8000000)
  eden space 87424K, 100% used [0x00000000e0000000, 0x00000000e5560000, 0x00000000e5560000)
  from space 21824K, 100% used [0x00000000e5560000, 0x00000000e6ab0000, 0x00000000e6ab0000)
  to   space 21824K,   0% used [0x00000000e6ab0000, 0x00000000e6ab0000, 0x00000000e8000000)
 concurrent mark-sweep generation total 393216K, used 50211K [0x00000000e8000000, 0x0000000100000000, 0x0000000100000000)
 Metaspace       used 39747K, capacity 40664K, committed 41000K, reserved 1085440K
  class space    used 4595K, capacity 4842K, committed 4960K, reserved 1048576K
2017-03-04T16:47:35.737+0800: 38.119: [GC (Allocation Failure) 2017-03-04T16:47:35.737+0800: 38.120: [ParNew
Desired survivor size 20112992 bytes, new threshold 8 (max 8)
- age   1:    3492552 bytes,    3492552 total
- age   2:    1355568 bytes,    4848120 total
- age   3:    2390112 bytes,    7238232 total
- age   4:    1658032 bytes,    8896264 total
- age   5:    4253112 bytes,   13149376 total
- age   6:    1837176 bytes,   14986552 total
- age   7:     245080 bytes,   15231632 total
- age   8:    2314184 bytes,   17545816 total
: 109248K->21824K(109248K), 0.0160293 secs] 159459K->72258K(502464K), 0.0163562 secs] [Times: user=0.04 sys=0.00, real=0.02 secs] 
Heap after GC invocations=21 (full 1):
 par new generation   total 109248K, used 21824K [0x00000000e0000000, 0x00000000e8000000, 0x00000000e8000000)
  eden space 87424K,   0% used [0x00000000e0000000, 0x00000000e0000000, 0x00000000e5560000)
  from space 21824K, 100% used [0x00000000e6ab0000, 0x00000000e8000000, 0x00000000e8000000)
  to   space 21824K,   0% used [0x00000000e5560000, 0x00000000e5560000, 0x00000000e6ab0000)
 concurrent mark-sweep generation total 393216K, used 50434K [0x00000000e8000000, 0x0000000100000000, 0x0000000100000000)
 Metaspace       used 39747K, capacity 40664K, committed 41000K, reserved 1085440K
  class space    used 4595K, capacity 4842K, committed 4960K, reserved 1048576K
}
2017-03-04T16:47:35.754+0800: 38.136: Total time for which application threads were stopped: 0.0176175 seconds, Stopping threads took: 0.0001579 seconds
2017-03-04T16:47:35.892+0800: 38.274: Total time for which application threads were stopped: 0.0014870 seconds, Stopping threads took: 0.0001872 seconds
2017-03-04T16:47:35.895+0800: 38.277: Total time for which application threads were stopped: 0.0013294 seconds, Stopping threads took: 0.0001428 seconds
2017-03-04T16:47:35.938+0800: 38.320: Total time for which application threads were stopped: 0.0012384 seconds, Stopping threads took: 0.0001663 seconds
2017-03-04T16:47:35.939+0800: 38.321: Total time for which application threads were stopped: 0.0010984 seconds, Stopping threads took: 0.0000966 seconds
2017-03-04T16:47:35.942+0800: 38.324: Total time for which application threads were stopped: 0.0010730 seconds, Stopping threads took: 0.0002156 seconds
2017-03-04T16:47:35.943+0800: 38.326: Total time for which application threads were stopped: 0.0009981 seconds, Stopping threads took: 0.0001912 seconds
2017-03-04T16:47:35.944+0800: 38.326: Total time for which application threads were stopped: 0.0009006 seconds, Stopping threads took: 0.0001519 seconds
2017-03-04T16:47:35.945+0800: 38.328: Total time for which application threads were stopped: 0.0008897 seconds, Stopping threads took: 0.0001425 seconds
2017-03-04T16:47:36.947+0800: 39.329: Total time for which application threads were stopped: 0.0011049 seconds, Stopping threads took: 0.0001742 seconds
2017-03-04T16:47:37.950+0800: 40.332: Total time for which application threads were stopped: 0.0035317 seconds, Stopping threads took: 0.0020491 seconds
{Heap before GC invocations=21 (full 1):
 par new generation   total 109248K, used 109233K [0x00000000e0000000, 0x00000000e8000000, 0x00000000e8000000)
  eden space 87424K,  99% used [0x00000000e0000000, 0x00000000e555c550, 0x00000000e5560000)
  from space 21824K, 100% used [0x00000000e6ab0000, 0x00000000e8000000, 0x00000000e8000000)
  to   space 21824K,   0% used [0x00000000e5560000, 0x00000000e5560000, 0x00000000e6ab0000)
 concurrent mark-sweep generation total 393216K, used 50434K [0x00000000e8000000, 0x0000000100000000, 0x0000000100000000)
 Metaspace       used 39770K, capacity 40664K, committed 41000K, reserved 1085440K
  class space    used 4595K, capacity 4842K, committed 4960K, reserved 1048576K
2017-03-04T16:47:38.071+0800: 40.453: [GC (Allocation Failure) 2017-03-04T16:47:38.072+0800: 40.454: [ParNew
Desired survivor size 20112992 bytes, new threshold 8 (max 8)
- age   1:    3586360 bytes,    3586360 total
- age   2:    1524824 bytes,    5111184 total
- age   3:    1272704 bytes,    6383888 total
- age   4:    2388528 bytes,    8772416 total
- age   5:    1657256 bytes,   10429672 total
- age   6:    3823112 bytes,   14252784 total
- age   7:    1823424 bytes,   16076208 total
- age   8:     243016 bytes,   16319224 total
: 109233K->21824K(109248K), 0.0300188 secs] 159668K->75070K(502464K), 0.0306725 secs] [Times: user=0.14 sys=0.00, real=0.03 secs] 
Heap after GC invocations=22 (full 1):
 par new generation   total 109248K, used 21824K [0x00000000e0000000, 0x00000000e8000000, 0x00000000e8000000)
  eden space 87424K,   0% used [0x00000000e0000000, 0x00000000e0000000, 0x00000000e5560000)
  from space 21824K, 100% used [0x00000000e5560000, 0x00000000e6ab0000, 0x00000000e6ab0000)
  to   space 21824K,   0% used [0x00000000e6ab0000, 0x00000000e6ab0000, 0x00000000e8000000)
 concurrent mark-sweep generation total 393216K, used 53246K [0x00000000e8000000, 0x0000000100000000, 0x0000000100000000)
 Metaspace       used 39770K, capacity 40664K, committed 41000K, reserved 1085440K
  class space    used 4595K, capacity 4842K, committed 4960K, reserved 1048576K
}
2017-03-04T16:47:38.102+0800: 40.484: Total time for which application threads were stopped: 0.0328364 seconds, Stopping threads took: 0.0002220 seconds
2017-03-04T16:47:38.126+0800: 40.508: Total time for which application threads were stopped: 0.0017668 seconds, Stopping threads took: 0.0001944 seconds
2017-03-04T16:47:38.133+0800: 40.515: Total time for which application threads were stopped: 0.0017552 seconds, Stopping threads took: 0.0001824 seconds
2017-03-04T16:47:38.218+0800: 40.601: Total time for which application threads were stopped: 0.0019107 seconds, Stopping threads took: 0.0002929 seconds
2017-03-04T16:47:38.220+0800: 40.602: Total time for which application threads were stopped: 0.0013380 seconds, Stopping threads took: 0.0001036 seconds
2017-03-04T16:47:38.221+0800: 40.603: Total time for which application threads were stopped: 0.0013209 seconds, Stopping threads took: 0.0001002 seconds
2017-03-04T16:47:38.229+0800: 40.611: Total time for which application threads were stopped: 0.0018596 seconds, Stopping threads took: 0.0002634 seconds
2017-03-04T16:47:38.231+0800: 40.613: Total time for which application threads were stopped: 0.0014422 seconds, Stopping threads took: 0.0001374 seconds
2017-03-04T16:47:38.234+0800: 40.616: Total time for which application threads were stopped: 0.0034337 seconds, Stopping threads took: 0.0020219 seconds
2017-03-04T16:47:38.236+0800: 40.618: Total time for which application threads were stopped: 0.0014987 seconds, Stopping threads took: 0.0001292 seconds
2017-03-04T16:47:38.238+0800: 40.620: Total time for which application threads were stopped: 0.0011388 seconds, Stopping threads took: 0.0001782 seconds
2017-03-04T16:47:39.240+0800: 41.622: Total time for which application threads were stopped: 0.0017466 seconds, Stopping threads took: 0.0002033 seconds
2017-03-04T16:47:40.241+0800: 42.624: Total time for which application threads were stopped: 0.0012338 seconds, Stopping threads took: 0.0002729 seconds
2017-03-04T16:47:40.292+0800: 42.674: Total time for which application threads were stopped: 0.0016876 seconds, Stopping threads took: 0.0001929 seconds
2017-03-04T16:47:40.376+0800: 42.758: Total time for which application threads were stopped: 0.0011357 seconds, Stopping threads took: 0.0001825 seconds
2017-03-04T16:47:40.379+0800: 42.761: Total time for which application threads were stopped: 0.0010925 seconds, Stopping threads took: 0.0001885 seconds
2017-03-04T16:47:40.430+0800: 42.812: Total time for which application threads were stopped: 0.0012735 seconds, Stopping threads took: 0.0002533 seconds
2017-03-04T16:47:40.432+0800: 42.814: Total time for which application threads were stopped: 0.0010935 seconds, Stopping threads took: 0.0001819 seconds
2017-03-04T16:47:40.440+0800: 42.822: Total time for which application threads were stopped: 0.0079489 seconds, Stopping threads took: 0.0044065 seconds
2017-03-04T16:47:40.448+0800: 42.830: Total time for which application threads were stopped: 0.0014280 seconds, Stopping threads took: 0.0003768 seconds
2017-03-04T16:47:40.450+0800: 42.832: Total time for which application threads were stopped: 0.0013808 seconds, Stopping threads took: 0.0002806 seconds
2017-03-04T16:47:40.451+0800: 42.834: Total time for which application threads were stopped: 0.0016172 seconds, Stopping threads took: 0.0002188 seconds
2017-03-04T16:47:40.454+0800: 42.836: Total time for which application threads were stopped: 0.0017393 seconds, Stopping threads took: 0.0002732 seconds
2017-03-04T16:47:40.459+0800: 42.841: Total time for which application threads were stopped: 0.0013265 seconds, Stopping threads took: 0.0002235 seconds
2017-03-04T16:47:40.489+0800: 42.871: Total time for which application threads were stopped: 0.0011494 seconds, Stopping threads took: 0.0002091 seconds
2017-03-04T16:47:40.527+0800: 42.909: Total time for which application threads were stopped: 0.0011315 seconds, Stopping threads took: 0.0002264 seconds
2017-03-04T16:47:40.565+0800: 42.948: Total time for which application threads were stopped: 0.0012312 seconds, Stopping threads took: 0.0001825 seconds
2017-03-04T16:47:40.601+0800: 42.983: Total time for which application threads were stopped: 0.0011567 seconds, Stopping threads took: 0.0001841 seconds
2017-03-04T16:47:40.642+0800: 43.024: Total time for which application threads were stopped: 0.0015975 seconds, Stopping threads took: 0.0002210 seconds
2017-03-04T16:47:40.692+0800: 43.074: Total time for which application threads were stopped: 0.0016866 seconds, Stopping threads took: 0.0002178 seconds
2017-03-04T16:47:40.784+0800: 43.166: Total time for which application threads were stopped: 0.0013393 seconds, Stopping threads took: 0.0002340 seconds
2017-03-04T16:47:40.796+0800: 43.178: Total time for which application threads were stopped: 0.0012346 seconds, Stopping threads took: 0.0001854 seconds
2017-03-04T16:47:40.849+0800: 43.231: Total time for which application threads were stopped: 0.0020474 seconds, Stopping threads took: 0.0002161 seconds
2017-03-04T16:47:40.885+0800: 43.267: Total time for which application threads were stopped: 0.0017258 seconds, Stopping threads took: 0.0001841 seconds
2017-03-04T16:47:40.919+0800: 43.301: Total time for which application threads were stopped: 0.0025078 seconds, Stopping threads took: 0.0001751 seconds
2017-03-04T16:47:40.924+0800: 43.306: Total time for which application threads were stopped: 0.0011572 seconds, Stopping threads took: 0.0001866 seconds
2017-03-04T16:47:40.926+0800: 43.309: Total time for which application threads were stopped: 0.0011090 seconds, Stopping threads took: 0.0001955 seconds
2017-03-04T16:47:40.931+0800: 43.313: Total time for which application threads were stopped: 0.0040160 seconds, Stopping threads took: 0.0001680 seconds
{Heap before GC invocations=22 (full 1):
 par new generation   total 109248K, used 109221K [0x00000000e0000000, 0x00000000e8000000, 0x00000000e8000000)
  eden space 87424K,  99% used [0x00000000e0000000, 0x00000000e5559558, 0x00000000e5560000)
  from space 21824K, 100% used [0x00000000e5560000, 0x00000000e6ab0000, 0x00000000e6ab0000)
  to   space 21824K,   0% used [0x00000000e6ab0000, 0x00000000e6ab0000, 0x00000000e8000000)
 concurrent mark-sweep generation total 393216K, used 53246K [0x00000000e8000000, 0x0000000100000000, 0x0000000100000000)
 Metaspace       used 40053K, capacity 40952K, committed 41256K, reserved 1085440K
  class space    used 4627K, capacity 4874K, committed 4960K, reserved 1048576K
2017-03-04T16:47:41.573+0800: 43.955: [GC (Allocation Failure) 2017-03-04T16:47:41.573+0800: 43.956: [ParNew
Desired survivor size 20112992 bytes, new threshold 8 (max 8)
- age   1:    1751040 bytes,    1751040 total
- age   2:    1581880 bytes,    3332920 total
- age   3:    1456192 bytes,    4789112 total
- age   4:    1272584 bytes,    6061696 total
- age   5:    2388368 bytes,    8450064 total
- age   6:    1656040 bytes,   10106104 total
- age   7:    3822984 bytes,   13929088 total
- age   8:    1823424 bytes,   15752512 total
: 109221K->19752K(109248K), 0.0195985 secs] 162468K->73239K(502464K), 0.0200093 secs] [Times: user=0.07 sys=0.00, real=0.02 secs] 
Heap after GC invocations=23 (full 1):
 par new generation   total 109248K, used 19752K [0x00000000e0000000, 0x00000000e8000000, 0x00000000e8000000)
  eden space 87424K,   0% used [0x00000000e0000000, 0x00000000e0000000, 0x00000000e5560000)
  from space 21824K,  90% used [0x00000000e6ab0000, 0x00000000e7dfa180, 0x00000000e8000000)
  to   space 21824K,   0% used [0x00000000e5560000, 0x00000000e5560000, 0x00000000e6ab0000)
 concurrent mark-sweep generation total 393216K, used 53487K [0x00000000e8000000, 0x0000000100000000, 0x0000000100000000)
 Metaspace       used 40053K, capacity 40952K, committed 41256K, reserved 1085440K
  class space    used 4627K, capacity 4874K, committed 4960K, reserved 1048576K
}
2017-03-04T16:47:41.593+0800: 43.976: Total time for which application threads were stopped: 0.0214392 seconds, Stopping threads took: 0.0001995 seconds
2017-03-04T16:47:41.597+0800: 43.980: Total time for which application threads were stopped: 0.0037866 seconds, Stopping threads took: 0.0002435 seconds
{Heap before GC invocations=23 (full 1):
 par new generation   total 109248K, used 107176K [0x00000000e0000000, 0x00000000e8000000, 0x00000000e8000000)
  eden space 87424K, 100% used [0x00000000e0000000, 0x00000000e5560000, 0x00000000e5560000)
  from space 21824K,  90% used [0x00000000e6ab0000, 0x00000000e7dfa180, 0x00000000e8000000)
  to   space 21824K,   0% used [0x00000000e5560000, 0x00000000e5560000, 0x00000000e6ab0000)
 concurrent mark-sweep generation total 393216K, used 53487K [0x00000000e8000000, 0x0000000100000000, 0x0000000100000000)
 Metaspace       used 40071K, capacity 40954K, committed 41256K, reserved 1085440K
  class space    used 4628K, capacity 4875K, committed 4960K, reserved 1048576K
2017-03-04T16:47:42.272+0800: 44.655: [GC (Allocation Failure) 2017-03-04T16:47:42.273+0800: 44.655: [ParNew
Desired survivor size 20112992 bytes, new threshold 8 (max 8)
- age   1:    1244120 bytes,    1244120 total
- age   2:    1456848 bytes,    2700968 total
- age   3:    1570624 bytes,    4271592 total
- age   4:    1456120 bytes,    5727712 total
- age   5:    1272504 bytes,    7000216 total
- age   6:    2363192 bytes,    9363408 total
- age   7:    1655848 bytes,   11019256 total
- age   8:    3748528 bytes,   14767784 total
: 107176K->21824K(109248K), 0.0177939 secs] 160663K->77199K(502464K), 0.0182733 secs] [Times: user=0.10 sys=0.00, real=0.02 secs] 
Heap after GC invocations=24 (full 1):
 par new generation   total 109248K, used 21824K [0x00000000e0000000, 0x00000000e8000000, 0x00000000e8000000)
  eden space 87424K,   0% used [0x00000000e0000000, 0x00000000e0000000, 0x00000000e5560000)
  from space 21824K, 100% used [0x00000000e5560000, 0x00000000e6ab0000, 0x00000000e6ab0000)
  to   space 21824K,   0% used [0x00000000e6ab0000, 0x00000000e6ab0000, 0x00000000e8000000)
 concurrent mark-sweep generation total 393216K, used 55375K [0x00000000e8000000, 0x0000000100000000, 0x0000000100000000)
 Metaspace       used 40071K, capacity 40954K, committed 41256K, reserved 1085440K
  class space    used 4628K, capacity 4875K, committed 4960K, reserved 1048576K
}
2017-03-04T16:47:42.291+0800: 44.673: Total time for which application threads were stopped: 0.0197964 seconds, Stopping threads took: 0.0002967 seconds
2017-03-04T16:47:42.395+0800: 44.777: Total time for which application threads were stopped: 0.0030775 seconds, Stopping threads took: 0.0002885 seconds
2017-03-04T16:47:42.561+0800: 44.944: Total time for which application threads were stopped: 0.0014804 seconds, Stopping threads took: 0.0002593 seconds
2017-03-04T16:47:42.762+0800: 45.144: Total time for which application threads were stopped: 0.0015376 seconds, Stopping threads took: 0.0002746 seconds
2017-03-04T16:47:42.766+0800: 45.148: Total time for which application threads were stopped: 0.0014860 seconds, Stopping threads took: 0.0002431 seconds
2017-03-04T16:47:42.818+0800: 45.200: Total time for which application threads were stopped: 0.0013014 seconds, Stopping threads took: 0.0003222 seconds
2017-03-04T16:47:42.818+0800: 45.201: Total time for which application threads were stopped: 0.0007793 seconds, Stopping threads took: 0.0001463 seconds
2017-03-04T16:47:42.823+0800: 45.205: Total time for which application threads were stopped: 0.0012333 seconds, Stopping threads took: 0.0002688 seconds
2017-03-04T16:47:42.826+0800: 45.208: Total time for which application threads were stopped: 0.0016517 seconds, Stopping threads took: 0.0002482 seconds
2017-03-04T16:47:42.828+0800: 45.210: Total time for which application threads were stopped: 0.0015751 seconds, Stopping threads took: 0.0002486 seconds
2017-03-04T16:47:42.829+0800: 45.211: Total time for which application threads were stopped: 0.0010590 seconds, Stopping threads took: 0.0001772 seconds
2017-03-04T16:47:42.830+0800: 45.213: Total time for which application threads were stopped: 0.0011090 seconds, Stopping threads took: 0.0002457 seconds
2017-03-04T16:47:43.032+0800: 45.414: Total time for which application threads were stopped: 0.0012009 seconds, Stopping threads took: 0.0002074 seconds
2017-03-04T16:47:44.033+0800: 46.415: Total time for which application threads were stopped: 0.0012180 seconds, Stopping threads took: 0.0001791 seconds
{Heap before GC invocations=24 (full 1):
 par new generation   total 109248K, used 109248K [0x00000000e0000000, 0x00000000e8000000, 0x00000000e8000000)
  eden space 87424K, 100% used [0x00000000e0000000, 0x00000000e5560000, 0x00000000e5560000)
  from space 21824K, 100% used [0x00000000e5560000, 0x00000000e6ab0000, 0x00000000e6ab0000)
  to   space 21824K,   0% used [0x00000000e6ab0000, 0x00000000e6ab0000, 0x00000000e8000000)
 concurrent mark-sweep generation total 393216K, used 55375K [0x00000000e8000000, 0x0000000100000000, 0x0000000100000000)
 Metaspace       used 40296K, capacity 41184K, committed 41256K, reserved 1085440K
  class space    used 4654K, capacity 4908K, committed 4960K, reserved 1048576K
2017-03-04T16:47:44.601+0800: 46.983: [GC (Allocation Failure) 2017-03-04T16:47:44.601+0800: 46.984: [ParNew
Desired survivor size 20112992 bytes, new threshold 8 (max 8)
- age   1:    3091224 bytes,    3091224 total
- age   2:     100392 bytes,    3191616 total
- age   3:    1126288 bytes,    4317904 total
- age   4:    1501328 bytes,    5819232 total
- age   5:    1455752 bytes,    7274984 total
- age   6:    1272200 bytes,    8547184 total
- age   7:    2362664 bytes,   10909848 total
- age   8:    1655624 bytes,   12565472 total
: 109248K->15990K(109248K), 0.0176971 secs] 164623K->75036K(502464K), 0.0181609 secs] [Times: user=0.06 sys=0.01, real=0.02 secs] 
Heap after GC invocations=25 (full 1):
 par new generation   total 109248K, used 15990K [0x00000000e0000000, 0x00000000e8000000, 0x00000000e8000000)
  eden space 87424K,   0% used [0x00000000e0000000, 0x00000000e0000000, 0x00000000e5560000)
  from space 21824K,  73% used [0x00000000e6ab0000, 0x00000000e7a4db00, 0x00000000e8000000)
  to   space 21824K,   0% used [0x00000000e5560000, 0x00000000e5560000, 0x00000000e6ab0000)
 concurrent mark-sweep generation total 393216K, used 59045K [0x00000000e8000000, 0x0000000100000000, 0x0000000100000000)
 Metaspace       used 40296K, capacity 41184K, committed 41256K, reserved 1085440K
  class space    used 4654K, capacity 4908K, committed 4960K, reserved 1048576K
}
2017-03-04T16:47:44.620+0800: 47.002: Total time for which application threads were stopped: 0.0197355 seconds, Stopping threads took: 0.0002161 seconds
2017-03-04T16:47:44.714+0800: 47.096: Total time for which application threads were stopped: 0.0045114 seconds, Stopping threads took: 0.0003304 seconds
2017-03-04T16:47:44.924+0800: 47.306: Total time for which application threads were stopped: 0.0020612 seconds, Stopping threads took: 0.0002452 seconds
2017-03-04T16:47:45.011+0800: 47.393: Total time for which application threads were stopped: 0.0019186 seconds, Stopping threads took: 0.0002425 seconds
2017-03-04T16:47:45.015+0800: 47.397: Total time for which application threads were stopped: 0.0017677 seconds, Stopping threads took: 0.0002188 seconds
2017-03-04T16:47:45.017+0800: 47.399: Total time for which application threads were stopped: 0.0018430 seconds, Stopping threads took: 0.0002472 seconds
2017-03-04T16:47:45.019+0800: 47.401: Total time for which application threads were stopped: 0.0018389 seconds, Stopping threads took: 0.0001925 seconds
2017-03-04T16:47:45.024+0800: 47.407: Total time for which application threads were stopped: 0.0018229 seconds, Stopping threads took: 0.0002228 seconds
2017-03-04T16:47:45.026+0800: 47.409: Total time for which application threads were stopped: 0.0017237 seconds, Stopping threads took: 0.0002000 seconds
2017-03-04T16:47:45.028+0800: 47.410: Total time for which application threads were stopped: 0.0016024 seconds, Stopping threads took: 0.0001766 seconds
2017-03-04T16:47:45.030+0800: 47.412: Total time for which application threads were stopped: 0.0015309 seconds, Stopping threads took: 0.0001519 seconds
2017-03-04T16:47:45.031+0800: 47.413: Total time for which application threads were stopped: 0.0014910 seconds, Stopping threads took: 0.0001416 seconds
2017-03-04T16:47:45.033+0800: 47.415: Total time for which application threads were stopped: 0.0015749 seconds, Stopping threads took: 0.0001367 seconds
2017-03-04T16:47:45.035+0800: 47.417: Total time for which application threads were stopped: 0.0015574 seconds, Stopping threads took: 0.0001498 seconds
2017-03-04T16:47:45.036+0800: 47.418: Total time for which application threads were stopped: 0.0015155 seconds, Stopping threads took: 0.0001423 seconds
2017-03-04T16:47:45.038+0800: 47.420: Total time for which application threads were stopped: 0.0015076 seconds, Stopping threads took: 0.0001328 seconds
2017-03-04T16:47:45.044+0800: 47.426: Total time for which application threads were stopped: 0.0060773 seconds, Stopping threads took: 0.0001255 seconds
2017-03-04T16:47:45.046+0800: 47.428: Total time for which application threads were stopped: 0.0016858 seconds, Stopping threads took: 0.0001868 seconds
2017-03-04T16:47:45.047+0800: 47.430: Total time for which application threads were stopped: 0.0015850 seconds, Stopping threads took: 0.0001688 seconds
2017-03-04T16:47:45.049+0800: 47.431: Total time for which application threads were stopped: 0.0015750 seconds, Stopping threads took: 0.0001617 seconds
2017-03-04T16:47:45.051+0800: 47.433: Total time for which application threads were stopped: 0.0014558 seconds, Stopping threads took: 0.0001444 seconds
2017-03-04T16:47:45.052+0800: 47.435: Total time for which application threads were stopped: 0.0014473 seconds, Stopping threads took: 0.0001365 seconds
2017-03-04T16:47:45.054+0800: 47.436: Total time for which application threads were stopped: 0.0016238 seconds, Stopping threads took: 0.0001888 seconds
2017-03-04T16:47:45.056+0800: 47.438: Total time for which application threads were stopped: 0.0014981 seconds, Stopping threads took: 0.0001583 seconds
2017-03-04T16:47:45.058+0800: 47.440: Total time for which application threads were stopped: 0.0015225 seconds, Stopping threads took: 0.0001459 seconds
2017-03-04T16:47:45.064+0800: 47.446: Total time for which application threads were stopped: 0.0061531 seconds, Stopping threads took: 0.0001653 seconds
2017-03-04T16:47:46.066+0800: 48.448: Total time for which application threads were stopped: 0.0014453 seconds, Stopping threads took: 0.0002122 seconds
2017-03-04T16:47:47.067+0800: 49.449: Total time for which application threads were stopped: 0.0011479 seconds, Stopping threads took: 0.0001815 seconds
2017-03-04T16:47:47.237+0800: 49.620: Total time for which application threads were stopped: 0.0020640 seconds, Stopping threads took: 0.0002339 seconds
2017-03-04T16:47:47.239+0800: 49.622: Total time for which application threads were stopped: 0.0018656 seconds, Stopping threads took: 0.0002067 seconds
2017-03-04T16:47:47.243+0800: 49.625: Total time for which application threads were stopped: 0.0019879 seconds, Stopping threads took: 0.0002241 seconds
2017-03-04T16:47:47.290+0800: 49.672: Total time for which application threads were stopped: 0.0020777 seconds, Stopping threads took: 0.0002373 seconds
2017-03-04T16:47:47.292+0800: 49.674: Total time for which application threads were stopped: 0.0018697 seconds, Stopping threads took: 0.0002101 seconds
2017-03-04T16:47:47.294+0800: 49.676: Total time for which application threads were stopped: 0.0017714 seconds, Stopping threads took: 0.0002105 seconds
2017-03-04T16:47:47.295+0800: 49.678: Total time for which application threads were stopped: 0.0012570 seconds, Stopping threads took: 0.0002004 seconds
{Heap before GC invocations=25 (full 1):
 par new generation   total 109248K, used 103414K [0x00000000e0000000, 0x00000000e8000000, 0x00000000e8000000)
  eden space 87424K, 100% used [0x00000000e0000000, 0x00000000e5560000, 0x00000000e5560000)
  from space 21824K,  73% used [0x00000000e6ab0000, 0x00000000e7a4db00, 0x00000000e8000000)
  to   space 21824K,   0% used [0x00000000e5560000, 0x00000000e5560000, 0x00000000e6ab0000)
 concurrent mark-sweep generation total 393216K, used 59045K [0x00000000e8000000, 0x0000000100000000, 0x0000000100000000)
 Metaspace       used 40335K, capacity 41256K, committed 41512K, reserved 1085440K
  class space    used 4654K, capacity 4908K, committed 4960K, reserved 1048576K
2017-03-04T16:47:49.021+0800: 51.403: [GC (Allocation Failure) 2017-03-04T16:47:49.021+0800: 51.403: [ParNew
Desired survivor size 20112992 bytes, new threshold 8 (max 8)
- age   1:    2779968 bytes,    2779968 total
- age   2:    1002544 bytes,    3782512 total
- age   3:      22624 bytes,    3805136 total
- age   4:    1031656 bytes,    4836792 total
- age   5:    1490840 bytes,    6327632 total
- age   6:    1435488 bytes,    7763120 total
- age   7:    1262216 bytes,    9025336 total
- age   8:    2342328 bytes,   11367664 total
: 103414K->14351K(109248K), 0.0121609 secs] 162460K->74993K(502464K), 0.0125844 secs] [Times: user=0.03 sys=0.00, real=0.02 secs] 
Heap after GC invocations=26 (full 1):
 par new generation   total 109248K, used 14351K [0x00000000e0000000, 0x00000000e8000000, 0x00000000e8000000)
  eden space 87424K,   0% used [0x00000000e0000000, 0x00000000e0000000, 0x00000000e5560000)
  from space 21824K,  65% used [0x00000000e5560000, 0x00000000e6363d60, 0x00000000e6ab0000)
  to   space 21824K,   0% used [0x00000000e6ab0000, 0x00000000e6ab0000, 0x00000000e8000000)
 concurrent mark-sweep generation total 393216K, used 60641K [0x00000000e8000000, 0x0000000100000000, 0x0000000100000000)
 Metaspace       used 40335K, capacity 41256K, committed 41512K, reserved 1085440K
  class space    used 4654K, capacity 4908K, committed 4960K, reserved 1048576K
}
2017-03-04T16:47:49.034+0800: 51.416: Total time for which application threads were stopped: 0.0139626 seconds, Stopping threads took: 0.0001725 seconds
2017-03-04T16:47:49.189+0800: 51.571: Total time for which application threads were stopped: 0.0019322 seconds, Stopping threads took: 0.0003983 seconds
2017-03-04T16:47:49.191+0800: 51.573: Total time for which application threads were stopped: 0.0015970 seconds, Stopping threads took: 0.0002069 seconds
2017-03-04T16:47:49.192+0800: 51.574: Total time for which application threads were stopped: 0.0011666 seconds, Stopping threads took: 0.0002136 seconds
2017-03-04T16:47:49.193+0800: 51.575: Total time for which application threads were stopped: 0.0010197 seconds, Stopping threads took: 0.0001678 seconds
2017-03-04T16:47:49.194+0800: 51.577: Total time for which application threads were stopped: 0.0010129 seconds, Stopping threads took: 0.0001929 seconds
2017-03-04T16:47:49.195+0800: 51.578: Total time for which application threads were stopped: 0.0009868 seconds, Stopping threads took: 0.0001885 seconds
2017-03-04T16:47:49.196+0800: 51.579: Total time for which application threads were stopped: 0.0008600 seconds, Stopping threads took: 0.0001142 seconds
2017-03-04T16:47:49.198+0800: 51.580: Total time for which application threads were stopped: 0.0009522 seconds, Stopping threads took: 0.0002042 seconds
2017-03-04T16:47:49.199+0800: 51.581: Total time for which application threads were stopped: 0.0009053 seconds, Stopping threads took: 0.0001781 seconds
2017-03-04T16:47:49.200+0800: 51.582: Total time for which application threads were stopped: 0.0008574 seconds, Stopping threads took: 0.0001594 seconds
2017-03-04T16:47:49.201+0800: 51.583: Total time for which application threads were stopped: 0.0008512 seconds, Stopping threads took: 0.0001499 seconds
2017-03-04T16:47:49.202+0800: 51.584: Total time for which application threads were stopped: 0.0008763 seconds, Stopping threads took: 0.0001320 seconds
2017-03-04T16:47:49.202+0800: 51.585: Total time for which application threads were stopped: 0.0007860 seconds, Stopping threads took: 0.0001223 seconds
2017-03-04T16:47:49.203+0800: 51.586: Total time for which application threads were stopped: 0.0008153 seconds, Stopping threads took: 0.0001532 seconds
2017-03-04T16:47:49.204+0800: 51.586: Total time for which application threads were stopped: 0.0007844 seconds, Stopping threads took: 0.0001295 seconds
2017-03-04T16:47:49.205+0800: 51.587: Total time for which application threads were stopped: 0.0007761 seconds, Stopping threads took: 0.0000944 seconds
2017-03-04T16:47:49.206+0800: 51.588: Total time for which application threads were stopped: 0.0007286 seconds, Stopping threads took: 0.0000915 seconds
2017-03-04T16:47:49.209+0800: 51.591: Total time for which application threads were stopped: 0.0032750 seconds, Stopping threads took: 0.0000743 seconds
2017-03-04T16:47:49.315+0800: 51.697: Total time for which application threads were stopped: 0.0013263 seconds, Stopping threads took: 0.0001954 seconds
2017-03-04T16:47:49.319+0800: 51.701: Total time for which application threads were stopped: 0.0017115 seconds, Stopping threads took: 0.0002349 seconds
2017-03-04T16:47:49.363+0800: 51.745: Total time for which application threads were stopped: 0.0017614 seconds, Stopping threads took: 0.0002550 seconds
2017-03-04T16:47:49.364+0800: 51.747: Total time for which application threads were stopped: 0.0016442 seconds, Stopping threads took: 0.0002012 seconds
2017-03-04T16:47:49.366+0800: 51.748: Total time for which application threads were stopped: 0.0016149 seconds, Stopping threads took: 0.0002554 seconds
2017-03-04T16:47:49.368+0800: 51.750: Total time for which application threads were stopped: 0.0015630 seconds, Stopping threads took: 0.0001895 seconds
2017-03-04T16:47:50.369+0800: 52.752: Total time for which application threads were stopped: 0.0011727 seconds, Stopping threads took: 0.0001711 seconds
{Heap before GC invocations=26 (full 1):
 par new generation   total 109248K, used 101747K [0x00000000e0000000, 0x00000000e8000000, 0x00000000e8000000)
  eden space 87424K,  99% used [0x00000000e0000000, 0x00000000e5558f08, 0x00000000e5560000)
  from space 21824K,  65% used [0x00000000e5560000, 0x00000000e6363d60, 0x00000000e6ab0000)
  to   space 21824K,   0% used [0x00000000e6ab0000, 0x00000000e6ab0000, 0x00000000e8000000)
 concurrent mark-sweep generation total 393216K, used 60641K [0x00000000e8000000, 0x0000000100000000, 0x0000000100000000)
 Metaspace       used 40354K, capacity 41256K, committed 41512K, reserved 1085440K
  class space    used 4654K, capacity 4908K, committed 4960K, reserved 1048576K
2017-03-04T16:47:51.202+0800: 53.584: [GC (Allocation Failure) 2017-03-04T16:47:51.202+0800: 53.584: [ParNew
Desired survivor size 20112992 bytes, new threshold 8 (max 8)
- age   1:    3326328 bytes,    3326328 total
- age   2:    1959584 bytes,    5285912 total
- age   3:     934112 bytes,    6220024 total
- age   4:      22624 bytes,    6242648 total
- age   5:    1031640 bytes,    7274288 total
- age   6:    1490840 bytes,    8765128 total
- age   7:    1435416 bytes,   10200544 total
- age   8:    1262216 bytes,   11462760 total
: 101747K->15833K(109248K), 0.0109510 secs] 162389K->78763K(502464K), 0.0113272 secs] [Times: user=0.04 sys=0.00, real=0.02 secs] 
Heap after GC invocations=27 (full 1):
 par new generation   total 109248K, used 15833K [0x00000000e0000000, 0x00000000e8000000, 0x00000000e8000000)
  eden space 87424K,   0% used [0x00000000e0000000, 0x00000000e0000000, 0x00000000e5560000)
  from space 21824K,  72% used [0x00000000e6ab0000, 0x00000000e7a26530, 0x00000000e8000000)
  to   space 21824K,   0% used [0x00000000e5560000, 0x00000000e5560000, 0x00000000e6ab0000)
 concurrent mark-sweep generation total 393216K, used 62929K [0x00000000e8000000, 0x0000000100000000, 0x0000000100000000)
 Metaspace       used 40354K, capacity 41256K, committed 41512K, reserved 1085440K
  class space    used 4654K, capacity 4908K, committed 4960K, reserved 1048576K
}
2017-03-04T16:47:51.214+0800: 53.596: Total time for which application threads were stopped: 0.0127319 seconds, Stopping threads took: 0.0002215 seconds
2017-03-04T16:47:51.248+0800: 53.630: Total time for which application threads were stopped: 0.0017395 seconds, Stopping threads took: 0.0002153 seconds
2017-03-04T16:47:51.252+0800: 53.634: Total time for which application threads were stopped: 0.0017374 seconds, Stopping threads took: 0.0002623 seconds
2017-03-04T16:47:51.295+0800: 53.677: Total time for which application threads were stopped: 0.0011874 seconds, Stopping threads took: 0.0001799 seconds
2017-03-04T16:47:51.296+0800: 53.678: Total time for which application threads were stopped: 0.0010894 seconds, Stopping threads took: 0.0001857 seconds
2017-03-04T16:47:51.297+0800: 53.679: Total time for which application threads were stopped: 0.0010378 seconds, Stopping threads took: 0.0001667 seconds
2017-03-04T16:47:51.300+0800: 53.682: Total time for which application threads were stopped: 0.0011736 seconds, Stopping threads took: 0.0002284 seconds
2017-03-04T16:47:51.301+0800: 53.684: Total time for which application threads were stopped: 0.0010447 seconds, Stopping threads took: 0.0001616 seconds
2017-03-04T16:47:51.302+0800: 53.685: Total time for which application threads were stopped: 0.0009036 seconds, Stopping threads took: 0.0001145 seconds
2017-03-04T16:47:51.304+0800: 53.686: Total time for which application threads were stopped: 0.0009742 seconds, Stopping threads took: 0.0001427 seconds
2017-03-04T16:47:52.305+0800: 54.687: Total time for which application threads were stopped: 0.0010158 seconds, Stopping threads took: 0.0001544 seconds
2017-03-04T16:47:52.981+0800: 55.363: Total time for which application threads were stopped: 0.0009994 seconds, Stopping threads took: 0.0001595 seconds
2017-03-04T16:47:52.983+0800: 55.365: Total time for which application threads were stopped: 0.0011176 seconds, Stopping threads took: 0.0001735 seconds
2017-03-04T16:47:53.028+0800: 55.410: Total time for which application threads were stopped: 0.0010386 seconds, Stopping threads took: 0.0002490 seconds
2017-03-04T16:47:53.031+0800: 55.413: Total time for which application threads were stopped: 0.0033654 seconds, Stopping threads took: 0.0001438 seconds
2017-03-04T16:47:53.032+0800: 55.414: Total time for which application threads were stopped: 0.0008281 seconds, Stopping threads took: 0.0001052 seconds
2017-03-04T16:47:54.033+0800: 56.415: Total time for which application threads were stopped: 0.0010109 seconds, Stopping threads took: 0.0001474 seconds
{Heap before GC invocations=27 (full 1):
 par new generation   total 109248K, used 103257K [0x00000000e0000000, 0x00000000e8000000, 0x00000000e8000000)
  eden space 87424K, 100% used [0x00000000e0000000, 0x00000000e5560000, 0x00000000e5560000)
  from space 21824K,  72% used [0x00000000e6ab0000, 0x00000000e7a26530, 0x00000000e8000000)
  to   space 21824K,   0% used [0x00000000e5560000, 0x00000000e5560000, 0x00000000e6ab0000)
 concurrent mark-sweep generation total 393216K, used 62929K [0x00000000e8000000, 0x0000000100000000, 0x0000000100000000)
 Metaspace       used 40378K, capacity 41260K, committed 41512K, reserved 1085440K
  class space    used 4654K, capacity 4908K, committed 4960K, reserved 1048576K
2017-03-04T16:47:54.550+0800: 56.932: [GC (Allocation Failure) 2017-03-04T16:47:54.550+0800: 56.933: [ParNew
Desired survivor size 20112992 bytes, new threshold 8 (max 8)
- age   1:    3417848 bytes,    3417848 total
- age   2:    1315896 bytes,    4733744 total
- age   3:    1876256 bytes,    6610000 total
- age   4:     933880 bytes,    7543880 total
- age   5:      21984 bytes,    7565864 total
- age   6:    1031640 bytes,    8597504 total
- age   7:    1490768 bytes,   10088272 total
- age   8:    1435416 bytes,   11523688 total
: 103257K->15502K(109248K), 0.0108170 secs] 166187K->79665K(502464K), 0.0112355 secs] [Times: user=0.03 sys=0.01, real=0.01 secs] 
Heap after GC invocations=28 (full 1):
 par new generation   total 109248K, used 15502K [0x00000000e0000000, 0x00000000e8000000, 0x00000000e8000000)
  eden space 87424K,   0% used [0x00000000e0000000, 0x00000000e0000000, 0x00000000e5560000)
  from space 21824K,  71% used [0x00000000e5560000, 0x00000000e6483910, 0x00000000e6ab0000)
  to   space 21824K,   0% used [0x00000000e6ab0000, 0x00000000e6ab0000, 0x00000000e8000000)
 concurrent mark-sweep generation total 393216K, used 64162K [0x00000000e8000000, 0x0000000100000000, 0x0000000100000000)
 Metaspace       used 40378K, capacity 41260K, committed 41512K, reserved 1085440K
  class space    used 4654K, capacity 4908K, committed 4960K, reserved 1048576K
}
2017-03-04T16:47:54.562+0800: 56.944: Total time for which application threads were stopped: 0.0124400 seconds, Stopping threads took: 0.0001544 seconds
2017-03-04T16:47:54.693+0800: 57.075: Total time for which application threads were stopped: 0.0010898 seconds, Stopping threads took: 0.0001587 seconds
2017-03-04T16:47:54.695+0800: 57.077: Total time for which application threads were stopped: 0.0009786 seconds, Stopping threads took: 0.0001479 seconds
2017-03-04T16:47:54.734+0800: 57.117: Total time for which application threads were stopped: 0.0010418 seconds, Stopping threads took: 0.0001445 seconds
2017-03-04T16:47:54.737+0800: 57.119: Total time for which application threads were stopped: 0.0010403 seconds, Stopping threads took: 0.0001640 seconds
2017-03-04T16:47:54.738+0800: 57.120: Total time for which application threads were stopped: 0.0010118 seconds, Stopping threads took: 0.0002481 seconds
2017-03-04T16:47:54.739+0800: 57.121: Total time for which application threads were stopped: 0.0009842 seconds, Stopping threads took: 0.0002281 seconds
2017-03-04T16:47:54.740+0800: 57.123: Total time for which application threads were stopped: 0.0008784 seconds, Stopping threads took: 0.0001523 seconds
2017-03-04T16:47:55.742+0800: 58.124: Total time for which application threads were stopped: 0.0010234 seconds, Stopping threads took: 0.0001774 seconds
2017-03-04T16:47:56.254+0800: 58.636: Total time for which application threads were stopped: 0.0007654 seconds, Stopping threads took: 0.0001452 seconds
2017-03-04T16:47:56.256+0800: 58.638: Total time for which application threads were stopped: 0.0005437 seconds, Stopping threads took: 0.0000857 seconds
2017-03-04T16:47:56.300+0800: 58.682: Total time for which application threads were stopped: 0.0006954 seconds, Stopping threads took: 0.0001409 seconds
2017-03-04T16:47:56.300+0800: 58.682: Total time for which application threads were stopped: 0.0003704 seconds, Stopping threads took: 0.0000545 seconds
2017-03-04T16:47:56.301+0800: 58.683: Total time for which application threads were stopped: 0.0005184 seconds, Stopping threads took: 0.0001934 seconds
2017-03-04T16:47:56.301+0800: 58.683: Total time for which application threads were stopped: 0.0003960 seconds, Stopping threads took: 0.0000498 seconds
2017-03-04T16:47:56.302+0800: 58.684: Total time for which application threads were stopped: 0.0004719 seconds, Stopping threads took: 0.0001046 seconds
{Heap before GC invocations=28 (full 1):
 par new generation   total 109248K, used 102896K [0x00000000e0000000, 0x00000000e8000000, 0x00000000e8000000)
  eden space 87424K,  99% used [0x00000000e0000000, 0x00000000e5558878, 0x00000000e5560000)
  from space 21824K,  71% used [0x00000000e5560000, 0x00000000e6483910, 0x00000000e6ab0000)
  to   space 21824K,   0% used [0x00000000e6ab0000, 0x00000000e6ab0000, 0x00000000e8000000)
 concurrent mark-sweep generation total 393216K, used 64162K [0x00000000e8000000, 0x0000000100000000, 0x0000000100000000)
 Metaspace       used 40419K, capacity 41324K, committed 41512K, reserved 1085440K
  class space    used 4654K, capacity 4908K, committed 4960K, reserved 1048576K
2017-03-04T16:47:57.121+0800: 59.503: [GC (Allocation Failure) 2017-03-04T16:47:57.121+0800: 59.503: [ParNew
Desired survivor size 20112992 bytes, new threshold 8 (max 8)
- age   1:    2200400 bytes,    2200400 total
- age   2:    1409536 bytes,    3609936 total
- age   3:    1247112 bytes,    4857048 total
- age   4:    1876256 bytes,    6733304 total
- age   5:     933600 bytes,    7666904 total
- age   6:      21984 bytes,    7688888 total
- age   7:    1031568 bytes,    8720456 total
- age   8:    1490768 bytes,   10211224 total
: 102896K->12666K(109248K), 0.0056642 secs] 167059K->78231K(502464K), 0.0059313 secs] [Times: user=0.02 sys=0.00, real=0.01 secs] 
Heap after GC invocations=29 (full 1):
 par new generation   total 109248K, used 12666K [0x00000000e0000000, 0x00000000e8000000, 0x00000000e8000000)
  eden space 87424K,   0% used [0x00000000e0000000, 0x00000000e0000000, 0x00000000e5560000)
  from space 21824K,  58% used [0x00000000e6ab0000, 0x00000000e770e8a8, 0x00000000e8000000)
  to   space 21824K,   0% used [0x00000000e5560000, 0x00000000e5560000, 0x00000000e6ab0000)
 concurrent mark-sweep generation total 393216K, used 65565K [0x00000000e8000000, 0x0000000100000000, 0x0000000100000000)
 Metaspace       used 40419K, capacity 41324K, committed 41512K, reserved 1085440K
  class space    used 4654K, capacity 4908K, committed 4960K, reserved 1048576K
}
2017-03-04T16:47:57.127+0800: 59.509: Total time for which application threads were stopped: 0.0068885 seconds, Stopping threads took: 0.0001743 seconds
2017-03-04T16:47:57.130+0800: 59.512: Total time for which application threads were stopped: 0.0023113 seconds, Stopping threads took: 0.0000699 seconds
2017-03-04T16:47:57.248+0800: 59.631: Total time for which application threads were stopped: 0.0008166 seconds, Stopping threads took: 0.0001356 seconds
2017-03-04T16:47:57.283+0800: 59.666: Total time for which application threads were stopped: 0.0008001 seconds, Stopping threads took: 0.0001387 seconds
2017-03-04T16:47:57.285+0800: 59.667: Total time for which application threads were stopped: 0.0008156 seconds, Stopping threads took: 0.0001529 seconds
2017-03-04T16:47:57.320+0800: 59.703: Total time for which application threads were stopped: 0.0008111 seconds, Stopping threads took: 0.0001358 seconds
2017-03-04T16:47:57.321+0800: 59.704: Total time for which application threads were stopped: 0.0007528 seconds, Stopping threads took: 0.0001444 seconds
2017-03-04T16:47:57.322+0800: 59.704: Total time for which application threads were stopped: 0.0007071 seconds, Stopping threads took: 0.0001386 seconds
2017-03-04T16:47:57.323+0800: 59.705: Total time for which application threads were stopped: 0.0006236 seconds, Stopping threads took: 0.0000984 seconds
2017-03-04T16:47:57.324+0800: 59.706: Total time for which application threads were stopped: 0.0005908 seconds, Stopping threads took: 0.0000923 seconds
2017-03-04T16:47:57.326+0800: 59.709: Total time for which application threads were stopped: 0.0022853 seconds, Stopping threads took: 0.0001341 seconds
2017-03-04T16:47:57.330+0800: 59.712: Total time for which application threads were stopped: 0.0024120 seconds, Stopping threads took: 0.0001786 seconds
2017-03-04T16:47:57.331+0800: 59.713: Total time for which application threads were stopped: 0.0007590 seconds, Stopping threads took: 0.0001364 seconds
2017-03-04T16:47:57.333+0800: 59.715: Total time for which application threads were stopped: 0.0021872 seconds, Stopping threads took: 0.0001199 seconds
2017-03-04T16:47:57.334+0800: 59.716: Total time for which application threads were stopped: 0.0005802 seconds, Stopping threads took: 0.0000953 seconds
2017-03-04T16:47:57.335+0800: 59.717: Total time for which application threads were stopped: 0.0005678 seconds, Stopping threads took: 0.0000905 seconds
2017-03-04T16:47:57.340+0800: 59.722: Total time for which application threads were stopped: 0.0010376 seconds, Stopping threads took: 0.0001525 seconds
2017-03-04T16:47:57.356+0800: 59.738: Total time for which application threads were stopped: 0.0010441 seconds, Stopping threads took: 0.0001410 seconds
2017-03-04T16:47:57.371+0800: 59.754: Total time for which application threads were stopped: 0.0008114 seconds, Stopping threads took: 0.0001368 seconds
2017-03-04T16:47:57.385+0800: 59.768: Total time for which application threads were stopped: 0.0008836 seconds, Stopping threads took: 0.0001675 seconds
2017-03-04T16:47:57.399+0800: 59.781: Total time for which application threads were stopped: 0.0008043 seconds, Stopping threads took: 0.0001395 seconds
2017-03-04T16:47:57.415+0800: 59.797: Total time for which application threads were stopped: 0.0007871 seconds, Stopping threads took: 0.0001332 seconds
2017-03-04T16:47:57.431+0800: 59.814: Total time for which application threads were stopped: 0.0008184 seconds, Stopping threads took: 0.0001386 seconds
2017-03-04T16:47:57.445+0800: 59.827: Total time for which application threads were stopped: 0.0008546 seconds, Stopping threads took: 0.0001499 seconds
2017-03-04T16:47:57.458+0800: 59.840: Total time for which application threads were stopped: 0.0008130 seconds, Stopping threads took: 0.0001342 seconds
2017-03-04T16:47:57.474+0800: 59.856: Total time for which application threads were stopped: 0.0008201 seconds, Stopping threads took: 0.0001368 seconds
2017-03-04T16:47:57.476+0800: 59.858: Total time for which application threads were stopped: 0.0023936 seconds, Stopping threads took: 0.0001226 seconds
{Heap before GC invocations=29 (full 1):
 par new generation   total 109248K, used 100078K [0x00000000e0000000, 0x00000000e8000000, 0x00000000e8000000)
  eden space 87424K,  99% used [0x00000000e0000000, 0x00000000e555d108, 0x00000000e5560000)
  from space 21824K,  58% used [0x00000000e6ab0000, 0x00000000e770e8a8, 0x00000000e8000000)
  to   space 21824K,   0% used [0x00000000e5560000, 0x00000000e5560000, 0x00000000e6ab0000)
 concurrent mark-sweep generation total 393216K, used 65565K [0x00000000e8000000, 0x0000000100000000, 0x0000000100000000)
 Metaspace       used 40447K, capacity 41324K, committed 41512K, reserved 1085440K
  class space    used 4654K, capacity 4908K, committed 4960K, reserved 1048576K
2017-03-04T16:47:57.599+0800: 59.981: [GC (Allocation Failure) 2017-03-04T16:47:57.599+0800: 59.981: [ParNew
Desired survivor size 20112992 bytes, new threshold 8 (max 8)
- age   1:    1506040 bytes,    1506040 total
- age   2:    1800784 bytes,    3306824 total
- age   3:    1336984 bytes,    4643808 total
- age   4:    1246952 bytes,    5890760 total
- age   5:    1876096 bytes,    7766856 total
- age   6:     933520 bytes,    8700376 total
- age   7:      21912 bytes,    8722288 total
- age   8:    1031216 bytes,    9753504 total
: 100078K->13329K(109248K), 0.0068671 secs] 165643K->80352K(502464K), 0.0071623 secs] [Times: user=0.03 sys=0.00, real=0.01 secs] 
Heap after GC invocations=30 (full 1):
 par new generation   total 109248K, used 13329K [0x00000000e0000000, 0x00000000e8000000, 0x00000000e8000000)
  eden space 87424K,   0% used [0x00000000e0000000, 0x00000000e0000000, 0x00000000e5560000)
  from space 21824K,  61% used [0x00000000e5560000, 0x00000000e62645b0, 0x00000000e6ab0000)
  to   space 21824K,   0% used [0x00000000e6ab0000, 0x00000000e6ab0000, 0x00000000e8000000)
 concurrent mark-sweep generation total 393216K, used 67022K [0x00000000e8000000, 0x0000000100000000, 0x0000000100000000)
 Metaspace       used 40447K, capacity 41324K, committed 41512K, reserved 1085440K
  class space    used 4654K, capacity 4908K, committed 4960K, reserved 1048576K
}
2017-03-04T16:47:57.606+0800: 59.989: Total time for which application threads were stopped: 0.0080906 seconds, Stopping threads took: 0.0001534 seconds
{Heap before GC invocations=30 (full 1):
 par new generation   total 109248K, used 100753K [0x00000000e0000000, 0x00000000e8000000, 0x00000000e8000000)
  eden space 87424K, 100% used [0x00000000e0000000, 0x00000000e5560000, 0x00000000e5560000)
  from space 21824K,  61% used [0x00000000e5560000, 0x00000000e62645b0, 0x00000000e6ab0000)
  to   space 21824K,   0% used [0x00000000e6ab0000, 0x00000000e6ab0000, 0x00000000e8000000)
 concurrent mark-sweep generation total 393216K, used 67022K [0x00000000e8000000, 0x0000000100000000, 0x0000000100000000)
 Metaspace       used 40449K, capacity 41324K, committed 41512K, reserved 1085440K
  class space    used 4654K, capacity 4908K, committed 4960K, reserved 1048576K
2017-03-04T16:47:57.902+0800: 60.284: [GC (Allocation Failure) 2017-03-04T16:47:57.902+0800: 60.284: [ParNew
Desired survivor size 20112992 bytes, new threshold 8 (max 8)
- age   1:     105600 bytes,     105600 total
- age   2:    1337976 bytes,    1443576 total
- age   3:    1799840 bytes,    3243416 total
- age   4:    1336984 bytes,    4580400 total
- age   5:    1246952 bytes,    5827352 total
- age   6:    1876096 bytes,    7703448 total
- age   7:     933520 bytes,    8636968 total
- age   8:      21912 bytes,    8658880 total
: 100753K->11586K(109248K), 0.0063252 secs] 167776K->79619K(502464K), 0.0065821 secs] [Times: user=0.02 sys=0.00, real=0.01 secs] 
Heap after GC invocations=31 (full 1):
 par new generation   total 109248K, used 11586K [0x00000000e0000000, 0x00000000e8000000, 0x00000000e8000000)
  eden space 87424K,   0% used [0x00000000e0000000, 0x00000000e0000000, 0x00000000e5560000)
  from space 21824K,  53% used [0x00000000e6ab0000, 0x00000000e7600b40, 0x00000000e8000000)
  to   space 21824K,   0% used [0x00000000e5560000, 0x00000000e5560000, 0x00000000e6ab0000)
 concurrent mark-sweep generation total 393216K, used 68033K [0x00000000e8000000, 0x0000000100000000, 0x0000000100000000)
 Metaspace       used 40449K, capacity 41324K, committed 41512K, reserved 1085440K
  class space    used 4654K, capacity 4908K, committed 4960K, reserved 1048576K
}
2017-03-04T16:47:57.908+0800: 60.291: Total time for which application threads were stopped: 0.0074907 seconds, Stopping threads took: 0.0001320 seconds
{Heap before GC invocations=31 (full 1):
 par new generation   total 109248K, used 99010K [0x00000000e0000000, 0x00000000e8000000, 0x00000000e8000000)
  eden space 87424K, 100% used [0x00000000e0000000, 0x00000000e5560000, 0x00000000e5560000)
  from space 21824K,  53% used [0x00000000e6ab0000, 0x00000000e7600b40, 0x00000000e8000000)
  to   space 21824K,   0% used [0x00000000e5560000, 0x00000000e5560000, 0x00000000e6ab0000)
 concurrent mark-sweep generation total 393216K, used 68033K [0x00000000e8000000, 0x0000000100000000, 0x0000000100000000)
 Metaspace       used 40450K, capacity 41324K, committed 41512K, reserved 1085440K
  class space    used 4654K, capacity 4908K, committed 4960K, reserved 1048576K
2017-03-04T16:47:58.034+0800: 60.417: [GC (Allocation Failure) 2017-03-04T16:47:58.034+0800: 60.417: [ParNew
Desired survivor size 20112992 bytes, new threshold 8 (max 8)
- age   1:     362880 bytes,     362880 total
- age   2:       1664 bytes,     364544 total
- age   3:    1337912 bytes,    1702456 total
- age   4:    1799840 bytes,    3502296 total
- age   5:    1336984 bytes,    4839280 total
- age   6:    1246952 bytes,    6086232 total
- age   7:    1876096 bytes,    7962328 total
- age   8:     933520 bytes,    8895848 total
: 99010K->11548K(109248K), 0.0058106 secs] 167043K->79602K(502464K), 0.0060573 secs] [Times: user=0.02 sys=0.00, real=0.00 secs] 
Heap after GC invocations=32 (full 1):
 par new generation   total 109248K, used 11548K [0x00000000e0000000, 0x00000000e8000000, 0x00000000e8000000)
  eden space 87424K,   0% used [0x00000000e0000000, 0x00000000e0000000, 0x00000000e5560000)
  from space 21824K,  52% used [0x00000000e5560000, 0x00000000e60a7170, 0x00000000e6ab0000)
  to   space 21824K,   0% used [0x00000000e6ab0000, 0x00000000e6ab0000, 0x00000000e8000000)
 concurrent mark-sweep generation total 393216K, used 68054K [0x00000000e8000000, 0x0000000100000000, 0x0000000100000000)
 Metaspace       used 40450K, capacity 41324K, committed 41512K, reserved 1085440K
  class space    used 4654K, capacity 4908K, committed 4960K, reserved 1048576K
}
2017-03-04T16:47:58.041+0800: 60.423: Total time for which application threads were stopped: 0.0069779 seconds, Stopping threads took: 0.0001327 seconds
2017-03-04T16:47:58.393+0800: 60.775: Total time for which application threads were stopped: 0.0013526 seconds, Stopping threads took: 0.0003888 seconds
2017-03-04T16:47:58.491+0800: 60.873: Total time for which application threads were stopped: 0.0011691 seconds, Stopping threads took: 0.0001805 seconds
2017-03-04T16:47:58.492+0800: 60.874: Total time for which application threads were stopped: 0.0009932 seconds, Stopping threads took: 0.0001410 seconds
2017-03-04T16:47:58.495+0800: 60.877: Total time for which application threads were stopped: 0.0011853 seconds, Stopping threads took: 0.0002068 seconds
2017-03-04T16:47:58.496+0800: 60.879: Total time for which application threads were stopped: 0.0010615 seconds, Stopping threads took: 0.0001679 seconds
2017-03-04T16:47:58.543+0800: 60.926: Total time for which application threads were stopped: 0.0010648 seconds, Stopping threads took: 0.0001440 seconds
{Heap before GC invocations=32 (full 1):
 par new generation   total 109248K, used 98972K [0x00000000e0000000, 0x00000000e8000000, 0x00000000e8000000)
  eden space 87424K, 100% used [0x00000000e0000000, 0x00000000e5560000, 0x00000000e5560000)
  from space 21824K,  52% used [0x00000000e5560000, 0x00000000e60a7170, 0x00000000e6ab0000)
  to   space 21824K,   0% used [0x00000000e6ab0000, 0x00000000e6ab0000, 0x00000000e8000000)
 concurrent mark-sweep generation total 393216K, used 68054K [0x00000000e8000000, 0x0000000100000000, 0x0000000100000000)
 Metaspace       used 40490K, capacity 41388K, committed 41512K, reserved 1085440K
  class space    used 4656K, capacity 4908K, committed 4960K, reserved 1048576K
2017-03-04T16:47:59.357+0800: 61.740: [GC (Allocation Failure) 2017-03-04T16:47:59.358+0800: 61.740: [ParNew
Desired survivor size 20112992 bytes, new threshold 8 (max 8)
- age   1:    2471048 bytes,    2471048 total
- age   3:         16 bytes,    2471064 total
- age   4:     980080 bytes,    3451144 total
- age   5:    1731128 bytes,    5182272 total
- age   6:    1334248 bytes,    6516520 total
- age   7:    1246648 bytes,    7763168 total
- age   8:    1875504 bytes,    9638672 total
: 98972K->11031K(109248K), 0.0074688 secs] 167026K->79998K(502464K), 0.0077206 secs] [Times: user=0.02 sys=0.00, real=0.01 secs] 
Heap after GC invocations=33 (full 1):
 par new generation   total 109248K, used 11031K [0x00000000e0000000, 0x00000000e8000000, 0x00000000e8000000)
  eden space 87424K,   0% used [0x00000000e0000000, 0x00000000e0000000, 0x00000000e5560000)
  from space 21824K,  50% used [0x00000000e6ab0000, 0x00000000e7575df0, 0x00000000e8000000)
  to   space 21824K,   0% used [0x00000000e5560000, 0x00000000e5560000, 0x00000000e6ab0000)
 concurrent mark-sweep generation total 393216K, used 68966K [0x00000000e8000000, 0x0000000100000000, 0x0000000100000000)
 Metaspace       used 40490K, capacity 41388K, committed 41512K, reserved 1085440K
  class space    used 4656K, capacity 4908K, committed 4960K, reserved 1048576K
}
2017-03-04T16:47:59.365+0800: 61.748: Total time for which application threads were stopped: 0.0086679 seconds, Stopping threads took: 0.0001513 seconds
2017-03-04T16:47:59.429+0800: 61.811: Total time for which application threads were stopped: 0.0008141 seconds, Stopping threads took: 0.0001348 seconds
2017-03-04T16:47:59.560+0800: 61.942: Total time for which application threads were stopped: 0.0007575 seconds, Stopping threads took: 0.0001545 seconds
2017-03-04T16:47:59.560+0800: 61.942: Total time for which application threads were stopped: 0.0003860 seconds, Stopping threads took: 0.0000493 seconds
2017-03-04T16:47:59.561+0800: 61.943: Total time for which application threads were stopped: 0.0003946 seconds, Stopping threads took: 0.0000680 seconds
2017-03-04T16:47:59.561+0800: 61.943: Total time for which application threads were stopped: 0.0003914 seconds, Stopping threads took: 0.0000662 seconds
2017-03-04T16:47:59.563+0800: 61.945: Total time for which application threads were stopped: 0.0005122 seconds, Stopping threads took: 0.0000832 seconds
2017-03-04T16:47:59.563+0800: 61.946: Total time for which application threads were stopped: 0.0003810 seconds, Stopping threads took: 0.0000340 seconds
2017-03-04T16:47:59.564+0800: 61.946: Total time for which application threads were stopped: 0.0003932 seconds, Stopping threads took: 0.0000583 seconds
2017-03-04T16:47:59.564+0800: 61.947: Total time for which application threads were stopped: 0.0003857 seconds, Stopping threads took: 0.0000585 seconds
2017-03-04T16:47:59.565+0800: 61.947: Total time for which application threads were stopped: 0.0004020 seconds, Stopping threads took: 0.0000323 seconds
2017-03-04T16:47:59.565+0800: 61.947: Total time for which application threads were stopped: 0.0003497 seconds, Stopping threads took: 0.0000323 seconds
2017-03-04T16:47:59.566+0800: 61.948: Total time for which application threads were stopped: 0.0003247 seconds, Stopping threads took: 0.0000267 seconds
2017-03-04T16:47:59.566+0800: 61.948: Total time for which application threads were stopped: 0.0003175 seconds, Stopping threads took: 0.0000299 seconds
2017-03-04T16:48:00.567+0800: 62.949: Total time for which application threads were stopped: 0.0011376 seconds, Stopping threads took: 0.0002330 seconds
{Heap before GC invocations=33 (full 1):
 par new generation   total 109248K, used 98455K [0x00000000e0000000, 0x00000000e8000000, 0x00000000e8000000)
  eden space 87424K, 100% used [0x00000000e0000000, 0x00000000e5560000, 0x00000000e5560000)
  from space 21824K,  50% used [0x00000000e6ab0000, 0x00000000e7575df0, 0x00000000e8000000)
  to   space 21824K,   0% used [0x00000000e5560000, 0x00000000e5560000, 0x00000000e6ab0000)
 concurrent mark-sweep generation total 393216K, used 68966K [0x00000000e8000000, 0x0000000100000000, 0x0000000100000000)
 Metaspace       used 40499K, capacity 41388K, committed 41512K, reserved 1085440K
  class space    used 4656K, capacity 4908K, committed 4960K, reserved 1048576K
2017-03-04T16:48:00.604+0800: 62.986: [GC (Allocation Failure) 2017-03-04T16:48:00.604+0800: 62.986: [ParNew
Desired survivor size 20112992 bytes, new threshold 8 (max 8)
- age   1:    3694680 bytes,    3694680 total
- age   2:     925200 bytes,    4619880 total
- age   5:      13200 bytes,    4633080 total
- age   6:      54000 bytes,    4687080 total
- age   7:      31008 bytes,    4718088 total
- age   8:      21144 bytes,    4739232 total
: 98455K->10203K(109248K), 0.0101135 secs] 167422K->79473K(502464K), 0.0104707 secs] [Times: user=0.05 sys=0.00, real=0.02 secs] 
Heap after GC invocations=34 (full 1):
 par new generation   total 109248K, used 10203K [0x00000000e0000000, 0x00000000e8000000, 0x00000000e8000000)
  eden space 87424K,   0% used [0x00000000e0000000, 0x00000000e0000000, 0x00000000e5560000)
  from space 21824K,  46% used [0x00000000e5560000, 0x00000000e5f56dc0, 0x00000000e6ab0000)
  to   space 21824K,   0% used [0x00000000e6ab0000, 0x00000000e6ab0000, 0x00000000e8000000)
 concurrent mark-sweep generation total 393216K, used 69270K [0x00000000e8000000, 0x0000000100000000, 0x0000000100000000)
 Metaspace       used 40499K, capacity 41388K, committed 41512K, reserved 1085440K
  class space    used 4656K, capacity 4908K, committed 4960K, reserved 1048576K
}
2017-03-04T16:48:00.614+0800: 62.997: Total time for which application threads were stopped: 0.0117869 seconds, Stopping threads took: 0.0001732 seconds
2017-03-04T16:48:00.623+0800: 63.005: Total time for which application threads were stopped: 0.0010473 seconds, Stopping threads took: 0.0001626 seconds
2017-03-04T16:48:00.624+0800: 63.006: Total time for which application threads were stopped: 0.0008917 seconds, Stopping threads took: 0.0001165 seconds
2017-03-04T16:48:00.663+0800: 63.045: Total time for which application threads were stopped: 0.0016401 seconds, Stopping threads took: 0.0002255 seconds
2017-03-04T16:48:00.666+0800: 63.048: Total time for which application threads were stopped: 0.0010457 seconds, Stopping threads took: 0.0001973 seconds
2017-03-04T16:48:00.667+0800: 63.049: Total time for which application threads were stopped: 0.0009174 seconds, Stopping threads took: 0.0001539 seconds
2017-03-04T16:48:01.668+0800: 64.050: Total time for which application threads were stopped: 0.0009443 seconds, Stopping threads took: 0.0001431 seconds
2017-03-04T16:48:02.218+0800: 64.600: Total time for which application threads were stopped: 0.0009780 seconds, Stopping threads took: 0.0001477 seconds
2017-03-04T16:48:02.255+0800: 64.638: Total time for which application threads were stopped: 0.0010162 seconds, Stopping threads took: 0.0001708 seconds
2017-03-04T16:48:02.257+0800: 64.639: Total time for which application threads were stopped: 0.0010297 seconds, Stopping threads took: 0.0002467 seconds
2017-03-04T16:48:02.258+0800: 64.640: Total time for which application threads were stopped: 0.0009330 seconds, Stopping threads took: 0.0002299 seconds
2017-03-04T16:48:02.259+0800: 64.641: Total time for which application threads were stopped: 0.0008041 seconds, Stopping threads took: 0.0001085 seconds
{Heap before GC invocations=34 (full 1):
 par new generation   total 109248K, used 97627K [0x00000000e0000000, 0x00000000e8000000, 0x00000000e8000000)
  eden space 87424K, 100% used [0x00000000e0000000, 0x00000000e5560000, 0x00000000e5560000)
  from space 21824K,  46% used [0x00000000e5560000, 0x00000000e5f56dc0, 0x00000000e6ab0000)
  to   space 21824K,   0% used [0x00000000e6ab0000, 0x00000000e6ab0000, 0x00000000e8000000)
 concurrent mark-sweep generation total 393216K, used 69270K [0x00000000e8000000, 0x0000000100000000, 0x0000000100000000)
 Metaspace       used 40516K, capacity 41388K, committed 41512K, reserved 1085440K
  class space    used 4656K, capacity 4908K, committed 4960K, reserved 1048576K
2017-03-04T16:48:03.792+0800: 66.174: [GC (Allocation Failure) 2017-03-04T16:48:03.792+0800: 66.174: [ParNew
Desired survivor size 20112992 bytes, new threshold 8 (max 8)
- age   1:    3923704 bytes,    3923704 total
- age   2:    1674736 bytes,    5598440 total
- age   3:     856760 bytes,    6455200 total
- age   6:       9520 bytes,    6464720 total
- age   7:      43624 bytes,    6508344 total
- age   8:      31008 bytes,    6539352 total
: 97627K->7998K(109248K), 0.0088973 secs] 166897K->77288K(502464K), 0.0092450 secs] [Times: user=0.03 sys=0.00, real=0.01 secs] 
Heap after GC invocations=35 (full 1):
 par new generation   total 109248K, used 7998K [0x00000000e0000000, 0x00000000e8000000, 0x00000000e8000000)
  eden space 87424K,   0% used [0x00000000e0000000, 0x00000000e0000000, 0x00000000e5560000)
  from space 21824K,  36% used [0x00000000e6ab0000, 0x00000000e727f8d0, 0x00000000e8000000)
  to   space 21824K,   0% used [0x00000000e5560000, 0x00000000e5560000, 0x00000000e6ab0000)
 concurrent mark-sweep generation total 393216K, used 69290K [0x00000000e8000000, 0x0000000100000000, 0x0000000100000000)
 Metaspace       used 40516K, capacity 41388K, committed 41512K, reserved 1085440K
  class space    used 4656K, capacity 4908K, committed 4960K, reserved 1048576K
}
2017-03-04T16:48:03.801+0800: 66.184: Total time for which application threads were stopped: 0.0103944 seconds, Stopping threads took: 0.0001470 seconds
2017-03-04T16:48:03.862+0800: 66.244: Total time for which application threads were stopped: 0.0008936 seconds, Stopping threads took: 0.0001505 seconds
2017-03-04T16:48:03.899+0800: 66.281: Total time for which application threads were stopped: 0.0009363 seconds, Stopping threads took: 0.0001472 seconds
2017-03-04T16:48:03.901+0800: 66.283: Total time for which application threads were stopped: 0.0008693 seconds, Stopping threads took: 0.0001625 seconds
2017-03-04T16:48:03.902+0800: 66.284: Total time for which application threads were stopped: 0.0005697 seconds, Stopping threads took: 0.0000652 seconds
2017-03-04T16:48:03.902+0800: 66.285: Total time for which application threads were stopped: 0.0006481 seconds, Stopping threads took: 0.0001411 seconds
2017-03-04T16:48:03.907+0800: 66.289: Total time for which application threads were stopped: 0.0040749 seconds, Stopping threads took: 0.0000712 seconds
2017-03-04T16:48:04.907+0800: 67.290: Total time for which application threads were stopped: 0.0006688 seconds, Stopping threads took: 0.0001350 seconds
2017-03-04T16:48:05.011+0800: 67.393: Total time for which application threads were stopped: 0.0008055 seconds, Stopping threads took: 0.0001320 seconds
2017-03-04T16:48:05.050+0800: 67.433: Total time for which application threads were stopped: 0.0007830 seconds, Stopping threads took: 0.0001418 seconds
2017-03-04T16:48:05.051+0800: 67.433: Total time for which application threads were stopped: 0.0006621 seconds, Stopping threads took: 0.0001102 seconds
2017-03-04T16:48:05.052+0800: 67.434: Total time for which application threads were stopped: 0.0006850 seconds, Stopping threads took: 0.0001708 seconds
{Heap before GC invocations=35 (full 1):
 par new generation   total 109248K, used 95422K [0x00000000e0000000, 0x00000000e8000000, 0x00000000e8000000)
  eden space 87424K, 100% used [0x00000000e0000000, 0x00000000e5560000, 0x00000000e5560000)
  from space 21824K,  36% used [0x00000000e6ab0000, 0x00000000e727f8d0, 0x00000000e8000000)
  to   space 21824K,   0% used [0x00000000e5560000, 0x00000000e5560000, 0x00000000e6ab0000)
 concurrent mark-sweep generation total 393216K, used 69290K [0x00000000e8000000, 0x0000000100000000, 0x0000000100000000)
 Metaspace       used 40535K, capacity 41388K, committed 41512K, reserved 1085440K
  class space    used 4656K, capacity 4908K, committed 4960K, reserved 1048576K
2017-03-04T16:48:05.932+0800: 68.314: [GC (Allocation Failure) 2017-03-04T16:48:05.932+0800: 68.314: [ParNew
Desired survivor size 20112992 bytes, new threshold 8 (max 8)
- age   1:    3552936 bytes,    3552936 total
- age   2:    1271224 bytes,    4824160 total
- age   3:    1605408 bytes,    6429568 total
- age   4:     854488 bytes,    7284056 total
- age   7:       9520 bytes,    7293576 total
- age   8:      43624 bytes,    7337200 total
: 95422K->9654K(109248K), 0.0056804 secs] 164712K->78975K(502464K), 0.0059722 secs] [Times: user=0.02 sys=0.00, real=0.01 secs] 
Heap after GC invocations=36 (full 1):
 par new generation   total 109248K, used 9654K [0x00000000e0000000, 0x00000000e8000000, 0x00000000e8000000)
  eden space 87424K,   0% used [0x00000000e0000000, 0x00000000e0000000, 0x00000000e5560000)
  from space 21824K,  44% used [0x00000000e5560000, 0x00000000e5ecd8d0, 0x00000000e6ab0000)
  to   space 21824K,   0% used [0x00000000e6ab0000, 0x00000000e6ab0000, 0x00000000e8000000)
 concurrent mark-sweep generation total 393216K, used 69321K [0x00000000e8000000, 0x0000000100000000, 0x0000000100000000)
 Metaspace       used 40535K, capacity 41388K, committed 41512K, reserved 1085440K
  class space    used 4656K, capacity 4908K, committed 4960K, reserved 1048576K
}
2017-03-04T16:48:05.938+0800: 68.320: Total time for which application threads were stopped: 0.0069065 seconds, Stopping threads took: 0.0001383 seconds
2017-03-04T16:48:06.018+0800: 68.401: Total time for which application threads were stopped: 0.0007430 seconds, Stopping threads took: 0.0001814 seconds
2017-03-04T16:48:06.053+0800: 68.435: Total time for which application threads were stopped: 0.0007539 seconds, Stopping threads took: 0.0001562 seconds
2017-03-04T16:48:06.054+0800: 68.436: Total time for which application threads were stopped: 0.0003939 seconds, Stopping threads took: 0.0000501 seconds
2017-03-04T16:48:06.056+0800: 68.438: Total time for which application threads were stopped: 0.0018416 seconds, Stopping threads took: 0.0000486 seconds
2017-03-04T16:48:06.057+0800: 68.439: Total time for which application threads were stopped: 0.0004770 seconds, Stopping threads took: 0.0000710 seconds
2017-03-04T16:48:06.057+0800: 68.440: Total time for which application threads were stopped: 0.0003850 seconds, Stopping threads took: 0.0000527 seconds
2017-03-04T16:48:06.058+0800: 68.440: Total time for which application threads were stopped: 0.0003774 seconds, Stopping threads took: 0.0000522 seconds
2017-03-04T16:48:07.014+0800: 69.396: Total time for which application threads were stopped: 0.0007079 seconds, Stopping threads took: 0.0001358 seconds
2017-03-04T16:48:07.051+0800: 69.434: Total time for which application threads were stopped: 0.0007415 seconds, Stopping threads took: 0.0001793 seconds
2017-03-04T16:48:07.052+0800: 69.434: Total time for which application threads were stopped: 0.0003563 seconds, Stopping threads took: 0.0000420 seconds
2017-03-04T16:48:07.052+0800: 69.435: Total time for which application threads were stopped: 0.0004757 seconds, Stopping threads took: 0.0001529 seconds
{Heap before GC invocations=36 (full 1):
 par new generation   total 109248K, used 97078K [0x00000000e0000000, 0x00000000e8000000, 0x00000000e8000000)
  eden space 87424K, 100% used [0x00000000e0000000, 0x00000000e5560000, 0x00000000e5560000)
  from space 21824K,  44% used [0x00000000e5560000, 0x00000000e5ecd8d0, 0x00000000e6ab0000)
  to   space 21824K,   0% used [0x00000000e6ab0000, 0x00000000e6ab0000, 0x00000000e8000000)
 concurrent mark-sweep generation total 393216K, used 69321K [0x00000000e8000000, 0x0000000100000000, 0x0000000100000000)
 Metaspace       used 40550K, capacity 41388K, committed 41512K, reserved 1085440K
  class space    used 4656K, capacity 4908K, committed 4960K, reserved 1048576K
2017-03-04T16:48:07.295+0800: 69.678: [GC (Allocation Failure) 2017-03-04T16:48:07.295+0800: 69.678: [ParNew
Desired survivor size 20112992 bytes, new threshold 8 (max 8)
- age   1:    1879912 bytes,    1879912 total
- age   2:    1703672 bytes,    3583584 total
- age   3:    1191880 bytes,    4775464 total
- age   4:    1605408 bytes,    6380872 total
- age   5:     854488 bytes,    7235360 total
- age   8:       9520 bytes,    7244880 total
: 97078K->10165K(109248K), 0.0060022 secs] 166399K->79529K(502464K), 0.0062785 secs] [Times: user=0.02 sys=0.00, real=0.00 secs] 
Heap after GC invocations=37 (full 1):
 par new generation   total 109248K, used 10165K [0x00000000e0000000, 0x00000000e8000000, 0x00000000e8000000)
  eden space 87424K,   0% used [0x00000000e0000000, 0x00000000e0000000, 0x00000000e5560000)
  from space 21824K,  46% used [0x00000000e6ab0000, 0x00000000e749d540, 0x00000000e8000000)
  to   space 21824K,   0% used [0x00000000e5560000, 0x00000000e5560000, 0x00000000e6ab0000)
 concurrent mark-sweep generation total 393216K, used 69364K [0x00000000e8000000, 0x0000000100000000, 0x0000000100000000)
 Metaspace       used 40550K, capacity 41388K, committed 41512K, reserved 1085440K
  class space    used 4656K, capacity 4908K, committed 4960K, reserved 1048576K
}
2017-03-04T16:48:07.302+0800: 69.684: Total time for which application threads were stopped: 0.0071276 seconds, Stopping threads took: 0.0001284 seconds
2017-03-04T16:48:08.031+0800: 70.413: Total time for which application threads were stopped: 0.0008153 seconds, Stopping threads took: 0.0001764 seconds
2017-03-04T16:48:08.069+0800: 70.451: Total time for which application threads were stopped: 0.0007614 seconds, Stopping threads took: 0.0001394 seconds
2017-03-04T16:48:08.069+0800: 70.451: Total time for which application threads were stopped: 0.0003612 seconds, Stopping threads took: 0.0000368 seconds
2017-03-04T16:48:08.070+0800: 70.452: Total time for which application threads were stopped: 0.0003800 seconds, Stopping threads took: 0.0000494 seconds
2017-03-04T16:48:08.071+0800: 70.453: Total time for which application threads were stopped: 0.0004505 seconds, Stopping threads took: 0.0000805 seconds
2017-03-04T16:48:08.072+0800: 70.454: Total time for which application threads were stopped: 0.0003733 seconds, Stopping threads took: 0.0000748 seconds
2017-03-04T16:48:08.072+0800: 70.454: Total time for which application threads were stopped: 0.0004351 seconds, Stopping threads took: 0.0001306 seconds
{Heap before GC invocations=37 (full 1):
 par new generation   total 109248K, used 97143K [0x00000000e0000000, 0x00000000e8000000, 0x00000000e8000000)
  eden space 87424K,  99% used [0x00000000e0000000, 0x00000000e54f0708, 0x00000000e5560000)
  from space 21824K,  46% used [0x00000000e6ab0000, 0x00000000e749d540, 0x00000000e8000000)
  to   space 21824K,   0% used [0x00000000e5560000, 0x00000000e5560000, 0x00000000e6ab0000)
 concurrent mark-sweep generation total 393216K, used 69364K [0x00000000e8000000, 0x0000000100000000, 0x0000000100000000)
 Metaspace       used 40566K, capacity 41452K, committed 41512K, reserved 1085440K
  class space    used 4656K, capacity 4908K, committed 4960K, reserved 1048576K
2017-03-04T16:48:09.434+0800: 71.816: [GC (Allocation Failure) 2017-03-04T16:48:09.434+0800: 71.817: [ParNew
Desired survivor size 20112992 bytes, new threshold 8 (max 8)
- age   1:    3636504 bytes,    3636504 total
- age   2:    1749336 bytes,    5385840 total
- age   3:    1632424 bytes,    7018264 total
- age   4:    1190152 bytes,    8208416 total
- age   5:    1605408 bytes,    9813824 total
- age   6:     854488 bytes,   10668312 total
: 97143K->12843K(109248K), 0.0091771 secs] 166507K->82217K(502464K), 0.0095091 secs] [Times: user=0.03 sys=0.00, real=0.00 secs] 
Heap after GC invocations=38 (full 1):
 par new generation   total 109248K, used 12843K [0x00000000e0000000, 0x00000000e8000000, 0x00000000e8000000)
  eden space 87424K,   0% used [0x00000000e0000000, 0x00000000e0000000, 0x00000000e5560000)
  from space 21824K,  58% used [0x00000000e5560000, 0x00000000e61eafa0, 0x00000000e6ab0000)
  to   space 21824K,   0% used [0x00000000e6ab0000, 0x00000000e6ab0000, 0x00000000e8000000)
 concurrent mark-sweep generation total 393216K, used 69373K [0x00000000e8000000, 0x0000000100000000, 0x0000000100000000)
 Metaspace       used 40566K, capacity 41452K, committed 41512K, reserved 1085440K
  class space    used 4656K, capacity 4908K, committed 4960K, reserved 1048576K
}
2017-03-04T16:48:09.444+0800: 71.826: Total time for which application threads were stopped: 0.0106437 seconds, Stopping threads took: 0.0001460 seconds
2017-03-04T16:48:09.491+0800: 71.873: Total time for which application threads were stopped: 0.0009153 seconds, Stopping threads took: 0.0001452 seconds
2017-03-04T16:48:09.544+0800: 71.927: Total time for which application threads were stopped: 0.0009761 seconds, Stopping threads took: 0.0001867 seconds
2017-03-04T16:48:09.555+0800: 71.937: Total time for which application threads were stopped: 0.0007162 seconds, Stopping threads took: 0.0000870 seconds
2017-03-04T16:48:09.557+0800: 71.939: Total time for which application threads were stopped: 0.0007573 seconds, Stopping threads took: 0.0001003 seconds
2017-03-04T16:48:09.558+0800: 71.940: Total time for which application threads were stopped: 0.0007087 seconds, Stopping threads took: 0.0001022 seconds
2017-03-04T16:48:09.558+0800: 71.941: Total time for which application threads were stopped: 0.0006777 seconds, Stopping threads took: 0.0000869 seconds
2017-03-04T16:48:10.560+0800: 72.942: Total time for which application threads were stopped: 0.0012646 seconds, Stopping threads took: 0.0001689 seconds
2017-03-04T16:48:11.173+0800: 73.555: Total time for which application threads were stopped: 0.0010610 seconds, Stopping threads took: 0.0001680 seconds
2017-03-04T16:48:11.219+0800: 73.601: Total time for which application threads were stopped: 0.0010631 seconds, Stopping threads took: 0.0001856 seconds
2017-03-04T16:48:11.221+0800: 73.604: Total time for which application threads were stopped: 0.0011158 seconds, Stopping threads took: 0.0002746 seconds
2017-03-04T16:48:11.222+0800: 73.605: Total time for which application threads were stopped: 0.0009984 seconds, Stopping threads took: 0.0002485 seconds
2017-03-04T16:48:11.223+0800: 73.606: Total time for which application threads were stopped: 0.0009089 seconds, Stopping threads took: 0.0002033 seconds
{Heap before GC invocations=38 (full 1):
 par new generation   total 109248K, used 100265K [0x00000000e0000000, 0x00000000e8000000, 0x00000000e8000000)
  eden space 87424K,  99% used [0x00000000e0000000, 0x00000000e555f800, 0x00000000e5560000)
  from space 21824K,  58% used [0x00000000e5560000, 0x00000000e61eafa0, 0x00000000e6ab0000)
  to   space 21824K,   0% used [0x00000000e6ab0000, 0x00000000e6ab0000, 0x00000000e8000000)
 concurrent mark-sweep generation total 393216K, used 69373K [0x00000000e8000000, 0x0000000100000000, 0x0000000100000000)
 Metaspace       used 40577K, capacity 41452K, committed 41512K, reserved 1085440K
  class space    used 4656K, capacity 4908K, committed 4960K, reserved 1048576K
2017-03-04T16:48:11.567+0800: 73.949: [GC (Allocation Failure) 2017-03-04T16:48:11.567+0800: 73.949: [ParNew
Desired survivor size 20112992 bytes, new threshold 8 (max 8)
- age   1:    2069920 bytes,    2069920 total
- age   2:    1356104 bytes,    3426024 total
- age   3:    1747112 bytes,    5173136 total
- age   4:    1632328 bytes,    6805464 total
- age   5:    1190152 bytes,    7995616 total
- age   6:    1604936 bytes,    9600552 total
- age   7:     853096 bytes,   10453648 total
: 100265K->15279K(109248K), 0.0103070 secs] 169639K->84653K(502464K), 0.0106203 secs] [Times: user=0.03 sys=0.00, real=0.01 secs] 
Heap after GC invocations=39 (full 1):
 par new generation   total 109248K, used 15279K [0x00000000e0000000, 0x00000000e8000000, 0x00000000e8000000)
  eden space 87424K,   0% used [0x00000000e0000000, 0x00000000e0000000, 0x00000000e5560000)
  from space 21824K,  70% used [0x00000000e6ab0000, 0x00000000e799be18, 0x00000000e8000000)
  to   space 21824K,   0% used [0x00000000e5560000, 0x00000000e5560000, 0x00000000e6ab0000)
 concurrent mark-sweep generation total 393216K, used 69373K [0x00000000e8000000, 0x0000000100000000, 0x0000000100000000)
 Metaspace       used 40577K, capacity 41452K, committed 41512K, reserved 1085440K
  class space    used 4656K, capacity 4908K, committed 4960K, reserved 1048576K
}
2017-03-04T16:48:11.578+0800: 73.960: Total time for which application threads were stopped: 0.0118115 seconds, Stopping threads took: 0.0001445 seconds
{Heap before GC invocations=39 (full 1):
 par new generation   total 109248K, used 102703K [0x00000000e0000000, 0x00000000e8000000, 0x00000000e8000000)
  eden space 87424K, 100% used [0x00000000e0000000, 0x00000000e5560000, 0x00000000e5560000)
  from space 21824K,  70% used [0x00000000e6ab0000, 0x00000000e799be18, 0x00000000e8000000)
  to   space 21824K,   0% used [0x00000000e5560000, 0x00000000e5560000, 0x00000000e6ab0000)
 concurrent mark-sweep generation total 393216K, used 69373K [0x00000000e8000000, 0x0000000100000000, 0x0000000100000000)
 Metaspace       used 40579K, capacity 41452K, committed 41512K, reserved 1085440K
  class space    used 4656K, capacity 4908K, committed 4960K, reserved 1048576K
2017-03-04T16:48:11.988+0800: 74.370: [GC (Allocation Failure) 2017-03-04T16:48:11.988+0800: 74.370: [ParNew
Desired survivor size 20112992 bytes, new threshold 8 (max 8)
- age   1:     150240 bytes,     150240 total
- age   2:    1937776 bytes,    2088016 total
- age   3:    1355176 bytes,    3443192 total
- age   4:    1741992 bytes,    5185184 total
- age   5:    1632328 bytes,    6817512 total
- age   6:    1190152 bytes,    8007664 total
- age   7:    1604936 bytes,    9612600 total
- age   8:     853096 bytes,   10465696 total
: 102703K->13524K(109248K), 0.0088195 secs] 172077K->82898K(502464K), 0.0091501 secs] [Times: user=0.03 sys=0.00, real=0.01 secs] 
Heap after GC invocations=40 (full 1):
 par new generation   total 109248K, used 13524K [0x00000000e0000000, 0x00000000e8000000, 0x00000000e8000000)
  eden space 87424K,   0% used [0x00000000e0000000, 0x00000000e0000000, 0x00000000e5560000)
  from space 21824K,  61% used [0x00000000e5560000, 0x00000000e6295300, 0x00000000e6ab0000)
  to   space 21824K,   0% used [0x00000000e6ab0000, 0x00000000e6ab0000, 0x00000000e8000000)
 concurrent mark-sweep generation total 393216K, used 69373K [0x00000000e8000000, 0x0000000100000000, 0x0000000100000000)
 Metaspace       used 40579K, capacity 41452K, committed 41512K, reserved 1085440K
  class space    used 4656K, capacity 4908K, committed 4960K, reserved 1048576K
}
2017-03-04T16:48:11.997+0800: 74.379: Total time for which application threads were stopped: 0.0102720 seconds, Stopping threads took: 0.0001430 seconds
2017-03-04T16:48:12.531+0800: 74.914: Total time for which application threads were stopped: 0.0014143 seconds, Stopping threads took: 0.0002147 seconds
2017-03-04T16:48:13.202+0800: 75.585: Total time for which application threads were stopped: 0.0012730 seconds, Stopping threads took: 0.0003140 seconds
2017-03-04T16:48:13.203+0800: 75.586: Total time for which application threads were stopped: 0.0007490 seconds, Stopping threads took: 0.0000828 seconds
2017-03-04T16:48:13.204+0800: 75.586: Total time for which application threads were stopped: 0.0008142 seconds, Stopping threads took: 0.0001418 seconds
2017-03-04T16:48:13.207+0800: 75.589: Total time for which application threads were stopped: 0.0007727 seconds, Stopping threads took: 0.0000805 seconds
2017-03-04T16:48:13.208+0800: 75.590: Total time for which application threads were stopped: 0.0007084 seconds, Stopping threads took: 0.0000689 seconds
2017-03-04T16:48:13.209+0800: 75.591: Total time for which application threads were stopped: 0.0007545 seconds, Stopping threads took: 0.0000675 seconds
2017-03-04T16:48:13.210+0800: 75.592: Total time for which application threads were stopped: 0.0008922 seconds, Stopping threads took: 0.0002303 seconds
2017-03-04T16:48:13.211+0800: 75.593: Total time for which application threads were stopped: 0.0007518 seconds, Stopping threads took: 0.0000853 seconds
2017-03-04T16:48:13.212+0800: 75.594: Total time for which application threads were stopped: 0.0007013 seconds, Stopping threads took: 0.0000688 seconds
2017-03-04T16:48:13.213+0800: 75.595: Total time for which application threads were stopped: 0.0008022 seconds, Stopping threads took: 0.0000726 seconds
2017-03-04T16:48:13.213+0800: 75.596: Total time for which application threads were stopped: 0.0008246 seconds, Stopping threads took: 0.0001817 seconds
2017-03-04T16:48:13.214+0800: 75.597: Total time for which application threads were stopped: 0.0008050 seconds, Stopping threads took: 0.0001680 seconds
2017-03-04T16:48:13.215+0800: 75.598: Total time for which application threads were stopped: 0.0008316 seconds, Stopping threads took: 0.0000750 seconds
2017-03-04T16:48:13.216+0800: 75.598: Total time for which application threads were stopped: 0.0006808 seconds, Stopping threads took: 0.0000589 seconds
{Heap before GC invocations=40 (full 1):
 par new generation   total 109248K, used 100948K [0x00000000e0000000, 0x00000000e8000000, 0x00000000e8000000)
  eden space 87424K, 100% used [0x00000000e0000000, 0x00000000e5560000, 0x00000000e5560000)
  from space 21824K,  61% used [0x00000000e5560000, 0x00000000e6295300, 0x00000000e6ab0000)
  to   space 21824K,   0% used [0x00000000e6ab0000, 0x00000000e6ab0000, 0x00000000e8000000)
 concurrent mark-sweep generation total 393216K, used 69373K [0x00000000e8000000, 0x0000000100000000, 0x0000000100000000)
 Metaspace       used 40608K, capacity 41452K, committed 41512K, reserved 1085440K
  class space    used 4656K, capacity 4908K, committed 4960K, reserved 1048576K
2017-03-04T16:48:15.164+0800: 77.546: [GC (Allocation Failure) 2017-03-04T16:48:15.164+0800: 77.546: [ParNew
Desired survivor size 20112992 bytes, new threshold 8 (max 8)
- age   1:    2780456 bytes,    2780456 total
- age   2:       5384 bytes,    2785840 total
- age   3:     996168 bytes,    3782008 total
- age   4:      28168 bytes,    3810176 total
- age   5:      26024 bytes,    3836200 total
- age   6:      29368 bytes,    3865568 total
- age   7:      27704 bytes,    3893272 total
- age   8:     132968 bytes,    4026240 total
: 100948K->8003K(109248K), 0.0116811 secs] 170322K->77406K(502464K), 0.0122009 secs] [Times: user=0.04 sys=0.00, real=0.02 secs] 
Heap after GC invocations=41 (full 1):
 par new generation   total 109248K, used 8003K [0x00000000e0000000, 0x00000000e8000000, 0x00000000e8000000)
  eden space 87424K,   0% used [0x00000000e0000000, 0x00000000e0000000, 0x00000000e5560000)
  from space 21824K,  36% used [0x00000000e6ab0000, 0x00000000e7280c70, 0x00000000e8000000)
  to   space 21824K,   0% used [0x00000000e5560000, 0x00000000e5560000, 0x00000000e6ab0000)
 concurrent mark-sweep generation total 393216K, used 69403K [0x00000000e8000000, 0x0000000100000000, 0x0000000100000000)
 Metaspace       used 40608K, capacity 41452K, committed 41512K, reserved 1085440K
  class space    used 4656K, capacity 4908K, committed 4960K, reserved 1048576K
}
2017-03-04T16:48:15.176+0800: 77.558: Total time for which application threads were stopped: 0.0140496 seconds, Stopping threads took: 0.0001899 seconds
2017-03-04T16:48:15.377+0800: 77.760: Total time for which application threads were stopped: 0.0012706 seconds, Stopping threads took: 0.0001835 seconds
2017-03-04T16:48:15.379+0800: 77.761: Total time for which application threads were stopped: 0.0011346 seconds, Stopping threads took: 0.0001680 seconds
2017-03-04T16:48:15.425+0800: 77.807: Total time for which application threads were stopped: 0.0012517 seconds, Stopping threads took: 0.0001912 seconds
2017-03-04T16:48:15.426+0800: 77.808: Total time for which application threads were stopped: 0.0011469 seconds, Stopping threads took: 0.0001973 seconds
2017-03-04T16:48:15.427+0800: 77.809: Total time for which application threads were stopped: 0.0010640 seconds, Stopping threads took: 0.0001778 seconds
{Heap before GC invocations=41 (full 1):
 par new generation   total 109248K, used 95427K [0x00000000e0000000, 0x00000000e8000000, 0x00000000e8000000)
  eden space 87424K, 100% used [0x00000000e0000000, 0x00000000e5560000, 0x00000000e5560000)
  from space 21824K,  36% used [0x00000000e6ab0000, 0x00000000e7280c70, 0x00000000e8000000)
  to   space 21824K,   0% used [0x00000000e5560000, 0x00000000e5560000, 0x00000000e6ab0000)
 concurrent mark-sweep generation total 393216K, used 69403K [0x00000000e8000000, 0x0000000100000000, 0x0000000100000000)
 Metaspace       used 40621K, capacity 41452K, committed 41512K, reserved 1085440K
  class space    used 4656K, capacity 4908K, committed 4960K, reserved 1048576K
2017-03-04T16:48:17.338+0800: 79.720: [GC (Allocation Failure) 2017-03-04T16:48:17.338+0800: 79.720: [ParNew
Desired survivor size 20112992 bytes, new threshold 8 (max 8)
- age   1:    3719800 bytes,    3719800 total
- age   2:    1135280 bytes,    4855080 total
- age   3:        264 bytes,    4855344 total
- age   4:     926192 bytes,    5781536 total
- age   5:      27984 bytes,    5809520 total
- age   6:      26024 bytes,    5835544 total
- age   7:      29368 bytes,    5864912 total
- age   8:      27632 bytes,    5892544 total
: 95427K->6730K(109248K), 0.0090578 secs] 164830K->76264K(502464K), 0.0094452 secs] [Times: user=0.03 sys=0.00, real=0.01 secs] 
Heap after GC invocations=42 (full 1):
 par new generation   total 109248K, used 6730K [0x00000000e0000000, 0x00000000e8000000, 0x00000000e8000000)
  eden space 87424K,   0% used [0x00000000e0000000, 0x00000000e0000000, 0x00000000e5560000)
  from space 21824K,  30% used [0x00000000e5560000, 0x00000000e5bf2bd0, 0x00000000e6ab0000)
  to   space 21824K,   0% used [0x00000000e6ab0000, 0x00000000e6ab0000, 0x00000000e8000000)
 concurrent mark-sweep generation total 393216K, used 69533K [0x00000000e8000000, 0x0000000100000000, 0x0000000100000000)
 Metaspace       used 40621K, capacity 41452K, committed 41512K, reserved 1085440K
  class space    used 4656K, capacity 4908K, committed 4960K, reserved 1048576K
}
2017-03-04T16:48:17.348+0800: 79.730: Total time for which application threads were stopped: 0.0107385 seconds, Stopping threads took: 0.0001685 seconds
2017-03-04T16:48:17.353+0800: 79.735: Total time for which application threads were stopped: 0.0010362 seconds, Stopping threads took: 0.0001518 seconds
2017-03-04T16:48:17.392+0800: 79.774: Total time for which application threads were stopped: 0.0010706 seconds, Stopping threads took: 0.0001618 seconds
2017-03-04T16:48:17.394+0800: 79.777: Total time for which application threads were stopped: 0.0011958 seconds, Stopping threads took: 0.0003005 seconds
2017-03-04T16:48:17.396+0800: 79.778: Total time for which application threads were stopped: 0.0011556 seconds, Stopping threads took: 0.0003442 seconds
2017-03-04T16:48:17.397+0800: 79.779: Total time for which application threads were stopped: 0.0010477 seconds, Stopping threads took: 0.0002650 seconds
2017-03-04T16:48:19.258+0800: 81.640: Total time for which application threads were stopped: 0.0012521 seconds, Stopping threads took: 0.0003111 seconds
2017-03-04T16:48:19.302+0800: 81.684: Total time for which application threads were stopped: 0.0010937 seconds, Stopping threads took: 0.0001865 seconds
2017-03-04T16:48:19.303+0800: 81.685: Total time for which application threads were stopped: 0.0010927 seconds, Stopping threads took: 0.0002667 seconds
2017-03-04T16:48:19.304+0800: 81.686: Total time for which application threads were stopped: 0.0010237 seconds, Stopping threads took: 0.0002480 seconds
{Heap before GC invocations=42 (full 1):
 par new generation   total 109248K, used 94154K [0x00000000e0000000, 0x00000000e8000000, 0x00000000e8000000)
  eden space 87424K, 100% used [0x00000000e0000000, 0x00000000e5560000, 0x00000000e5560000)
  from space 21824K,  30% used [0x00000000e5560000, 0x00000000e5bf2bd0, 0x00000000e6ab0000)
  to   space 21824K,   0% used [0x00000000e6ab0000, 0x00000000e6ab0000, 0x00000000e8000000)
 concurrent mark-sweep generation total 393216K, used 69533K [0x00000000e8000000, 0x0000000100000000, 0x0000000100000000)
 Metaspace       used 40628K, capacity 41452K, committed 41512K, reserved 1085440K
  class space    used 4656K, capacity 4908K, committed 4960K, reserved 1048576K
2017-03-04T16:48:20.931+0800: 83.313: [GC (Allocation Failure) 2017-03-04T16:48:20.931+0800: 83.313: [ParNew
Desired survivor size 20112992 bytes, new threshold 8 (max 8)
- age   1:    4091520 bytes,    4091520 total
- age   2:    1651944 bytes,    5743464 total
- age   3:    1063504 bytes,    6806968 total
- age   4:        264 bytes,    6807232 total
- age   5:     925776 bytes,    7733008 total
- age   6:      26536 bytes,    7759544 total
- age   7:      26024 bytes,    7785568 total
- age   8:      29224 bytes,    7814792 total
: 94154K->10821K(109248K), 0.0097977 secs] 163688K->80382K(502464K), 0.0101146 secs] [Times: user=0.03 sys=0.00, real=0.01 secs] 
Heap after GC invocations=43 (full 1):
 par new generation   total 109248K, used 10821K [0x00000000e0000000, 0x00000000e8000000, 0x00000000e8000000)
  eden space 87424K,   0% used [0x00000000e0000000, 0x00000000e0000000, 0x00000000e5560000)
  from space 21824K,  49% used [0x00000000e6ab0000, 0x00000000e7541658, 0x00000000e8000000)
  to   space 21824K,   0% used [0x00000000e5560000, 0x00000000e5560000, 0x00000000e6ab0000)
 concurrent mark-sweep generation total 393216K, used 69560K [0x00000000e8000000, 0x0000000100000000, 0x0000000100000000)
 Metaspace       used 40628K, capacity 41452K, committed 41512K, reserved 1085440K
  class space    used 4656K, capacity 4908K, committed 4960K, reserved 1048576K
}
2017-03-04T16:48:20.941+0800: 83.323: Total time for which application threads were stopped: 0.0112324 seconds, Stopping threads took: 0.0001412 seconds
2017-03-04T16:48:21.010+0800: 83.392: Total time for which application threads were stopped: 0.0009001 seconds, Stopping threads took: 0.0001432 seconds
2017-03-04T16:48:21.057+0800: 83.439: Total time for which application threads were stopped: 0.0009183 seconds, Stopping threads took: 0.0001492 seconds
2017-03-04T16:48:21.057+0800: 83.440: Total time for which application threads were stopped: 0.0005446 seconds, Stopping threads took: 0.0000561 seconds
2017-03-04T16:48:21.059+0800: 83.441: Total time for which application threads were stopped: 0.0006887 seconds, Stopping threads took: 0.0001776 seconds
2017-03-04T16:48:21.060+0800: 83.442: Total time for which application threads were stopped: 0.0007529 seconds, Stopping threads took: 0.0002437 seconds
2017-03-04T16:48:21.061+0800: 83.443: Total time for which application threads were stopped: 0.0006202 seconds, Stopping threads took: 0.0000979 seconds
2017-03-04T16:48:22.687+0800: 85.070: Total time for which application threads were stopped: 0.0008687 seconds, Stopping threads took: 0.0001461 seconds
2017-03-04T16:48:22.731+0800: 85.113: Total time for which application threads were stopped: 0.0010018 seconds, Stopping threads took: 0.0002569 seconds
2017-03-04T16:48:22.732+0800: 85.114: Total time for which application threads were stopped: 0.0005604 seconds, Stopping threads took: 0.0000626 seconds
2017-03-04T16:48:22.732+0800: 85.114: Total time for which application threads were stopped: 0.0006681 seconds, Stopping threads took: 0.0001697 seconds
{Heap before GC invocations=43 (full 1):
 par new generation   total 109248K, used 98245K [0x00000000e0000000, 0x00000000e8000000, 0x00000000e8000000)
  eden space 87424K, 100% used [0x00000000e0000000, 0x00000000e5560000, 0x00000000e5560000)
  from space 21824K,  49% used [0x00000000e6ab0000, 0x00000000e7541658, 0x00000000e8000000)
  to   space 21824K,   0% used [0x00000000e5560000, 0x00000000e5560000, 0x00000000e6ab0000)
 concurrent mark-sweep generation total 393216K, used 69560K [0x00000000e8000000, 0x0000000100000000, 0x0000000100000000)
 Metaspace       used 40633K, capacity 41452K, committed 41512K, reserved 1085440K
  class space    used 4656K, capacity 4908K, committed 4960K, reserved 1048576K
2017-03-04T16:48:23.395+0800: 85.777: [GC (Allocation Failure) 2017-03-04T16:48:23.395+0800: 85.777: [ParNew
Desired survivor size 20112992 bytes, new threshold 8 (max 8)
- age   1:    3284736 bytes,    3284736 total
- age   2:    1361176 bytes,    4645912 total
- age   3:    1571832 bytes,    6217744 total
- age   4:    1063504 bytes,    7281248 total
- age   5:        264 bytes,    7281512 total
- age   6:     925592 bytes,    8207104 total
- age   7:      26464 bytes,    8233568 total
- age   8:      25952 bytes,    8259520 total
: 98245K->10160K(109248K), 0.0092792 secs] 167806K->79750K(502464K), 0.0096493 secs] [Times: user=0.02 sys=0.00, real=0.01 secs] 
Heap after GC invocations=44 (full 1):
 par new generation   total 109248K, used 10160K [0x00000000e0000000, 0x00000000e8000000, 0x00000000e8000000)
  eden space 87424K,   0% used [0x00000000e0000000, 0x00000000e0000000, 0x00000000e5560000)
  from space 21824K,  46% used [0x00000000e5560000, 0x00000000e5f4c2d0, 0x00000000e6ab0000)
  to   space 21824K,   0% used [0x00000000e6ab0000, 0x00000000e6ab0000, 0x00000000e8000000)
 concurrent mark-sweep generation total 393216K, used 69589K [0x00000000e8000000, 0x0000000100000000, 0x0000000100000000)
 Metaspace       used 40633K, capacity 41452K, committed 41512K, reserved 1085440K
  class space    used 4656K, capacity 4908K, committed 4960K, reserved 1048576K
}
2017-03-04T16:48:23.405+0800: 85.787: Total time for which application threads were stopped: 0.0108192 seconds, Stopping threads took: 0.0001416 seconds
2017-03-04T16:48:23.456+0800: 85.838: Total time for which application threads were stopped: 0.0008864 seconds, Stopping threads took: 0.0001705 seconds
2017-03-04T16:48:23.499+0800: 85.881: Total time for which application threads were stopped: 0.0010161 seconds, Stopping threads took: 0.0002638 seconds
2017-03-04T16:48:23.500+0800: 85.882: Total time for which application threads were stopped: 0.0006768 seconds, Stopping threads took: 0.0001835 seconds
2017-03-04T16:48:23.502+0800: 85.884: Total time for which application threads were stopped: 0.0006994 seconds, Stopping threads took: 0.0001544 seconds
2017-03-04T16:48:23.502+0800: 85.885: Total time for which application threads were stopped: 0.0006558 seconds, Stopping threads took: 0.0001664 seconds
2017-03-04T16:48:23.503+0800: 85.885: Total time for which application threads were stopped: 0.0006987 seconds, Stopping threads took: 0.0001982 seconds
2017-03-04T16:48:33.505+0800: 95.888: Total time for which application threads were stopped: 0.0009561 seconds, Stopping threads took: 0.0001825 seconds
2017-03-04T16:49:04.510+0800: 126.892: Total time for which application threads were stopped: 0.0006908 seconds, Stopping threads took: 0.0001543 seconds
2017-03-04T16:49:05.425+0800: 127.807: Total time for which application threads were stopped: 0.0006284 seconds, Stopping threads took: 0.0001266 seconds
2017-03-04T16:49:05.440+0800: 127.823: Total time for which application threads were stopped: 0.0006816 seconds, Stopping threads took: 0.0001394 seconds
2017-03-04T16:49:06.441+0800: 128.823: Total time for which application threads were stopped: 0.0006680 seconds, Stopping threads took: 0.0001419 seconds
2017-03-04T16:50:24.450+0800: 206.832: Total time for which application threads were stopped: 0.0008569 seconds, Stopping threads took: 0.0001414 seconds
2017-03-04T16:59:37.517+0800: 759.899: Total time for which application threads were stopped: 0.0008605 seconds, Stopping threads took: 0.0001399 seconds
2017-03-04T16:59:49.520+0800: 771.902: Total time for which application threads were stopped: 0.0010933 seconds, Stopping threads took: 0.0001737 seconds
2017-03-04T16:59:54.521+0800: 776.903: Total time for which application threads were stopped: 0.0008273 seconds, Stopping threads took: 0.0001205 seconds
2017-03-04T16:59:59.522+0800: 781.905: Total time for which application threads were stopped: 0.0005253 seconds, Stopping threads took: 0.0001086 seconds
2017-03-04T17:01:59.539+0800: 901.921: Total time for which application threads were stopped: 0.0006185 seconds, Stopping threads took: 0.0001141 seconds
2017-03-04T17:02:12.542+0800: 914.924: Total time for which application threads were stopped: 0.0008614 seconds, Stopping threads took: 0.0001493 seconds
2017-03-04T17:02:29.545+0800: 931.927: Total time for which application threads were stopped: 0.0009588 seconds, Stopping threads took: 0.0001180 seconds
2017-03-04T17:02:59.550+0800: 961.932: Total time for which application threads were stopped: 0.0009859 seconds, Stopping threads took: 0.0001587 seconds
2017-03-04T17:05:27.571+0800: 1109.953: Total time for which application threads were stopped: 0.0009331 seconds, Stopping threads took: 0.0001596 seconds
2017-03-04T17:07:59.591+0800: 1261.973: Total time for which application threads were stopped: 0.0008412 seconds, Stopping threads took: 0.0001260 seconds
2017-03-04T17:26:55.734+0800: 2398.116: Total time for which application threads were stopped: 0.0001585 seconds, Stopping threads took: 0.0000444 seconds
2017-03-04T17:31:19.764+0800: 2662.146: Total time for which application threads were stopped: 0.0002822 seconds, Stopping threads took: 0.0000769 seconds
2017-03-04T17:46:04.997+0800: 3547.379: Total time for which application threads were stopped: 0.0001406 seconds, Stopping threads took: 0.0000488 seconds
2017-03-04T17:46:05.040+0800: 3547.422: Total time for which application threads were stopped: 0.0001105 seconds, Stopping threads took: 0.0000249 seconds
2017-03-04T17:46:05.041+0800: 3547.424: Total time for which application threads were stopped: 0.0001448 seconds, Stopping threads took: 0.0000701 seconds
2017-03-04T17:46:05.042+0800: 3547.424: Total time for which application threads were stopped: 0.0000720 seconds, Stopping threads took: 0.0000220 seconds
2017-03-04T17:46:05.042+0800: 3547.424: Total time for which application threads were stopped: 0.0001174 seconds, Stopping threads took: 0.0000668 seconds
{Heap before GC invocations=44 (full 1):
 par new generation   total 109248K, used 97584K [0x00000000e0000000, 0x00000000e8000000, 0x00000000e8000000)
  eden space 87424K, 100% used [0x00000000e0000000, 0x00000000e5560000, 0x00000000e5560000)
  from space 21824K,  46% used [0x00000000e5560000, 0x00000000e5f4c2d0, 0x00000000e6ab0000)
  to   space 21824K,   0% used [0x00000000e6ab0000, 0x00000000e6ab0000, 0x00000000e8000000)
 concurrent mark-sweep generation total 393216K, used 69589K [0x00000000e8000000, 0x0000000100000000, 0x0000000100000000)
 Metaspace       used 40900K, capacity 41868K, committed 42024K, reserved 1087488K
  class space    used 4686K, capacity 4940K, committed 4960K, reserved 1048576K
2017-03-04T17:46:05.723+0800: 3548.106: [GC (Allocation Failure) 2017-03-04T17:46:05.723+0800: 3548.106: [ParNew
Desired survivor size 20112992 bytes, new threshold 8 (max 8)
- age   1:    3076936 bytes,    3076936 total
- age   2:    1847080 bytes,    4924016 total
- age   3:    1289688 bytes,    6213704 total
- age   4:    1571664 bytes,    7785368 total
- age   5:    1061992 bytes,    8847360 total
- age   6:        264 bytes,    8847624 total
- age   7:     925520 bytes,    9773144 total
- age   8:      25408 bytes,    9798552 total
: 97584K->12364K(109248K), 0.0054877 secs] 167174K->81979K(502464K), 0.0055631 secs] [Times: user=0.02 sys=0.00, real=0.01 secs] 
Heap after GC invocations=45 (full 1):
 par new generation   total 109248K, used 12364K [0x00000000e0000000, 0x00000000e8000000, 0x00000000e8000000)
  eden space 87424K,   0% used [0x00000000e0000000, 0x00000000e0000000, 0x00000000e5560000)
  from space 21824K,  56% used [0x00000000e6ab0000, 0x00000000e76c32f0, 0x00000000e8000000)
  to   space 21824K,   0% used [0x00000000e5560000, 0x00000000e5560000, 0x00000000e6ab0000)
 concurrent mark-sweep generation total 393216K, used 69614K [0x00000000e8000000, 0x0000000100000000, 0x0000000100000000)
 Metaspace       used 40900K, capacity 41868K, committed 42024K, reserved 1087488K
  class space    used 4686K, capacity 4940K, committed 4960K, reserved 1048576K
}
2017-03-04T17:46:05.729+0800: 3548.111: Total time for which application threads were stopped: 0.0057513 seconds, Stopping threads took: 0.0000218 seconds
2017-03-04T17:46:05.818+0800: 3548.200: Total time for which application threads were stopped: 0.0001270 seconds, Stopping threads took: 0.0000269 seconds
2017-03-04T17:46:05.858+0800: 3548.240: Total time for which application threads were stopped: 0.0001682 seconds, Stopping threads took: 0.0000337 seconds
2017-03-04T17:46:05.858+0800: 3548.241: Total time for which application threads were stopped: 0.0000861 seconds, Stopping threads took: 0.0000276 seconds
2017-03-04T17:46:05.859+0800: 3548.241: Total time for which application threads were stopped: 0.0001063 seconds, Stopping threads took: 0.0000345 seconds
2017-03-04T17:46:05.859+0800: 3548.241: Total time for which application threads were stopped: 0.0000823 seconds, Stopping threads took: 0.0000305 seconds
2017-03-04T17:46:05.859+0800: 3548.241: Total time for which application threads were stopped: 0.0000602 seconds, Stopping threads took: 0.0000202 seconds
2017-03-04T17:46:05.863+0800: 3548.246: Total time for which application threads were stopped: 0.0028269 seconds, Stopping threads took: 0.0027338 seconds
2017-03-04T17:46:05.864+0800: 3548.246: Total time for which application threads were stopped: 0.0001230 seconds, Stopping threads took: 0.0000439 seconds
2017-03-04T17:46:05.864+0800: 3548.246: Total time for which application threads were stopped: 0.0001499 seconds, Stopping threads took: 0.0000805 seconds
{Heap before GC invocations=45 (full 1):
 par new generation   total 109248K, used 99765K [0x00000000e0000000, 0x00000000e8000000, 0x00000000e8000000)
  eden space 87424K,  99% used [0x00000000e0000000, 0x00000000e555a370, 0x00000000e5560000)
  from space 21824K,  56% used [0x00000000e6ab0000, 0x00000000e76c32f0, 0x00000000e8000000)
  to   space 21824K,   0% used [0x00000000e5560000, 0x00000000e5560000, 0x00000000e6ab0000)
 concurrent mark-sweep generation total 393216K, used 69614K [0x00000000e8000000, 0x0000000100000000, 0x0000000100000000)
 Metaspace       used 40904K, capacity 41868K, committed 42024K, reserved 1087488K
  class space    used 4686K, capacity 4940K, committed 4960K, reserved 1048576K
2017-03-04T17:46:06.155+0800: 3548.538: [GC (Allocation Failure) 2017-03-04T17:46:06.156+0800: 3548.538: [ParNew
Desired survivor size 20112992 bytes, new threshold 8 (max 8)
- age   1:    1393824 bytes,    1393824 total
- age   2:    1453856 bytes,    2847680 total
- age   3:    1764544 bytes,    4612224 total
- age   4:    1276144 bytes,    5888368 total
- age   5:    1571664 bytes,    7460032 total
- age   6:    1061792 bytes,    8521824 total
- age   7:        264 bytes,    8522088 total
- age   8:     923024 bytes,    9445112 total
: 99765K->12048K(109248K), 0.0043585 secs] 169380K->81685K(502464K), 0.0044292 secs] [Times: user=0.01 sys=0.00, real=0.00 secs] 
Heap after GC invocations=46 (full 1):
 par new generation   total 109248K, used 12048K [0x00000000e0000000, 0x00000000e8000000, 0x00000000e8000000)
  eden space 87424K,   0% used [0x00000000e0000000, 0x00000000e0000000, 0x00000000e5560000)
  from space 21824K,  55% used [0x00000000e5560000, 0x00000000e6124078, 0x00000000e6ab0000)
  to   space 21824K,   0% used [0x00000000e6ab0000, 0x00000000e6ab0000, 0x00000000e8000000)
 concurrent mark-sweep generation total 393216K, used 69636K [0x00000000e8000000, 0x0000000100000000, 0x0000000100000000)
 Metaspace       used 40904K, capacity 41868K, committed 42024K, reserved 1087488K
  class space    used 4686K, capacity 4940K, committed 4960K, reserved 1048576K
}
2017-03-04T17:46:06.160+0800: 3548.542: Total time for which application threads were stopped: 0.0046151 seconds, Stopping threads took: 0.0000269 seconds
{Heap before GC invocations=46 (full 1):
 par new generation   total 109248K, used 99472K [0x00000000e0000000, 0x00000000e8000000, 0x00000000e8000000)
  eden space 87424K, 100% used [0x00000000e0000000, 0x00000000e5560000, 0x00000000e5560000)
  from space 21824K,  55% used [0x00000000e5560000, 0x00000000e6124078, 0x00000000e6ab0000)
  to   space 21824K,   0% used [0x00000000e6ab0000, 0x00000000e6ab0000, 0x00000000e8000000)
 concurrent mark-sweep generation total 393216K, used 69636K [0x00000000e8000000, 0x0000000100000000, 0x0000000100000000)
 Metaspace       used 40992K, capacity 41932K, committed 42024K, reserved 1087488K
  class space    used 4686K, capacity 4940K, committed 4960K, reserved 1048576K
2017-03-04T17:46:06.606+0800: 3548.988: [GC (Allocation Failure) 2017-03-04T17:46:06.606+0800: 3548.988: [ParNew
Desired survivor size 20112992 bytes, new threshold 8 (max 8)
- age   1:    1531128 bytes,    1531128 total
- age   2:     939632 bytes,    2470760 total
- age   3:    1452520 bytes,    3923280 total
- age   4:    1764256 bytes,    5687536 total
- age   5:    1274864 bytes,    6962400 total
- age   6:    1571520 bytes,    8533920 total
- age   7:    1061648 bytes,    9595568 total
- age   8:        264 bytes,    9595832 total
: 99472K->11993K(109248K), 0.0070877 secs] 169109K->82532K(502464K), 0.0071575 secs] [Times: user=0.02 sys=0.00, real=0.01 secs] 
Heap after GC invocations=47 (full 1):
 par new generation   total 109248K, used 11993K [0x00000000e0000000, 0x00000000e8000000, 0x00000000e8000000)
  eden space 87424K,   0% used [0x00000000e0000000, 0x00000000e0000000, 0x00000000e5560000)
  from space 21824K,  54% used [0x00000000e6ab0000, 0x00000000e76667a0, 0x00000000e8000000)
  to   space 21824K,   0% used [0x00000000e5560000, 0x00000000e5560000, 0x00000000e6ab0000)
 concurrent mark-sweep generation total 393216K, used 70538K [0x00000000e8000000, 0x0000000100000000, 0x0000000100000000)
 Metaspace       used 40992K, capacity 41932K, committed 42024K, reserved 1087488K
  class space    used 4686K, capacity 4940K, committed 4960K, reserved 1048576K
}
2017-03-04T17:46:06.613+0800: 3548.995: Total time for which application threads were stopped: 0.0073838 seconds, Stopping threads took: 0.0000398 seconds
2017-03-04T17:46:06.788+0800: 3549.170: Total time for which application threads were stopped: 0.0001326 seconds, Stopping threads took: 0.0000319 seconds
2017-03-04T17:46:06.788+0800: 3549.170: Total time for which application threads were stopped: 0.0001076 seconds, Stopping threads took: 0.0000601 seconds
2017-03-04T17:46:06.788+0800: 3549.170: Total time for which application threads were stopped: 0.0000836 seconds, Stopping threads took: 0.0000403 seconds
2017-03-04T17:46:06.790+0800: 3549.172: Total time for which application threads were stopped: 0.0000702 seconds, Stopping threads took: 0.0000144 seconds
2017-03-04T17:46:06.790+0800: 3549.172: Total time for which application threads were stopped: 0.0000640 seconds, Stopping threads took: 0.0000124 seconds
2017-03-04T17:46:06.790+0800: 3549.172: Total time for which application threads were stopped: 0.0001239 seconds, Stopping threads took: 0.0000667 seconds
2017-03-04T17:46:06.790+0800: 3549.172: Total time for which application threads were stopped: 0.0000616 seconds, Stopping threads took: 0.0000134 seconds
2017-03-04T17:46:06.790+0800: 3549.172: Total time for which application threads were stopped: 0.0000838 seconds, Stopping threads took: 0.0000128 seconds
2017-03-04T17:46:06.790+0800: 3549.173: Total time for which application threads were stopped: 0.0000505 seconds, Stopping threads took: 0.0000119 seconds
2017-03-04T17:46:06.790+0800: 3549.173: Total time for which application threads were stopped: 0.0000677 seconds, Stopping threads took: 0.0000202 seconds
2017-03-04T17:46:06.791+0800: 3549.173: Total time for which application threads were stopped: 0.0000640 seconds, Stopping threads took: 0.0000210 seconds
2017-03-04T17:46:06.791+0800: 3549.173: Total time for which application threads were stopped: 0.0000506 seconds, Stopping threads took: 0.0000191 seconds
2017-03-04T17:46:06.791+0800: 3549.173: Total time for which application threads were stopped: 0.0000416 seconds, Stopping threads took: 0.0000072 seconds
2017-03-04T17:46:06.791+0800: 3549.173: Total time for which application threads were stopped: 0.0001357 seconds, Stopping threads took: 0.0000063 seconds
2017-03-04T17:46:07.588+0800: 3549.970: Total time for which application threads were stopped: 0.0001525 seconds, Stopping threads took: 0.0000305 seconds
2017-03-04T17:46:07.588+0800: 3549.970: Total time for which application threads were stopped: 0.0000593 seconds, Stopping threads took: 0.0000207 seconds
2017-03-04T17:46:07.625+0800: 3550.007: Total time for which application threads were stopped: 0.0002227 seconds, Stopping threads took: 0.0001038 seconds
2017-03-04T17:46:07.625+0800: 3550.007: Total time for which application threads were stopped: 0.0001239 seconds, Stopping threads took: 0.0000524 seconds
2017-03-04T17:46:07.625+0800: 3550.007: Total time for which application threads were stopped: 0.0000924 seconds, Stopping threads took: 0.0000371 seconds
{Heap before GC invocations=47 (full 1):
 par new generation   total 109248K, used 99417K [0x00000000e0000000, 0x00000000e8000000, 0x00000000e8000000)
  eden space 87424K, 100% used [0x00000000e0000000, 0x00000000e5560000, 0x00000000e5560000)
  from space 21824K,  54% used [0x00000000e6ab0000, 0x00000000e76667a0, 0x00000000e8000000)
  to   space 21824K,   0% used [0x00000000e5560000, 0x00000000e5560000, 0x00000000e6ab0000)
 concurrent mark-sweep generation total 393216K, used 70538K [0x00000000e8000000, 0x0000000100000000, 0x0000000100000000)
 Metaspace       used 41086K, capacity 41996K, committed 42024K, reserved 1087488K
  class space    used 4687K, capacity 4940K, committed 4960K, reserved 1048576K
2017-03-04T17:46:07.627+0800: 3550.009: [GC (Allocation Failure) 2017-03-04T17:46:07.627+0800: 3550.009: [ParNew
Desired survivor size 20112992 bytes, new threshold 8 (max 8)
- age   1:    1801544 bytes,    1801544 total
- age   2:     135728 bytes,    1937272 total
- age   3:       8176 bytes,    1945448 total
- age   4:      77352 bytes,    2022800 total
- age   5:      12376 bytes,    2035176 total
- age   6:      12728 bytes,    2047904 total
- age   7:       6032 bytes,    2053936 total
- age   8:      82504 bytes,    2136440 total
: 99417K->8227K(109248K), 0.0048111 secs] 169956K->78766K(502464K), 0.0048778 secs] [Times: user=0.02 sys=0.00, real=0.00 secs] 
Heap after GC invocations=48 (full 1):
 par new generation   total 109248K, used 8227K [0x00000000e0000000, 0x00000000e8000000, 0x00000000e8000000)
  eden space 87424K,   0% used [0x00000000e0000000, 0x00000000e0000000, 0x00000000e5560000)
  from space 21824K,  37% used [0x00000000e5560000, 0x00000000e5d68e60, 0x00000000e6ab0000)
  to   space 21824K,   0% used [0x00000000e6ab0000, 0x00000000e6ab0000, 0x00000000e8000000)
 concurrent mark-sweep generation total 393216K, used 70538K [0x00000000e8000000, 0x0000000100000000, 0x0000000100000000)
 Metaspace       used 41086K, capacity 41996K, committed 42024K, reserved 1087488K
  class space    used 4687K, capacity 4940K, committed 4960K, reserved 1048576K
}
2017-03-04T17:46:07.631+0800: 3550.014: Total time for which application threads were stopped: 0.0051139 seconds, Stopping threads took: 0.0000856 seconds
2017-03-04T17:46:08.430+0800: 3550.812: Total time for which application threads were stopped: 0.0001275 seconds, Stopping threads took: 0.0000254 seconds
2017-03-04T17:46:08.465+0800: 3550.847: Total time for which application threads were stopped: 0.0001530 seconds, Stopping threads took: 0.0000442 seconds
2017-03-04T17:46:08.465+0800: 3550.848: Total time for which application threads were stopped: 0.0001226 seconds, Stopping threads took: 0.0000670 seconds
2017-03-04T17:46:08.466+0800: 3550.848: Total time for which application threads were stopped: 0.0001262 seconds, Stopping threads took: 0.0000777 seconds
{Heap before GC invocations=48 (full 1):
 par new generation   total 109248K, used 95248K [0x00000000e0000000, 0x00000000e8000000, 0x00000000e8000000)
  eden space 87424K,  99% used [0x00000000e0000000, 0x00000000e54fb278, 0x00000000e5560000)
  from space 21824K,  37% used [0x00000000e5560000, 0x00000000e5d68e60, 0x00000000e6ab0000)
  to   space 21824K,   0% used [0x00000000e6ab0000, 0x00000000e6ab0000, 0x00000000e8000000)
 concurrent mark-sweep generation total 393216K, used 70538K [0x00000000e8000000, 0x0000000100000000, 0x0000000100000000)
 Metaspace       used 41101K, capacity 41996K, committed 42024K, reserved 1087488K
  class space    used 4687K, capacity 4940K, committed 4960K, reserved 1048576K
2017-03-04T17:46:09.272+0800: 3551.654: [GC (Allocation Failure) 2017-03-04T17:46:09.272+0800: 3551.654: [ParNew
Desired survivor size 20112992 bytes, new threshold 8 (max 8)
- age   1:    3531256 bytes,    3531256 total
- age   2:    1650928 bytes,    5182184 total
- age   3:      68304 bytes,    5250488 total
- age   4:       7168 bytes,    5257656 total
- age   5:      75608 bytes,    5333264 total
- age   6:      12376 bytes,    5345640 total
- age   7:      12728 bytes,    5358368 total
- age   8:       6032 bytes,    5364400 total
: 95248K->6373K(109248K), 0.0055850 secs] 165786K->76993K(502464K), 0.0056515 secs] [Times: user=0.01 sys=0.00, real=0.01 secs] 
Heap after GC invocations=49 (full 1):
 par new generation   total 109248K, used 6373K [0x00000000e0000000, 0x00000000e8000000, 0x00000000e8000000)
  eden space 87424K,   0% used [0x00000000e0000000, 0x00000000e0000000, 0x00000000e5560000)
  from space 21824K,  29% used [0x00000000e6ab0000, 0x00000000e70e9690, 0x00000000e8000000)
  to   space 21824K,   0% used [0x00000000e5560000, 0x00000000e5560000, 0x00000000e6ab0000)
 concurrent mark-sweep generation total 393216K, used 70619K [0x00000000e8000000, 0x0000000100000000, 0x0000000100000000)
 Metaspace       used 41101K, capacity 41996K, committed 42024K, reserved 1087488K
  class space    used 4687K, capacity 4940K, committed 4960K, reserved 1048576K
}
2017-03-04T17:46:09.277+0800: 3551.660: Total time for which application threads were stopped: 0.0058344 seconds, Stopping threads took: 0.0000219 seconds
2017-03-04T17:46:09.302+0800: 3551.684: Total time for which application threads were stopped: 0.0002213 seconds, Stopping threads took: 0.0000257 seconds
2017-03-04T17:46:09.338+0800: 3551.720: Total time for which application threads were stopped: 0.0001737 seconds, Stopping threads took: 0.0000694 seconds
2017-03-04T17:46:09.338+0800: 3551.720: Total time for which application threads were stopped: 0.0001101 seconds, Stopping threads took: 0.0000570 seconds
2017-03-04T17:46:09.338+0800: 3551.720: Total time for which application threads were stopped: 0.0002063 seconds, Stopping threads took: 0.0001501 seconds
2017-03-04T17:46:10.182+0800: 3552.564: Total time for which application threads were stopped: 0.0001788 seconds, Stopping threads took: 0.0000678 seconds
2017-03-04T17:46:10.182+0800: 3552.564: Total time for which application threads were stopped: 0.0001053 seconds, Stopping threads took: 0.0000466 seconds
2017-03-04T17:46:10.215+0800: 3552.597: Total time for which application threads were stopped: 0.0001426 seconds, Stopping threads took: 0.0000408 seconds
2017-03-04T17:46:10.215+0800: 3552.598: Total time for which application threads were stopped: 0.0000813 seconds, Stopping threads took: 0.0000359 seconds
2017-03-04T17:46:10.215+0800: 3552.598: Total time for which application threads were stopped: 0.0000572 seconds, Stopping threads took: 0.0000215 seconds
{Heap before GC invocations=49 (full 1):
 par new generation   total 109248K, used 93797K [0x00000000e0000000, 0x00000000e8000000, 0x00000000e8000000)
  eden space 87424K, 100% used [0x00000000e0000000, 0x00000000e5560000, 0x00000000e5560000)
  from space 21824K,  29% used [0x00000000e6ab0000, 0x00000000e70e9690, 0x00000000e8000000)
  to   space 21824K,   0% used [0x00000000e5560000, 0x00000000e5560000, 0x00000000e6ab0000)
 concurrent mark-sweep generation total 393216K, used 70619K [0x00000000e8000000, 0x0000000100000000, 0x0000000100000000)
 Metaspace       used 41114K, capacity 42068K, committed 42280K, reserved 1087488K
  class space    used 4687K, capacity 4940K, committed 4960K, reserved 1048576K
2017-03-04T17:46:10.986+0800: 3553.369: [GC (Allocation Failure) 2017-03-04T17:46:10.986+0800: 3553.369: [ParNew
Desired survivor size 20112992 bytes, new threshold 8 (max 8)
- age   1:    3580248 bytes,    3580248 total
- age   2:    1313016 bytes,    4893264 total
- age   3:    1648512 bytes,    6541776 total
- age   4:      68304 bytes,    6610080 total
- age   5:       6848 bytes,    6616928 total
- age   6:      73120 bytes,    6690048 total
- age   7:      12376 bytes,    6702424 total
- age   8:      12728 bytes,    6715152 total
: 93797K->9016K(109248K), 0.0048439 secs] 164417K->79642K(502464K), 0.0049168 secs] [Times: user=0.02 sys=0.00, real=0.00 secs] 
Heap after GC invocations=50 (full 1):
 par new generation   total 109248K, used 9016K [0x00000000e0000000, 0x00000000e8000000, 0x00000000e8000000)
  eden space 87424K,   0% used [0x00000000e0000000, 0x00000000e0000000, 0x00000000e5560000)
  from space 21824K,  41% used [0x00000000e5560000, 0x00000000e5e2e380, 0x00000000e6ab0000)
  to   space 21824K,   0% used [0x00000000e6ab0000, 0x00000000e6ab0000, 0x00000000e8000000)
 concurrent mark-sweep generation total 393216K, used 70625K [0x00000000e8000000, 0x0000000100000000, 0x0000000100000000)
 Metaspace       used 41114K, capacity 42068K, committed 42280K, reserved 1087488K
  class space    used 4687K, capacity 4940K, committed 4960K, reserved 1048576K
}
2017-03-04T17:46:10.991+0800: 3553.374: Total time for which application threads were stopped: 0.0051223 seconds, Stopping threads took: 0.0000363 seconds
2017-03-04T17:46:11.058+0800: 3553.440: Total time for which application threads were stopped: 0.0001306 seconds, Stopping threads took: 0.0000264 seconds
2017-03-04T17:46:11.107+0800: 3553.489: Total time for which application threads were stopped: 0.0001308 seconds, Stopping threads took: 0.0000278 seconds
2017-03-04T17:46:11.107+0800: 3553.489: Total time for which application threads were stopped: 0.0000624 seconds, Stopping threads took: 0.0000137 seconds
2017-03-04T17:46:11.107+0800: 3553.489: Total time for which application threads were stopped: 0.0000578 seconds, Stopping threads took: 0.0000123 seconds
2017-03-04T17:46:11.108+0800: 3553.490: Total time for which application threads were stopped: 0.0000870 seconds, Stopping threads took: 0.0000303 seconds
2017-03-04T17:46:11.108+0800: 3553.490: Total time for which application threads were stopped: 0.0001016 seconds, Stopping threads took: 0.0000415 seconds
2017-03-04T17:46:11.108+0800: 3553.490: Total time for which application threads were stopped: 0.0000831 seconds, Stopping threads took: 0.0000371 seconds
2017-03-04T17:46:12.108+0800: 3554.490: Total time for which application threads were stopped: 0.0002766 seconds, Stopping threads took: 0.0001500 seconds
2017-03-04T17:46:12.272+0800: 3554.654: Total time for which application threads were stopped: 0.0001771 seconds, Stopping threads took: 0.0000277 seconds
2017-03-04T17:46:12.319+0800: 3554.702: Total time for which application threads were stopped: 0.0002902 seconds, Stopping threads took: 0.0001484 seconds
2017-03-04T17:46:12.320+0800: 3554.702: Total time for which application threads were stopped: 0.0001167 seconds, Stopping threads took: 0.0000280 seconds
2017-03-04T17:46:12.320+0800: 3554.702: Total time for which application threads were stopped: 0.0001010 seconds, Stopping threads took: 0.0000208 seconds
{Heap before GC invocations=50 (full 1):
 par new generation   total 109248K, used 96440K [0x00000000e0000000, 0x00000000e8000000, 0x00000000e8000000)
  eden space 87424K, 100% used [0x00000000e0000000, 0x00000000e5560000, 0x00000000e5560000)
  from space 21824K,  41% used [0x00000000e5560000, 0x00000000e5e2e380, 0x00000000e6ab0000)
  to   space 21824K,   0% used [0x00000000e6ab0000, 0x00000000e6ab0000, 0x00000000e8000000)
 concurrent mark-sweep generation total 393216K, used 70625K [0x00000000e8000000, 0x0000000100000000, 0x0000000100000000)
 Metaspace       used 41118K, capacity 42068K, committed 42280K, reserved 1087488K
  class space    used 4687K, capacity 4940K, committed 4960K, reserved 1048576K
2017-03-04T17:46:13.640+0800: 3556.023: [GC (Allocation Failure) 2017-03-04T17:46:13.640+0800: 3556.023: [ParNew
Desired survivor size 20112992 bytes, new threshold 8 (max 8)
- age   1:    2299440 bytes,    2299440 total
- age   2:    1564608 bytes,    3864048 total
- age   3:    1244288 bytes,    5108336 total
- age   4:    1647192 bytes,    6755528 total
- age   5:      67664 bytes,    6823192 total
- age   6:       6664 bytes,    6829856 total
- age   7:      73120 bytes,    6902976 total
- age   8:      12376 bytes,    6915352 total
: 96440K->8965K(109248K), 0.0082770 secs] 167066K->79603K(502464K), 0.0083903 secs] [Times: user=0.02 sys=0.00, real=0.01 secs] 
Heap after GC invocations=51 (full 1):
 par new generation   total 109248K, used 8965K [0x00000000e0000000, 0x00000000e8000000, 0x00000000e8000000)
  eden space 87424K,   0% used [0x00000000e0000000, 0x00000000e0000000, 0x00000000e5560000)
  from space 21824K,  41% used [0x00000000e6ab0000, 0x00000000e73716d0, 0x00000000e8000000)
  to   space 21824K,   0% used [0x00000000e5560000, 0x00000000e5560000, 0x00000000e6ab0000)
 concurrent mark-sweep generation total 393216K, used 70638K [0x00000000e8000000, 0x0000000100000000, 0x0000000100000000)
 Metaspace       used 41118K, capacity 42068K, committed 42280K, reserved 1087488K
  class space    used 4687K, capacity 4940K, committed 4960K, reserved 1048576K
}
2017-03-04T17:46:13.649+0800: 3556.031: Total time for which application threads were stopped: 0.0086794 seconds, Stopping threads took: 0.0000293 seconds
2017-03-04T17:46:13.848+0800: 3556.231: Total time for which application threads were stopped: 0.0001705 seconds, Stopping threads took: 0.0000363 seconds
2017-03-04T17:46:13.897+0800: 3556.280: Total time for which application threads were stopped: 0.0001810 seconds, Stopping threads took: 0.0000379 seconds
2017-03-04T17:46:13.898+0800: 3556.280: Total time for which application threads were stopped: 0.0001340 seconds, Stopping threads took: 0.0000260 seconds
2017-03-04T17:46:13.899+0800: 3556.281: Total time for which application threads were stopped: 0.0001521 seconds, Stopping threads took: 0.0000337 seconds
2017-03-04T17:46:13.899+0800: 3556.282: Total time for which application threads were stopped: 0.0001956 seconds, Stopping threads took: 0.0001037 seconds
2017-03-04T17:46:13.899+0800: 3556.282: Total time for which application threads were stopped: 0.0001309 seconds, Stopping threads took: 0.0000467 seconds
{Heap before GC invocations=51 (full 1):
 par new generation   total 109248K, used 96389K [0x00000000e0000000, 0x00000000e8000000, 0x00000000e8000000)
  eden space 87424K, 100% used [0x00000000e0000000, 0x00000000e5560000, 0x00000000e5560000)
  from space 21824K,  41% used [0x00000000e6ab0000, 0x00000000e73716d0, 0x00000000e8000000)
  to   space 21824K,   0% used [0x00000000e5560000, 0x00000000e5560000, 0x00000000e6ab0000)
 concurrent mark-sweep generation total 393216K, used 70638K [0x00000000e8000000, 0x0000000100000000, 0x0000000100000000)
 Metaspace       used 41125K, capacity 42068K, committed 42280K, reserved 1087488K
  class space    used 4687K, capacity 4940K, committed 4960K, reserved 1048576K
2017-03-04T17:46:15.471+0800: 3557.853: [GC (Allocation Failure) 2017-03-04T17:46:15.471+0800: 3557.853: [ParNew
Desired survivor size 20112992 bytes, new threshold 8 (max 8)
- age   1:    3504432 bytes,    3504432 total
- age   2:    1704624 bytes,    5209056 total
- age   3:    1495488 bytes,    6704544 total
- age   4:    1242840 bytes,    7947384 total
- age   5:    1647008 bytes,    9594392 total
- age   6:      67664 bytes,    9662056 total
- age   7:       6664 bytes,    9668720 total
- age   8:      73120 bytes,    9741840 total
: 96389K->11144K(109248K), 0.0098655 secs] 167027K->81794K(502464K), 0.0099777 secs] [Times: user=0.03 sys=0.01, real=0.01 secs] 
Heap after GC invocations=52 (full 1):
 par new generation   total 109248K, used 11144K [0x00000000e0000000, 0x00000000e8000000, 0x00000000e8000000)
  eden space 87424K,   0% used [0x00000000e0000000, 0x00000000e0000000, 0x00000000e5560000)
  from space 21824K,  51% used [0x00000000e5560000, 0x00000000e60421d0, 0x00000000e6ab0000)
  to   space 21824K,   0% used [0x00000000e6ab0000, 0x00000000e6ab0000, 0x00000000e8000000)
 concurrent mark-sweep generation total 393216K, used 70650K [0x00000000e8000000, 0x0000000100000000, 0x0000000100000000)
 Metaspace       used 41125K, capacity 42068K, committed 42280K, reserved 1087488K
  class space    used 4687K, capacity 4940K, committed 4960K, reserved 1048576K
}
2017-03-04T17:46:15.481+0800: 3557.863: Total time for which application threads were stopped: 0.0102647 seconds, Stopping threads took: 0.0000321 seconds
2017-03-04T17:46:15.498+0800: 3557.881: Total time for which application threads were stopped: 0.0001727 seconds, Stopping threads took: 0.0000357 seconds
2017-03-04T17:46:15.548+0800: 3557.930: Total time for which application threads were stopped: 0.0002659 seconds, Stopping threads took: 0.0000871 seconds
2017-03-04T17:46:15.548+0800: 3557.930: Total time for which application threads were stopped: 0.0001040 seconds, Stopping threads took: 0.0000192 seconds
2017-03-04T17:46:15.548+0800: 3557.930: Total time for which application threads were stopped: 0.0000787 seconds, Stopping threads took: 0.0000143 seconds
2017-03-04T17:46:15.548+0800: 3557.931: Total time for which application threads were stopped: 0.0001395 seconds, Stopping threads took: 0.0000355 seconds
2017-03-04T17:46:15.549+0800: 3557.931: Total time for which application threads were stopped: 0.0001074 seconds, Stopping threads took: 0.0000253 seconds
2017-03-04T17:46:15.549+0800: 3557.932: Total time for which application threads were stopped: 0.0003077 seconds, Stopping threads took: 0.0000424 seconds
2017-03-04T17:46:15.550+0800: 3557.932: Total time for which application threads were stopped: 0.0001637 seconds, Stopping threads took: 0.0000758 seconds
2017-03-04T17:46:15.550+0800: 3557.932: Total time for which application threads were stopped: 0.0001065 seconds, Stopping threads took: 0.0000317 seconds
2017-03-04T17:46:15.550+0800: 3557.933: Total time for which application threads were stopped: 0.0000995 seconds, Stopping threads took: 0.0000417 seconds
{Heap before GC invocations=52 (full 1):
 par new generation   total 109248K, used 98568K [0x00000000e0000000, 0x00000000e8000000, 0x00000000e8000000)
  eden space 87424K, 100% used [0x00000000e0000000, 0x00000000e5560000, 0x00000000e5560000)
  from space 21824K,  51% used [0x00000000e5560000, 0x00000000e60421d0, 0x00000000e6ab0000)
  to   space 21824K,   0% used [0x00000000e6ab0000, 0x00000000e6ab0000, 0x00000000e8000000)
 concurrent mark-sweep generation total 393216K, used 70650K [0x00000000e8000000, 0x0000000100000000, 0x0000000100000000)
 Metaspace       used 41150K, capacity 42068K, committed 42280K, reserved 1087488K
  class space    used 4687K, capacity 4940K, committed 4960K, reserved 1048576K
2017-03-04T17:46:16.157+0800: 3558.539: [GC (Allocation Failure) 2017-03-04T17:46:16.157+0800: 3558.539: [ParNew
Desired survivor size 20112992 bytes, new threshold 8 (max 8)
- age   1:     890456 bytes,     890456 total
- age   2:    1345344 bytes,    2235800 total
- age   3:    1702944 bytes,    3938744 total
- age   4:    1495304 bytes,    5434048 total
- age   5:    1242840 bytes,    6676888 total
- age   6:    1647008 bytes,    8323896 total
- age   7:      67688 bytes,    8391584 total
- age   8:       4088 bytes,    8395672 total
: 98568K->13862K(109248K), 0.0058505 secs] 169218K->84581K(502464K), 0.0059309 secs] [Times: user=0.02 sys=0.01, real=0.00 secs] 
Heap after GC invocations=53 (full 1):
 par new generation   total 109248K, used 13862K [0x00000000e0000000, 0x00000000e8000000, 0x00000000e8000000)
  eden space 87424K,   0% used [0x00000000e0000000, 0x00000000e0000000, 0x00000000e5560000)
  from space 21824K,  63% used [0x00000000e6ab0000, 0x00000000e7839818, 0x00000000e8000000)
  to   space 21824K,   0% used [0x00000000e5560000, 0x00000000e5560000, 0x00000000e6ab0000)
 concurrent mark-sweep generation total 393216K, used 70719K [0x00000000e8000000, 0x0000000100000000, 0x0000000100000000)
 Metaspace       used 41150K, capacity 42068K, committed 42280K, reserved 1087488K
  class space    used 4687K, capacity 4940K, committed 4960K, reserved 1048576K
}
2017-03-04T17:46:16.163+0800: 3558.545: Total time for which application threads were stopped: 0.0062024 seconds, Stopping threads took: 0.0000318 seconds
{Heap before GC invocations=53 (full 1):
 par new generation   total 109248K, used 101286K [0x00000000e0000000, 0x00000000e8000000, 0x00000000e8000000)
  eden space 87424K, 100% used [0x00000000e0000000, 0x00000000e5560000, 0x00000000e5560000)
  from space 21824K,  63% used [0x00000000e6ab0000, 0x00000000e7839818, 0x00000000e8000000)
  to   space 21824K,   0% used [0x00000000e5560000, 0x00000000e5560000, 0x00000000e6ab0000)
 concurrent mark-sweep generation total 393216K, used 70719K [0x00000000e8000000, 0x0000000100000000, 0x0000000100000000)
 Metaspace       used 41150K, capacity 42068K, committed 42280K, reserved 1087488K
  class space    used 4687K, capacity 4940K, committed 4960K, reserved 1048576K
2017-03-04T17:46:16.275+0800: 3558.657: [GC (Allocation Failure) 2017-03-04T17:46:16.275+0800: 3558.657: [ParNew
Desired survivor size 20112992 bytes, new threshold 8 (max 8)
- age   1:     155680 bytes,     155680 total
- age   2:     740808 bytes,     896488 total
- age   3:    1344416 bytes,    2240904 total
- age   4:    1702944 bytes,    3943848 total
- age   5:    1495304 bytes,    5439152 total
- age   6:    1242840 bytes,    6681992 total
- age   7:    1647008 bytes,    8329000 total
- age   8:      67664 bytes,    8396664 total
: 101286K->10075K(109248K), 0.0058008 secs] 172005K->80798K(502464K), 0.0058709 secs] [Times: user=0.02 sys=0.00, real=0.00 secs] 
Heap after GC invocations=54 (full 1):
 par new generation   total 109248K, used 10075K [0x00000000e0000000, 0x00000000e8000000, 0x00000000e8000000)
  eden space 87424K,   0% used [0x00000000e0000000, 0x00000000e0000000, 0x00000000e5560000)
  from space 21824K,  46% used [0x00000000e5560000, 0x00000000e5f36c00, 0x00000000e6ab0000)
  to   space 21824K,   0% used [0x00000000e6ab0000, 0x00000000e6ab0000, 0x00000000e8000000)
 concurrent mark-sweep generation total 393216K, used 70723K [0x00000000e8000000, 0x0000000100000000, 0x0000000100000000)
 Metaspace       used 41150K, capacity 42068K, committed 42280K, reserved 1087488K
  class space    used 4687K, capacity 4940K, committed 4960K, reserved 1048576K
}
2017-03-04T17:46:16.281+0800: 3558.663: Total time for which application threads were stopped: 0.0060781 seconds, Stopping threads took: 0.0000320 seconds
{Heap before GC invocations=54 (full 1):
 par new generation   total 109248K, used 97499K [0x00000000e0000000, 0x00000000e8000000, 0x00000000e8000000)
  eden space 87424K, 100% used [0x00000000e0000000, 0x00000000e5560000, 0x00000000e5560000)
  from space 21824K,  46% used [0x00000000e5560000, 0x00000000e5f36c00, 0x00000000e6ab0000)
  to   space 21824K,   0% used [0x00000000e6ab0000, 0x00000000e6ab0000, 0x00000000e8000000)
 concurrent mark-sweep generation total 393216K, used 70723K [0x00000000e8000000, 0x0000000100000000, 0x0000000100000000)
 Metaspace       used 41175K, capacity 42068K, committed 42280K, reserved 1087488K
  class space    used 4689K, capacity 4940K, committed 4960K, reserved 1048576K
2017-03-04T17:46:16.429+0800: 3558.811: [GC (Allocation Failure) 2017-03-04T17:46:16.429+0800: 3558.811: [ParNew
Desired survivor size 20112992 bytes, new threshold 8 (max 8)
- age   1:    2262072 bytes,    2262072 total
- age   3:     669344 bytes,    2931416 total
- age   4:    1344328 bytes,    4275744 total
- age   5:    1702680 bytes,    5978424 total
- age   6:    1494664 bytes,    7473088 total
- age   7:    1242840 bytes,    8715928 total
- age   8:    1647448 bytes,   10363376 total
: 97499K->14314K(109248K), 0.0064228 secs] 168222K->85104K(502464K), 0.0065000 secs] [Times: user=0.03 sys=0.01, real=0.01 secs] 
Heap after GC invocations=55 (full 1):
 par new generation   total 109248K, used 14314K [0x00000000e0000000, 0x00000000e8000000, 0x00000000e8000000)
  eden space 87424K,   0% used [0x00000000e0000000, 0x00000000e0000000, 0x00000000e5560000)
  from space 21824K,  65% used [0x00000000e6ab0000, 0x00000000e78aab40, 0x00000000e8000000)
  to   space 21824K,   0% used [0x00000000e5560000, 0x00000000e5560000, 0x00000000e6ab0000)
 concurrent mark-sweep generation total 393216K, used 70790K [0x00000000e8000000, 0x0000000100000000, 0x0000000100000000)
 Metaspace       used 41175K, capacity 42068K, committed 42280K, reserved 1087488K
  class space    used 4689K, capacity 4940K, committed 4960K, reserved 1048576K
}
2017-03-04T17:46:16.436+0800: 3558.818: Total time for which application threads were stopped: 0.0067353 seconds, Stopping threads took: 0.0000453 seconds
2017-03-04T17:46:16.545+0800: 3558.927: Total time for which application threads were stopped: 0.0001651 seconds, Stopping threads took: 0.0000525 seconds
2017-03-04T17:46:16.546+0800: 3558.929: Total time for which application threads were stopped: 0.0001630 seconds, Stopping threads took: 0.0000832 seconds
2017-03-04T17:46:16.546+0800: 3558.929: Total time for which application threads were stopped: 0.0001449 seconds, Stopping threads took: 0.0000736 seconds
2017-03-04T17:46:16.547+0800: 3558.929: Total time for which application threads were stopped: 0.0000811 seconds, Stopping threads took: 0.0000428 seconds
2017-03-04T17:46:16.800+0800: 3559.182: Total time for which application threads were stopped: 0.0001707 seconds, Stopping threads took: 0.0000331 seconds
{Heap before GC invocations=55 (full 1):
 par new generation   total 109248K, used 101738K [0x00000000e0000000, 0x00000000e8000000, 0x00000000e8000000)
  eden space 87424K, 100% used [0x00000000e0000000, 0x00000000e5560000, 0x00000000e5560000)
  from space 21824K,  65% used [0x00000000e6ab0000, 0x00000000e78aab40, 0x00000000e8000000)
  to   space 21824K,   0% used [0x00000000e5560000, 0x00000000e5560000, 0x00000000e6ab0000)
 concurrent mark-sweep generation total 393216K, used 70790K [0x00000000e8000000, 0x0000000100000000, 0x0000000100000000)
 Metaspace       used 41188K, capacity 42068K, committed 42280K, reserved 1087488K
  class space    used 4689K, capacity 4940K, committed 4960K, reserved 1048576K
2017-03-04T17:46:17.598+0800: 3559.980: [GC (Allocation Failure) 2017-03-04T17:46:17.598+0800: 3559.980: [ParNew
Desired survivor size 20112992 bytes, new threshold 8 (max 8)
- age   1:    3390944 bytes,    3390944 total
- age   2:     144104 bytes,    3535048 total
- age   4:     345992 bytes,    3881040 total
- age   5:    1208816 bytes,    5089856 total
- age   6:    1700784 bytes,    6790640 total
- age   7:    1494376 bytes,    8285016 total
- age   8:    1242840 bytes,    9527856 total
: 101738K->12564K(109248K), 0.0082932 secs] 172528K->84963K(502464K), 0.0083802 secs] [Times: user=0.02 sys=0.00, real=0.01 secs] 
Heap after GC invocations=56 (full 1):
 par new generation   total 109248K, used 12564K [0x00000000e0000000, 0x00000000e8000000, 0x00000000e8000000)
  eden space 87424K,   0% used [0x00000000e0000000, 0x00000000e0000000, 0x00000000e5560000)
  from space 21824K,  57% used [0x00000000e5560000, 0x00000000e61a5318, 0x00000000e6ab0000)
  to   space 21824K,   0% used [0x00000000e6ab0000, 0x00000000e6ab0000, 0x00000000e8000000)
 concurrent mark-sweep generation total 393216K, used 72399K [0x00000000e8000000, 0x0000000100000000, 0x0000000100000000)
 Metaspace       used 41188K, capacity 42068K, committed 42280K, reserved 1087488K
  class space    used 4689K, capacity 4940K, committed 4960K, reserved 1048576K
}
2017-03-04T17:46:17.606+0800: 3559.988: Total time for which application threads were stopped: 0.0085900 seconds, Stopping threads took: 0.0000249 seconds
2017-03-04T17:46:17.612+0800: 3559.995: Total time for which application threads were stopped: 0.0001089 seconds, Stopping threads took: 0.0000209 seconds
2017-03-04T17:46:17.704+0800: 3560.086: Total time for which application threads were stopped: 0.0002363 seconds, Stopping threads took: 0.0001278 seconds
2017-03-04T17:46:17.704+0800: 3560.086: Total time for which application threads were stopped: 0.0001577 seconds, Stopping threads took: 0.0000959 seconds
2017-03-04T17:46:17.704+0800: 3560.086: Total time for which application threads were stopped: 0.0000893 seconds, Stopping threads took: 0.0000378 seconds
2017-03-04T17:46:17.706+0800: 3560.088: Total time for which application threads were stopped: 0.0000920 seconds, Stopping threads took: 0.0000159 seconds
2017-03-04T17:46:17.706+0800: 3560.088: Total time for which application threads were stopped: 0.0000783 seconds, Stopping threads took: 0.0000132 seconds
2017-03-04T17:46:17.706+0800: 3560.088: Total time for which application threads were stopped: 0.0000788 seconds, Stopping threads took: 0.0000212 seconds
2017-03-04T17:46:17.706+0800: 3560.089: Total time for which application threads were stopped: 0.0000752 seconds, Stopping threads took: 0.0000205 seconds
2017-03-04T17:46:17.707+0800: 3560.089: Total time for which application threads were stopped: 0.0000731 seconds, Stopping threads took: 0.0000196 seconds
2017-03-04T17:46:17.707+0800: 3560.089: Total time for which application threads were stopped: 0.0000661 seconds, Stopping threads took: 0.0000072 seconds
2017-03-04T17:46:17.707+0800: 3560.089: Total time for which application threads were stopped: 0.0000535 seconds, Stopping threads took: 0.0000074 seconds
2017-03-04T17:46:17.707+0800: 3560.089: Total time for which application threads were stopped: 0.0000503 seconds, Stopping threads took: 0.0000050 seconds
2017-03-04T17:46:17.707+0800: 3560.089: Total time for which application threads were stopped: 0.0000464 seconds, Stopping threads took: 0.0000050 seconds
2017-03-04T17:46:18.634+0800: 3561.016: Total time for which application threads were stopped: 0.0001281 seconds, Stopping threads took: 0.0000270 seconds
2017-03-04T17:46:18.674+0800: 3561.056: Total time for which application threads were stopped: 0.0001208 seconds, Stopping threads took: 0.0000225 seconds
2017-03-04T17:46:18.675+0800: 3561.057: Total time for which application threads were stopped: 0.0000993 seconds, Stopping threads took: 0.0000190 seconds
2017-03-04T17:46:18.675+0800: 3561.058: Total time for which application threads were stopped: 0.0001992 seconds, Stopping threads took: 0.0001165 seconds
2017-03-04T17:46:18.676+0800: 3561.058: Total time for which application threads were stopped: 0.0001000 seconds, Stopping threads took: 0.0000391 seconds
{Heap before GC invocations=56 (full 1):
 par new generation   total 109248K, used 99988K [0x00000000e0000000, 0x00000000e8000000, 0x00000000e8000000)
  eden space 87424K, 100% used [0x00000000e0000000, 0x00000000e5560000, 0x00000000e5560000)
  from space 21824K,  57% used [0x00000000e5560000, 0x00000000e61a5318, 0x00000000e6ab0000)
  to   space 21824K,   0% used [0x00000000e6ab0000, 0x00000000e6ab0000, 0x00000000e8000000)
 concurrent mark-sweep generation total 393216K, used 72399K [0x00000000e8000000, 0x0000000100000000, 0x0000000100000000)
 Metaspace       used 41193K, capacity 42068K, committed 42280K, reserved 1087488K
  class space    used 4689K, capacity 4940K, committed 4960K, reserved 1048576K
2017-03-04T17:46:19.576+0800: 3561.958: [GC (Allocation Failure) 2017-03-04T17:46:19.576+0800: 3561.958: [ParNew
Desired survivor size 20112992 bytes, new threshold 8 (max 8)
- age   1:    4000168 bytes,    4000168 total
- age   2:    1363344 bytes,    5363512 total
- age   3:      76680 bytes,    5440192 total
- age   5:       7096 bytes,    5447288 total
- age   6:       5720 bytes,    5453008 total
- age   7:      11368 bytes,    5464376 total
- age   8:      24936 bytes,    5489312 total
: 99988K->9770K(109248K), 0.0081227 secs] 172387K->82191K(502464K), 0.0081860 secs] [Times: user=0.02 sys=0.00, real=0.00 secs] 
Heap after GC invocations=57 (full 1):
 par new generation   total 109248K, used 9770K [0x00000000e0000000, 0x00000000e8000000, 0x00000000e8000000)
  eden space 87424K,   0% used [0x00000000e0000000, 0x00000000e0000000, 0x00000000e5560000)
  from space 21824K,  44% used [0x00000000e6ab0000, 0x00000000e743aa40, 0x00000000e8000000)
  to   space 21824K,   0% used [0x00000000e5560000, 0x00000000e5560000, 0x00000000e6ab0000)
 concurrent mark-sweep generation total 393216K, used 72420K [0x00000000e8000000, 0x0000000100000000, 0x0000000100000000)
 Metaspace       used 41193K, capacity 42068K, committed 42280K, reserved 1087488K
  class space    used 4689K, capacity 4940K, committed 4960K, reserved 1048576K
}
2017-03-04T17:46:19.584+0800: 3561.966: Total time for which application threads were stopped: 0.0084291 seconds, Stopping threads took: 0.0000248 seconds
2017-03-04T17:46:19.680+0800: 3562.062: Total time for which application threads were stopped: 0.0001775 seconds, Stopping threads took: 0.0000374 seconds
2017-03-04T17:46:19.720+0800: 3562.102: Total time for which application threads were stopped: 0.0002946 seconds, Stopping threads took: 0.0001518 seconds
2017-03-04T17:46:19.720+0800: 3562.102: Total time for which application threads were stopped: 0.0002851 seconds, Stopping threads took: 0.0001909 seconds
2017-03-04T17:46:19.721+0800: 3562.103: Total time for which application threads were stopped: 0.0001690 seconds, Stopping threads took: 0.0000782 seconds
2017-03-04T17:46:20.721+0800: 3563.103: Total time for which application threads were stopped: 0.0001674 seconds, Stopping threads took: 0.0000311 seconds
2017-03-04T17:46:21.256+0800: 3563.638: Total time for which application threads were stopped: 0.0001692 seconds, Stopping threads took: 0.0000290 seconds
2017-03-04T17:46:21.299+0800: 3563.682: Total time for which application threads were stopped: 0.0001782 seconds, Stopping threads took: 0.0000358 seconds
2017-03-04T17:46:21.300+0800: 3563.682: Total time for which application threads were stopped: 0.0003634 seconds, Stopping threads took: 0.0000752 seconds
2017-03-04T17:46:21.300+0800: 3563.682: Total time for which application threads were stopped: 0.0001097 seconds, Stopping threads took: 0.0000220 seconds
{Heap before GC invocations=57 (full 1):
 par new generation   total 109248K, used 97194K [0x00000000e0000000, 0x00000000e8000000, 0x00000000e8000000)
  eden space 87424K, 100% used [0x00000000e0000000, 0x00000000e5560000, 0x00000000e5560000)
  from space 21824K,  44% used [0x00000000e6ab0000, 0x00000000e743aa40, 0x00000000e8000000)
  to   space 21824K,   0% used [0x00000000e5560000, 0x00000000e5560000, 0x00000000e6ab0000)
 concurrent mark-sweep generation total 393216K, used 72420K [0x00000000e8000000, 0x0000000100000000, 0x0000000100000000)
 Metaspace       used 41197K, capacity 42068K, committed 42280K, reserved 1087488K
  class space    used 4689K, capacity 4940K, committed 4960K, reserved 1048576K
2017-03-04T17:46:22.729+0800: 3565.111: [GC (Allocation Failure) 2017-03-04T17:46:22.729+0800: 3565.111: [ParNew
Desired survivor size 20112992 bytes, new threshold 8 (max 8)
- age   1:    3305840 bytes,    3305840 total
- age   2:    1393656 bytes,    4699496 total
- age   3:    1294432 bytes,    5993928 total
- age   4:      75288 bytes,    6069216 total
- age   6:       7064 bytes,    6076280 total
- age   7:       5504 bytes,    6081784 total
- age   8:      11368 bytes,    6093152 total
: 97194K->7856K(109248K), 0.0080859 secs] 169615K->80299K(502464K), 0.0081942 secs] [Times: user=0.02 sys=0.00, real=0.01 secs] 
Heap after GC invocations=58 (full 1):
 par new generation   total 109248K, used 7856K [0x00000000e0000000, 0x00000000e8000000, 0x00000000e8000000)
  eden space 87424K,   0% used [0x00000000e0000000, 0x00000000e0000000, 0x00000000e5560000)
  from space 21824K,  35% used [0x00000000e5560000, 0x00000000e5d0c230, 0x00000000e6ab0000)
  to   space 21824K,   0% used [0x00000000e6ab0000, 0x00000000e6ab0000, 0x00000000e8000000)
 concurrent mark-sweep generation total 393216K, used 72443K [0x00000000e8000000, 0x0000000100000000, 0x0000000100000000)
 Metaspace       used 41197K, capacity 42068K, committed 42280K, reserved 1087488K
  class space    used 4689K, capacity 4940K, committed 4960K, reserved 1048576K
}
2017-03-04T17:46:22.737+0800: 3565.120: Total time for which application threads were stopped: 0.0084741 seconds, Stopping threads took: 0.0000320 seconds
2017-03-04T17:46:22.886+0800: 3565.268: Total time for which application threads were stopped: 0.0002271 seconds, Stopping threads took: 0.0000500 seconds
2017-03-04T17:46:22.928+0800: 3565.310: Total time for which application threads were stopped: 0.0001739 seconds, Stopping threads took: 0.0000314 seconds
2017-03-04T17:46:22.928+0800: 3565.310: Total time for which application threads were stopped: 0.0000883 seconds, Stopping threads took: 0.0000159 seconds
2017-03-04T17:46:22.930+0800: 3565.312: Total time for which application threads were stopped: 0.0001498 seconds, Stopping threads took: 0.0000494 seconds
2017-03-04T17:46:22.930+0800: 3565.312: Total time for which application threads were stopped: 0.0001117 seconds, Stopping threads took: 0.0000206 seconds
{Heap before GC invocations=58 (full 1):
 par new generation   total 109248K, used 95280K [0x00000000e0000000, 0x00000000e8000000, 0x00000000e8000000)
  eden space 87424K, 100% used [0x00000000e0000000, 0x00000000e5560000, 0x00000000e5560000)
  from space 21824K,  35% used [0x00000000e5560000, 0x00000000e5d0c230, 0x00000000e6ab0000)
  to   space 21824K,   0% used [0x00000000e6ab0000, 0x00000000e6ab0000, 0x00000000e8000000)
 concurrent mark-sweep generation total 393216K, used 72443K [0x00000000e8000000, 0x0000000100000000, 0x0000000100000000)
 Metaspace       used 41198K, capacity 42068K, committed 42280K, reserved 1087488K
  class space    used 4689K, capacity 4940K, committed 4960K, reserved 1048576K
2017-03-04T17:46:24.168+0800: 3566.550: [GC (Allocation Failure) 2017-03-04T17:46:24.168+0800: 3566.551: [ParNew
Desired survivor size 20112992 bytes, new threshold 8 (max 8)
- age   1:    3583744 bytes,    3583744 total
- age   2:    1648720 bytes,    5232464 total
- age   3:    1324608 bytes,    6557072 total
- age   4:    1292800 bytes,    7849872 total
- age   5:      75288 bytes,    7925160 total
- age   7:       7064 bytes,    7932224 total
- age   8:       5504 bytes,    7937728 total
: 95280K->10365K(109248K), 0.0066638 secs] 167723K->82819K(502464K), 0.0067458 secs] [Times: user=0.02 sys=0.00, real=0.01 secs] 
Heap after GC invocations=59 (full 1):
 par new generation   total 109248K, used 10365K [0x00000000e0000000, 0x00000000e8000000, 0x00000000e8000000)
  eden space 87424K,   0% used [0x00000000e0000000, 0x00000000e0000000, 0x00000000e5560000)
  from space 21824K,  47% used [0x00000000e6ab0000, 0x00000000e74cf400, 0x00000000e8000000)
  to   space 21824K,   0% used [0x00000000e5560000, 0x00000000e5560000, 0x00000000e6ab0000)
 concurrent mark-sweep generation total 393216K, used 72454K [0x00000000e8000000, 0x0000000100000000, 0x0000000100000000)
 Metaspace       used 41198K, capacity 42068K, committed 42280K, reserved 1087488K
  class space    used 4689K, capacity 4940K, committed 4960K, reserved 1048576K
}
2017-03-04T17:46:24.175+0800: 3566.557: Total time for which application threads were stopped: 0.0069754 seconds, Stopping threads took: 0.0000271 seconds
2017-03-04T17:46:24.178+0800: 3566.561: Total time for which application threads were stopped: 0.0001135 seconds, Stopping threads took: 0.0000182 seconds
2017-03-04T17:46:24.218+0800: 3566.601: Total time for which application threads were stopped: 0.0001279 seconds, Stopping threads took: 0.0000264 seconds
2017-03-04T17:46:24.218+0800: 3566.601: Total time for which application threads were stopped: 0.0000580 seconds, Stopping threads took: 0.0000107 seconds
2017-03-04T17:46:24.219+0800: 3566.602: Total time for which application threads were stopped: 0.0001826 seconds, Stopping threads took: 0.0000162 seconds
2017-03-04T17:46:24.220+0800: 3566.602: Total time for which application threads were stopped: 0.0000770 seconds, Stopping threads took: 0.0000270 seconds
2017-03-04T17:46:24.220+0800: 3566.602: Total time for which application threads were stopped: 0.0001650 seconds, Stopping threads took: 0.0000390 seconds
2017-03-04T17:46:25.261+0800: 3567.643: Total time for which application threads were stopped: 0.0001769 seconds, Stopping threads took: 0.0000329 seconds
2017-03-04T17:46:25.325+0800: 3567.707: Total time for which application threads were stopped: 0.0002023 seconds, Stopping threads took: 0.0000920 seconds
{Heap before GC invocations=59 (full 1):
 par new generation   total 109248K, used 97789K [0x00000000e0000000, 0x00000000e8000000, 0x00000000e8000000)
  eden space 87424K, 100% used [0x00000000e0000000, 0x00000000e5560000, 0x00000000e5560000)
  from space 21824K,  47% used [0x00000000e6ab0000, 0x00000000e74cf400, 0x00000000e8000000)
  to   space 21824K,   0% used [0x00000000e5560000, 0x00000000e5560000, 0x00000000e6ab0000)
 concurrent mark-sweep generation total 393216K, used 72454K [0x00000000e8000000, 0x0000000100000000, 0x0000000100000000)
 Metaspace       used 41199K, capacity 42132K, committed 42280K, reserved 1087488K
  class space    used 4689K, capacity 4940K, committed 4960K, reserved 1048576K
2017-03-04T17:46:26.325+0800: 3568.708: [GC (Allocation Failure) 2017-03-04T17:46:26.325+0800: 3568.708: [ParNew
Desired survivor size 20112992 bytes, new threshold 8 (max 8)
- age   1:    3954384 bytes,    3954384 total
- age   2:    1561856 bytes,    5516240 total
- age   3:    1579352 bytes,    7095592 total
- age   4:    1323784 bytes,    8419376 total
- age   5:    1292800 bytes,    9712176 total
- age   6:      75288 bytes,    9787464 total
- age   8:       6832 bytes,    9794296 total
: 97789K->12592K(109248K), 0.0073267 secs] 170243K->85051K(502464K), 0.0074067 secs] [Times: user=0.03 sys=0.00, real=0.01 secs] 
Heap after GC invocations=60 (full 1):
 par new generation   total 109248K, used 12592K [0x00000000e0000000, 0x00000000e8000000, 0x00000000e8000000)
  eden space 87424K,   0% used [0x00000000e0000000, 0x00000000e0000000, 0x00000000e5560000)
  from space 21824K,  57% used [0x00000000e5560000, 0x00000000e61ac2b0, 0x00000000e6ab0000)
  to   space 21824K,   0% used [0x00000000e6ab0000, 0x00000000e6ab0000, 0x00000000e8000000)
 concurrent mark-sweep generation total 393216K, used 72458K [0x00000000e8000000, 0x0000000100000000, 0x0000000100000000)
 Metaspace       used 41199K, capacity 42132K, committed 42280K, reserved 1087488K
  class space    used 4689K, capacity 4940K, committed 4960K, reserved 1048576K
}
2017-03-04T17:46:26.333+0800: 3568.715: Total time for which application threads were stopped: 0.0076118 seconds, Stopping threads took: 0.0000248 seconds
2017-03-04T17:46:26.366+0800: 3568.749: Total time for which application threads were stopped: 0.0001328 seconds, Stopping threads took: 0.0000276 seconds
2017-03-04T17:46:26.409+0800: 3568.791: Total time for which application threads were stopped: 0.0001811 seconds, Stopping threads took: 0.0000318 seconds
2017-03-04T17:46:26.409+0800: 3568.791: Total time for which application threads were stopped: 0.0000943 seconds, Stopping threads took: 0.0000228 seconds
2017-03-04T17:46:26.409+0800: 3568.792: Total time for which application threads were stopped: 0.0000739 seconds, Stopping threads took: 0.0000157 seconds
2017-03-04T17:46:26.411+0800: 3568.793: Total time for which application threads were stopped: 0.0002316 seconds, Stopping threads took: 0.0001317 seconds
2017-03-04T17:46:26.411+0800: 3568.793: Total time for which application threads were stopped: 0.0000857 seconds, Stopping threads took: 0.0000226 seconds
2017-03-04T17:46:26.411+0800: 3568.793: Total time for which application threads were stopped: 0.0001085 seconds, Stopping threads took: 0.0000539 seconds
{Heap before GC invocations=60 (full 1):
 par new generation   total 109248K, used 100016K [0x00000000e0000000, 0x00000000e8000000, 0x00000000e8000000)
  eden space 87424K, 100% used [0x00000000e0000000, 0x00000000e5560000, 0x00000000e5560000)
  from space 21824K,  57% used [0x00000000e5560000, 0x00000000e61ac2b0, 0x00000000e6ab0000)
  to   space 21824K,   0% used [0x00000000e6ab0000, 0x00000000e6ab0000, 0x00000000e8000000)
 concurrent mark-sweep generation total 393216K, used 72458K [0x00000000e8000000, 0x0000000100000000, 0x0000000100000000)
 Metaspace       used 41201K, capacity 42132K, committed 42280K, reserved 1087488K
  class space    used 4689K, capacity 4940K, committed 4960K, reserved 1048576K
2017-03-04T17:46:26.947+0800: 3569.329: [GC (Allocation Failure) 2017-03-04T17:46:26.947+0800: 3569.329: [ParNew
Desired survivor size 20112992 bytes, new threshold 8 (max 8)
- age   1:    1230784 bytes,    1230784 total
- age   2:    1370320 bytes,    2601104 total
- age   3:    1493056 bytes,    4094160 total
- age   4:    1579352 bytes,    5673512 total
- age   5:    1323784 bytes,    6997296 total
- age   6:    1292800 bytes,    8290096 total
- age   7:      75288 bytes,    8365384 total
: 100016K->11215K(109248K), 0.0051178 secs] 172475K->83680K(502464K), 0.0051903 secs] [Times: user=0.02 sys=0.00, real=0.00 secs] 
Heap after GC invocations=61 (full 1):
 par new generation   total 109248K, used 11215K [0x00000000e0000000, 0x00000000e8000000, 0x00000000e8000000)
  eden space 87424K,   0% used [0x00000000e0000000, 0x00000000e0000000, 0x00000000e5560000)
  from space 21824K,  51% used [0x00000000e6ab0000, 0x00000000e75a3e80, 0x00000000e8000000)
  to   space 21824K,   0% used [0x00000000e5560000, 0x00000000e5560000, 0x00000000e6ab0000)
 concurrent mark-sweep generation total 393216K, used 72464K [0x00000000e8000000, 0x0000000100000000, 0x0000000100000000)
 Metaspace       used 41201K, capacity 42132K, committed 42280K, reserved 1087488K
  class space    used 4689K, capacity 4940K, committed 4960K, reserved 1048576K
}
2017-03-04T17:46:26.952+0800: 3569.334: Total time for which application threads were stopped: 0.0053975 seconds, Stopping threads took: 0.0000281 seconds
{Heap before GC invocations=61 (full 1):
 par new generation   total 109248K, used 98639K [0x00000000e0000000, 0x00000000e8000000, 0x00000000e8000000)
  eden space 87424K, 100% used [0x00000000e0000000, 0x00000000e5560000, 0x00000000e5560000)
  from space 21824K,  51% used [0x00000000e6ab0000, 0x00000000e75a3e80, 0x00000000e8000000)
  to   space 21824K,   0% used [0x00000000e5560000, 0x00000000e5560000, 0x00000000e6ab0000)
 concurrent mark-sweep generation total 393216K, used 72464K [0x00000000e8000000, 0x0000000100000000, 0x0000000100000000)
 Metaspace       used 41201K, capacity 42132K, committed 42280K, reserved 1087488K
  class space    used 4689K, capacity 4940K, committed 4960K, reserved 1048576K
2017-03-04T17:46:27.078+0800: 3569.460: [GC (Allocation Failure) 2017-03-04T17:46:27.078+0800: 3569.460: [ParNew
Desired survivor size 20112992 bytes, new threshold 8 (max 8)
- age   1:     206704 bytes,     206704 total
- age   2:    1062240 bytes,    1268944 total
- age   3:    1369360 bytes,    2638304 total
- age   4:    1493056 bytes,    4131360 total
- age   5:    1579352 bytes,    5710712 total
- age   6:    1323784 bytes,    7034496 total
- age   7:    1292800 bytes,    8327296 total
- age   8:      75288 bytes,    8402584 total
: 98639K->11508K(109248K), 0.0048645 secs] 171104K->83973K(502464K), 0.0049384 secs] [Times: user=0.01 sys=0.00, real=0.00 secs] 
Heap after GC invocations=62 (full 1):
 par new generation   total 109248K, used 11508K [0x00000000e0000000, 0x00000000e8000000, 0x00000000e8000000)
  eden space 87424K,   0% used [0x00000000e0000000, 0x00000000e0000000, 0x00000000e5560000)
  from space 21824K,  52% used [0x00000000e5560000, 0x00000000e609d3b0, 0x00000000e6ab0000)
  to   space 21824K,   0% used [0x00000000e6ab0000, 0x00000000e6ab0000, 0x00000000e8000000)
 concurrent mark-sweep generation total 393216K, used 72464K [0x00000000e8000000, 0x0000000100000000, 0x0000000100000000)
 Metaspace       used 41201K, capacity 42132K, committed 42280K, reserved 1087488K
  class space    used 4689K, capacity 4940K, committed 4960K, reserved 1048576K
}
2017-03-04T17:46:27.083+0800: 3569.465: Total time for which application threads were stopped: 0.0051418 seconds, Stopping threads took: 0.0000294 seconds
{Heap before GC invocations=62 (full 1):
 par new generation   total 109248K, used 98932K [0x00000000e0000000, 0x00000000e8000000, 0x00000000e8000000)
  eden space 87424K, 100% used [0x00000000e0000000, 0x00000000e5560000, 0x00000000e5560000)
  from space 21824K,  52% used [0x00000000e5560000, 0x00000000e609d3b0, 0x00000000e6ab0000)
  to   space 21824K,   0% used [0x00000000e6ab0000, 0x00000000e6ab0000, 0x00000000e8000000)
 concurrent mark-sweep generation total 393216K, used 72464K [0x00000000e8000000, 0x0000000100000000, 0x0000000100000000)
 Metaspace       used 41202K, capacity 42132K, committed 42280K, reserved 1087488K
  class space    used 4689K, capacity 4940K, committed 4960K, reserved 1048576K
2017-03-04T17:46:27.234+0800: 3569.616: [GC (Allocation Failure) 2017-03-04T17:46:27.234+0800: 3569.616: [ParNew
Desired survivor size 20112992 bytes, new threshold 8 (max 8)
- age   1:    1341136 bytes,    1341136 total
- age   2:         32 bytes,    1341168 total
- age   3:     991232 bytes,    2332400 total
- age   4:    1369272 bytes,    3701672 total
- age   5:    1493056 bytes,    5194728 total
- age   6:    1578448 bytes,    6773176 total
- age   7:    1323784 bytes,    8096960 total
- age   8:    1292800 bytes,    9389760 total
: 98932K->10308K(109248K), 0.0052650 secs] 171397K->82846K(502464K), 0.0053402 secs] [Times: user=0.02 sys=0.00, real=0.00 secs] 
Heap after GC invocations=63 (full 1):
 par new generation   total 109248K, used 10308K [0x00000000e0000000, 0x00000000e8000000, 0x00000000e8000000)
  eden space 87424K,   0% used [0x00000000e0000000, 0x00000000e0000000, 0x00000000e5560000)
  from space 21824K,  47% used [0x00000000e6ab0000, 0x00000000e74c11c0, 0x00000000e8000000)
  to   space 21824K,   0% used [0x00000000e5560000, 0x00000000e5560000, 0x00000000e6ab0000)
 concurrent mark-sweep generation total 393216K, used 72538K [0x00000000e8000000, 0x0000000100000000, 0x0000000100000000)
 Metaspace       used 41202K, capacity 42132K, committed 42280K, reserved 1087488K
  class space    used 4689K, capacity 4940K, committed 4960K, reserved 1048576K
}
2017-03-04T17:46:27.239+0800: 3569.622: Total time for which application threads were stopped: 0.0055556 seconds, Stopping threads took: 0.0000393 seconds
2017-03-04T17:46:27.387+0800: 3569.769: Total time for which application threads were stopped: 0.0001931 seconds, Stopping threads took: 0.0000408 seconds
2017-03-04T17:46:27.388+0800: 3569.770: Total time for which application threads were stopped: 0.0003337 seconds, Stopping threads took: 0.0000345 seconds
2017-03-04T17:46:27.389+0800: 3569.771: Total time for which application threads were stopped: 0.0001683 seconds, Stopping threads took: 0.0000396 seconds
2017-03-04T17:46:27.389+0800: 3569.771: Total time for which application threads were stopped: 0.0001686 seconds, Stopping threads took: 0.0000722 seconds
2017-03-04T17:46:27.389+0800: 3569.771: Total time for which application threads were stopped: 0.0001153 seconds, Stopping threads took: 0.0000274 seconds
2017-03-04T17:46:27.623+0800: 3570.005: Total time for which application threads were stopped: 0.0002373 seconds, Stopping threads took: 0.0000419 seconds
{Heap before GC invocations=63 (full 1):
 par new generation   total 109248K, used 97732K [0x00000000e0000000, 0x00000000e8000000, 0x00000000e8000000)
  eden space 87424K, 100% used [0x00000000e0000000, 0x00000000e5560000, 0x00000000e5560000)
  from space 21824K,  47% used [0x00000000e6ab0000, 0x00000000e74c11c0, 0x00000000e8000000)
  to   space 21824K,   0% used [0x00000000e5560000, 0x00000000e5560000, 0x00000000e6ab0000)
 concurrent mark-sweep generation total 393216K, used 72538K [0x00000000e8000000, 0x0000000100000000, 0x0000000100000000)
 Metaspace       used 41206K, capacity 42132K, committed 42280K, reserved 1087488K
  class space    used 4689K, capacity 4940K, committed 4960K, reserved 1048576K
2017-03-04T17:46:28.817+0800: 3571.199: [GC (Allocation Failure) 2017-03-04T17:46:28.817+0800: 3571.199: [ParNew
Desired survivor size 20112992 bytes, new threshold 8 (max 8)
- age   1:    3724056 bytes,    3724056 total
- age   2:      89224 bytes,    3813280 total
- age   3:         32 bytes,    3813312 total
- age   4:     669616 bytes,    4482928 total
- age   5:    1300536 bytes,    5783464 total
- age   6:    1492592 bytes,    7276056 total
- age   7:    1576584 bytes,    8852640 total
- age   8:    1322256 bytes,   10174896 total
: 97732K->15816K(109248K), 0.0105702 secs] 170270K->89617K(502464K), 0.0106760 secs] [Times: user=0.03 sys=0.00, real=0.01 secs] 
Heap after GC invocations=64 (full 1):
 par new generation   total 109248K, used 15816K [0x00000000e0000000, 0x00000000e8000000, 0x00000000e8000000)
  eden space 87424K,   0% used [0x00000000e0000000, 0x00000000e0000000, 0x00000000e5560000)
  from space 21824K,  72% used [0x00000000e5560000, 0x00000000e64d2140, 0x00000000e6ab0000)
  to   space 21824K,   0% used [0x00000000e6ab0000, 0x00000000e6ab0000, 0x00000000e8000000)
 concurrent mark-sweep generation total 393216K, used 73801K [0x00000000e8000000, 0x0000000100000000, 0x0000000100000000)
 Metaspace       used 41206K, capacity 42132K, committed 42280K, reserved 1087488K
  class space    used 4689K, capacity 4940K, committed 4960K, reserved 1048576K
}
2017-03-04T17:46:28.828+0800: 3571.210: Total time for which application threads were stopped: 0.0109410 seconds, Stopping threads took: 0.0000301 seconds
2017-03-04T17:46:28.980+0800: 3571.362: Total time for which application threads were stopped: 0.0002449 seconds, Stopping threads took: 0.0001054 seconds
2017-03-04T17:46:28.980+0800: 3571.363: Total time for which application threads were stopped: 0.0001444 seconds, Stopping threads took: 0.0000623 seconds
2017-03-04T17:46:28.980+0800: 3571.363: Total time for which application threads were stopped: 0.0001307 seconds, Stopping threads took: 0.0000544 seconds
2017-03-04T17:46:28.983+0800: 3571.365: Total time for which application threads were stopped: 0.0001849 seconds, Stopping threads took: 0.0000577 seconds
2017-03-04T17:46:28.983+0800: 3571.365: Total time for which application threads were stopped: 0.0001304 seconds, Stopping threads took: 0.0000568 seconds
2017-03-04T17:46:28.983+0800: 3571.366: Total time for which application threads were stopped: 0.0000988 seconds, Stopping threads took: 0.0000230 seconds
2017-03-04T17:46:28.984+0800: 3571.366: Total time for which application threads were stopped: 0.0000914 seconds, Stopping threads took: 0.0000241 seconds
2017-03-04T17:46:28.984+0800: 3571.366: Total time for which application threads were stopped: 0.0000956 seconds, Stopping threads took: 0.0000293 seconds
2017-03-04T17:46:28.984+0800: 3571.366: Total time for which application threads were stopped: 0.0000972 seconds, Stopping threads took: 0.0000126 seconds
2017-03-04T17:46:28.984+0800: 3571.366: Total time for which application threads were stopped: 0.0000801 seconds, Stopping threads took: 0.0000135 seconds
2017-03-04T17:46:28.984+0800: 3571.366: Total time for which application threads were stopped: 0.0000731 seconds, Stopping threads took: 0.0000098 seconds
2017-03-04T17:46:28.984+0800: 3571.366: Total time for which application threads were stopped: 0.0000751 seconds, Stopping threads took: 0.0000117 seconds
2017-03-04T17:46:28.984+0800: 3571.366: Total time for which application threads were stopped: 0.0000726 seconds, Stopping threads took: 0.0000095 seconds
2017-03-04T17:46:28.984+0800: 3571.367: Total time for which application threads were stopped: 0.0000838 seconds, Stopping threads took: 0.0000156 seconds
2017-03-04T17:46:28.985+0800: 3571.367: Total time for which application threads were stopped: 0.0001210 seconds, Stopping threads took: 0.0000299 seconds
2017-03-04T17:46:30.535+0800: 3572.917: Total time for which application threads were stopped: 0.0001829 seconds, Stopping threads took: 0.0000340 seconds
2017-03-04T17:46:30.535+0800: 3572.917: Total time for which application threads were stopped: 0.0002405 seconds, Stopping threads took: 0.0000123 seconds
2017-03-04T17:46:30.575+0800: 3572.957: Total time for which application threads were stopped: 0.0002008 seconds, Stopping threads took: 0.0000702 seconds
2017-03-04T17:46:30.575+0800: 3572.957: Total time for which application threads were stopped: 0.0001265 seconds, Stopping threads took: 0.0000483 seconds
2017-03-04T17:46:30.575+0800: 3572.957: Total time for which application threads were stopped: 0.0001475 seconds, Stopping threads took: 0.0000589 seconds
2017-03-04T17:46:31.575+0800: 3573.957: Total time for which application threads were stopped: 0.0001374 seconds, Stopping threads took: 0.0000294 seconds
{Heap before GC invocations=64 (full 1):
 par new generation   total 109248K, used 103240K [0x00000000e0000000, 0x00000000e8000000, 0x00000000e8000000)
  eden space 87424K, 100% used [0x00000000e0000000, 0x00000000e5560000, 0x00000000e5560000)
  from space 21824K,  72% used [0x00000000e5560000, 0x00000000e64d2140, 0x00000000e6ab0000)
  to   space 21824K,   0% used [0x00000000e6ab0000, 0x00000000e6ab0000, 0x00000000e8000000)
 concurrent mark-sweep generation total 393216K, used 73801K [0x00000000e8000000, 0x0000000100000000, 0x0000000100000000)
 Metaspace       used 41218K, capacity 42136K, committed 42280K, reserved 1087488K
  class space    used 4689K, capacity 4940K, committed 4960K, reserved 1048576K
2017-03-04T17:46:31.878+0800: 3574.260: [GC (Allocation Failure) 2017-03-04T17:46:31.878+0800: 3574.260: [ParNew
Desired survivor size 20112992 bytes, new threshold 8 (max 8)
- age   1:    3470848 bytes,    3470848 total
- age   2:    1078072 bytes,    4548920 total
- age   3:      21888 bytes,    4570808 total
- age   5:       5744 bytes,    4576552 total
- age   6:      10144 bytes,    4586696 total
- age   7:       5472 bytes,    4592168 total
- age   8:       9048 bytes,    4601216 total
: 103240K->7807K(109248K), 0.0080270 secs] 177041K->81839K(502464K), 0.0081031 secs] [Times: user=0.01 sys=0.01, real=0.01 secs] 
Heap after GC invocations=65 (full 1):
 par new generation   total 109248K, used 7807K [0x00000000e0000000, 0x00000000e8000000, 0x00000000e8000000)
  eden space 87424K,   0% used [0x00000000e0000000, 0x00000000e0000000, 0x00000000e5560000)
  from space 21824K,  35% used [0x00000000e6ab0000, 0x00000000e724fc18, 0x00000000e8000000)
  to   space 21824K,   0% used [0x00000000e5560000, 0x00000000e5560000, 0x00000000e6ab0000)
 concurrent mark-sweep generation total 393216K, used 74032K [0x00000000e8000000, 0x0000000100000000, 0x0000000100000000)
 Metaspace       used 41218K, capacity 42136K, committed 42280K, reserved 1087488K
  class space    used 4689K, capacity 4940K, committed 4960K, reserved 1048576K
}
2017-03-04T17:46:31.886+0800: 3574.268: Total time for which application threads were stopped: 0.0083142 seconds, Stopping threads took: 0.0000249 seconds
2017-03-04T17:46:32.020+0800: 3574.402: Total time for which application threads were stopped: 0.0001752 seconds, Stopping threads took: 0.0000548 seconds
2017-03-04T17:46:32.020+0800: 3574.402: Total time for which application threads were stopped: 0.0001518 seconds, Stopping threads took: 0.0000488 seconds
2017-03-04T17:46:32.020+0800: 3574.403: Total time for which application threads were stopped: 0.0001180 seconds, Stopping threads took: 0.0000339 seconds
2017-03-04T17:46:33.087+0800: 3575.469: Total time for which application threads were stopped: 0.0001596 seconds, Stopping threads took: 0.0000391 seconds
2017-03-04T17:46:33.087+0800: 3575.469: Total time for which application threads were stopped: 0.0001107 seconds, Stopping threads took: 0.0000478 seconds
2017-03-04T17:46:33.087+0800: 3575.469: Total time for which application threads were stopped: 0.0001171 seconds, Stopping threads took: 0.0000534 seconds
{Heap before GC invocations=65 (full 1):
 par new generation   total 109248K, used 95231K [0x00000000e0000000, 0x00000000e8000000, 0x00000000e8000000)
  eden space 87424K, 100% used [0x00000000e0000000, 0x00000000e5560000, 0x00000000e5560000)
  from space 21824K,  35% used [0x00000000e6ab0000, 0x00000000e724fc18, 0x00000000e8000000)
  to   space 21824K,   0% used [0x00000000e5560000, 0x00000000e5560000, 0x00000000e6ab0000)
 concurrent mark-sweep generation total 393216K, used 74032K [0x00000000e8000000, 0x0000000100000000, 0x0000000100000000)
 Metaspace       used 41241K, capacity 42136K, committed 42280K, reserved 1087488K
  class space    used 4689K, capacity 4940K, committed 4960K, reserved 1048576K
2017-03-04T17:46:34.005+0800: 3576.387: [GC (Allocation Failure) 2017-03-04T17:46:34.005+0800: 3576.387: [ParNew
Desired survivor size 20112992 bytes, new threshold 8 (max 8)
- age   1:    2519000 bytes,    2519000 total
- age   2:    1803288 bytes,    4322288 total
- age   3:    1007688 bytes,    5329976 total
- age   4:      21248 bytes,    5351224 total
- age   6:       5560 bytes,    5356784 total
- age   7:      10144 bytes,    5366928 total
- age   8:       5472 bytes,    5372400 total
: 95231K->6715K(109248K), 0.0063325 secs] 169263K->80757K(502464K), 0.0064085 secs] [Times: user=0.01 sys=0.01, real=0.00 secs] 
Heap after GC invocations=66 (full 1):
 par new generation   total 109248K, used 6715K [0x00000000e0000000, 0x00000000e8000000, 0x00000000e8000000)
  eden space 87424K,   0% used [0x00000000e0000000, 0x00000000e0000000, 0x00000000e5560000)
  from space 21824K,  30% used [0x00000000e5560000, 0x00000000e5beef80, 0x00000000e6ab0000)
  to   space 21824K,   0% used [0x00000000e6ab0000, 0x00000000e6ab0000, 0x00000000e8000000)
 concurrent mark-sweep generation total 393216K, used 74041K [0x00000000e8000000, 0x0000000100000000, 0x0000000100000000)
 Metaspace       used 41241K, capacity 42136K, committed 42280K, reserved 1087488K
  class space    used 4689K, capacity 4940K, committed 4960K, reserved 1048576K
}
2017-03-04T17:46:34.012+0800: 3576.394: Total time for which application threads were stopped: 0.0066102 seconds, Stopping threads took: 0.0000229 seconds
2017-03-04T17:46:34.205+0800: 3576.588: Total time for which application threads were stopped: 0.0001363 seconds, Stopping threads took: 0.0000256 seconds
2017-03-04T17:46:34.206+0800: 3576.588: Total time for which application threads were stopped: 0.0000616 seconds, Stopping threads took: 0.0000138 seconds
2017-03-04T17:46:34.206+0800: 3576.588: Total time for which application threads were stopped: 0.0000568 seconds, Stopping threads took: 0.0000120 seconds
2017-03-04T17:46:34.207+0800: 3576.589: Total time for which application threads were stopped: 0.0000891 seconds, Stopping threads took: 0.0000288 seconds
2017-03-04T17:46:34.207+0800: 3576.589: Total time for which application threads were stopped: 0.0000804 seconds, Stopping threads took: 0.0000308 seconds
2017-03-04T17:46:34.207+0800: 3576.589: Total time for which application threads were stopped: 0.0000691 seconds, Stopping threads took: 0.0000234 seconds
2017-03-04T17:46:35.207+0800: 3577.589: Total time for which application threads were stopped: 0.0001447 seconds, Stopping threads took: 0.0000371 seconds
{Heap before GC invocations=66 (full 1):
 par new generation   total 109248K, used 94139K [0x00000000e0000000, 0x00000000e8000000, 0x00000000e8000000)
  eden space 87424K, 100% used [0x00000000e0000000, 0x00000000e5560000, 0x00000000e5560000)
  from space 21824K,  30% used [0x00000000e5560000, 0x00000000e5beef80, 0x00000000e6ab0000)
  to   space 21824K,   0% used [0x00000000e6ab0000, 0x00000000e6ab0000, 0x00000000e8000000)
 concurrent mark-sweep generation total 393216K, used 74041K [0x00000000e8000000, 0x0000000100000000, 0x0000000100000000)
 Metaspace       used 41249K, capacity 42144K, committed 42280K, reserved 1087488K
  class space    used 4691K, capacity 4944K, committed 4960K, reserved 1048576K
2017-03-04T17:46:35.232+0800: 3577.614: [GC (Allocation Failure) 2017-03-04T17:46:35.232+0800: 3577.614: [ParNew
Desired survivor size 20112992 bytes, new threshold 8 (max 8)
- age   1:    3519872 bytes,    3519872 total
- age   2:    1678544 bytes,    5198416 total
- age   3:    1734408 bytes,    6932824 total
- age   4:    1007688 bytes,    7940512 total
- age   5:      21248 bytes,    7961760 total
- age   7:       5560 bytes,    7967320 total
- age   8:       9912 bytes,    7977232 total
: 94139K->11236K(109248K), 0.0065018 secs] 168181K->85282K(502464K), 0.0065898 secs] [Times: user=0.03 sys=0.00, real=0.01 secs] 
Heap after GC invocations=67 (full 1):
 par new generation   total 109248K, used 11236K [0x00000000e0000000, 0x00000000e8000000, 0x00000000e8000000)
  eden space 87424K,   0% used [0x00000000e0000000, 0x00000000e0000000, 0x00000000e5560000)
  from space 21824K,  51% used [0x00000000e6ab0000, 0x00000000e75a9150, 0x00000000e8000000)
  to   space 21824K,   0% used [0x00000000e5560000, 0x00000000e5560000, 0x00000000e6ab0000)
 concurrent mark-sweep generation total 393216K, used 74045K [0x00000000e8000000, 0x0000000100000000, 0x0000000100000000)
 Metaspace       used 41249K, capacity 42144K, committed 42280K, reserved 1087488K
  class space    used 4691K, capacity 4944K, committed 4960K, reserved 1048576K
}
2017-03-04T17:46:35.238+0800: 3577.621: Total time for which application threads were stopped: 0.0068095 seconds, Stopping threads took: 0.0000309 seconds
2017-03-04T17:46:35.303+0800: 3577.685: Total time for which application threads were stopped: 0.0001294 seconds, Stopping threads took: 0.0000228 seconds
2017-03-04T17:46:35.303+0800: 3577.685: Total time for which application threads were stopped: 0.0000782 seconds, Stopping threads took: 0.0000233 seconds
2017-03-04T17:46:35.304+0800: 3577.686: Total time for which application threads were stopped: 0.0001263 seconds, Stopping threads took: 0.0000641 seconds
2017-03-04T17:46:35.304+0800: 3577.686: Total time for which application threads were stopped: 0.0001744 seconds, Stopping threads took: 0.0000840 seconds
2017-03-04T17:46:35.304+0800: 3577.686: Total time for which application threads were stopped: 0.0000781 seconds, Stopping threads took: 0.0000277 seconds
2017-03-04T17:46:36.406+0800: 3578.788: Total time for which application threads were stopped: 0.0001333 seconds, Stopping threads took: 0.0000289 seconds
2017-03-04T17:46:36.406+0800: 3578.788: Total time for which application threads were stopped: 0.0001101 seconds, Stopping threads took: 0.0000497 seconds
2017-03-04T17:46:36.406+0800: 3578.789: Total time for which application threads were stopped: 0.0000731 seconds, Stopping threads took: 0.0000131 seconds
{Heap before GC invocations=67 (full 1):
 par new generation   total 109248K, used 98647K [0x00000000e0000000, 0x00000000e8000000, 0x00000000e8000000)
  eden space 87424K,  99% used [0x00000000e0000000, 0x00000000e555cb18, 0x00000000e5560000)
  from space 21824K,  51% used [0x00000000e6ab0000, 0x00000000e75a9150, 0x00000000e8000000)
  to   space 21824K,   0% used [0x00000000e5560000, 0x00000000e5560000, 0x00000000e6ab0000)
 concurrent mark-sweep generation total 393216K, used 74045K [0x00000000e8000000, 0x0000000100000000, 0x0000000100000000)
 Metaspace       used 41249K, capacity 42144K, committed 42280K, reserved 1087488K
  class space    used 4691K, capacity 4944K, committed 4960K, reserved 1048576K
2017-03-04T17:46:37.378+0800: 3579.760: [GC (Allocation Failure) 2017-03-04T17:46:37.378+0800: 3579.760: [ParNew
Desired survivor size 20112992 bytes, new threshold 8 (max 8)
- age   1:    3661696 bytes,    3661696 total
- age   2:    1420880 bytes,    5082576 total
- age   3:    1609248 bytes,    6691824 total
- age   4:    1732952 bytes,    8424776 total
- age   5:    1007688 bytes,    9432464 total
- age   6:      21248 bytes,    9453712 total
- age   8:       5560 bytes,    9459272 total
: 98647K->12135K(109248K), 0.0079460 secs] 172693K->86188K(502464K), 0.0080331 secs] [Times: user=0.02 sys=0.00, real=0.01 secs] 
Heap after GC invocations=68 (full 1):
 par new generation   total 109248K, used 12135K [0x00000000e0000000, 0x00000000e8000000, 0x00000000e8000000)
  eden space 87424K,   0% used [0x00000000e0000000, 0x00000000e0000000, 0x00000000e5560000)
  from space 21824K,  55% used [0x00000000e5560000, 0x00000000e6139c00, 0x00000000e6ab0000)
  to   space 21824K,   0% used [0x00000000e6ab0000, 0x00000000e6ab0000, 0x00000000e8000000)
 concurrent mark-sweep generation total 393216K, used 74053K [0x00000000e8000000, 0x0000000100000000, 0x0000000100000000)
 Metaspace       used 41249K, capacity 42144K, committed 42280K, reserved 1087488K
  class space    used 4691K, capacity 4944K, committed 4960K, reserved 1048576K
}
2017-03-04T17:46:37.386+0800: 3579.768: Total time for which application threads were stopped: 0.0082548 seconds, Stopping threads took: 0.0000294 seconds
2017-03-04T17:46:37.491+0800: 3579.873: Total time for which application threads were stopped: 0.0001277 seconds, Stopping threads took: 0.0000266 seconds
2017-03-04T17:46:37.492+0800: 3579.875: Total time for which application threads were stopped: 0.0001297 seconds, Stopping threads took: 0.0000667 seconds
2017-03-04T17:46:37.492+0800: 3579.875: Total time for which application threads were stopped: 0.0000937 seconds, Stopping threads took: 0.0000408 seconds
2017-03-04T17:46:37.493+0800: 3579.875: Total time for which application threads were stopped: 0.0000616 seconds, Stopping threads took: 0.0000166 seconds
2017-03-04T17:46:38.599+0800: 3580.981: Total time for which application threads were stopped: 0.0001574 seconds, Stopping threads took: 0.0000287 seconds
2017-03-04T17:46:38.599+0800: 3580.981: Total time for which application threads were stopped: 0.0002931 seconds, Stopping threads took: 0.0000916 seconds
2017-03-04T17:46:38.601+0800: 3580.983: Total time for which application threads were stopped: 0.0002120 seconds, Stopping threads took: 0.0001133 seconds
2017-03-04T17:46:38.601+0800: 3580.983: Total time for which application threads were stopped: 0.0000758 seconds, Stopping threads took: 0.0000201 seconds
2017-03-04T17:46:38.601+0800: 3580.983: Total time for which application threads were stopped: 0.0001002 seconds, Stopping threads took: 0.0000356 seconds
{Heap before GC invocations=68 (full 1):
 par new generation   total 109248K, used 99559K [0x00000000e0000000, 0x00000000e8000000, 0x00000000e8000000)
  eden space 87424K, 100% used [0x00000000e0000000, 0x00000000e5560000, 0x00000000e5560000)
  from space 21824K,  55% used [0x00000000e5560000, 0x00000000e6139c00, 0x00000000e6ab0000)
  to   space 21824K,   0% used [0x00000000e6ab0000, 0x00000000e6ab0000, 0x00000000e8000000)
 concurrent mark-sweep generation total 393216K, used 74053K [0x00000000e8000000, 0x0000000100000000, 0x0000000100000000)
 Metaspace       used 41253K, capacity 42144K, committed 42280K, reserved 1087488K
  class space    used 4691K, capacity 4944K, committed 4960K, reserved 1048576K
2017-03-04T17:46:38.730+0800: 3581.112: [GC (Allocation Failure) 2017-03-04T17:46:38.730+0800: 3581.112: [ParNew
Desired survivor size 20112992 bytes, new threshold 8 (max 8)
- age   1:    2326056 bytes,    2326056 total
- age   2:    1508144 bytes,    3834200 total
- age   3:    1351856 bytes,    5186056 total
- age   4:    1607976 bytes,    6794032 total
- age   5:    1732952 bytes,    8526984 total
- age   6:    1007688 bytes,    9534672 total
- age   7:      21248 bytes,    9555920 total
: 99559K->11188K(109248K), 0.0052108 secs] 173612K->85247K(502464K), 0.0052921 secs] [Times: user=0.03 sys=0.00, real=0.01 secs] 
Heap after GC invocations=69 (full 1):
 par new generation   total 109248K, used 11188K [0x00000000e0000000, 0x00000000e8000000, 0x00000000e8000000)
  eden space 87424K,   0% used [0x00000000e0000000, 0x00000000e0000000, 0x00000000e5560000)
  from space 21824K,  51% used [0x00000000e6ab0000, 0x00000000e759d170, 0x00000000e8000000)
  to   space 21824K,   0% used [0x00000000e5560000, 0x00000000e5560000, 0x00000000e6ab0000)
 concurrent mark-sweep generation total 393216K, used 74058K [0x00000000e8000000, 0x0000000100000000, 0x0000000100000000)
 Metaspace       used 41253K, capacity 42144K, committed 42280K, reserved 1087488K
  class space    used 4691K, capacity 4944K, committed 4960K, reserved 1048576K
}
2017-03-04T17:46:38.735+0800: 3581.117: Total time for which application threads were stopped: 0.0055112 seconds, Stopping threads took: 0.0000298 seconds
{Heap before GC invocations=69 (full 1):
 par new generation   total 109248K, used 98612K [0x00000000e0000000, 0x00000000e8000000, 0x00000000e8000000)
  eden space 87424K, 100% used [0x00000000e0000000, 0x00000000e5560000, 0x00000000e5560000)
  from space 21824K,  51% used [0x00000000e6ab0000, 0x00000000e759d170, 0x00000000e8000000)
  to   space 21824K,   0% used [0x00000000e5560000, 0x00000000e5560000, 0x00000000e6ab0000)
 concurrent mark-sweep generation total 393216K, used 74058K [0x00000000e8000000, 0x0000000100000000, 0x0000000100000000)
 Metaspace       used 41253K, capacity 42144K, committed 42280K, reserved 1087488K
  class space    used 4691K, capacity 4944K, committed 4960K, reserved 1048576K
2017-03-04T17:46:38.950+0800: 3581.332: [GC (Allocation Failure) 2017-03-04T17:46:38.950+0800: 3581.332: [ParNew
Desired survivor size 20112992 bytes, new threshold 8 (max 8)
- age   1:     118808 bytes,     118808 total
- age   2:    2199040 bytes,    2317848 total
- age   3:    1507216 bytes,    3825064 total
- age   4:    1351856 bytes,    5176920 total
- age   5:    1607976 bytes,    6784896 total
- age   6:    1732952 bytes,    8517848 total
- age   7:    1007688 bytes,    9525536 total
- age   8:      21248 bytes,    9546784 total
: 98612K->14206K(109248K), 0.0047865 secs] 172671K->88264K(502464K), 0.0048532 secs] [Times: user=0.02 sys=0.00, real=0.01 secs] 
Heap after GC invocations=70 (full 1):
 par new generation   total 109248K, used 14206K [0x00000000e0000000, 0x00000000e8000000, 0x00000000e8000000)
  eden space 87424K,   0% used [0x00000000e0000000, 0x00000000e0000000, 0x00000000e5560000)
  from space 21824K,  65% used [0x00000000e5560000, 0x00000000e633f8b0, 0x00000000e6ab0000)
  to   space 21824K,   0% used [0x00000000e6ab0000, 0x00000000e6ab0000, 0x00000000e8000000)
 concurrent mark-sweep generation total 393216K, used 74058K [0x00000000e8000000, 0x0000000100000000, 0x0000000100000000)
 Metaspace       used 41253K, capacity 42144K, committed 42280K, reserved 1087488K
  class space    used 4691K, capacity 4944K, committed 4960K, reserved 1048576K
}
2017-03-04T17:46:38.955+0800: 3581.337: Total time for which application threads were stopped: 0.0050415 seconds, Stopping threads took: 0.0000275 seconds
2017-03-04T17:46:39.560+0800: 3581.943: Total time for which application threads were stopped: 0.0001348 seconds, Stopping threads took: 0.0000231 seconds
2017-03-04T17:46:39.561+0800: 3581.944: Total time for which application threads were stopped: 0.0001234 seconds, Stopping threads took: 0.0000330 seconds
2017-03-04T17:46:39.562+0800: 3581.944: Total time for which application threads were stopped: 0.0001564 seconds, Stopping threads took: 0.0000726 seconds
2017-03-04T17:46:39.562+0800: 3581.944: Total time for which application threads were stopped: 0.0001816 seconds, Stopping threads took: 0.0001211 seconds
2017-03-04T17:46:39.563+0800: 3581.946: Total time for which application threads were stopped: 0.0001005 seconds, Stopping threads took: 0.0000199 seconds
2017-03-04T17:46:39.563+0800: 3581.946: Total time for which application threads were stopped: 0.0000841 seconds, Stopping threads took: 0.0000118 seconds
2017-03-04T17:46:39.564+0800: 3581.946: Total time for which application threads were stopped: 0.0000944 seconds, Stopping threads took: 0.0000551 seconds
2017-03-04T17:46:39.564+0800: 3581.946: Total time for which application threads were stopped: 0.0000446 seconds, Stopping threads took: 0.0000086 seconds
2017-03-04T17:46:39.564+0800: 3581.946: Total time for which application threads were stopped: 0.0000394 seconds, Stopping threads took: 0.0000065 seconds
2017-03-04T17:46:39.564+0800: 3581.946: Total time for which application threads were stopped: 0.0000525 seconds, Stopping threads took: 0.0000065 seconds
2017-03-04T17:46:39.564+0800: 3581.946: Total time for which application threads were stopped: 0.0000435 seconds, Stopping threads took: 0.0000073 seconds
2017-03-04T17:46:39.564+0800: 3581.946: Total time for which application threads were stopped: 0.0000441 seconds, Stopping threads took: 0.0000066 seconds
2017-03-04T17:46:39.564+0800: 3581.946: Total time for which application threads were stopped: 0.0000402 seconds, Stopping threads took: 0.0000065 seconds
2017-03-04T17:46:39.564+0800: 3581.946: Total time for which application threads were stopped: 0.0000401 seconds, Stopping threads took: 0.0000076 seconds
2017-03-04T17:46:39.564+0800: 3581.946: Total time for which application threads were stopped: 0.0000399 seconds, Stopping threads took: 0.0000072 seconds
2017-03-04T17:46:39.564+0800: 3581.946: Total time for which application threads were stopped: 0.0000396 seconds, Stopping threads took: 0.0000071 seconds
{Heap before GC invocations=70 (full 1):
 par new generation   total 109248K, used 101630K [0x00000000e0000000, 0x00000000e8000000, 0x00000000e8000000)
  eden space 87424K, 100% used [0x00000000e0000000, 0x00000000e5560000, 0x00000000e5560000)
  from space 21824K,  65% used [0x00000000e5560000, 0x00000000e633f8b0, 0x00000000e6ab0000)
  to   space 21824K,   0% used [0x00000000e6ab0000, 0x00000000e6ab0000, 0x00000000e8000000)
 concurrent mark-sweep generation total 393216K, used 74058K [0x00000000e8000000, 0x0000000100000000, 0x0000000100000000)
 Metaspace       used 41257K, capacity 42144K, committed 42280K, reserved 1087488K
  class space    used 4691K, capacity 4944K, committed 4960K, reserved 1048576K
2017-03-04T17:46:40.264+0800: 3582.647: [GC (Allocation Failure) 2017-03-04T17:46:40.264+0800: 3582.647: [ParNew
Desired survivor size 20112992 bytes, new threshold 8 (max 8)
- age   1:    2179328 bytes,    2179328 total
- age   3:      82024 bytes,    2261352 total
- age   4:      13200 bytes,    2274552 total
- age   5:       6080 bytes,    2280632 total
- age   6:       9280 bytes,    2289912 total
- age   7:     133536 bytes,    2423448 total
- age   8:       7456 bytes,    2430904 total
: 101630K->5450K(109248K), 0.0051599 secs] 175688K->79510K(502464K), 0.0052404 secs] [Times: user=0.01 sys=0.00, real=0.01 secs] 
Heap after GC invocations=71 (full 1):
 par new generation   total 109248K, used 5450K [0x00000000e0000000, 0x00000000e8000000, 0x00000000e8000000)
  eden space 87424K,   0% used [0x00000000e0000000, 0x00000000e0000000, 0x00000000e5560000)
  from space 21824K,  24% used [0x00000000e6ab0000, 0x00000000e7002918, 0x00000000e8000000)
  to   space 21824K,   0% used [0x00000000e5560000, 0x00000000e5560000, 0x00000000e6ab0000)
 concurrent mark-sweep generation total 393216K, used 74060K [0x00000000e8000000, 0x0000000100000000, 0x0000000100000000)
 Metaspace       used 41257K, capacity 42144K, committed 42280K, reserved 1087488K
  class space    used 4691K, capacity 4944K, committed 4960K, reserved 1048576K
}
2017-03-04T17:46:40.270+0800: 3582.652: Total time for which application threads were stopped: 0.0054505 seconds, Stopping threads took: 0.0000298 seconds
2017-03-04T17:46:40.404+0800: 3582.786: Total time for which application threads were stopped: 0.0001541 seconds, Stopping threads took: 0.0000411 seconds
2017-03-04T17:46:40.404+0800: 3582.786: Total time for which application threads were stopped: 0.0000532 seconds, Stopping threads took: 0.0000104 seconds
2017-03-04T17:46:40.404+0800: 3582.786: Total time for which application threads were stopped: 0.0000622 seconds, Stopping threads took: 0.0000200 seconds
{Heap before GC invocations=71 (full 1):
 par new generation   total 109248K, used 92874K [0x00000000e0000000, 0x00000000e8000000, 0x00000000e8000000)
  eden space 87424K, 100% used [0x00000000e0000000, 0x00000000e5560000, 0x00000000e5560000)
  from space 21824K,  24% used [0x00000000e6ab0000, 0x00000000e7002918, 0x00000000e8000000)
  to   space 21824K,   0% used [0x00000000e5560000, 0x00000000e5560000, 0x00000000e6ab0000)
 concurrent mark-sweep generation total 393216K, used 74060K [0x00000000e8000000, 0x0000000100000000, 0x0000000100000000)
 Metaspace       used 41257K, capacity 42144K, committed 42280K, reserved 1087488K
  class space    used 4691K, capacity 4944K, committed 4960K, reserved 1048576K
2017-03-04T17:46:41.174+0800: 3583.556: [GC (Allocation Failure) 2017-03-04T17:46:41.174+0800: 3583.556: [ParNew
Desired survivor size 20112992 bytes, new threshold 8 (max 8)
- age   1:    3597952 bytes,    3597952 total
- age   2:    1084592 bytes,    4682544 total
- age   4:      13512 bytes,    4696056 total
- age   5:      12984 bytes,    4709040 total
- age   6:       6080 bytes,    4715120 total
- age   7:       9280 bytes,    4724400 total
- age   8:     131856 bytes,    4856256 total
: 92874K->5784K(109248K), 0.0055775 secs] 166934K->79851K(502464K), 0.0056603 secs] [Times: user=0.01 sys=0.00, real=0.00 secs] 
Heap after GC invocations=72 (full 1):
 par new generation   total 109248K, used 5784K [0x00000000e0000000, 0x00000000e8000000, 0x00000000e8000000)
  eden space 87424K,   0% used [0x00000000e0000000, 0x00000000e0000000, 0x00000000e5560000)
  from space 21824K,  26% used [0x00000000e5560000, 0x00000000e5b06200, 0x00000000e6ab0000)
  to   space 21824K,   0% used [0x00000000e6ab0000, 0x00000000e6ab0000, 0x00000000e8000000)
 concurrent mark-sweep generation total 393216K, used 74067K [0x00000000e8000000, 0x0000000100000000, 0x0000000100000000)
 Metaspace       used 41257K, capacity 42144K, committed 42280K, reserved 1087488K
  class space    used 4691K, capacity 4944K, committed 4960K, reserved 1048576K
}
2017-03-04T17:46:41.180+0800: 3583.562: Total time for which application threads were stopped: 0.0058595 seconds, Stopping threads took: 0.0000230 seconds
2017-03-04T17:46:41.224+0800: 3583.606: Total time for which application threads were stopped: 0.0001256 seconds, Stopping threads took: 0.0000366 seconds
2017-03-04T17:46:41.224+0800: 3583.606: Total time for which application threads were stopped: 0.0000625 seconds, Stopping threads took: 0.0000205 seconds
2017-03-04T17:46:41.224+0800: 3583.606: Total time for which application threads were stopped: 0.0000649 seconds, Stopping threads took: 0.0000266 seconds
2017-03-04T17:46:42.043+0800: 3584.425: Total time for which application threads were stopped: 0.0002351 seconds, Stopping threads took: 0.0001122 seconds
2017-03-04T17:46:42.043+0800: 3584.425: Total time for which application threads were stopped: 0.0001375 seconds, Stopping threads took: 0.0000508 seconds
2017-03-04T17:46:42.043+0800: 3584.426: Total time for which application threads were stopped: 0.0001042 seconds, Stopping threads took: 0.0000504 seconds
{Heap before GC invocations=72 (full 1):
 par new generation   total 109248K, used 93208K [0x00000000e0000000, 0x00000000e8000000, 0x00000000e8000000)
  eden space 87424K, 100% used [0x00000000e0000000, 0x00000000e5560000, 0x00000000e5560000)
  from space 21824K,  26% used [0x00000000e5560000, 0x00000000e5b06200, 0x00000000e6ab0000)
  to   space 21824K,   0% used [0x00000000e6ab0000, 0x00000000e6ab0000, 0x00000000e8000000)
 concurrent mark-sweep generation total 393216K, used 74067K [0x00000000e8000000, 0x0000000100000000, 0x0000000100000000)
 Metaspace       used 41262K, capacity 42144K, committed 42280K, reserved 1087488K
  class space    used 4692K, capacity 4944K, committed 4960K, reserved 1048576K
2017-03-04T17:46:42.775+0800: 3585.157: [GC (Allocation Failure) 2017-03-04T17:46:42.775+0800: 3585.157: [ParNew
Desired survivor size 20112992 bytes, new threshold 8 (max 8)
- age   1:    3893560 bytes,    3893560 total
- age   2:    1562904 bytes,    5456464 total
- age   3:    1015904 bytes,    6472368 total
- age   5:      13192 bytes,    6485560 total
- age   6:      10504 bytes,    6496064 total
- age   7:       6080 bytes,    6502144 total
- age   8:       9280 bytes,    6511424 total
: 93208K->8816K(109248K), 0.0059834 secs] 167275K->83012K(502464K), 0.0060649 secs] [Times: user=0.01 sys=0.00, real=0.00 secs] 
Heap after GC invocations=73 (full 1):
 par new generation   total 109248K, used 8816K [0x00000000e0000000, 0x00000000e8000000, 0x00000000e8000000)
  eden space 87424K,   0% used [0x00000000e0000000, 0x00000000e0000000, 0x00000000e5560000)
  from space 21824K,  40% used [0x00000000e6ab0000, 0x00000000e734c1a8, 0x00000000e8000000)
  to   space 21824K,   0% used [0x00000000e5560000, 0x00000000e5560000, 0x00000000e6ab0000)
 concurrent mark-sweep generation total 393216K, used 74196K [0x00000000e8000000, 0x0000000100000000, 0x0000000100000000)
 Metaspace       used 41262K, capacity 42144K, committed 42280K, reserved 1087488K
  class space    used 4692K, capacity 4944K, committed 4960K, reserved 1048576K
}
2017-03-04T17:46:42.781+0800: 3585.164: Total time for which application threads were stopped: 0.0062481 seconds, Stopping threads took: 0.0000204 seconds
2017-03-04T17:46:42.865+0800: 3585.247: Total time for which application threads were stopped: 0.0001821 seconds, Stopping threads took: 0.0000556 seconds
2017-03-04T17:46:42.865+0800: 3585.247: Total time for which application threads were stopped: 0.0000873 seconds, Stopping threads took: 0.0000199 seconds
2017-03-04T17:46:42.866+0800: 3585.248: Total time for which application threads were stopped: 0.0001454 seconds, Stopping threads took: 0.0000465 seconds
2017-03-04T17:46:42.866+0800: 3585.248: Total time for which application threads were stopped: 0.0001063 seconds, Stopping threads took: 0.0000247 seconds
2017-03-04T17:46:42.866+0800: 3585.249: Total time for which application threads were stopped: 0.0001000 seconds, Stopping threads took: 0.0000244 seconds
2017-03-04T17:46:43.717+0800: 3586.099: Total time for which application threads were stopped: 0.0001306 seconds, Stopping threads took: 0.0000247 seconds
2017-03-04T17:46:43.717+0800: 3586.099: Total time for which application threads were stopped: 0.0001157 seconds, Stopping threads took: 0.0000509 seconds
2017-03-04T17:46:43.717+0800: 3586.100: Total time for which application threads were stopped: 0.0000893 seconds, Stopping threads took: 0.0000517 seconds
{Heap before GC invocations=73 (full 1):
 par new generation   total 109248K, used 96240K [0x00000000e0000000, 0x00000000e8000000, 0x00000000e8000000)
  eden space 87424K, 100% used [0x00000000e0000000, 0x00000000e5560000, 0x00000000e5560000)
  from space 21824K,  40% used [0x00000000e6ab0000, 0x00000000e734c1a8, 0x00000000e8000000)
  to   space 21824K,   0% used [0x00000000e5560000, 0x00000000e5560000, 0x00000000e6ab0000)
 concurrent mark-sweep generation total 393216K, used 74196K [0x00000000e8000000, 0x0000000100000000, 0x0000000100000000)
 Metaspace       used 41266K, capacity 42144K, committed 42280K, reserved 1087488K
  class space    used 4692K, capacity 4944K, committed 4960K, reserved 1048576K
2017-03-04T17:46:44.060+0800: 3586.442: [GC (Allocation Failure) 2017-03-04T17:46:44.060+0800: 3586.442: [ParNew
Desired survivor size 20112992 bytes, new threshold 8 (max 8)
- age   1:    3155592 bytes,    3155592 total
- age   2:    1439432 bytes,    4595024 total
- age   3:    1494232 bytes,    6089256 total
- age   4:    1015000 bytes,    7104256 total
- age   6:      11920 bytes,    7116176 total
- age   7:      10504 bytes,    7126680 total
- age   8:       6080 bytes,    7132760 total
: 96240K->9251K(109248K), 0.0043933 secs] 170436K->83457K(502464K), 0.0044680 secs] [Times: user=0.01 sys=0.00, real=0.01 secs] 
Heap after GC invocations=74 (full 1):
 par new generation   total 109248K, used 9251K [0x00000000e0000000, 0x00000000e8000000, 0x00000000e8000000)
  eden space 87424K,   0% used [0x00000000e0000000, 0x00000000e0000000, 0x00000000e5560000)
  from space 21824K,  42% used [0x00000000e5560000, 0x00000000e5e68db8, 0x00000000e6ab0000)
  to   space 21824K,   0% used [0x00000000e6ab0000, 0x00000000e6ab0000, 0x00000000e8000000)
 concurrent mark-sweep generation total 393216K, used 74205K [0x00000000e8000000, 0x0000000100000000, 0x0000000100000000)
 Metaspace       used 41266K, capacity 42144K, committed 42280K, reserved 1087488K
  class space    used 4692K, capacity 4944K, committed 4960K, reserved 1048576K
}
2017-03-04T17:46:44.065+0800: 3586.447: Total time for which application threads were stopped: 0.0046700 seconds, Stopping threads took: 0.0000252 seconds
2017-03-04T17:46:44.127+0800: 3586.510: Total time for which application threads were stopped: 0.0001343 seconds, Stopping threads took: 0.0000285 seconds
2017-03-04T17:46:44.128+0800: 3586.510: Total time for which application threads were stopped: 0.0000599 seconds, Stopping threads took: 0.0000123 seconds
2017-03-04T17:46:44.128+0800: 3586.511: Total time for which application threads were stopped: 0.0001121 seconds, Stopping threads took: 0.0000427 seconds
2017-03-04T17:46:44.129+0800: 3586.511: Total time for which application threads were stopped: 0.0001786 seconds, Stopping threads took: 0.0000197 seconds
2017-03-04T17:46:44.129+0800: 3586.511: Total time for which application threads were stopped: 0.0000460 seconds, Stopping threads took: 0.0000091 seconds
2017-03-04T17:46:56.543+0800: 3598.925: Total time for which application threads were stopped: 0.0001338 seconds, Stopping threads took: 0.0000265 seconds
2017-03-04T17:46:56.550+0800: 3598.932: Total time for which application threads were stopped: 0.0002990 seconds, Stopping threads took: 0.0000470 seconds
2017-03-04T17:46:57.550+0800: 3599.932: Total time for which application threads were stopped: 0.0001123 seconds, Stopping threads took: 0.0000266 seconds
2017-03-04T17:47:39.555+0800: 3641.937: Total time for which application threads were stopped: 0.0001395 seconds, Stopping threads took: 0.0000401 seconds
2017-03-04T17:51:47.973+0800: 3890.356: Total time for which application threads were stopped: 0.0001365 seconds, Stopping threads took: 0.0000244 seconds
2017-03-04T17:51:47.974+0800: 3890.356: Total time for which application threads were stopped: 0.0000722 seconds, Stopping threads took: 0.0000225 seconds
2017-03-04T17:51:47.974+0800: 3890.356: Total time for which application threads were stopped: 0.0000722 seconds, Stopping threads took: 0.0000204 seconds
2017-03-04T17:51:48.974+0800: 3891.356: Total time for which application threads were stopped: 0.0001369 seconds, Stopping threads took: 0.0000255 seconds
2017-03-04T17:53:05.811+0800: 3968.193: Total time for which application threads were stopped: 0.0001279 seconds, Stopping threads took: 0.0000275 seconds
2017-03-04T17:53:06.811+0800: 3969.193: Total time for which application threads were stopped: 0.0001507 seconds, Stopping threads took: 0.0000196 seconds
2017-03-04T17:53:07.319+0800: 3969.701: Total time for which application threads were stopped: 0.0001497 seconds, Stopping threads took: 0.0000211 seconds
2017-03-04T17:53:07.901+0800: 3970.283: [GC (CMS Initial Mark) [1 CMS-initial-mark: 74205K(393216K)] 145017K(502464K), 0.0113472 secs] [Times: user=0.06 sys=0.00, real=0.01 secs] 
2017-03-04T17:53:07.912+0800: 3970.294: Total time for which application threads were stopped: 0.0115588 seconds, Stopping threads took: 0.0000573 seconds
2017-03-04T17:53:07.912+0800: 3970.294: [CMS-concurrent-mark-start]
2017-03-04T17:53:07.925+0800: 3970.308: [CMS-concurrent-mark: 0.013/0.013 secs] [Times: user=0.06 sys=0.00, real=0.02 secs] 
2017-03-04T17:53:07.926+0800: 3970.308: [CMS-concurrent-preclean-start]
2017-03-04T17:53:07.927+0800: 3970.309: [CMS-concurrent-preclean: 0.002/0.002 secs] [Times: user=0.01 sys=0.00, real=0.00 secs] 
2017-03-04T17:53:07.927+0800: 3970.309: [CMS-concurrent-abortable-preclean-start]
2017-03-04T17:53:08.912+0800: 3971.295: Total time for which application threads were stopped: 0.0001670 seconds, Stopping threads took: 0.0000401 seconds
{Heap before GC invocations=74 (full 2):
 par new generation   total 109248K, used 96675K [0x00000000e0000000, 0x00000000e8000000, 0x00000000e8000000)
  eden space 87424K, 100% used [0x00000000e0000000, 0x00000000e5560000, 0x00000000e5560000)
  from space 21824K,  42% used [0x00000000e5560000, 0x00000000e5e68db8, 0x00000000e6ab0000)
  to   space 21824K,   0% used [0x00000000e6ab0000, 0x00000000e6ab0000, 0x00000000e8000000)
 concurrent mark-sweep generation total 393216K, used 74205K [0x00000000e8000000, 0x0000000100000000, 0x0000000100000000)
 Metaspace       used 41785K, capacity 42728K, committed 42792K, reserved 1087488K
  class space    used 4692K, capacity 4944K, committed 4960K, reserved 1048576K
2017-03-04T17:53:08.914+0800: 3971.297: [GC (Allocation Failure) 2017-03-04T17:53:08.914+0800: 3971.297: [ParNew
Desired survivor size 20112992 bytes, new threshold 8 (max 8)
- age   1:    1752552 bytes,    1752552 total
- age   2:    1909624 bytes,    3662176 total
- age   3:    1368120 bytes,    5030296 total
- age   4:    1492520 bytes,    6522816 total
- age   5:    1013216 bytes,    7536032 total
- age   7:      11720 bytes,    7547752 total
- age   8:      10232 bytes,    7557984 total
: 96675K->9495K(109248K), 0.0054537 secs] 170881K->83706K(502464K), 0.0055182 secs] [Times: user=0.02 sys=0.00, real=0.00 secs] 
Heap after GC invocations=75 (full 2):
 par new generation   total 109248K, used 9495K [0x00000000e0000000, 0x00000000e8000000, 0x00000000e8000000)
  eden space 87424K,   0% used [0x00000000e0000000, 0x00000000e0000000, 0x00000000e5560000)
  from space 21824K,  43% used [0x00000000e6ab0000, 0x00000000e73f5cf0, 0x00000000e8000000)
  to   space 21824K,   0% used [0x00000000e5560000, 0x00000000e5560000, 0x00000000e6ab0000)
 concurrent mark-sweep generation total 393216K, used 74210K [0x00000000e8000000, 0x0000000100000000, 0x0000000100000000)
 Metaspace       used 41785K, capacity 42728K, committed 42792K, reserved 1087488K
  class space    used 4692K, capacity 4944K, committed 4960K, reserved 1048576K
}
2017-03-04T17:53:08.920+0800: 3971.302: Total time for which application threads were stopped: 0.0056659 seconds, Stopping threads took: 0.0000088 seconds
2017-03-04T17:53:09.920+0800: 3972.302: Total time for which application threads were stopped: 0.0001666 seconds, Stopping threads took: 0.0000332 seconds
2017-03-04T17:53:10.494+0800: 3972.877: [CMS-concurrent-abortable-preclean: 0.283/2.567 secs] [Times: user=1.97 sys=0.04, real=2.57 secs] 
2017-03-04T17:53:10.495+0800: 3972.877: [GC (CMS Final Remark) [YG occupancy: 56756 K (109248 K)]{Heap before GC invocations=75 (full 2):
 par new generation   total 109248K, used 56756K [0x00000000e0000000, 0x00000000e8000000, 0x00000000e8000000)
  eden space 87424K,  54% used [0x00000000e0000000, 0x00000000e2e27500, 0x00000000e5560000)
  from space 21824K,  43% used [0x00000000e6ab0000, 0x00000000e73f5cf0, 0x00000000e8000000)
  to   space 21824K,   0% used [0x00000000e5560000, 0x00000000e5560000, 0x00000000e6ab0000)
 concurrent mark-sweep generation total 393216K, used 74210K [0x00000000e8000000, 0x0000000100000000, 0x0000000100000000)
 Metaspace       used 41913K, capacity 42856K, committed 42892K, reserved 1087488K
  class space    used 4693K, capacity 4944K, committed 4960K, reserved 1048576K
2017-03-04T17:53:10.495+0800: 3972.877: [GC (CMS Final Remark) 2017-03-04T17:53:10.495+0800: 3972.877: [ParNew
Desired survivor size 20112992 bytes, new threshold 8 (max 8)
- age   1:     833920 bytes,     833920 total
- age   2:     904832 bytes,    1738752 total
- age   3:    1908696 bytes,    3647448 total
- age   4:    1368120 bytes,    5015568 total
- age   5:    1492520 bytes,    6508088 total
- age   6:    1013216 bytes,    7521304 total
- age   8:      11720 bytes,    7533024 total
: 56756K->11198K(109248K), 0.0062442 secs] 130967K->85419K(502464K), 0.0063101 secs] [Times: user=0.02 sys=0.01, real=0.00 secs] 
Heap after GC invocations=76 (full 2):
 par new generation   total 109248K, used 11198K [0x00000000e0000000, 0x00000000e8000000, 0x00000000e8000000)
  eden space 87424K,   0% used [0x00000000e0000000, 0x00000000e0000000, 0x00000000e5560000)
  from space 21824K,  51% used [0x00000000e5560000, 0x00000000e604f820, 0x00000000e6ab0000)
  to   space 21824K,   0% used [0x00000000e6ab0000, 0x00000000e6ab0000, 0x00000000e8000000)
 concurrent mark-sweep generation total 393216K, used 74221K [0x00000000e8000000, 0x0000000100000000, 0x0000000100000000)
 Metaspace       used 41913K, capacity 42856K, committed 42892K, reserved 1087488K
  class space    used 4693K, capacity 4944K, committed 4960K, reserved 1048576K
}
2017-03-04T17:53:10.501+0800: 3972.883: [Rescan (parallel) , 0.0012694 secs]2017-03-04T17:53:10.502+0800: 3972.884: [weak refs processing, 0.0006475 secs]2017-03-04T17:53:10.503+0800: 3972.885: [class unloading, 0.0161680 secs]2017-03-04T17:53:10.519+0800: 3972.901: [scrub symbol table, 0.0050667 secs]2017-03-04T17:53:10.524+0800: 3972.906: [scrub string table, 0.0007440 secs][1 CMS-remark: 74221K(393216K)] 85419K(502464K), 0.0318212 secs] [Times: user=0.05 sys=0.01, real=0.03 secs] 
2017-03-04T17:53:10.526+0800: 3972.909: Total time for which application threads were stopped: 0.0319701 seconds, Stopping threads took: 0.0000261 seconds
2017-03-04T17:53:10.526+0800: 3972.909: [CMS-concurrent-sweep-start]
2017-03-04T17:53:10.528+0800: 3972.910: Total time for which application threads were stopped: 0.0001468 seconds, Stopping threads took: 0.0000459 seconds
2017-03-04T17:53:10.546+0800: 3972.928: [CMS-concurrent-sweep: 0.019/0.019 secs] [Times: user=0.04 sys=0.00, real=0.02 secs] 
2017-03-04T17:53:10.546+0800: 3972.928: [CMS-concurrent-reset-start]
2017-03-04T17:53:10.546+0800: 3972.928: [CMS-concurrent-reset: 0.001/0.001 secs] [Times: user=0.00 sys=0.00, real=0.00 secs] 
2017-03-04T17:53:11.528+0800: 3973.911: Total time for which application threads were stopped: 0.0003276 seconds, Stopping threads took: 0.0000243 seconds
2017-03-04T17:53:12.529+0800: 3974.911: Total time for which application threads were stopped: 0.0001535 seconds, Stopping threads took: 0.0000304 seconds
2017-03-04T17:53:13.529+0800: 3975.911: Total time for which application threads were stopped: 0.0001926 seconds, Stopping threads took: 0.0000565 seconds
{Heap before GC invocations=76 (full 2):
 par new generation   total 109248K, used 98622K [0x00000000e0000000, 0x00000000e8000000, 0x00000000e8000000)
  eden space 87424K, 100% used [0x00000000e0000000, 0x00000000e5560000, 0x00000000e5560000)
  from space 21824K,  51% used [0x00000000e5560000, 0x00000000e604f820, 0x00000000e6ab0000)
  to   space 21824K,   0% used [0x00000000e6ab0000, 0x00000000e6ab0000, 0x00000000e8000000)
 concurrent mark-sweep generation total 393216K, used 27915K [0x00000000e8000000, 0x0000000100000000, 0x0000000100000000)
 Metaspace       used 41721K, capacity 42484K, committed 42892K, reserved 1087488K
  class space    used 4645K, capacity 4858K, committed 4960K, reserved 1048576K
2017-03-04T17:53:13.539+0800: 3975.921: [GC (Allocation Failure) 2017-03-04T17:53:13.539+0800: 3975.921: [ParNew
Desired survivor size 20112992 bytes, new threshold 8 (max 8)
- age   1:     865328 bytes,     865328 total
- age   2:      62464 bytes,     927792 total
- age   3:     860224 bytes,    1788016 total
- age   4:    1908648 bytes,    3696664 total
- age   5:    1368120 bytes,    5064784 total
- age   6:    1492520 bytes,    6557304 total
- age   7:    1013144 bytes,    7570448 total
: 98622K->8597K(109248K), 0.0067271 secs] 126537K->36522K(502464K), 0.0068390 secs] [Times: user=0.02 sys=0.00, real=0.01 secs] 
Heap after GC invocations=77 (full 2):
 par new generation   total 109248K, used 8597K [0x00000000e0000000, 0x00000000e8000000, 0x00000000e8000000)
  eden space 87424K,   0% used [0x00000000e0000000, 0x00000000e0000000, 0x00000000e5560000)
  from space 21824K,  39% used [0x00000000e6ab0000, 0x00000000e7315420, 0x00000000e8000000)
  to   space 21824K,   0% used [0x00000000e5560000, 0x00000000e5560000, 0x00000000e6ab0000)
 concurrent mark-sweep generation total 393216K, used 27925K [0x00000000e8000000, 0x0000000100000000, 0x0000000100000000)
 Metaspace       used 41721K, capacity 42484K, committed 42892K, reserved 1087488K
  class space    used 4645K, capacity 4858K, committed 4960K, reserved 1048576K
}
2017-03-04T17:53:13.546+0800: 3975.928: Total time for which application threads were stopped: 0.0071027 seconds, Stopping threads took: 0.0000293 seconds
2017-03-04T17:53:14.546+0800: 3976.928: Total time for which application threads were stopped: 0.0002312 seconds, Stopping threads took: 0.0000294 seconds
2017-03-04T17:53:15.546+0800: 3977.928: Total time for which application threads were stopped: 0.0001958 seconds, Stopping threads took: 0.0000631 seconds
2017-03-04T17:53:16.546+0800: 3978.929: Total time for which application threads were stopped: 0.0001138 seconds, Stopping threads took: 0.0000228 seconds
{Heap before GC invocations=77 (full 2):
 par new generation   total 109248K, used 96021K [0x00000000e0000000, 0x00000000e8000000, 0x00000000e8000000)
  eden space 87424K, 100% used [0x00000000e0000000, 0x00000000e5560000, 0x00000000e5560000)
  from space 21824K,  39% used [0x00000000e6ab0000, 0x00000000e7315420, 0x00000000e8000000)
  to   space 21824K,   0% used [0x00000000e5560000, 0x00000000e5560000, 0x00000000e6ab0000)
 concurrent mark-sweep generation total 393216K, used 27925K [0x00000000e8000000, 0x0000000100000000, 0x0000000100000000)
 Metaspace       used 41759K, capacity 42548K, committed 43148K, reserved 1087488K
  class space    used 4645K, capacity 4858K, committed 4960K, reserved 1048576K
2017-03-04T17:53:16.552+0800: 3978.934: [GC (Allocation Failure) 2017-03-04T17:53:16.552+0800: 3978.934: [ParNew
Desired survivor size 20112992 bytes, new threshold 8 (max 8)
- age   1:     964872 bytes,     964872 total
- age   2:      88976 bytes,    1053848 total
- age   3:      62464 bytes,    1116312 total
- age   4:     824728 bytes,    1941040 total
- age   5:    1908648 bytes,    3849688 total
- age   6:    1368120 bytes,    5217808 total
- age   7:    1492520 bytes,    6710328 total
- age   8:    1013144 bytes,    7723472 total
: 96021K->11207K(109248K), 0.0051624 secs] 123946K->39133K(502464K), 0.0052388 secs] [Times: user=0.02 sys=0.00, real=0.01 secs] 
Heap after GC invocations=78 (full 2):
 par new generation   total 109248K, used 11207K [0x00000000e0000000, 0x00000000e8000000, 0x00000000e8000000)
  eden space 87424K,   0% used [0x00000000e0000000, 0x00000000e0000000, 0x00000000e5560000)
  from space 21824K,  51% used [0x00000000e5560000, 0x00000000e6051f80, 0x00000000e6ab0000)
  to   space 21824K,   0% used [0x00000000e6ab0000, 0x00000000e6ab0000, 0x00000000e8000000)
 concurrent mark-sweep generation total 393216K, used 27925K [0x00000000e8000000, 0x0000000100000000, 0x0000000100000000)
 Metaspace       used 41759K, capacity 42548K, committed 43148K, reserved 1087488K
  class space    used 4645K, capacity 4858K, committed 4960K, reserved 1048576K
}
2017-03-04T17:53:16.557+0800: 3978.939: Total time for which application threads were stopped: 0.0054353 seconds, Stopping threads took: 0.0000207 seconds
2017-03-04T17:53:17.557+0800: 3979.939: Total time for which application threads were stopped: 0.0001176 seconds, Stopping threads took: 0.0000236 seconds
2017-03-04T17:53:18.557+0800: 3980.940: Total time for which application threads were stopped: 0.0001429 seconds, Stopping threads took: 0.0000373 seconds
{Heap before GC invocations=78 (full 2):
 par new generation   total 109248K, used 98631K [0x00000000e0000000, 0x00000000e8000000, 0x00000000e8000000)
  eden space 87424K, 100% used [0x00000000e0000000, 0x00000000e5560000, 0x00000000e5560000)
  from space 21824K,  51% used [0x00000000e5560000, 0x00000000e6051f80, 0x00000000e6ab0000)
  to   space 21824K,   0% used [0x00000000e6ab0000, 0x00000000e6ab0000, 0x00000000e8000000)
 concurrent mark-sweep generation total 393216K, used 27925K [0x00000000e8000000, 0x0000000100000000, 0x0000000100000000)
 Metaspace       used 41759K, capacity 42548K, committed 43148K, reserved 1087488K
  class space    used 4645K, capacity 4858K, committed 4960K, reserved 1048576K
2017-03-04T17:53:18.686+0800: 3981.068: [GC (Allocation Failure) 2017-03-04T17:53:18.686+0800: 3981.068: [ParNew
Desired survivor size 20112992 bytes, new threshold 8 (max 8)
- age   1:     866136 bytes,     866136 total
- age   2:      72336 bytes,     938472 total
- age   3:      83704 bytes,    1022176 total
- age   4:      56720 bytes,    1078896 total
- age   5:     791680 bytes,    1870576 total
- age   6:    1908648 bytes,    3779224 total
- age   7:    1368120 bytes,    5147344 total
- age   8:    1492520 bytes,    6639864 total
: 98631K->7751K(109248K), 0.0063124 secs] 126557K->36667K(502464K), 0.0063938 secs] [Times: user=0.02 sys=0.00, real=0.00 secs] 
Heap after GC invocations=79 (full 2):
 par new generation   total 109248K, used 7751K [0x00000000e0000000, 0x00000000e8000000, 0x00000000e8000000)
  eden space 87424K,   0% used [0x00000000e0000000, 0x00000000e0000000, 0x00000000e5560000)
  from space 21824K,  35% used [0x00000000e6ab0000, 0x00000000e7241ef0, 0x00000000e8000000)
  to   space 21824K,   0% used [0x00000000e5560000, 0x00000000e5560000, 0x00000000e6ab0000)
 concurrent mark-sweep generation total 393216K, used 28915K [0x00000000e8000000, 0x0000000100000000, 0x0000000100000000)
 Metaspace       used 41759K, capacity 42548K, committed 43148K, reserved 1087488K
  class space    used 4645K, capacity 4858K, committed 4960K, reserved 1048576K
}
2017-03-04T17:53:18.692+0800: 3981.075: Total time for which application threads were stopped: 0.0066005 seconds, Stopping threads took: 0.0000230 seconds
2017-03-04T17:53:19.693+0800: 3982.075: Total time for which application threads were stopped: 0.0001546 seconds, Stopping threads took: 0.0000271 seconds
{Heap before GC invocations=79 (full 2):
 par new generation   total 109248K, used 95175K [0x00000000e0000000, 0x00000000e8000000, 0x00000000e8000000)
  eden space 87424K, 100% used [0x00000000e0000000, 0x00000000e5560000, 0x00000000e5560000)
  from space 21824K,  35% used [0x00000000e6ab0000, 0x00000000e7241ef0, 0x00000000e8000000)
  to   space 21824K,   0% used [0x00000000e5560000, 0x00000000e5560000, 0x00000000e6ab0000)
 concurrent mark-sweep generation total 393216K, used 28915K [0x00000000e8000000, 0x0000000100000000, 0x0000000100000000)
 Metaspace       used 41759K, capacity 42548K, committed 43148K, reserved 1087488K
  class space    used 4645K, capacity 4858K, committed 4960K, reserved 1048576K
2017-03-04T17:53:20.600+0800: 3982.982: [GC (Allocation Failure) 2017-03-04T17:53:20.600+0800: 3982.982: [ParNew
Desired survivor size 20112992 bytes, new threshold 8 (max 8)
- age   1:     821448 bytes,     821448 total
- age   2:      57880 bytes,     879328 total
- age   3:      61880 bytes,     941208 total
- age   4:      73200 bytes,    1014408 total
- age   5:      48456 bytes,    1062864 total
- age   6:     779704 bytes,    1842568 total
- age   7:    1908648 bytes,    3751216 total
- age   8:    1368120 bytes,    5119336 total
: 95175K->8955K(109248K), 0.0045930 secs] 124091K->39329K(502464K), 0.0046725 secs] [Times: user=0.01 sys=0.00, real=0.01 secs] 
Heap after GC invocations=80 (full 2):
 par new generation   total 109248K, used 8955K [0x00000000e0000000, 0x00000000e8000000, 0x00000000e8000000)
  eden space 87424K,   0% used [0x00000000e0000000, 0x00000000e0000000, 0x00000000e5560000)
  from space 21824K,  41% used [0x00000000e5560000, 0x00000000e5e1ef90, 0x00000000e6ab0000)
  to   space 21824K,   0% used [0x00000000e6ab0000, 0x00000000e6ab0000, 0x00000000e8000000)
 concurrent mark-sweep generation total 393216K, used 30373K [0x00000000e8000000, 0x0000000100000000, 0x0000000100000000)
 Metaspace       used 41759K, capacity 42548K, committed 43148K, reserved 1087488K
  class space    used 4645K, capacity 4858K, committed 4960K, reserved 1048576K
}
2017-03-04T17:53:20.605+0800: 3982.987: Total time for which application threads were stopped: 0.0048787 seconds, Stopping threads took: 0.0000237 seconds
2017-03-04T17:53:21.605+0800: 3983.987: Total time for which application threads were stopped: 0.0001252 seconds, Stopping threads took: 0.0000238 seconds
{Heap before GC invocations=80 (full 2):
 par new generation   total 109248K, used 96379K [0x00000000e0000000, 0x00000000e8000000, 0x00000000e8000000)
  eden space 87424K, 100% used [0x00000000e0000000, 0x00000000e5560000, 0x00000000e5560000)
  from space 21824K,  41% used [0x00000000e5560000, 0x00000000e5e1ef90, 0x00000000e6ab0000)
  to   space 21824K,   0% used [0x00000000e6ab0000, 0x00000000e6ab0000, 0x00000000e8000000)
 concurrent mark-sweep generation total 393216K, used 30373K [0x00000000e8000000, 0x0000000100000000, 0x0000000100000000)
 Metaspace       used 41759K, capacity 42548K, committed 43148K, reserved 1087488K
  class space    used 4645K, capacity 4858K, committed 4960K, reserved 1048576K
2017-03-04T17:53:22.375+0800: 3984.757: [GC (Allocation Failure) 2017-03-04T17:53:22.375+0800: 3984.757: [ParNew
Desired survivor size 20112992 bytes, new threshold 8 (max 8)
- age   1:    1015472 bytes,    1015472 total
- age   2:      44312 bytes,    1059784 total
- age   3:      50752 bytes,    1110536 total
- age   4:      55384 bytes,    1165920 total
- age   5:      65440 bytes,    1231360 total
- age   6:      43792 bytes,    1275152 total
- age   7:     768480 bytes,    2043632 total
- age   8:    2039752 bytes,    4083384 total
: 96379K->6170K(109248K), 0.0052075 secs] 126753K->37880K(502464K), 0.0052889 secs] [Times: user=0.01 sys=0.00, real=0.00 secs] 
Heap after GC invocations=81 (full 2):
 par new generation   total 109248K, used 6170K [0x00000000e0000000, 0x00000000e8000000, 0x00000000e8000000)
  eden space 87424K,   0% used [0x00000000e0000000, 0x00000000e0000000, 0x00000000e5560000)
  from space 21824K,  28% used [0x00000000e6ab0000, 0x00000000e70b6a80, 0x00000000e8000000)
  to   space 21824K,   0% used [0x00000000e5560000, 0x00000000e5560000, 0x00000000e6ab0000)
 concurrent mark-sweep generation total 393216K, used 31710K [0x00000000e8000000, 0x0000000100000000, 0x0000000100000000)
 Metaspace       used 41759K, capacity 42548K, committed 43148K, reserved 1087488K
  class space    used 4645K, capacity 4858K, committed 4960K, reserved 1048576K
}
2017-03-04T17:53:22.380+0800: 3984.763: Total time for which application threads were stopped: 0.0055092 seconds, Stopping threads took: 0.0000281 seconds
2017-03-04T17:53:23.381+0800: 3985.763: Total time for which application threads were stopped: 0.0001387 seconds, Stopping threads took: 0.0000370 seconds
{Heap before GC invocations=81 (full 2):
 par new generation   total 109248K, used 93594K [0x00000000e0000000, 0x00000000e8000000, 0x00000000e8000000)
  eden space 87424K, 100% used [0x00000000e0000000, 0x00000000e5560000, 0x00000000e5560000)
  from space 21824K,  28% used [0x00000000e6ab0000, 0x00000000e70b6a80, 0x00000000e8000000)
  to   space 21824K,   0% used [0x00000000e5560000, 0x00000000e5560000, 0x00000000e6ab0000)
 concurrent mark-sweep generation total 393216K, used 31710K [0x00000000e8000000, 0x0000000100000000, 0x0000000100000000)
 Metaspace       used 41759K, capacity 42548K, committed 43148K, reserved 1087488K
  class space    used 4645K, capacity 4858K, committed 4960K, reserved 1048576K
2017-03-04T17:53:24.092+0800: 3986.474: [GC (Allocation Failure) 2017-03-04T17:53:24.092+0800: 3986.474: [ParNew
Desired survivor size 20112992 bytes, new threshold 8 (max 8)
- age   1:    1237376 bytes,    1237376 total
- age   2:      38112 bytes,    1275488 total
- age   3:      40152 bytes,    1315640 total
- age   4:      45960 bytes,    1361600 total
- age   5:      49872 bytes,    1411472 total
- age   6:      59240 bytes,    1470712 total
- age   7:      40592 bytes,    1511304 total
- age   8:     758760 bytes,    2270064 total
: 93594K->2888K(109248K), 0.0040556 secs] 125304K->36463K(502464K), 0.0041565 secs] [Times: user=0.02 sys=0.00, real=0.01 secs] 
Heap after GC invocations=82 (full 2):
 par new generation   total 109248K, used 2888K [0x00000000e0000000, 0x00000000e8000000, 0x00000000e8000000)
  eden space 87424K,   0% used [0x00000000e0000000, 0x00000000e0000000, 0x00000000e5560000)
  from space 21824K,  13% used [0x00000000e5560000, 0x00000000e58321b8, 0x00000000e6ab0000)
  to   space 21824K,   0% used [0x00000000e6ab0000, 0x00000000e6ab0000, 0x00000000e8000000)
 concurrent mark-sweep generation total 393216K, used 33574K [0x00000000e8000000, 0x0000000100000000, 0x0000000100000000)
 Metaspace       used 41759K, capacity 42548K, committed 43148K, reserved 1087488K
  class space    used 4645K, capacity 4858K, committed 4960K, reserved 1048576K
}
2017-03-04T17:53:24.096+0800: 3986.478: Total time for which application threads were stopped: 0.0043972 seconds, Stopping threads took: 0.0000296 seconds
2017-03-04T17:53:25.096+0800: 3987.478: Total time for which application threads were stopped: 0.0001465 seconds, Stopping threads took: 0.0000319 seconds
{Heap before GC invocations=82 (full 2):
 par new generation   total 109248K, used 90312K [0x00000000e0000000, 0x00000000e8000000, 0x00000000e8000000)
  eden space 87424K, 100% used [0x00000000e0000000, 0x00000000e5560000, 0x00000000e5560000)
  from space 21824K,  13% used [0x00000000e5560000, 0x00000000e58321b8, 0x00000000e6ab0000)
  to   space 21824K,   0% used [0x00000000e6ab0000, 0x00000000e6ab0000, 0x00000000e8000000)
 concurrent mark-sweep generation total 393216K, used 33574K [0x00000000e8000000, 0x0000000100000000, 0x0000000100000000)
 Metaspace       used 41759K, capacity 42548K, committed 43148K, reserved 1087488K
  class space    used 4645K, capacity 4858K, committed 4960K, reserved 1048576K
2017-03-04T17:53:25.924+0800: 3988.306: [GC (Allocation Failure) 2017-03-04T17:53:25.924+0800: 3988.306: [ParNew
Desired survivor size 20112992 bytes, new threshold 8 (max 8)
- age   1:     926040 bytes,     926040 total
- age   2:      35424 bytes,     961464 total
- age   3:      35608 bytes,     997072 total
- age   4:      37512 bytes,    1034584 total
- age   5:      41856 bytes,    1076440 total
- age   6:      46856 bytes,    1123296 total
- age   7:      54840 bytes,    1178136 total
- age   8:      37336 bytes,    1215472 total
: 90312K->1865K(109248K), 0.0047399 secs] 123887K->36177K(502464K), 0.0048119 secs] [Times: user=0.02 sys=0.00, real=0.01 secs] 
Heap after GC invocations=83 (full 2):
 par new generation   total 109248K, used 1865K [0x00000000e0000000, 0x00000000e8000000, 0x00000000e8000000)
  eden space 87424K,   0% used [0x00000000e0000000, 0x00000000e0000000, 0x00000000e5560000)
  from space 21824K,   8% used [0x00000000e6ab0000, 0x00000000e6c827a0, 0x00000000e8000000)
  to   space 21824K,   0% used [0x00000000e5560000, 0x00000000e5560000, 0x00000000e6ab0000)
 concurrent mark-sweep generation total 393216K, used 34311K [0x00000000e8000000, 0x0000000100000000, 0x0000000100000000)
 Metaspace       used 41759K, capacity 42548K, committed 43148K, reserved 1087488K
  class space    used 4645K, capacity 4858K, committed 4960K, reserved 1048576K
}
2017-03-04T17:53:25.929+0800: 3988.311: Total time for which application threads were stopped: 0.0050293 seconds, Stopping threads took: 0.0000252 seconds
2017-03-04T17:53:26.929+0800: 3989.311: Total time for which application threads were stopped: 0.0001742 seconds, Stopping threads took: 0.0000517 seconds
{Heap before GC invocations=83 (full 2):
 par new generation   total 109248K, used 89235K [0x00000000e0000000, 0x00000000e8000000, 0x00000000e8000000)
  eden space 87424K,  99% used [0x00000000e0000000, 0x00000000e55525c0, 0x00000000e5560000)
  from space 21824K,   8% used [0x00000000e6ab0000, 0x00000000e6c827a0, 0x00000000e8000000)
  to   space 21824K,   0% used [0x00000000e5560000, 0x00000000e5560000, 0x00000000e6ab0000)
 concurrent mark-sweep generation total 393216K, used 34311K [0x00000000e8000000, 0x0000000100000000, 0x0000000100000000)
 Metaspace       used 41759K, capacity 42548K, committed 43148K, reserved 1087488K
  class space    used 4645K, capacity 4858K, committed 4960K, reserved 1048576K
2017-03-04T17:53:27.681+0800: 3990.064: [GC (Allocation Failure) 2017-03-04T17:53:27.681+0800: 3990.064: [ParNew
Desired survivor size 20112992 bytes, new threshold 8 (max 8)
- age   1:    1318448 bytes,    1318448 total
- age   2:      28824 bytes,    1347272 total
- age   3:      34128 bytes,    1381400 total
- age   4:      34672 bytes,    1416072 total
- age   5:      36240 bytes,    1452312 total
- age   6:      40992 bytes,    1493304 total
- age   7:      45432 bytes,    1538736 total
- age   8:      52944 bytes,    1591680 total
: 89235K->1823K(109248K), 0.0036587 secs] 123547K->36170K(502464K), 0.0037321 secs] [Times: user=0.00 sys=0.00, real=0.01 secs] 
Heap after GC invocations=84 (full 2):
 par new generation   total 109248K, used 1823K [0x00000000e0000000, 0x00000000e8000000, 0x00000000e8000000)
  eden space 87424K,   0% used [0x00000000e0000000, 0x00000000e0000000, 0x00000000e5560000)
  from space 21824K,   8% used [0x00000000e5560000, 0x00000000e5727ca0, 0x00000000e6ab0000)
  to   space 21824K,   0% used [0x00000000e6ab0000, 0x00000000e6ab0000, 0x00000000e8000000)
 concurrent mark-sweep generation total 393216K, used 34347K [0x00000000e8000000, 0x0000000100000000, 0x0000000100000000)
 Metaspace       used 41759K, capacity 42548K, committed 43148K, reserved 1087488K
  class space    used 4645K, capacity 4858K, committed 4960K, reserved 1048576K
}
2017-03-04T17:53:27.685+0800: 3990.067: Total time for which application threads were stopped: 0.0039234 seconds, Stopping threads took: 0.0000223 seconds
2017-03-04T17:53:29.272+0800: 3991.654: Total time for which application threads were stopped: 0.0002147 seconds, Stopping threads took: 0.0000330 seconds
2017-03-04T17:53:29.272+0800: 3991.654: Total time for which application threads were stopped: 0.0001201 seconds, Stopping threads took: 0.0000187 seconds
2017-03-04T17:53:29.272+0800: 3991.655: Total time for which application threads were stopped: 0.0001162 seconds, Stopping threads took: 0.0000182 seconds
2017-03-04T17:53:30.273+0800: 3992.655: Total time for which application threads were stopped: 0.0002289 seconds, Stopping threads took: 0.0000656 seconds
{Heap before GC invocations=84 (full 2):
 par new generation   total 109248K, used 89247K [0x00000000e0000000, 0x00000000e8000000, 0x00000000e8000000)
  eden space 87424K, 100% used [0x00000000e0000000, 0x00000000e5560000, 0x00000000e5560000)
  from space 21824K,   8% used [0x00000000e5560000, 0x00000000e5727ca0, 0x00000000e6ab0000)
  to   space 21824K,   0% used [0x00000000e6ab0000, 0x00000000e6ab0000, 0x00000000e8000000)
 concurrent mark-sweep generation total 393216K, used 34347K [0x00000000e8000000, 0x0000000100000000, 0x0000000100000000)
 Metaspace       used 41759K, capacity 42548K, committed 43148K, reserved 1087488K
  class space    used 4645K, capacity 4858K, committed 4960K, reserved 1048576K
2017-03-04T17:53:30.487+0800: 3992.869: [GC (Allocation Failure) 2017-03-04T17:53:30.487+0800: 3992.870: [ParNew
Desired survivor size 20112992 bytes, new threshold 8 (max 8)
- age   1:    1182824 bytes,    1182824 total
- age   2:      35976 bytes,    1218800 total
- age   3:      28152 bytes,    1246952 total
- age   4:      33264 bytes,    1280216 total
- age   5:      34000 bytes,    1314216 total
- age   6:      35440 bytes,    1349656 total
- age   7:      40168 bytes,    1389824 total
- age   8:      44440 bytes,    1434264 total
: 89247K->1976K(109248K), 0.0061753 secs] 123594K->36374K(502464K), 0.0062795 secs] [Times: user=0.02 sys=0.00, real=0.01 secs] 
Heap after GC invocations=85 (full 2):
 par new generation   total 109248K, used 1976K [0x00000000e0000000, 0x00000000e8000000, 0x00000000e8000000)
  eden space 87424K,   0% used [0x00000000e0000000, 0x00000000e0000000, 0x00000000e5560000)
  from space 21824K,   9% used [0x00000000e6ab0000, 0x00000000e6c9e220, 0x00000000e8000000)
  to   space 21824K,   0% used [0x00000000e5560000, 0x00000000e5560000, 0x00000000e6ab0000)
 concurrent mark-sweep generation total 393216K, used 34397K [0x00000000e8000000, 0x0000000100000000, 0x0000000100000000)
 Metaspace       used 41759K, capacity 42548K, committed 43148K, reserved 1087488K
  class space    used 4645K, capacity 4858K, committed 4960K, reserved 1048576K
}
2017-03-04T17:53:30.494+0800: 3992.876: Total time for which application threads were stopped: 0.0065769 seconds, Stopping threads took: 0.0000324 seconds
{Heap before GC invocations=85 (full 2):
 par new generation   total 109248K, used 89400K [0x00000000e0000000, 0x00000000e8000000, 0x00000000e8000000)
  eden space 87424K, 100% used [0x00000000e0000000, 0x00000000e5560000, 0x00000000e5560000)
  from space 21824K,   9% used [0x00000000e6ab0000, 0x00000000e6c9e220, 0x00000000e8000000)
  to   space 21824K,   0% used [0x00000000e5560000, 0x00000000e5560000, 0x00000000e6ab0000)
 concurrent mark-sweep generation total 393216K, used 34397K [0x00000000e8000000, 0x0000000100000000, 0x0000000100000000)
 Metaspace       used 41759K, capacity 42548K, committed 43148K, reserved 1087488K
  class space    used 4645K, capacity 4858K, committed 4960K, reserved 1048576K
2017-03-04T17:53:33.264+0800: 3995.647: [GC (Allocation Failure) 2017-03-04T17:53:33.264+0800: 3995.647: [ParNew
Desired survivor size 20112992 bytes, new threshold 8 (max 8)
- age   1:    1118696 bytes,    1118696 total
- age   2:     159904 bytes,    1278600 total
- age   3:      35464 bytes,    1314064 total
- age   4:      27768 bytes,    1341832 total
- age   5:      32640 bytes,    1374472 total
- age   6:      33296 bytes,    1407768 total
- age   7:      34712 bytes,    1442480 total
- age   8:      39496 bytes,    1481976 total
: 89400K->1922K(109248K), 0.0055772 secs] 123798K->36363K(502464K), 0.0056832 secs] [Times: user=0.02 sys=0.00, real=0.01 secs] 
Heap after GC invocations=86 (full 2):
 par new generation   total 109248K, used 1922K [0x00000000e0000000, 0x00000000e8000000, 0x00000000e8000000)
  eden space 87424K,   0% used [0x00000000e0000000, 0x00000000e0000000, 0x00000000e5560000)
  from space 21824K,   8% used [0x00000000e5560000, 0x00000000e5740be8, 0x00000000e6ab0000)
  to   space 21824K,   0% used [0x00000000e6ab0000, 0x00000000e6ab0000, 0x00000000e8000000)
 concurrent mark-sweep generation total 393216K, used 34440K [0x00000000e8000000, 0x0000000100000000, 0x0000000100000000)
 Metaspace       used 41759K, capacity 42548K, committed 43148K, reserved 1087488K
  class space    used 4645K, capacity 4858K, committed 4960K, reserved 1048576K
}
2017-03-04T17:53:33.270+0800: 3995.652: Total time for which application threads were stopped: 0.0059423 seconds, Stopping threads took: 0.0000288 seconds
2017-03-04T17:53:34.822+0800: 3997.204: Total time for which application threads were stopped: 0.0001813 seconds, Stopping threads took: 0.0000312 seconds
2017-03-04T17:53:34.822+0800: 3997.204: Total time for which application threads were stopped: 0.0001033 seconds, Stopping threads took: 0.0000168 seconds
2017-03-04T17:53:34.822+0800: 3997.205: Total time for which application threads were stopped: 0.0001042 seconds, Stopping threads took: 0.0000160 seconds
2017-03-04T17:53:35.823+0800: 3998.205: Total time for which application threads were stopped: 0.0001998 seconds, Stopping threads took: 0.0000624 seconds
{Heap before GC invocations=86 (full 2):
 par new generation   total 109248K, used 89346K [0x00000000e0000000, 0x00000000e8000000, 0x00000000e8000000)
  eden space 87424K, 100% used [0x00000000e0000000, 0x00000000e5560000, 0x00000000e5560000)
  from space 21824K,   8% used [0x00000000e5560000, 0x00000000e5740be8, 0x00000000e6ab0000)
  to   space 21824K,   0% used [0x00000000e6ab0000, 0x00000000e6ab0000, 0x00000000e8000000)
 concurrent mark-sweep generation total 393216K, used 34440K [0x00000000e8000000, 0x0000000100000000, 0x0000000100000000)
 Metaspace       used 41759K, capacity 42548K, committed 43148K, reserved 1087488K
  class space    used 4645K, capacity 4858K, committed 4960K, reserved 1048576K
2017-03-04T17:53:35.840+0800: 3998.222: [GC (Allocation Failure) 2017-03-04T17:53:35.840+0800: 3998.222: [ParNew
Desired survivor size 20112992 bytes, new threshold 8 (max 8)
- age   1:    1142376 bytes,    1142376 total
- age   2:      31848 bytes,    1174224 total
- age   3:     159544 bytes,    1333768 total
- age   4:      34792 bytes,    1368560 total
- age   5:      27128 bytes,    1395688 total
- age   6:      32160 bytes,    1427848 total
- age   7:      32464 bytes,    1460312 total
- age   8:      34136 bytes,    1494448 total
: 89346K->1861K(109248K), 0.0064595 secs] 123787K->36339K(502464K), 0.0065596 secs] [Times: user=0.01 sys=0.01, real=0.01 secs] 
Heap after GC invocations=87 (full 2):
 par new generation   total 109248K, used 1861K [0x00000000e0000000, 0x00000000e8000000, 0x00000000e8000000)
  eden space 87424K,   0% used [0x00000000e0000000, 0x00000000e0000000, 0x00000000e5560000)
  from space 21824K,   8% used [0x00000000e6ab0000, 0x00000000e6c81500, 0x00000000e8000000)
  to   space 21824K,   0% used [0x00000000e5560000, 0x00000000e5560000, 0x00000000e6ab0000)
 concurrent mark-sweep generation total 393216K, used 34478K [0x00000000e8000000, 0x0000000100000000, 0x0000000100000000)
 Metaspace       used 41759K, capacity 42548K, committed 43148K, reserved 1087488K
  class space    used 4645K, capacity 4858K, committed 4960K, reserved 1048576K
}
2017-03-04T17:53:35.846+0800: 3998.229: Total time for which application threads were stopped: 0.0067814 seconds, Stopping threads took: 0.0000176 seconds
2017-03-04T17:53:36.847+0800: 3999.229: Total time for which application threads were stopped: 0.0001167 seconds, Stopping threads took: 0.0000241 seconds
{Heap before GC invocations=87 (full 2):
 par new generation   total 109248K, used 89222K [0x00000000e0000000, 0x00000000e8000000, 0x00000000e8000000)
  eden space 87424K,  99% used [0x00000000e0000000, 0x00000000e55503f0, 0x00000000e5560000)
  from space 21824K,   8% used [0x00000000e6ab0000, 0x00000000e6c81500, 0x00000000e8000000)
  to   space 21824K,   0% used [0x00000000e5560000, 0x00000000e5560000, 0x00000000e6ab0000)
 concurrent mark-sweep generation total 393216K, used 34478K [0x00000000e8000000, 0x0000000100000000, 0x0000000100000000)
 Metaspace       used 41759K, capacity 42548K, committed 43148K, reserved 1087488K
  class space    used 4645K, capacity 4858K, committed 4960K, reserved 1048576K
2017-03-04T17:53:37.661+0800: 4000.044: [GC (Allocation Failure) 2017-03-04T17:53:37.661+0800: 4000.044: [ParNew
Desired survivor size 20112992 bytes, new threshold 8 (max 8)
- age   1:    1518432 bytes,    1518432 total
- age   2:     155944 bytes,    1674376 total
- age   3:      31304 bytes,    1705680 total
- age   4:     159032 bytes,    1864712 total
- age   5:      34152 bytes,    1898864 total
- age   6:      26744 bytes,    1925608 total
- age   7:      31680 bytes,    1957288 total
- age   8:      31920 bytes,    1989208 total
: 89222K->2235K(109248K), 0.0040940 secs] 123700K->36746K(502464K), 0.0041674 secs] [Times: user=0.01 sys=0.00, real=0.01 secs] 
Heap after GC invocations=88 (full 2):
 par new generation   total 109248K, used 2235K [0x00000000e0000000, 0x00000000e8000000, 0x00000000e8000000)
  eden space 87424K,   0% used [0x00000000e0000000, 0x00000000e0000000, 0x00000000e5560000)
  from space 21824K,  10% used [0x00000000e5560000, 0x00000000e578ed48, 0x00000000e6ab0000)
  to   space 21824K,   0% used [0x00000000e6ab0000, 0x00000000e6ab0000, 0x00000000e8000000)
 concurrent mark-sweep generation total 393216K, used 34511K [0x00000000e8000000, 0x0000000100000000, 0x0000000100000000)
 Metaspace       used 41759K, capacity 42548K, committed 43148K, reserved 1087488K
  class space    used 4645K, capacity 4858K, committed 4960K, reserved 1048576K
}
2017-03-04T17:53:37.666+0800: 4000.048: Total time for which application threads were stopped: 0.0043627 seconds, Stopping threads took: 0.0000235 seconds
{Heap before GC invocations=88 (full 2):
 par new generation   total 109248K, used 89659K [0x00000000e0000000, 0x00000000e8000000, 0x00000000e8000000)
  eden space 87424K, 100% used [0x00000000e0000000, 0x00000000e5560000, 0x00000000e5560000)
  from space 21824K,  10% used [0x00000000e5560000, 0x00000000e578ed48, 0x00000000e6ab0000)
  to   space 21824K,   0% used [0x00000000e6ab0000, 0x00000000e6ab0000, 0x00000000e8000000)
 concurrent mark-sweep generation total 393216K, used 34511K [0x00000000e8000000, 0x0000000100000000, 0x0000000100000000)
 Metaspace       used 41759K, capacity 42548K, committed 43148K, reserved 1087488K
  class space    used 4645K, capacity 4858K, committed 4960K, reserved 1048576K
2017-03-04T17:53:39.300+0800: 4001.682: [GC (Allocation Failure) 2017-03-04T17:53:39.300+0800: 4001.682: [ParNew
Desired survivor size 20112992 bytes, new threshold 8 (max 8)
- age   1:    1349496 bytes,    1349496 total
- age   2:      27552 bytes,    1377048 total
- age   3:     155464 bytes,    1532512 total
- age   4:      30888 bytes,    1563400 total
- age   5:     158712 bytes,    1722112 total
- age   6:      33640 bytes,    1755752 total
- age   7:      26304 bytes,    1782056 total
- age   8:      31200 bytes,    1813256 total
: 89659K->2797K(109248K), 0.0045518 secs] 124170K->37339K(502464K), 0.0046315 secs] [Times: user=0.01 sys=0.00, real=0.01 secs] 
Heap after GC invocations=89 (full 2):
 par new generation   total 109248K, used 2797K [0x00000000e0000000, 0x00000000e8000000, 0x00000000e8000000)
  eden space 87424K,   0% used [0x00000000e0000000, 0x00000000e0000000, 0x00000000e5560000)
  from space 21824K,  12% used [0x00000000e6ab0000, 0x00000000e6d6b7b0, 0x00000000e8000000)
  to   space 21824K,   0% used [0x00000000e5560000, 0x00000000e5560000, 0x00000000e6ab0000)
 concurrent mark-sweep generation total 393216K, used 34541K [0x00000000e8000000, 0x0000000100000000, 0x0000000100000000)
 Metaspace       used 41759K, capacity 42548K, committed 43148K, reserved 1087488K
  class space    used 4645K, capacity 4858K, committed 4960K, reserved 1048576K
}
2017-03-04T17:53:39.305+0800: 4001.687: Total time for which application threads were stopped: 0.0048327 seconds, Stopping threads took: 0.0000221 seconds
2017-03-04T17:53:40.305+0800: 4002.687: Total time for which application threads were stopped: 0.0001963 seconds, Stopping threads took: 0.0000586 seconds
2017-03-04T17:53:41.305+0800: 4003.688: Total time for which application threads were stopped: 0.0002014 seconds, Stopping threads took: 0.0000605 seconds
{Heap before GC invocations=89 (full 2):
 par new generation   total 109248K, used 90221K [0x00000000e0000000, 0x00000000e8000000, 0x00000000e8000000)
  eden space 87424K, 100% used [0x00000000e0000000, 0x00000000e5560000, 0x00000000e5560000)
  from space 21824K,  12% used [0x00000000e6ab0000, 0x00000000e6d6b7b0, 0x00000000e8000000)
  to   space 21824K,   0% used [0x00000000e5560000, 0x00000000e5560000, 0x00000000e6ab0000)
 concurrent mark-sweep generation total 393216K, used 34541K [0x00000000e8000000, 0x0000000100000000, 0x0000000100000000)
 Metaspace       used 41759K, capacity 42548K, committed 43148K, reserved 1087488K
  class space    used 4645K, capacity 4858K, committed 4960K, reserved 1048576K
2017-03-04T17:53:41.489+0800: 4003.872: [GC (Allocation Failure) 2017-03-04T17:53:41.490+0800: 4003.872: [ParNew
Desired survivor size 20112992 bytes, new threshold 8 (max 8)
- age   1:    1474352 bytes,    1474352 total
- age   2:      23744 bytes,    1498096 total
- age   3:      27296 bytes,    1525392 total
- age   4:     155240 bytes,    1680632 total
- age   5:      30536 bytes,    1711168 total
- age   6:     158360 bytes,    1869528 total
- age   7:      33480 bytes,    1903008 total
- age   8:      25856 bytes,    1928864 total
: 90221K->2316K(109248K), 0.0072654 secs] 124763K->36888K(502464K), 0.0073549 secs] [Times: user=0.02 sys=0.01, real=0.01 secs] 
Heap after GC invocations=90 (full 2):
 par new generation   total 109248K, used 2316K [0x00000000e0000000, 0x00000000e8000000, 0x00000000e8000000)
  eden space 87424K,   0% used [0x00000000e0000000, 0x00000000e0000000, 0x00000000e5560000)
  from space 21824K,  10% used [0x00000000e5560000, 0x00000000e57a3220, 0x00000000e6ab0000)
  to   space 21824K,   0% used [0x00000000e6ab0000, 0x00000000e6ab0000, 0x00000000e8000000)
 concurrent mark-sweep generation total 393216K, used 34572K [0x00000000e8000000, 0x0000000100000000, 0x0000000100000000)
 Metaspace       used 41759K, capacity 42548K, committed 43148K, reserved 1087488K
  class space    used 4645K, capacity 4858K, committed 4960K, reserved 1048576K
}
2017-03-04T17:53:41.497+0800: 4003.879: Total time for which application threads were stopped: 0.0076166 seconds, Stopping threads took: 0.0000294 seconds
2017-03-04T17:53:43.497+0800: 4005.879: Total time for which application threads were stopped: 0.0001984 seconds, Stopping threads took: 0.0000563 seconds
{Heap before GC invocations=90 (full 2):
 par new generation   total 109248K, used 89740K [0x00000000e0000000, 0x00000000e8000000, 0x00000000e8000000)
  eden space 87424K, 100% used [0x00000000e0000000, 0x00000000e5560000, 0x00000000e5560000)
  from space 21824K,  10% used [0x00000000e5560000, 0x00000000e57a3220, 0x00000000e6ab0000)
  to   space 21824K,   0% used [0x00000000e6ab0000, 0x00000000e6ab0000, 0x00000000e8000000)
 concurrent mark-sweep generation total 393216K, used 34572K [0x00000000e8000000, 0x0000000100000000, 0x0000000100000000)
 Metaspace       used 41759K, capacity 42548K, committed 43148K, reserved 1087488K
  class space    used 4645K, capacity 4858K, committed 4960K, reserved 1048576K
2017-03-04T17:53:43.975+0800: 4006.358: [GC (Allocation Failure) 2017-03-04T17:53:43.975+0800: 4006.358: [ParNew
Desired survivor size 20112992 bytes, new threshold 8 (max 8)
- age   1:    1451464 bytes,    1451464 total
- age   2:      24240 bytes,    1475704 total
- age   3:      23424 bytes,    1499128 total
- age   4:      26976 bytes,    1526104 total
- age   5:     155048 bytes,    1681152 total
- age   6:      30152 bytes,    1711304 total
- age   7:     158168 bytes,    1869472 total
- age   8:      33160 bytes,    1902632 total
: 89740K->2435K(109248K), 0.0052336 secs] 124312K->37032K(502464K), 0.0053180 secs] [Times: user=0.01 sys=0.00, real=0.00 secs] 
Heap after GC invocations=91 (full 2):
 par new generation   total 109248K, used 2435K [0x00000000e0000000, 0x00000000e8000000, 0x00000000e8000000)
  eden space 87424K,   0% used [0x00000000e0000000, 0x00000000e0000000, 0x00000000e5560000)
  from space 21824K,  11% used [0x00000000e6ab0000, 0x00000000e6d10c40, 0x00000000e8000000)
  to   space 21824K,   0% used [0x00000000e5560000, 0x00000000e5560000, 0x00000000e6ab0000)
 concurrent mark-sweep generation total 393216K, used 34596K [0x00000000e8000000, 0x0000000100000000, 0x0000000100000000)
 Metaspace       used 41759K, capacity 42548K, committed 43148K, reserved 1087488K
  class space    used 4645K, capacity 4858K, committed 4960K, reserved 1048576K
}
2017-03-04T17:53:43.981+0800: 4006.363: Total time for which application threads were stopped: 0.0055168 seconds, Stopping threads took: 0.0000242 seconds
2017-03-04T17:53:44.981+0800: 4007.363: Total time for which application threads were stopped: 0.0001177 seconds, Stopping threads took: 0.0000253 seconds
{Heap before GC invocations=91 (full 2):
 par new generation   total 109248K, used 89859K [0x00000000e0000000, 0x00000000e8000000, 0x00000000e8000000)
  eden space 87424K, 100% used [0x00000000e0000000, 0x00000000e5560000, 0x00000000e5560000)
  from space 21824K,  11% used [0x00000000e6ab0000, 0x00000000e6d10c40, 0x00000000e8000000)
  to   space 21824K,   0% used [0x00000000e5560000, 0x00000000e5560000, 0x00000000e6ab0000)
 concurrent mark-sweep generation total 393216K, used 34596K [0x00000000e8000000, 0x0000000100000000, 0x0000000100000000)
 Metaspace       used 41759K, capacity 42548K, committed 43148K, reserved 1087488K
  class space    used 4645K, capacity 4858K, committed 4960K, reserved 1048576K
2017-03-04T17:53:45.585+0800: 4007.967: [GC (Allocation Failure) 2017-03-04T17:53:45.585+0800: 4007.967: [ParNew
Desired survivor size 20112992 bytes, new threshold 8 (max 8)
- age   1:    1046192 bytes,    1046192 total
- age   2:      25928 bytes,    1072120 total
- age   3:      23952 bytes,    1096072 total
- age   4:      23232 bytes,    1119304 total
- age   5:      26816 bytes,    1146120 total
- age   6:     154696 bytes,    1300816 total
- age   7:      29960 bytes,    1330776 total
- age   8:     157816 bytes,    1488592 total
: 89859K->1929K(109248K), 0.0040214 secs] 124456K->36558K(502464K), 0.0040947 secs] [Times: user=0.01 sys=0.00, real=0.00 secs] 
Heap after GC invocations=92 (full 2):
 par new generation   total 109248K, used 1929K [0x00000000e0000000, 0x00000000e8000000, 0x00000000e8000000)
  eden space 87424K,   0% used [0x00000000e0000000, 0x00000000e0000000, 0x00000000e5560000)
  from space 21824K,   8% used [0x00000000e5560000, 0x00000000e5742628, 0x00000000e6ab0000)
  to   space 21824K,   0% used [0x00000000e6ab0000, 0x00000000e6ab0000, 0x00000000e8000000)
 concurrent mark-sweep generation total 393216K, used 34629K [0x00000000e8000000, 0x0000000100000000, 0x0000000100000000)
 Metaspace       used 41759K, capacity 42548K, committed 43148K, reserved 1087488K
  class space    used 4645K, capacity 4858K, committed 4960K, reserved 1048576K
}
2017-03-04T17:53:45.589+0800: 4007.971: Total time for which application threads were stopped: 0.0043019 seconds, Stopping threads took: 0.0000250 seconds
2017-03-04T17:53:46.589+0800: 4008.971: Total time for which application threads were stopped: 0.0001585 seconds, Stopping threads took: 0.0000404 seconds
{Heap before GC invocations=92 (full 2):
 par new generation   total 109248K, used 89291K [0x00000000e0000000, 0x00000000e8000000, 0x00000000e8000000)
  eden space 87424K,  99% used [0x00000000e0000000, 0x00000000e5550718, 0x00000000e5560000)
  from space 21824K,   8% used [0x00000000e5560000, 0x00000000e5742628, 0x00000000e6ab0000)
  to   space 21824K,   0% used [0x00000000e6ab0000, 0x00000000e6ab0000, 0x00000000e8000000)
 concurrent mark-sweep generation total 393216K, used 34629K [0x00000000e8000000, 0x0000000100000000, 0x0000000100000000)
 Metaspace       used 41759K, capacity 42548K, committed 43148K, reserved 1087488K
  class space    used 4645K, capacity 4858K, committed 4960K, reserved 1048576K
2017-03-04T17:53:47.178+0800: 4009.560: [GC (Allocation Failure) 2017-03-04T17:53:47.178+0800: 4009.560: [ParNew
Desired survivor size 20112992 bytes, new threshold 8 (max 8)
- age   1:    1535848 bytes,    1535848 total
- age   2:      20208 bytes,    1556056 total
- age   3:      25512 bytes,    1581568 total
- age   4:      23760 bytes,    1605328 total
- age   5:      22880 bytes,    1628208 total
- age   6:      26496 bytes,    1654704 total
- age   7:     154312 bytes,    1809016 total
- age   8:      29736 bytes,    1838752 total
: 89291K->2051K(109248K), 0.0043305 secs] 123920K->36835K(502464K), 0.0044004 secs] [Times: user=0.01 sys=0.00, real=0.00 secs] 
Heap after GC invocations=93 (full 2):
 par new generation   total 109248K, used 2051K [0x00000000e0000000, 0x00000000e8000000, 0x00000000e8000000)
  eden space 87424K,   0% used [0x00000000e0000000, 0x00000000e0000000, 0x00000000e5560000)
  from space 21824K,   9% used [0x00000000e6ab0000, 0x00000000e6cb0fd0, 0x00000000e8000000)
  to   space 21824K,   0% used [0x00000000e5560000, 0x00000000e5560000, 0x00000000e6ab0000)
 concurrent mark-sweep generation total 393216K, used 34783K [0x00000000e8000000, 0x0000000100000000, 0x0000000100000000)
 Metaspace       used 41759K, capacity 42548K, committed 43148K, reserved 1087488K
  class space    used 4645K, capacity 4858K, committed 4960K, reserved 1048576K
}
2017-03-04T17:53:47.182+0800: 4009.565: Total time for which application threads were stopped: 0.0046103 seconds, Stopping threads took: 0.0000339 seconds
2017-03-04T17:53:49.183+0800: 4011.565: Total time for which application threads were stopped: 0.0001995 seconds, Stopping threads took: 0.0000557 seconds
{Heap before GC invocations=93 (full 2):
 par new generation   total 109248K, used 89475K [0x00000000e0000000, 0x00000000e8000000, 0x00000000e8000000)
  eden space 87424K, 100% used [0x00000000e0000000, 0x00000000e5560000, 0x00000000e5560000)
  from space 21824K,   9% used [0x00000000e6ab0000, 0x00000000e6cb0fd0, 0x00000000e8000000)
  to   space 21824K,   0% used [0x00000000e5560000, 0x00000000e5560000, 0x00000000e6ab0000)
 concurrent mark-sweep generation total 393216K, used 34783K [0x00000000e8000000, 0x0000000100000000, 0x0000000100000000)
 Metaspace       used 41759K, capacity 42548K, committed 43148K, reserved 1087488K
  class space    used 4645K, capacity 4858K, committed 4960K, reserved 1048576K
2017-03-04T17:53:49.270+0800: 4011.653: [GC (Allocation Failure) 2017-03-04T17:53:49.271+0800: 4011.653: [ParNew
Desired survivor size 20112992 bytes, new threshold 8 (max 8)
- age   1:    1249032 bytes,    1249032 total
- age   2:      20248 bytes,    1269280 total
- age   3:      19952 bytes,    1289232 total
- age   4:      25248 bytes,    1314480 total
- age   5:      23312 bytes,    1337792 total
- age   6:      22592 bytes,    1360384 total
- age   7:      26128 bytes,    1386512 total
- age   8:     154024 bytes,    1540536 total
: 89475K->2430K(109248K), 0.0064510 secs] 124259K->37242K(502464K), 0.0065579 secs] [Times: user=0.01 sys=0.00, real=0.01 secs] 
Heap after GC invocations=94 (full 2):
 par new generation   total 109248K, used 2430K [0x00000000e0000000, 0x00000000e8000000, 0x00000000e8000000)
  eden space 87424K,   0% used [0x00000000e0000000, 0x00000000e0000000, 0x00000000e5560000)
  from space 21824K,  11% used [0x00000000e5560000, 0x00000000e57bfa38, 0x00000000e6ab0000)
  to   space 21824K,   0% used [0x00000000e6ab0000, 0x00000000e6ab0000, 0x00000000e8000000)
 concurrent mark-sweep generation total 393216K, used 34811K [0x00000000e8000000, 0x0000000100000000, 0x0000000100000000)
 Metaspace       used 41759K, capacity 42548K, committed 43148K, reserved 1087488K
  class space    used 4645K, capacity 4858K, committed 4960K, reserved 1048576K
}
2017-03-04T17:53:49.277+0800: 4011.659: Total time for which application threads were stopped: 0.0068360 seconds, Stopping threads took: 0.0000313 seconds
2017-03-04T17:53:50.277+0800: 4012.660: Total time for which application threads were stopped: 0.0001992 seconds, Stopping threads took: 0.0000589 seconds
2017-03-04T17:53:51.278+0800: 4013.660: Total time for which application threads were stopped: 0.0001920 seconds, Stopping threads took: 0.0000546 seconds
{Heap before GC invocations=94 (full 2):
 par new generation   total 109248K, used 89854K [0x00000000e0000000, 0x00000000e8000000, 0x00000000e8000000)
  eden space 87424K, 100% used [0x00000000e0000000, 0x00000000e5560000, 0x00000000e5560000)
  from space 21824K,  11% used [0x00000000e5560000, 0x00000000e57bfa38, 0x00000000e6ab0000)
  to   space 21824K,   0% used [0x00000000e6ab0000, 0x00000000e6ab0000, 0x00000000e8000000)
 concurrent mark-sweep generation total 393216K, used 34811K [0x00000000e8000000, 0x0000000100000000, 0x0000000100000000)
 Metaspace       used 41759K, capacity 42548K, committed 43148K, reserved 1087488K
  class space    used 4646K, capacity 4858K, committed 4960K, reserved 1048576K
2017-03-04T17:53:51.714+0800: 4014.096: [GC (Allocation Failure) 2017-03-04T17:53:51.714+0800: 4014.096: [ParNew
Desired survivor size 20112992 bytes, new threshold 8 (max 8)
- age   1:    1460104 bytes,    1460104 total
- age   2:      20352 bytes,    1480456 total
- age   3:      20024 bytes,    1500480 total
- age   4:      19728 bytes,    1520208 total
- age   5:      24968 bytes,    1545176 total
- age   6:      23120 bytes,    1568296 total
- age   7:      22432 bytes,    1590728 total
- age   8:      26000 bytes,    1616728 total
: 89854K->2030K(109248K), 0.0055084 secs] 124666K->36992K(502464K), 0.0056037 secs] [Times: user=0.01 sys=0.00, real=0.00 secs] 
Heap after GC invocations=95 (full 2):
 par new generation   total 109248K, used 2030K [0x00000000e0000000, 0x00000000e8000000, 0x00000000e8000000)
  eden space 87424K,   0% used [0x00000000e0000000, 0x00000000e0000000, 0x00000000e5560000)
  from space 21824K,   9% used [0x00000000e6ab0000, 0x00000000e6cabad0, 0x00000000e8000000)
  to   space 21824K,   0% used [0x00000000e5560000, 0x00000000e5560000, 0x00000000e6ab0000)
 concurrent mark-sweep generation total 393216K, used 34962K [0x00000000e8000000, 0x0000000100000000, 0x0000000100000000)
 Metaspace       used 41759K, capacity 42548K, committed 43148K, reserved 1087488K
  class space    used 4646K, capacity 4858K, committed 4960K, reserved 1048576K
}
2017-03-04T17:53:51.719+0800: 4014.101: Total time for which application threads were stopped: 0.0059075 seconds, Stopping threads took: 0.0000284 seconds
{Heap before GC invocations=95 (full 2):
 par new generation   total 109248K, used 89454K [0x00000000e0000000, 0x00000000e8000000, 0x00000000e8000000)
  eden space 87424K, 100% used [0x00000000e0000000, 0x00000000e5560000, 0x00000000e5560000)
  from space 21824K,   9% used [0x00000000e6ab0000, 0x00000000e6cabad0, 0x00000000e8000000)
  to   space 21824K,   0% used [0x00000000e5560000, 0x00000000e5560000, 0x00000000e6ab0000)
 concurrent mark-sweep generation total 393216K, used 34962K [0x00000000e8000000, 0x0000000100000000, 0x0000000100000000)
 Metaspace       used 41759K, capacity 42548K, committed 43148K, reserved 1087488K
  class space    used 4646K, capacity 4858K, committed 4960K, reserved 1048576K
2017-03-04T17:53:53.388+0800: 4015.770: [GC (Allocation Failure) 2017-03-04T17:53:53.388+0800: 4015.770: [ParNew
Desired survivor size 20112992 bytes, new threshold 8 (max 8)
- age   1:    1032344 bytes,    1032344 total
- age   2:      20608 bytes,    1052952 total
- age   3:      20032 bytes,    1072984 total
- age   4:      19832 bytes,    1092816 total
- age   5:      19600 bytes,    1112416 total
- age   6:      24616 bytes,    1137032 total
- age   7:      22984 bytes,    1160016 total
- age   8:      22240 bytes,    1182256 total
: 89454K->1553K(109248K), 0.0036994 secs] 124416K->36540K(502464K), 0.0037814 secs] [Times: user=0.01 sys=0.00, real=0.00 secs] 
Heap after GC invocations=96 (full 2):
 par new generation   total 109248K, used 1553K [0x00000000e0000000, 0x00000000e8000000, 0x00000000e8000000)
  eden space 87424K,   0% used [0x00000000e0000000, 0x00000000e0000000, 0x00000000e5560000)
  from space 21824K,   7% used [0x00000000e5560000, 0x00000000e56e4580, 0x00000000e6ab0000)
  to   space 21824K,   0% used [0x00000000e6ab0000, 0x00000000e6ab0000, 0x00000000e8000000)
 concurrent mark-sweep generation total 393216K, used 34987K [0x00000000e8000000, 0x0000000100000000, 0x0000000100000000)
 Metaspace       used 41759K, capacity 42548K, committed 43148K, reserved 1087488K
  class space    used 4646K, capacity 4858K, committed 4960K, reserved 1048576K
}
2017-03-04T17:53:53.392+0800: 4015.774: Total time for which application threads were stopped: 0.0040028 seconds, Stopping threads took: 0.0000249 seconds
2017-03-04T17:53:54.392+0800: 4016.775: Total time for which application threads were stopped: 0.0001534 seconds, Stopping threads took: 0.0000430 seconds
{Heap before GC invocations=96 (full 2):
 par new generation   total 109248K, used 88977K [0x00000000e0000000, 0x00000000e8000000, 0x00000000e8000000)
  eden space 87424K, 100% used [0x00000000e0000000, 0x00000000e5560000, 0x00000000e5560000)
  from space 21824K,   7% used [0x00000000e5560000, 0x00000000e56e4580, 0x00000000e6ab0000)
  to   space 21824K,   0% used [0x00000000e6ab0000, 0x00000000e6ab0000, 0x00000000e8000000)
 concurrent mark-sweep generation total 393216K, used 34987K [0x00000000e8000000, 0x0000000100000000, 0x0000000100000000)
 Metaspace       used 41759K, capacity 42548K, committed 43148K, reserved 1087488K
  class space    used 4646K, capacity 4858K, committed 4960K, reserved 1048576K
2017-03-04T17:53:55.093+0800: 4017.475: [GC (Allocation Failure) 2017-03-04T17:53:55.093+0800: 4017.475: [ParNew
Desired survivor size 20112992 bytes, new threshold 8 (max 8)
- age   1:    1063688 bytes,    1063688 total
- age   2:      19432 bytes,    1083120 total
- age   3:      20448 bytes,    1103568 total
- age   4:      19904 bytes,    1123472 total
- age   5:      19672 bytes,    1143144 total
- age   6:      19472 bytes,    1162616 total
- age   7:      24520 bytes,    1187136 total
- age   8:      22824 bytes,    1209960 total
: 88977K->1365K(109248K), 0.0036760 secs] 123964K->36373K(502464K), 0.0037460 secs] [Times: user=0.01 sys=0.00, real=0.00 secs] 
Heap after GC invocations=97 (full 2):
 par new generation   total 109248K, used 1365K [0x00000000e0000000, 0x00000000e8000000, 0x00000000e8000000)
  eden space 87424K,   0% used [0x00000000e0000000, 0x00000000e0000000, 0x00000000e5560000)
  from space 21824K,   6% used [0x00000000e6ab0000, 0x00000000e6c05520, 0x00000000e8000000)
  to   space 21824K,   0% used [0x00000000e5560000, 0x00000000e5560000, 0x00000000e6ab0000)
 concurrent mark-sweep generation total 393216K, used 35008K [0x00000000e8000000, 0x0000000100000000, 0x0000000100000000)
 Metaspace       used 41759K, capacity 42548K, committed 43148K, reserved 1087488K
  class space    used 4646K, capacity 4858K, committed 4960K, reserved 1048576K
}
2017-03-04T17:53:55.096+0800: 4017.479: Total time for which application threads were stopped: 0.0039642 seconds, Stopping threads took: 0.0000387 seconds
2017-03-04T17:53:56.097+0800: 4018.479: Total time for which application threads were stopped: 0.0001770 seconds, Stopping threads took: 0.0000630 seconds
{Heap before GC invocations=97 (full 2):
 par new generation   total 109248K, used 88789K [0x00000000e0000000, 0x00000000e8000000, 0x00000000e8000000)
  eden space 87424K, 100% used [0x00000000e0000000, 0x00000000e5560000, 0x00000000e5560000)
  from space 21824K,   6% used [0x00000000e6ab0000, 0x00000000e6c05520, 0x00000000e8000000)
  to   space 21824K,   0% used [0x00000000e5560000, 0x00000000e5560000, 0x00000000e6ab0000)
 concurrent mark-sweep generation total 393216K, used 35008K [0x00000000e8000000, 0x0000000100000000, 0x0000000100000000)
 Metaspace       used 41759K, capacity 42548K, committed 43148K, reserved 1087488K
  class space    used 4646K, capacity 4858K, committed 4960K, reserved 1048576K
2017-03-04T17:53:56.967+0800: 4019.349: [GC (Allocation Failure) 2017-03-04T17:53:56.967+0800: 4019.349: [ParNew
Desired survivor size 20112992 bytes, new threshold 8 (max 8)
- age   1:    1005808 bytes,    1005808 total
- age   2:      18744 bytes,    1024552 total
- age   3:      19208 bytes,    1043760 total
- age   4:      20224 bytes,    1063984 total
- age   5:      19680 bytes,    1083664 total
- age   6:      19544 bytes,    1103208 total
- age   7:      19248 bytes,    1122456 total
- age   8:      24424 bytes,    1146880 total
: 88789K->1439K(109248K), 0.0053936 secs] 123797K->36470K(502464K), 0.0054856 secs] [Times: user=0.02 sys=0.00, real=0.00 secs] 
Heap after GC invocations=98 (full 2):
 par new generation   total 109248K, used 1439K [0x00000000e0000000, 0x00000000e8000000, 0x00000000e8000000)
  eden space 87424K,   0% used [0x00000000e0000000, 0x00000000e0000000, 0x00000000e5560000)
  from space 21824K,   6% used [0x00000000e5560000, 0x00000000e56c7e20, 0x00000000e6ab0000)
  to   space 21824K,   0% used [0x00000000e6ab0000, 0x00000000e6ab0000, 0x00000000e8000000)
 concurrent mark-sweep generation total 393216K, used 35030K [0x00000000e8000000, 0x0000000100000000, 0x0000000100000000)
 Metaspace       used 41759K, capacity 42548K, committed 43148K, reserved 1087488K
  class space    used 4646K, capacity 4858K, committed 4960K, reserved 1048576K
}
2017-03-04T17:53:56.972+0800: 4019.354: Total time for which application threads were stopped: 0.0057500 seconds, Stopping threads took: 0.0000283 seconds
{Heap before GC invocations=98 (full 2):
 par new generation   total 109248K, used 88814K [0x00000000e0000000, 0x00000000e8000000, 0x00000000e8000000)
  eden space 87424K,  99% used [0x00000000e0000000, 0x00000000e5553d78, 0x00000000e5560000)
  from space 21824K,   6% used [0x00000000e5560000, 0x00000000e56c7e20, 0x00000000e6ab0000)
  to   space 21824K,   0% used [0x00000000e6ab0000, 0x00000000e6ab0000, 0x00000000e8000000)
 concurrent mark-sweep generation total 393216K, used 35030K [0x00000000e8000000, 0x0000000100000000, 0x0000000100000000)
 Metaspace       used 41759K, capacity 42548K, committed 43148K, reserved 1087488K
  class space    used 4646K, capacity 4858K, committed 4960K, reserved 1048576K
2017-03-04T17:53:59.357+0800: 4021.740: [GC (Allocation Failure) 2017-03-04T17:53:59.357+0800: 4021.740: [ParNew
Desired survivor size 20112992 bytes, new threshold 8 (max 8)
- age   1:    1632240 bytes,    1632240 total
- age   2:      23640 bytes,    1655880 total
- age   3:      18552 bytes,    1674432 total
- age   4:      19080 bytes,    1693512 total
- age   5:      20128 bytes,    1713640 total
- age   6:      19488 bytes,    1733128 total
- age   7:      19352 bytes,    1752480 total
- age   8:      19120 bytes,    1771600 total
: 88814K->2429K(109248K), 0.0070851 secs] 123845K->37484K(502464K), 0.0071904 secs] [Times: user=0.02 sys=0.00, real=0.00 secs] 
Heap after GC invocations=99 (full 2):
 par new generation   total 109248K, used 2429K [0x00000000e0000000, 0x00000000e8000000, 0x00000000e8000000)
  eden space 87424K,   0% used [0x00000000e0000000, 0x00000000e0000000, 0x00000000e5560000)
  from space 21824K,  11% used [0x00000000e6ab0000, 0x00000000e6d0f7b8, 0x00000000e8000000)
  to   space 21824K,   0% used [0x00000000e5560000, 0x00000000e5560000, 0x00000000e6ab0000)
 concurrent mark-sweep generation total 393216K, used 35054K [0x00000000e8000000, 0x0000000100000000, 0x0000000100000000)
 Metaspace       used 41759K, capacity 42548K, committed 43148K, reserved 1087488K
  class space    used 4646K, capacity 4858K, committed 4960K, reserved 1048576K
}
2017-03-04T17:53:59.365+0800: 4021.747: Total time for which application threads were stopped: 0.0074893 seconds, Stopping threads took: 0.0000319 seconds
2017-03-04T17:54:00.137+0800: 4022.519: Total time for which application threads were stopped: 0.0001596 seconds, Stopping threads took: 0.0000245 seconds
2017-03-04T17:54:00.137+0800: 4022.519: Total time for which application threads were stopped: 0.0000996 seconds, Stopping threads took: 0.0000138 seconds
2017-03-04T17:54:00.137+0800: 4022.519: Total time for which application threads were stopped: 0.0000830 seconds, Stopping threads took: 0.0000120 seconds
2017-03-04T17:54:01.137+0800: 4023.520: Total time for which application threads were stopped: 0.0001138 seconds, Stopping threads took: 0.0000217 seconds
{Heap before GC invocations=99 (full 2):
 par new generation   total 109248K, used 89853K [0x00000000e0000000, 0x00000000e8000000, 0x00000000e8000000)
  eden space 87424K, 100% used [0x00000000e0000000, 0x00000000e5560000, 0x00000000e5560000)
  from space 21824K,  11% used [0x00000000e6ab0000, 0x00000000e6d0f7b8, 0x00000000e8000000)
  to   space 21824K,   0% used [0x00000000e5560000, 0x00000000e5560000, 0x00000000e6ab0000)
 concurrent mark-sweep generation total 393216K, used 35054K [0x00000000e8000000, 0x0000000100000000, 0x0000000100000000)
 Metaspace       used 41760K, capacity 42548K, committed 43148K, reserved 1087488K
  class space    used 4646K, capacity 4858K, committed 4960K, reserved 1048576K
2017-03-04T17:54:01.164+0800: 4023.546: [GC (Allocation Failure) 2017-03-04T17:54:01.164+0800: 4023.546: [ParNew
Desired survivor size 20112992 bytes, new threshold 8 (max 8)
- age   1:    1407824 bytes,    1407824 total
- age   2:      16848 bytes,    1424672 total
- age   3:      23448 bytes,    1448120 total
- age   4:      18424 bytes,    1466544 total
- age   5:      18920 bytes,    1485464 total
- age   6:      19968 bytes,    1505432 total
- age   7:      19360 bytes,    1524792 total
- age   8:      19224 bytes,    1544016 total
: 89853K->1837K(109248K), 0.0037377 secs] 124908K->36910K(502464K), 0.0038134 secs] [Times: user=0.01 sys=0.00, real=0.01 secs] 
Heap after GC invocations=100 (full 2):
 par new generation   total 109248K, used 1837K [0x00000000e0000000, 0x00000000e8000000, 0x00000000e8000000)
  eden space 87424K,   0% used [0x00000000e0000000, 0x00000000e0000000, 0x00000000e5560000)
  from space 21824K,   8% used [0x00000000e5560000, 0x00000000e572b600, 0x00000000e6ab0000)
  to   space 21824K,   0% used [0x00000000e6ab0000, 0x00000000e6ab0000, 0x00000000e8000000)
 concurrent mark-sweep generation total 393216K, used 35073K [0x00000000e8000000, 0x0000000100000000, 0x0000000100000000)
 Metaspace       used 41760K, capacity 42548K, committed 43148K, reserved 1087488K
  class space    used 4646K, capacity 4858K, committed 4960K, reserved 1048576K
}
2017-03-04T17:54:01.168+0800: 4023.550: Total time for which application threads were stopped: 0.0040150 seconds, Stopping threads took: 0.0000234 seconds
2017-03-04T17:54:02.463+0800: 4024.845: Total time for which application threads were stopped: 0.0001357 seconds, Stopping threads took: 0.0000227 seconds
2017-03-04T17:54:02.463+0800: 4024.845: Total time for which application threads were stopped: 0.0001054 seconds, Stopping threads took: 0.0000248 seconds
2017-03-04T17:54:02.463+0800: 4024.845: Total time for which application threads were stopped: 0.0001051 seconds, Stopping threads took: 0.0000228 seconds
{Heap before GC invocations=100 (full 2):
 par new generation   total 109248K, used 89261K [0x00000000e0000000, 0x00000000e8000000, 0x00000000e8000000)
  eden space 87424K, 100% used [0x00000000e0000000, 0x00000000e5560000, 0x00000000e5560000)
  from space 21824K,   8% used [0x00000000e5560000, 0x00000000e572b600, 0x00000000e6ab0000)
  to   space 21824K,   0% used [0x00000000e6ab0000, 0x00000000e6ab0000, 0x00000000e8000000)
 concurrent mark-sweep generation total 393216K, used 35073K [0x00000000e8000000, 0x0000000100000000, 0x0000000100000000)
 Metaspace       used 41760K, capacity 42548K, committed 43148K, reserved 1087488K
  class space    used 4646K, capacity 4858K, committed 4960K, reserved 1048576K
2017-03-04T17:54:02.657+0800: 4025.040: [GC (Allocation Failure) 2017-03-04T17:54:02.657+0800: 4025.040: [ParNew
Desired survivor size 20112992 bytes, new threshold 8 (max 8)
- age   1:    1806232 bytes,    1806232 total
- age   2:     142176 bytes,    1948408 total
- age   3:      16720 bytes,    1965128 total
- age   4:      23384 bytes,    1988512 total
- age   5:      18200 bytes,    2006712 total
- age   6:      18824 bytes,    2025536 total
- age   7:      19872 bytes,    2045408 total
- age   8:      19200 bytes,    2064608 total
: 89261K->3061K(109248K), 0.0055032 secs] 124334K->38152K(502464K), 0.0055801 secs] [Times: user=0.01 sys=0.00, real=0.00 secs] 
Heap after GC invocations=101 (full 2):
 par new generation   total 109248K, used 3061K [0x00000000e0000000, 0x00000000e8000000, 0x00000000e8000000)
  eden space 87424K,   0% used [0x00000000e0000000, 0x00000000e0000000, 0x00000000e5560000)
  from space 21824K,  14% used [0x00000000e6ab0000, 0x00000000e6dad558, 0x00000000e8000000)
  to   space 21824K,   0% used [0x00000000e5560000, 0x00000000e5560000, 0x00000000e6ab0000)
 concurrent mark-sweep generation total 393216K, used 35091K [0x00000000e8000000, 0x0000000100000000, 0x0000000100000000)
 Metaspace       used 41760K, capacity 42548K, committed 43148K, reserved 1087488K
  class space    used 4646K, capacity 4858K, committed 4960K, reserved 1048576K
}
2017-03-04T17:54:02.663+0800: 4025.045: Total time for which application threads were stopped: 0.0057892 seconds, Stopping threads took: 0.0000235 seconds
{Heap before GC invocations=101 (full 2):
 par new generation   total 109248K, used 90485K [0x00000000e0000000, 0x00000000e8000000, 0x00000000e8000000)
  eden space 87424K, 100% used [0x00000000e0000000, 0x00000000e5560000, 0x00000000e5560000)
  from space 21824K,  14% used [0x00000000e6ab0000, 0x00000000e6dad558, 0x00000000e8000000)
  to   space 21824K,   0% used [0x00000000e5560000, 0x00000000e5560000, 0x00000000e6ab0000)
 concurrent mark-sweep generation total 393216K, used 35091K [0x00000000e8000000, 0x0000000100000000, 0x0000000100000000)
 Metaspace       used 41760K, capacity 42548K, committed 43148K, reserved 1087488K
  class space    used 4646K, capacity 4858K, committed 4960K, reserved 1048576K
2017-03-04T17:54:04.313+0800: 4026.696: [GC (Allocation Failure) 2017-03-04T17:54:04.313+0800: 4026.696: [ParNew
Desired survivor size 20112992 bytes, new threshold 8 (max 8)
- age   1:     817336 bytes,     817336 total
- age   2:     137744 bytes,     955080 total
- age   3:     142080 bytes,    1097160 total
- age   4:      16560 bytes,    1113720 total
- age   5:      23128 bytes,    1136848 total
- age   6:      18104 bytes,    1154952 total
- age   7:      18696 bytes,    1173648 total
- age   8:      19648 bytes,    1193296 total
: 90485K->1477K(109248K), 0.0065890 secs] 125576K->36587K(502464K), 0.0067000 secs] [Times: user=0.02 sys=0.00, real=0.00 secs] 
Heap after GC invocations=102 (full 2):
 par new generation   total 109248K, used 1477K [0x00000000e0000000, 0x00000000e8000000, 0x00000000e8000000)
  eden space 87424K,   0% used [0x00000000e0000000, 0x00000000e0000000, 0x00000000e5560000)
  from space 21824K,   6% used [0x00000000e5560000, 0x00000000e56d1588, 0x00000000e6ab0000)
  to   space 21824K,   0% used [0x00000000e6ab0000, 0x00000000e6ab0000, 0x00000000e8000000)
 concurrent mark-sweep generation total 393216K, used 35110K [0x00000000e8000000, 0x0000000100000000, 0x0000000100000000)
 Metaspace       used 41760K, capacity 42548K, committed 43148K, reserved 1087488K
  class space    used 4646K, capacity 4858K, committed 4960K, reserved 1048576K
}
2017-03-04T17:54:04.320+0800: 4026.702: Total time for which application threads were stopped: 0.0069782 seconds, Stopping threads took: 0.0000290 seconds
2017-03-04T17:54:05.353+0800: 4027.736: Total time for which application threads were stopped: 0.0001832 seconds, Stopping threads took: 0.0000296 seconds
2017-03-04T17:54:05.354+0800: 4027.736: Total time for which application threads were stopped: 0.0001395 seconds, Stopping threads took: 0.0000204 seconds
2017-03-04T17:54:05.354+0800: 4027.736: Total time for which application threads were stopped: 0.0003004 seconds, Stopping threads took: 0.0000181 seconds
2017-03-04T17:54:05.392+0800: 4027.774: Total time for which application threads were stopped: 0.0001765 seconds, Stopping threads took: 0.0000301 seconds
{Heap before GC invocations=102 (full 2):
 par new generation   total 109248K, used 88901K [0x00000000e0000000, 0x00000000e8000000, 0x00000000e8000000)
  eden space 87424K, 100% used [0x00000000e0000000, 0x00000000e5560000, 0x00000000e5560000)
  from space 21824K,   6% used [0x00000000e5560000, 0x00000000e56d1588, 0x00000000e6ab0000)
  to   space 21824K,   0% used [0x00000000e6ab0000, 0x00000000e6ab0000, 0x00000000e8000000)
 concurrent mark-sweep generation total 393216K, used 35110K [0x00000000e8000000, 0x0000000100000000, 0x0000000100000000)
 Metaspace       used 41760K, capacity 42548K, committed 43148K, reserved 1087488K
  class space    used 4646K, capacity 4858K, committed 4960K, reserved 1048576K
2017-03-04T17:54:06.753+0800: 4029.135: [GC (Allocation Failure) 2017-03-04T17:54:06.753+0800: 4029.135: [ParNew
Desired survivor size 20112992 bytes, new threshold 8 (max 8)
- age   1:    1184112 bytes,    1184112 total
- age   2:      16416 bytes,    1200528 total
- age   3:     137680 bytes,    1338208 total
- age   4:     141952 bytes,    1480160 total
- age   5:      16432 bytes,    1496592 total
- age   6:      23064 bytes,    1519656 total
- age   7:      18008 bytes,    1537664 total
- age   8:      18600 bytes,    1556264 total
: 88901K->2170K(109248K), 0.0056787 secs] 124011K->37299K(502464K), 0.0057714 secs] [Times: user=0.02 sys=0.00, real=0.00 secs] 
Heap after GC invocations=103 (full 2):
 par new generation   total 109248K, used 2170K [0x00000000e0000000, 0x00000000e8000000, 0x00000000e8000000)
  eden space 87424K,   0% used [0x00000000e0000000, 0x00000000e0000000, 0x00000000e5560000)
  from space 21824K,   9% used [0x00000000e6ab0000, 0x00000000e6cce880, 0x00000000e8000000)
  to   space 21824K,   0% used [0x00000000e5560000, 0x00000000e5560000, 0x00000000e6ab0000)
 concurrent mark-sweep generation total 393216K, used 35129K [0x00000000e8000000, 0x0000000100000000, 0x0000000100000000)
 Metaspace       used 41760K, capacity 42548K, committed 43148K, reserved 1087488K
  class space    used 4646K, capacity 4858K, committed 4960K, reserved 1048576K
}
2017-03-04T17:54:06.758+0800: 4029.141: Total time for which application threads were stopped: 0.0060695 seconds, Stopping threads took: 0.0000302 seconds
2017-03-04T17:54:07.759+0800: 4030.141: Total time for which application threads were stopped: 0.0001940 seconds, Stopping threads took: 0.0000525 seconds
{Heap before GC invocations=103 (full 2):
 par new generation   total 109248K, used 89594K [0x00000000e0000000, 0x00000000e8000000, 0x00000000e8000000)
  eden space 87424K, 100% used [0x00000000e0000000, 0x00000000e5560000, 0x00000000e5560000)
  from space 21824K,   9% used [0x00000000e6ab0000, 0x00000000e6cce880, 0x00000000e8000000)
  to   space 21824K,   0% used [0x00000000e5560000, 0x00000000e5560000, 0x00000000e6ab0000)
 concurrent mark-sweep generation total 393216K, used 35129K [0x00000000e8000000, 0x0000000100000000, 0x0000000100000000)
 Metaspace       used 41760K, capacity 42548K, committed 43148K, reserved 1087488K
  class space    used 4646K, capacity 4858K, committed 4960K, reserved 1048576K
2017-03-04T17:54:08.758+0800: 4031.140: [GC (Allocation Failure) 2017-03-04T17:54:08.758+0800: 4031.140: [ParNew
Desired survivor size 20112992 bytes, new threshold 8 (max 8)
- age   1:    1127880 bytes,    1127880 total
- age   2:     137056 bytes,    1264936 total
- age   3:      16256 bytes,    1281192 total
- age   4:     137552 bytes,    1418744 total
- age   5:     141792 bytes,    1560536 total
- age   6:      16368 bytes,    1576904 total
- age   7:      23000 bytes,    1599904 total
- age   8:      17880 bytes,    1617784 total
: 89594K->1892K(109248K), 0.0039488 secs] 124723K->37040K(502464K), 0.0040283 secs] [Times: user=0.02 sys=0.00, real=0.00 secs] 
Heap after GC invocations=104 (full 2):
 par new generation   total 109248K, used 1892K [0x00000000e0000000, 0x00000000e8000000, 0x00000000e8000000)
  eden space 87424K,   0% used [0x00000000e0000000, 0x00000000e0000000, 0x00000000e5560000)
  from space 21824K,   8% used [0x00000000e5560000, 0x00000000e57392b0, 0x00000000e6ab0000)
  to   space 21824K,   0% used [0x00000000e6ab0000, 0x00000000e6ab0000, 0x00000000e8000000)
 concurrent mark-sweep generation total 393216K, used 35147K [0x00000000e8000000, 0x0000000100000000, 0x0000000100000000)
 Metaspace       used 41760K, capacity 42548K, committed 43148K, reserved 1087488K
  class space    used 4646K, capacity 4858K, committed 4960K, reserved 1048576K
}
2017-03-04T17:54:08.762+0800: 4031.144: Total time for which application threads were stopped: 0.0042337 seconds, Stopping threads took: 0.0000239 seconds
2017-03-04T17:54:08.800+0800: 4031.182: Total time for which application threads were stopped: 0.0001420 seconds, Stopping threads took: 0.0000246 seconds
2017-03-04T17:54:08.800+0800: 4031.182: Total time for which application threads were stopped: 0.0000912 seconds, Stopping threads took: 0.0000160 seconds
2017-03-04T17:54:08.800+0800: 4031.182: Total time for which application threads were stopped: 0.0000787 seconds, Stopping threads took: 0.0000171 seconds
2017-03-04T17:54:12.201+0800: 4034.583: Total time for which application threads were stopped: 0.0012270 seconds, Stopping threads took: 0.0000288 seconds
2017-03-04T17:54:12.205+0800: 4034.587: Total time for which application threads were stopped: 0.0008013 seconds, Stopping threads took: 0.0000446 seconds
2017-03-04T17:54:12.235+0800: 4034.617: Total time for which application threads were stopped: 0.0001632 seconds, Stopping threads took: 0.0000265 seconds
2017-03-04T17:54:12.235+0800: 4034.617: Total time for which application threads were stopped: 0.0000616 seconds, Stopping threads took: 0.0000129 seconds
2017-03-04T17:54:12.236+0800: 4034.618: Total time for which application threads were stopped: 0.0000781 seconds, Stopping threads took: 0.0000150 seconds
2017-03-04T17:54:12.236+0800: 4034.618: Total time for which application threads were stopped: 0.0000639 seconds, Stopping threads took: 0.0000160 seconds
2017-03-04T17:54:12.236+0800: 4034.618: Total time for which application threads were stopped: 0.0000591 seconds, Stopping threads took: 0.0000121 seconds
2017-03-04T17:54:12.236+0800: 4034.618: Total time for which application threads were stopped: 0.0000631 seconds, Stopping threads took: 0.0000223 seconds
2017-03-04T17:54:12.236+0800: 4034.618: Total time for which application threads were stopped: 0.0000543 seconds, Stopping threads took: 0.0000111 seconds
2017-03-04T17:54:12.236+0800: 4034.619: Total time for which application threads were stopped: 0.0000452 seconds, Stopping threads took: 0.0000086 seconds
2017-03-04T17:54:12.236+0800: 4034.619: Total time for which application threads were stopped: 0.0000439 seconds, Stopping threads took: 0.0000082 seconds
2017-03-04T17:54:12.237+0800: 4034.619: Total time for which application threads were stopped: 0.0000450 seconds, Stopping threads took: 0.0000082 seconds
2017-03-04T17:54:12.237+0800: 4034.619: Total time for which application threads were stopped: 0.0000504 seconds, Stopping threads took: 0.0000100 seconds
2017-03-04T17:54:12.237+0800: 4034.619: Total time for which application threads were stopped: 0.0000424 seconds, Stopping threads took: 0.0000081 seconds
2017-03-04T17:54:12.237+0800: 4034.619: Total time for which application threads were stopped: 0.0000441 seconds, Stopping threads took: 0.0000083 seconds
2017-03-04T17:54:12.237+0800: 4034.619: Total time for which application threads were stopped: 0.0000435 seconds, Stopping threads took: 0.0000080 seconds
2017-03-04T17:54:12.237+0800: 4034.619: Total time for which application threads were stopped: 0.0000449 seconds, Stopping threads took: 0.0000086 seconds
2017-03-04T17:54:12.237+0800: 4034.619: Total time for which application threads were stopped: 0.0000435 seconds, Stopping thread